01-01 00:00:22.460   530   530 I SystemServiceManager: Starting com.android.server.content.ContentService$Lifecycle
01-01 00:00:22.464   530   530 I SystemServer: InstallSystemProviders
01-01 00:00:22.481   530   530 W System  : ClassLoader referenced unknown path: /system/priv-app/SettingsProvider/lib/arm
01-01 00:00:22.518   530   530 I SystemServer: StartVibratorService
01-01 00:00:22.522   530   530 E         : Vibrator file does not exist : -1
01-01 00:00:22.522   530   530 E         : Vibrator device does not exist. Cannot start vibrator
01-01 00:00:22.522   530   530 W VibratorService: Tried to stop vibrating but there is no vibrator device.
01-01 00:00:22.525   530   530 I SystemServer: StartConsumerIrService
01-01 00:00:22.526   530   530 E ConsumerIrService: Can't open consumer IR HW Module, error: -2
01-01 00:00:22.527   530   530 I SystemServer: StartAlarmManagerService
01-01 00:00:22.527   530   530 I SystemServiceManager: Starting com.android.server.AlarmManagerService
01-01 00:00:22.532   530   530 W AlarmManagerService: no wall clock RTC found
01-01 00:00:22.540   530   530 I SystemServer: InitWatchdog
01-01 00:00:22.541   530   530 I SystemServer: StartInputManagerService
01-01 00:00:22.541   530   530 I InputManager: Initializing input manager, mUseDevInputEventForAudioJack=false
01-01 00:00:22.543   530   530 I SystemServer: StartWindowManagerService
01-01 00:00:22.567   530   550 I WindowManager: No existing display settings /data/system/display_settings.xml; starting empty
01-01 00:00:22.623   530   544 V WindowManager: state_cable  true
01-01 00:00:22.629   530   530 I SystemServer: StartVrManagerService
01-01 00:00:22.629   530   530 I SystemServiceManager: Starting com.android.server.vr.VrManagerService
01-01 00:00:22.632   530   530 W VrManagerService: init_native: Could not open VR hardware module, error No such file or directory (-2).
01-01 00:00:22.638   530   530 I InputManager: Starting input manager
01-01 00:00:22.642   530   530 I SystemServiceManager: Starting com.android.server.BluetoothService
01-01 00:00:22.645   530   564 D EventHub: No input device configuration file found for device 'stmpe-ts'.
01-01 00:00:22.645   530   564 I EventHub: New device: id=1, fd=87, path='/dev/input/event0', name='stmpe-ts', classes=0x4, configuration='', keyLayout='', keyCharacterMap='', builtinKeyboard=false, wakeMechanism=EPOLLWAKEUP, usingClockIoctl=true
01-01 00:00:22.645   530   564 E EventHub: could not get driver version for /dev/input/mouse0, Not a typewriter
01-01 00:00:22.647   530   530 D BluetoothManagerService: Loading stored name and address
01-01 00:00:22.647   530   530 D BluetoothManagerService: Stored bluetooth Name=iMX6,Address=22:22:2A:05:62:AD
01-01 00:00:22.647   530   530 D BluetoothManagerService: Bluetooth persisted state: 0
01-01 00:00:22.648   530   530 I SystemServer: ConnectivityMetricsLoggerService
01-01 00:00:22.648   530   530 I SystemServiceManager: Starting com.android.server.connectivity.MetricsLoggerService
01-01 00:00:22.650   530   530 I SystemServer: IpConnectivityMetrics
01-01 00:00:22.650   530   530 I SystemServiceManager: Starting com.android.server.connectivity.IpConnectivityMetrics
01-01 00:00:22.652   530   530 I SystemServer: PinnerService
01-01 00:00:22.652   530   530 I SystemServiceManager: Starting com.android.server.PinnerService
01-01 00:00:22.654   530   530 I SystemServiceManager: Starting com.android.server.InputMethodManagerService$Lifecycle
01-01 00:00:22.744   530   564 E EventHub: could not get driver version for /dev/input/mouse1, Not a typewriter
01-01 00:00:22.770   530   530 I SystemServer: StartAccessibilityManagerService
01-01 00:00:22.786   530   530 I ActivityManager: Config changes=1df8 {1.0 ?mcc?mnc [en_US] ldltr sw768dp w1024dp h768dp 160dpi xlrg land ?uimode ?night -touch -keyb/v/h -nav/h s.2}
01-01 00:00:22.811   530   542 I UsageStatsService: User[0] Rollover scheduled @ 1970-01-02 00:00:22(86422787)
01-01 00:00:22.813   530   542 E AppIdleHistory: Unable to read app idle file for user 0
01-01 00:00:22.815   530   550 I ActivityManager: Config changes=400 {1.0 ?mcc?mnc [en_US] ldltr sw768dp w1024dp h696dp 160dpi xlrg land ?uimode ?night -touch -keyb/v/h -nav/h s.3}
01-01 00:00:22.820   530   564 D EventHub: No input device configuration file found for device 'PixArt Dell MS116 USB Optical Mouse'.
01-01 00:00:22.821   530   564 I EventHub: New device: id=2, fd=89, path='/dev/input/event1', name='PixArt Dell MS116 USB Optical Mouse', classes=0x80000008, configuration='', keyLayout='', keyCharacterMap='', builtinKeyboard=false, wakeMechanism=EPOLLWAKEUP, usingClockIoctl=true
01-01 00:00:22.821   530   564 D EventHub: No input device configuration file found for device 'gpio-keys'.
01-01 00:00:22.833   530   564 W EventHub: Unable to disable kernel key repeat for /dev/input/event2: Function not implemented
01-01 00:00:22.833   530   564 I EventHub: New device: id=3, fd=90, path='/dev/input/event2', name='gpio-keys', classes=0x1, configuration='', keyLayout='/system/usr/keylayout/Generic.kl', keyCharacterMap='/system/usr/keychars/Generic.kcm', builtinKeyboard=false, wakeMechanism=EPOLLWAKEUP, usingClockIoctl=true
01-01 00:00:22.833   530   564 E EventHub: could not get driver version for /dev/input/mice, Not a typewriter
01-01 00:00:22.853   530   530 I SystemServiceManager: Starting com.android.server.MountService$Lifecycle
01-01 00:00:22.869   530   530 I SystemServiceManager: Starting com.android.server.UiModeManagerService
01-01 00:00:22.870   530   565 D MountService: Thinking about init, mSystemReady=false, mDaemonConnected=true
01-01 00:00:22.871   530   565 D MountService: Thinking about reset, mSystemReady=false, mDaemonConnected=true
01-01 00:00:22.871   530   565 D MountService: Thinking about init, mSystemReady=false, mDaemonConnected=true
01-01 00:00:22.871   530   565 D MountService: Thinking about reset, mSystemReady=false, mDaemonConnected=true
01-01 00:00:22.872   530   565 D CryptdConnector: SND -> {1 cryptfs getfield SystemLocale}
01-01 00:00:22.873   530   530 I ActivityManager: Config changes=200 {1.0 ?mcc?mnc [en_US] ldltr sw768dp w1024dp h696dp 160dpi xlrg land -touch -keyb/v/h -nav/h s.4}
01-01 00:00:22.874   530   567 D CryptdConnector: RCV <- {200 1 -1}
01-01 00:00:22.876   530   565 W MountService: No primary storage mounted!
01-01 00:00:22.876   530   565 D VoldConnector: SND -> {1 asec list}
01-01 00:00:22.886   530   566 D VoldConnector: RCV <- {200 1 asec operation succeeded}
01-01 00:00:22.887   530   565 I PackageManager: No secure containers found
01-01 00:00:22.887   530   565 W PackageManager: Unknown permission com.google.android.googleapps.permission.GOOGLE_AUTH in package com.android.providers.calendar
01-01 00:00:22.888   530   565 W PackageManager: Unknown permission com.google.android.googleapps.permission.GOOGLE_AUTH.cl in package com.android.providers.calendar
01-01 00:00:22.888   530   565 W PackageManager: Not granting permission android.permission.GLOBAL_SEARCH to package com.android.quicksearchbox (protectionLevel=18 flags=0x3808be45)
01-01 00:00:22.889   530   565 W PackageManager: Not granting permission android.permission.BIND_WALLPAPER to package com.android.camera2 (protectionLevel=18 flags=0x3058bc45)
01-01 00:00:22.889   530   565 W PackageManager: Unknown permission com.google.android.googleapps.permission.GOOGLE_AUTH.mail in package com.android.calendar
01-01 00:00:22.890   530   565 W PackageManager: Not granting permission android.permission.WRITE_MEDIA_STORAGE to package com.android.gallery3d (protectionLevel=18 flags=0x3858bc45)
01-01 00:00:22.890   530   565 W PackageManager: Unknown permission com.google.android.permission.INSTALL_WEARABLE_PACKAGES in package com.android.packageinstaller
01-01 00:00:22.891   530   565 W PackageManager: Not granting permission android.permission.DELETE_PACKAGES to package com.svox.pico (protectionLevel=18 flags=0x3808be45)
01-01 00:00:22.891   530   565 W PackageManager: Unknown permission android.permission.RUN_INSTRUMENTATION in package org.chromium.webview_shell
01-01 00:00:22.892   530   565 W PackageManager: Unknown permission com.google.android.googleapps.permission.GOOGLE_AUTH in package com.android.settings
01-01 00:00:22.893   530   530 I SystemServer: StartLockSettingsService
01-01 00:00:22.893   530   565 W PackageManager: Unknown permission com.android.smspush.WAPPUSH_MANAGER_BIND in package com.android.phone
01-01 00:00:22.893   530   530 I SystemServiceManager: Starting com.android.server.LockSettingsService$Lifecycle
01-01 00:00:22.894   530   565 W PackageManager: Unknown permission android.permission.ACCESS_ALL_EXTERNAL_STORAGE in package com.freescale.wfdsink
01-01 00:00:22.895   530   565 W PackageManager: Unknown permission com.google.android.gallery3d.permission.GALLERY_PROVIDER in package com.android.bluetooth
01-01 00:00:22.909   530   530 I SystemServiceManager: Starting com.android.server.PersistentDataBlockService
01-01 00:00:22.995   530   565 W MountService: No primary storage defined yet; hacking together a stub
01-01 00:00:22.996   530   530 E PersistentDataBlockService: not able to find package 
01-01 00:00:22.996   530   530 E PersistentDataBlockService: android.content.pm.PackageManager$NameNotFoundException: 
01-01 00:00:22.996   530   530 E PersistentDataBlockService: 	at android.app.ApplicationPackageManager.getPackageUidAsUser(ApplicationPackageManager.java:256)
01-01 00:00:22.996   530   530 E PersistentDataBlockService: 	at com.android.server.PersistentDataBlockService.getAllowedUid(PersistentDataBlockService.java:105)
01-01 00:00:22.996   530   530 E PersistentDataBlockService: 	at com.android.server.PersistentDataBlockService.<init>(PersistentDataBlockService.java:96)
01-01 00:00:22.996   530   530 E PersistentDataBlockService: 	at java.lang.reflect.Constructor.newInstance0(Native Method)
01-01 00:00:22.996   530   530 E PersistentDataBlockService: 	at java.lang.reflect.Constructor.newInstance(Constructor.java:430)
01-01 00:00:22.996   530   530 E PersistentDataBlockService: 	at com.android.server.SystemServiceManager.startService(SystemServiceManager.java:93)
01-01 00:00:22.996   530   530 E PersistentDataBlockService: 	at com.android.server.SystemServer.startOtherServices(SystemServer.java:767)
01-01 00:00:22.996   530   530 E PersistentDataBlockService: 	at com.android.server.SystemServer.run(SystemServer.java:340)
01-01 00:00:22.996   530   530 E PersistentDataBlockService: 	at com.android.server.SystemServer.main(SystemServer.java:222)
01-01 00:00:22.996   530   530 E PersistentDataBlockService: 	at java.lang.reflect.Method.invoke(Native Method)
01-01 00:00:22.996   530   530 E PersistentDataBlockService: 	at com.android.internal.os.ZygoteInit$MethodAndArgsCaller.run(ZygoteInit.java:890)
01-01 00:00:22.996   530   530 E PersistentDataBlockService: 	at com.android.internal.os.ZygoteInit.main(ZygoteInit.java:780)
01-01 00:00:22.996   530   565 W MountService: No primary storage defined yet; hacking together a stub
01-01 00:00:22.997   530   565 W MountService: No primary storage mounted!
01-01 00:00:22.997   530   565 D VoldConnector: SND -> {2 asec list}
01-01 00:00:22.999   530   566 D VoldConnector: RCV <- {200 2 asec operation succeeded}
01-01 00:00:23.009   530   564 I InputReader: Device added: id=-1, name='Virtual', sources=0x00000301
01-01 00:00:23.009   530   564 I InputReader: Device added: id=3, name='gpio-keys', sources=0x00000101
01-01 00:00:23.018   530   564 I InputReader: Device added: id=2, name='PixArt Dell MS116 USB Optical Mouse', sources=0x00002002
01-01 00:00:23.020   530   564 I InputReader:   Touch device 'stmpe-ts' could not query the properties of its associated display.  The device will be inoperable until the display size becomes available.
01-01 00:00:23.020   530   564 I InputReader: Device added: id=1, name='stmpe-ts', sources=0x00002002
01-01 00:00:23.021   530   564 I InputReader: Reconfiguring input devices.  changes=0x00000004
01-01 00:00:23.021   530   564 I InputReader: Device reconfigured: id=1, name='stmpe-ts', size 1024x768, orientation 0, mode 4, display id 0
01-01 00:00:23.085   530   530 I SystemServiceManager: Starting com.android.server.DeviceIdleController
01-01 00:00:23.092   530   530 I SystemServiceManager: Starting com.android.server.devicepolicy.DevicePolicyManagerService$Lifecycle
01-01 00:00:23.104   530   530 I SystemServer: StartStatusBarManagerService
01-01 00:00:23.108   530   530 I SystemServer: StartCli^C
130|sabresd_6dq:/ # 
130|sabresd_6dq:/ # 
130|sabresd_6dq:/ # 
130|sabresd_6dq:/ # 
130|sabresd_6dq:/ # 
130|sabresd_6dq:/ # 
130|sabresd_6dq:/ # 
130|sabresd_6dq:/ # reboot
[   73.531365] sysrq: SysRq : Emergency Remount R/O
[   73.540212] EXT4-fs (mmcblk0p4): re-mounted. Opts: (null)
[   73.569101] EXT4-fs (mmcblk0p10): re-mounted. Opts: (null)
[   73.587482] Emergency Remount complete
[   73.665466] imx2-wdt 20bc000.wdog: Device shutdown: Expect reboot!
[   73.672211] ci_hdrc ci_hdrc.1: remove, state 1
[   73.676720] usb usb1: USB disconnect, device number 1
[   73.681928] usb 1-1: USB disconnect, device number 2
[   73.686934] usb 1-1.3: USB disconnect, device number 3
[   73.791578] ci_hdrc ci_hdrc.1: USB bus 1 deregistered
[   73.798256] android_work: sent uevent USB_STATE=DISCONNECTED
[   73.860571] reboot: Restarting system with command ''


U-Boot 2017.03-dirty (Dec 26 2017 - 14:19:13 +0530)

CPU:   Freescale i.MX6Q rev1.5 at 792 MHz
Reset cause: WDOG
I2C:   ready
DRAM:  2 GiB
PMIC: device id: 0x10, revision id: 0x21
PMIC: programmed
MMC:   FSL_SDHC: 0, FSL_SDHC: 1, FSL_SDHC: 2
auto-detected panel HDMI
Aravinth: Display: HDMI (1024x768)
In:    serial
Out:   serial
Err:   serial
Model: Toradex Apalis iMX6 Quad 2GB IT V1.1C, Serial# 05146387
flash target is MMC:0
Net:   using PHY at 7
FEC [PRIME]
Fastboot: Normal
Hit any key to stop autoboot:  1  0 
Apalis iMX6 # 