01-01 00:03:59.394  1404  1416 I bt_btif : config_hci_snoop_log
01-01 00:03:59.397   531   550 D BluetoothManagerService: Broadcasting onBluetoothServiceUp() to 5 receivers.
01-01 00:03:59.397   531   550 D BluetoothAdapter: onBluetoothServiceUp: android.bluetooth.IBluetooth$Stub$Proxy@c54a928
01-01 00:03:59.398   700   711 D BluetoothAdapter: onBluetoothServiceUp: android.bluetooth.IBluetooth$Stub$Proxy@b9229d1
01-01 00:03:59.398   603   759 D BluetoothAdapter: onBluetoothServiceUp: android.bluetooth.IBluetooth$Stub$Proxy@f1e1128
01-01 00:03:59.398  1309  1321 D BluetoothAdapter: onBluetoothServiceUp: android.bluetooth.IBluetooth$Stub$Proxy@ea5ddc0
01-01 00:03:59.401  1404  1416 D BluetoothAdapterService: enable() - Enable called with quiet mode status =  false
01-01 00:03:59.402  1404  1418 D BluetoothAdapterState: Current state: OFF, message: 0
01-01 00:03:59.402  1404  1418 D BluetoothAdapterProperties: Setting state to 14
01-01 00:03:59.402  1404  1418 I BluetoothAdapterState: Bluetooth adapter state changed: 10-> 14
01-01 00:03:59.403  1404  1418 D BluetoothAdapterService: updateAdapterState() - Broadcasting state to 1 receivers.
01-01 00:03:59.403   531   550 D BluetoothManagerService: MESSAGE_BLUETOOTH_STATE_CHANGE: OFF > BLE_TURNING_ON
01-01 00:03:59.404   531   550 D BluetoothManagerService: Sending BLE State Change: OFF > BLE_TURNING_ON
01-01 00:03:59.404  1404  1415 D BluetoothAdapter: onBluetoothServiceUp: com.android.bluetooth.btservice.AdapterService$AdapterServiceBinder@f7a35dd
01-01 00:03:59.406  1404  1418 D BluetoothAdapterService: BleOnProcessStart()
01-01 00:03:59.407  1404  1418 D BluetoothAdapterService: BleOnProcessStart() - Make Bond State Machine
01-01 00:03:59.407  1404  1418 D BluetoothBondStateMachine: make
01-01 00:03:59.410  1404  1427 I BluetoothBondStateMachine: StableState(): Entering Off State
01-01 00:03:59.413  1404  1418 D BluetoothAdapterService: setProfileServiceState() - Starting service com.android.bluetooth.gatt.GattService
01-01 00:03:59.419  1404  1404 I BtGatt.JNI: classInitNative(L922): classInitNative: Success!
01-01 00:03:59.420  1404  1418 I BluetoothAdapterState: Entering PendingCommandState
01-01 00:03:59.428  1404  1404 D BtGatt.DebugUtils: handleDebugAction() action=null
01-01 00:03:59.428  1404  1404 D BluetoothAdapterService: getAdapterService() - returning com.android.bluetooth.btservice.AdapterService@667f2c6
01-01 00:03:59.430  1404  1404 D BtGatt.GattService: Received start request. Starting profile...
01-01 00:03:59.430  1404  1404 D BtGatt.GattService: start()
01-01 00:03:59.430  1404  1404 I bt_btif : get_profile_interface gatt
01-01 00:03:59.431  1404  1404 D BluetoothAdapterService: getAdapterService() - returning com.android.bluetooth.btservice.AdapterService@667f2c6
01-01 00:03:59.432  1404  1404 D BtGatt.AdvertiseManager: advertise manager created
01-01 00:03:59.444  1404  1404 D BluetoothAdapterService: getAdapterService() - returning com.android.bluetooth.btservice.AdapterService@667f2c6
01-01 00:03:59.445  1404  1404 D BluetoothAdapterService: handleMessage() - Message: 1
01-01 00:03:59.445  1404  1404 D BluetoothAdapterService: handleMessage() - MESSAGE_PROFILE_SERVICE_STATE_CHANGED
01-01 00:03:59.445  1404  1404 D BluetoothAdapterService: processProfileServiceStateChanged() serviceName=com.android.bluetooth.gatt.GattService, state=12, doUpdate=true
01-01 00:03:59.446  1404  1404 V BluetoothAdapterState: isTurningOff()=false
01-01 00:03:59.446  1404  1404 V BluetoothAdapterState: isTurningOn()=false
01-01 00:03:59.446  1404  1404 V BluetoothAdapterState: isBleTurningOn()=true
01-01 00:03:59.446  1404  1404 V BluetoothAdapterState: isBleTurningOff()=false
01-01 00:03:59.447  1404  1404 D BluetoothAdapterService: processProfileServiceStateChanged() - serviceName=com.android.bluetooth.gatt.GattService isTurningOn=false isTurningOff=false isBleTurningOn=true isBleTurningOff=false
01-01 00:03:59.447  1404  1404 D BluetoothAdapterService: GattService is started
01-01 00:03:59.447  1404  1418 D BluetoothAdapterState: Current state: PENDING_COMMAND, message: 4
01-01 00:03:59.449  1404  1418 I bt_btif : enable: start restricted = 0
01-01 00:03:59.449  1404  1419 I bt_stack_manager: event_start_up_stack is bringing up the stack
01-01 00:03:59.450  1404  1419 I bt_core_module: module_start_up Starting module "btif_config_module"
01-01 00:03:59.450  1404  1419 I bt_core_module: module_start_up Started module "btif_config_module"
01-01 00:03:59.450  1404  1419 I bt_core_module: module_start_up Starting module "btsnoop_module"
01-01 00:03:59.450  1404  1419 I bt_core_module: module_start_up Started module "btsnoop_module"
01-01 00:03:59.450  1404  1419 I bt_core_module: module_start_up Starting module "hci_module"
01-01 00:03:59.450  1404  1419 I bt_hci  : start_up
01-01 00:03:59.451  1404  1430 W bt_osi_thread: run_thread: thread id 1430, thread name hci_thread started
01-01 00:03:59.461  1404  1419 I bt_vendor: alloc value 0x881eccd5
01-01 00:03:59.461  1404  1419 I bt_vendor: init
01-01 00:03:59.461  1404  1419 I bt_vnd_conf: Attempt to load conf from /etc/bluetooth/bt_vendor.conf
01-01 00:03:59.461  1404  1419 I bt_vnd_conf: vnd_load_conf file >/etc/bluetooth/bt_vendor.conf< not found
01-01 00:03:59.461  1404  1419 E bt_upio : init_rfkill : open(/sys/class/rfkill/rfkill0/type) failed: No such file or directory (2)
01-01 00:03:59.461  1404  1419 E bt_upio : init_rfkill : open(/sys/class/rfkill/rfkill0/type) failed: No such file or directory (2)
01-01 00:03:59.461  1404  1419 D bt_hci  : start_up starting async portion
01-01 00:03:59.462  1404  1430 I bt_hci  : event_finish_startup
01-01 00:03:59.462  1404  1430 I bt_hci_h4: hal_open
01-01 00:03:59.462  1404  1430 I bt_userial_vendor: userial vendor open: opening /dev/ttyO1
01-01 00:03:59.462  1404  1430 E bt_userial_vendor: userial vendor open: unable to open /dev/ttyO1
01-01 00:03:59.462  1404  1430 E bt_hci_h4: hal_open opened the wrong number of ports: got 0, expected 1.
01-01 00:03:59.462  1404  1430 I bt_hci_h4: hal_close
01-01 00:03:59.462  1404  1430 E bt_hci_h4: In transmit_data, error writing to the uart serial port: Bad file descriptor
01-01 00:04:02.082  1309  1309 D ViewRootImpl[PopupWindow:b69a4d8]: updatePointerIcon called with position out of bounds
01-01 00:04:02.099  1309  1309 D ViewRootImpl[PopupWindow:b69a4d8]: updatePointerIcon called with position out of bounds
01-01 00:04:02.127  1309  1309 D ViewRootImpl[PopupWindow:b69a4d8]: updatePointerIcon called with position out of bounds
01-01 00:04:02.156  1309  1309 D ViewRootImpl[PopupWindow:b69a4d8]: updatePointerIcon called with position out of bounds
01-01 00:04:02.185  1309  1309 D ViewRootImpl[PopupWindow:b69a4d8]: updatePointerIcon called with position out of bounds
01-01 00:04:02.214  1309  1309 D ViewRootImpl[PopupWindow:b69a4d8]: updatePointerIcon called with position out of bounds
01-01 00:04:02.386  1309  1309 D ViewRootImpl[PopupWindow:b69a4d8]: updatePointerIcon called with position out of bounds
01-01 00:04:02.443  1309  1309 D ViewRootImpl[PopupWindow:b69a4d8]: updatePointerIcon called with position out of bounds
01-01 00:04:02.472  1309  1309 D ViewRootImpl[PopupWindow:b69a4d8]: updatePointerIcon called with position out of bounds
01-01 00:04:02.501  1309  1309 D ViewRootImpl[PopupWindow:b69a4d8]: updatePointerIcon called with position out of bounds
01-01 00:04:02.530  1309  1309 D ViewRootImpl[PopupWindow:b69a4d8]: updatePointerIcon called with position out of bounds
01-01 00:04:02.558  1309  1309 D ViewRootImpl[PopupWindow:b69a4d8]: updatePointerIcon called with position out of bounds
01-01 00:04:02.587  1309  1309 D ViewRootImpl[PopupWindow:b69a4d8]: updatePointerIcon called with position out of bounds
01-01 00:04:02.616  1309  1309 D ViewRootImpl[PopupWindow:b69a4d8]: updatePointerIcon called with position out of bounds
01-01 00:04:02.644  1309  1309 D ViewRootImpl[PopupWindow:b69a4d8]: updatePointerIcon called with position out of bounds
01-01 00:04:02.673  1309  1309 D ViewRootImpl[PopupWindow:b69a4d8]: updatePointerIcon called with position out of bounds
01-01 00:04:02.711  1309  1309 D ViewRootImpl[PopupWindow:b69a4d8]: updatePointerIcon called with position out of bounds
01-01 00:04:02.711  1309  1309 D ViewRootImpl[PopupWindow:b69a4d8]: updatePointerIcon called with position out of bounds
01-01 00:04:02.746   531   542 W InputMethodManagerService: Window already focused, ignoring focus gain of: com.android.internal.view.IInputMethodClient$Stub$Proxy@c74a8c3 attribute=null, token = android.os.BinderProxy@2f2d9e
01-01 00:04:02.851  1309  1309 D ViewRootImpl[PopupWindow:b69a4d8]: updatePointerIcon called with position out of bounds
01-01 00:04:02.852  1309  1309 D ViewRootImpl[PopupWindow:b69a4d8]: updatePointerIcon called with position out of bounds
01-01 00:04:04.259   262   310 I audio_hw_primary: start_output_stream_primary... -1408944384, device 1024
01-01 00:04:04.259   262   310 W audio_hw_primary: card 2, port 0 device 0x400
01-01 00:04:04.259   262   310 W audio_hw_primary: rate 44100, channel 2 period_size 0x300
01-01 00:04:05.995  1309  1319 W art     : Suspending all threads took: 5.226ms
01-01 00:04:06.008  1309  1319 I art     : Background sticky concurrent mark sweep GC freed 9841(606KB) AllocSpace objects, 3(60KB) LOS objects, 0% free, 6MB/6MB, paused 6.420ms total 49.505ms
01-01 00:04:06.586  1309  1309 I Choreographer: Skipped 36 frames!  The application may be doing too much work on its main thread.
01-01 00:04:07.210  1309  1309 I Choreographer: Skipped 36 frames!  The application may be doing too much work on its main thread.
01-01 00:04:07.334  1309  1319 I art     : Background partial concurrent mark sweep GC freed 480(28KB) AllocSpace objects, 1(2MB) LOS objects, 39% free, 8MB/14MB, paused 5.393ms total 49.867ms
01-01 00:04:07.453  1404  1422 E bt_hci  : startup_timer_expired
01-01 00:04:07.453  1404  1419 E bt_core_module: module_start_up Failed to start up module "hci_module"
01-01 00:04:07.454  1404  1431 W bt_osi_thread: run_thread: thread id 1431, thread name bt_workqueue started
01-01 00:04:07.455  1404  1431 I bt_btu  : btu_task pending for preload complete event
01-01 00:04:07.455  1404  1431 I bt_btu_task: Bluetooth chip preload is complete
01-01 00:04:07.455  1404  1431 I bt_btu  : btu_task received preload complete event
01-01 00:04:07.456  1404  1431 I bt_core_module: module_init Initializing module "bte_logmsg_module"
01-01 00:04:07.456  1404  1431 I bt_bte  : BTE_InitTraceLevels -- TRC_HCI
01-01 00:04:07.457  1404  1431 I bt_bte  : BTE_InitTraceLevels -- TRC_L2CAP
01-01 00:04:07.457  1404  1431 I bt_bte  : BTE_InitTraceLevels -- TRC_RFCOMM
01-01 00:04:07.457  1404  1431 I bt_bte  : BTE_InitTraceLevels -- TRC_AVDT
01-01 00:04:07.457  1404  1431 I bt_bte  : BTE_InitTraceLevels -- TRC_AVRC
01-01 00:04:07.457  1404  1431 I bt_bte  : BTE_InitTraceLevels -- TRC_A2D
01-01 00:04:07.457  1404  1431 I bt_bte  : BTE_InitTraceLevels -- TRC_BNEP
01-01 00:04:07.457  1404  1431 I bt_bte  : BTE_InitTraceLevels -- TRC_BTM
01-01 00:04:07.457  1404  1431 I bt_bte  : BTE_InitTraceLevels -- TRC_GAP
01-01 00:04:07.457  1404  1431 I bt_bte  : BTE_InitTraceLevels -- TRC_PAN
01-01 00:04:07.457  1404  1431 I bt_bte  : BTE_InitTraceLevels -- TRC_SDP
01-01 00:04:07.457  1404  1431 I bt_bte  : BTE_InitTraceLevels -- TRC_GATT
01-01 00:04:07.457  1404  1431 I bt_bte  : BTE_InitTraceLevels -- TRC_SMP
01-01 00:04:07.457  1404  1431 I bt_bte  : BTE_InitTraceLevels -- TRC_BTAPP
01-01 00:04:07.457  1404  1431 I bt_bte  : BTE_InitTraceLevels -- TRC_BTIF
01-01 00:04:07.457  1404  1431 I bt_core_module: module_init Initialized module "bte_logmsg_module"
01-01 00:04:07.458  1404  1432 W bt_osi_thread: run_thread: thread id 1432, thread name module_wrapper started
01-01 00:04:07.458  1404  1432 I bt_core_module: module_start_up Starting module "controller_module"
01-01 00:04:07.463  1404  1422 E bt_hci  : command_timed_out hci layer timeout waiting for response to a command. opcode: 0xc03
01-01 00:04:07.464  1404  1422 E bt_hci  : command_timed_out restarting the bluetooth process.
01-01 00:04:07.563   531   531 D BluetoothManagerService: BluetoothServiceConnection, disconnected: com.android.bluetooth.btservice.AdapterService
01-01 00:04:07.564   531   541 I ActivityManager: Process com.android.bluetooth (pid 1404) has died
01-01 00:04:07.564   531   550 E BluetoothManagerService: MESSAGE_BLUETOOTH_SERVICE_DISCONNECTED(1)
01-01 00:04:07.564   531   550 D BluetoothManagerService: Broadcasting onBluetoothServiceDown() to 4 receivers.
01-01 00:04:07.564   531   541 D ActivityManager: cleanUpApplicationRecord -- 1404
01-01 00:04:07.564   531   550 D BluetoothAdapter: onBluetoothServiceDown: android.bluetooth.IBluetooth$Stub$Proxy@c54a928
01-01 00:04:07.564   531   541 W ActivityManager: Scheduling restart of crashed service com.android.bluetooth/.btservice.AdapterService in 1000ms
01-01 00:04:07.564   531   541 W ActivityManager: Scheduling restart of crashed service com.android.bluetooth/.gatt.GattService in 11000ms
01-01 00:04:07.564  1309  1320 D BluetoothAdapter: onBluetoothServiceDown: android.bluetooth.IBluetooth$Stub$Proxy@ea5ddc0
01-01 00:04:07.565   603   729 D BluetoothAdapter: onBluetoothServiceDown: android.bluetooth.IBluetooth$Stub$Proxy@f1e1128
01-01 00:04:07.565   700  1220 D BluetoothAdapter: onBluetoothServiceDown: android.bluetooth.IBluetooth$Stub$Proxy@b9229d1
01-01 00:04:07.764   531   550 D BluetoothManagerService: MESSAGE_RESTART_BLUETOOTH_SERVICE
01-01 00:04:07.782   531   550 I ActivityManager: Start proc 1433:com.android.bluetooth/1002 for service com.android.bluetooth/.btservice.AdapterService
01-01 00:04:07.882  1309  1309 I Choreographer: Skipped 38 frames!  The application may be doing too much work on its main thread.
01-01 00:04:07.985  1433  1433 D AdapterServiceConfig: Adding HeadsetService
01-01 00:04:07.985  1433  1433 D AdapterServiceConfig: Adding A2dpService
01-01 00:04:07.985  1433  1433 D AdapterServiceConfig: Adding A2dpSinkService
01-01 00:04:07.986  1433  1433 D AdapterServiceConfig: Adding HidService
01-01 00:04:07.986  1433  1433 D AdapterServiceConfig: Adding HealthService
01-01 00:04:07.986  1433  1433 D AdapterServiceConfig: Adding PanService
01-01 00:04:07.986  1433  1433 D AdapterServiceConfig: Adding GattService
01-01 00:04:07.986  1433  1433 D AdapterServiceConfig: Adding BluetoothMapService
01-01 00:04:07.986  1433  1433 D AdapterServiceConfig: Adding AvrcpControllerService
01-01 00:04:08.124  1433  1433 D BluetoothAdapterService: onCreate()
01-01 00:04:08.129  1433  1433 D BluetoothAdapterState: make() - Creating AdapterState
01-01 00:04:08.138  1433  1433 I bt_btif : init
01-01 00:04:08.139  1433  1447 I BluetoothAdapterState: Entering OffState
01-01 00:04:08.139  1433  1448 W bt_osi_thread: run_thread: thread id 1448, thread name stack_manager started
01-01 00:04:08.139  1433  1448 I bt_stack_manager: event_init_stack is initializing the stack
01-01 00:04:08.140  1433  1448 I bt_core_module: module_init Initializing module "osi_module"
01-01 00:04:08.140  1433  1448 I bt_core_module: module_init Initialized module "osi_module"
01-01 00:04:08.140  1433  1448 I bt_core_module: module_init Initializing module "bt_utils_module"
01-01 00:04:08.140  1433  1448 I bt_core_module: module_init Initialized module "bt_utils_module"
01-01 00:04:08.140  1433  1448 I bt_core_module: module_init Initializing module "btif_config_module"
01-01 00:04:08.142  1433  1451 W bt_osi_thread: run_thread: thread id 1451, thread name alarm_default_ca started
01-01 00:04:08.143  1433  1452 W bt_osi_thread: run_thread: thread id 1452, thread name alarm_dispatcher started
01-01 00:04:08.143  1433  1448 I bt_core_module: module_init Initialized module "btif_config_module"
01-01 00:04:08.144  1433  1448 I bt_core_module: module_init Initializing module "interop_module"
01-01 00:04:08.144  1433  1448 I bt_core_module: module_init Initialized module "interop_module"
01-01 00:04:08.144  1433  1448 I bt_core_module: module_init Initializing module "stack_config_module"
01-01 00:04:08.144  1433  1448 I bt_stack_config: init attempt to load stack conf from /etc/bluetooth/bt_stack.conf
01-01 00:04:08.145  1433  1448 I bt_core_module: module_init Initialized module "stack_config_module"
01-01 00:04:08.146  1433  1453 W bt_osi_thread: run_thread: thread id 1453, thread name bt_jni_workqueue started
01-01 00:04:08.146  1433  1448 I bt_stack_manager: event_init_stack finished
01-01 00:04:08.147  1433  1433 I bt_osi_wakelock: wakelock_set_os_callouts set to non-native
01-01 00:04:08.147  1433  1433 I bt_btif : get_profile_interface socket
01-01 00:04:08.149  1433  1453 D BluetoothAdapterProperties: Address is:22:22:C5:88:54:3A
01-01 00:04:08.152  1433  1453 D BluetoothAdapterProperties: Name is: iMX6
01-01 00:04:08.152   531   531 D BluetoothManagerService: Bluetooth Adapter name changed to iMX6
01-01 00:04:08.152   531   531 D BluetoothManagerService: Stored Bluetooth name: iMX6
01-01 00:04:08.152  1433  1433 I bt_btif : get_profile_interface sdp
01-01 00:04:08.157  1433  1433 D BluetoothAdapterService: setAdapterService() - set to: null
01-01 00:04:08.157  1433  1433 D BluetoothAdapterService: onBind()
01-01 00:04:08.158   531   531 D BluetoothManagerService: BluetoothServiceConnection: com.android.bluetooth.btservice.AdapterService
01-01 00:04:08.158   531   550 D BluetoothManagerService: MESSAGE_BLUETOOTH_SERVICE_CONNECTED: 1
01-01 00:04:08.164  1433  1445 I bt_btif : config_hci_snoop_log
01-01 00:04:08.167   531   550 D BluetoothManagerService: Broadcasting onBluetoothServiceUp() to 5 receivers.
01-01 00:04:08.167   531   550 D BluetoothAdapter: onBluetoothServiceUp: android.bluetooth.IBluetooth$Stub$Proxy@a183604
01-01 00:04:08.168  1433  1445 D BluetoothAdapter: onBluetoothServiceUp: com.android.bluetooth.btservice.AdapterService$AdapterServiceBinder@f7a35dd
01-01 00:04:08.168   700   712 D BluetoothAdapter: onBluetoothServiceUp: android.bluetooth.IBluetooth$Stub$Proxy@e9fac36
01-01 00:04:08.168   603   623 D BluetoothAdapter: onBluetoothServiceUp: android.bluetooth.IBluetooth$Stub$Proxy@5f7ae41
01-01 00:04:08.169  1309  1372 D BluetoothAdapter: onBluetoothServiceUp: android.bluetooth.IBluetooth$Stub$Proxy@e8ffdc6
01-01 00:04:08.169  1433  1445 D BluetoothAdapterService: enable() - Enable called with quiet mode status =  false
01-01 00:04:08.169  1433  1447 D BluetoothAdapterState: Current state: OFF, message: 0
01-01 00:04:08.170  1433  1447 D BluetoothAdapterProperties: Setting state to 14
01-01 00:04:08.170  1433  1447 I BluetoothAdapterState: Bluetooth adapter state changed: 10-> 14
01-01 00:04:08.170  1433  1447 D BluetoothAdapterService: updateAdapterState() - Broadcasting state to 1 receivers.
01-01 00:04:08.171   531   550 D BluetoothManagerService: MESSAGE_BLUETOOTH_STATE_CHANGE: OFF > BLE_TURNING_ON
01-01 00:04:08.171   531   550 D BluetoothManagerService: Sending BLE State Change: OFF > BLE_TURNING_ON
01-01 00:04:08.171  1433  1447 D BluetoothAdapterService: BleOnProcessStart()
01-01 00:04:08.172  1433  1447 D BluetoothAdapterService: BleOnProcessStart() - Make Bond State Machine
01-01 00:04:08.173  1433  1447 D BluetoothBondStateMachine: make
01-01 00:04:08.176  1433  1455 I BluetoothBondStateMachine: StableState(): Entering Off State
01-01 00:04:08.176  1433  1447 D BluetoothAdapterService: setProfileServiceState() - Starting service com.android.bluetooth.gatt.GattService
01-01 00:04:08.181  1433  1447 I BluetoothAdapterState: Entering PendingCommandState
01-01 00:04:08.181  1433  1433 I BtGatt.JNI: classInitNative(L922): classInitNative: Success!
01-01 00:04:08.191  1433  1433 D BtGatt.DebugUtils: handleDebugAction() action=null
01-01 00:04:08.191  1433  1433 D BluetoothAdapterService: getAdapterService() - returning com.android.bluetooth.btservice.AdapterService@667f2c6
01-01 00:04:08.194  1433  1433 D BtGatt.GattService: Received start request. Starting profile...
01-01 00:04:08.194  1433  1433 D BtGatt.GattService: start()
01-01 00:04:08.194  1433  1433 I bt_btif : get_profile_interface gatt
01-01 00:04:08.195  1433  1433 D BluetoothAdapterService: getAdapterService() - returning com.android.bluetooth.btservice.AdapterService@667f2c6
01-01 00:04:08.195  1433  1433 D BtGatt.AdvertiseManager: advertise manager created
01-01 00:04:08.205  1433  1433 D BluetoothAdapterService: getAdapterService() - returning com.android.bluetooth.btservice.AdapterService@667f2c6
01-01 00:04:08.205  1433  1433 D BluetoothAdapterService: handleMessage() - Message: 1
01-01 00:04:08.205  1433  1433 D BluetoothAdapterService: handleMessage() - MESSAGE_PROFILE_SERVICE_STATE_CHANGED
01-01 00:04:08.205  1433  1433 D BluetoothAdapterService: processProfileServiceStateChanged() serviceName=com.android.bluetooth.gatt.GattService, state=12, doUpdate=true
01-01 00:04:08.206  1433  1433 V BluetoothAdapterState: isTurningOff()=false
01-01 00:04:08.206  1433  1433 V BluetoothAdapterState: isTurningOn()=false
01-01 00:04:08.206  1433  1433 V BluetoothAdapterState: isBleTurningOn()=true
01-01 00:04:08.206  1433  1433 V BluetoothAdapterState: isBleTurningOff()=false
01-01 00:04:08.207  1433  1433 D BluetoothAdapterService: processProfileServiceStateChanged() - serviceName=com.android.bluetooth.gatt.GattService isTurningOn=false isTurningOff=false isBleTurningOn=true isBleTurningOff=false
01-01 00:04:08.207  1433  1433 D BluetoothAdapterService: GattService is started
01-01 00:04:08.208  1433  1447 D BluetoothAdapterState: Current state: PENDING_COMMAND, message: 4
01-01 00:04:08.209  1433  1447 I bt_btif : enable: start restricted = 0
01-01 00:04:08.209  1433  1448 I bt_stack_manager: event_start_up_stack is bringing up the stack
01-01 00:04:08.209  1433  1448 I bt_core_module: module_start_up Starting module "btif_config_module"
01-01 00:04:08.209  1433  1448 I bt_core_module: module_start_up Started module "btif_config_module"
01-01 00:04:08.210  1433  1448 I bt_core_module: module_start_up Starting module "btsnoop_module"
01-01 00:04:08.210  1433  1448 I bt_core_module: module_start_up Started module "btsnoop_module"
01-01 00:04:08.210  1433  1448 I bt_core_module: module_start_up Starting module "hci_module"
01-01 00:04:08.210  1433  1448 I bt_hci  : start_up
01-01 00:04:08.211  1433  1458 W bt_osi_thread: run_thread: thread id 1458, thread name hci_thread started
01-01 00:04:08.215  1433  1448 I bt_vendor: alloc value 0x882bacd5
01-01 00:04:08.215  1433  1448 I bt_vendor: init
01-01 00:04:08.215  1433  1448 I bt_vnd_conf: Attempt to load conf from /etc/bluetooth/bt_vendor.conf
01-01 00:04:08.215  1433  1448 I bt_vnd_conf: vnd_load_conf file >/etc/bluetooth/bt_vendor.conf< not found
01-01 00:04:08.215  1433  1448 E bt_upio : init_rfkill : open(/sys/class/rfkill/rfkill0/type) failed: No such file or directory (2)
01-01 00:04:08.215  1433  1448 E bt_upio : init_rfkill : open(/sys/class/rfkill/rfkill0/type) failed: No such file or directory (2)
01-01 00:04:08.215  1433  1448 D bt_hci  : start_up starting async portion
01-01 00:04:08.216  1433  1458 I bt_hci  : event_finish_startup
01-01 00:04:08.216  1433  1458 I bt_hci_h4: hal_open
01-01 00:04:08.216  1433  1458 I bt_userial_vendor: userial vendor open: opening /dev/ttyO1
01-01 00:04:08.216  1433  1458 E bt_userial_vendor: userial vendor open: unable to open /dev/ttyO1
01-01 00:04:08.216  1433  1458 E bt_hci_h4: hal_open opened the wrong number of ports: got 0, expected 1.
01-01 00:04:08.216  1433  1458 I bt_hci_h4: hal_close
01-01 00:04:08.216  1433  1458 E bt_hci_h4: In transmit_data, error writing to the uart serial port: Bad file descriptor
01-01 00:04:08.584   531   531 W WindowManager: Attempted to remove non-existing token: android.os.Binder@2e97540
01-01 00:04:08.650  1309  1309 I Choreographer: Skipped 44 frames!  The application may be doing too much work on its main thread.
01-01 00:04:10.441  1309  1309 I Choreographer: Skipped 35 frames!  The application may be doing too much work on its main thread.
01-01 00:04:10.590   531   531 W WindowManager: Attempted to remove non-existing token: android.os.Binder@86f0e1f
01-01 00:04:11.100  1309  1309 I Choreographer: Skipped 38 frames!  The application may be doing too much work on its main thread.
01-01 00:04:12.594   531   531 W WindowManager: Attempted to remove non-existing token: android.os.Binder@5858735
01-01 00:04:12.775  1309  1309 D ViewRootImpl[main]: updatePointerIcon called with position out of bounds
01-01 00:04:12.793  1309  1309 D ViewRootImpl[main]: updatePointerIcon called with position out of bounds
01-01 00:04:12.828  1309  1309 D ViewRootImpl[main]: updatePointerIcon called with position out of bounds
01-01 00:04:12.842  1309  1309 D ViewRootImpl[main]: updatePointerIcon called with position out of bounds
01-01 00:04:12.872  1309  1309 D ViewRootImpl[main]: updatePointerIcon called with position out of bounds
01-01 00:04:12.899  1309  1309 D ViewRootImpl[main]: updatePointerIcon called with position out of bounds
01-01 00:04:12.927  1309  1309 D ViewRootImpl[main]: updatePointerIcon called with position out of bounds
01-01 00:04:12.954  1309  1309 D ViewRootImpl[main]: updatePointerIcon called with position out of bounds
01-01 00:04:13.554  1309  1309 D ViewRootImpl[main]: updatePointerIcon called with position out of bounds
01-01 00:04:13.559  1309  1309 D ViewRootImpl[main]: updatePointerIcon called with position out of bounds
01-01 00:04:13.588  1309  1309 D ViewRootImpl[main]: updatePointerIcon called with position out of bounds
01-01 00:04:13.617  1309  1309 D ViewRootImpl[main]: updatePointerIcon called with position out of bounds
01-01 00:04:13.645  1309  1309 D ViewRootImpl[main]: updatePointerIcon called with position out of bounds
01-01 00:04:13.674  1309  1309 D ViewRootImpl[main]: updatePointerIcon called with position out of bounds
01-01 00:04:13.703  1309  1309 D ViewRootImpl[main]: updatePointerIcon called with position out of bounds
01-01 00:04:13.732  1309  1309 D ViewRootImpl[main]: updatePointerIcon called with position out of bounds
01-01 00:04:13.760  1309  1309 D ViewRootImpl[main]: updatePointerIcon called with position out of bounds
01-01 00:04:13.789  1309  1309 D ViewRootImpl[main]: updatePointerIcon called with position out of bounds
01-01 00:04:13.818  1309  1309 D ViewRootImpl[main]: updatePointerIcon called with position out of bounds
01-01 00:04:13.847  1309  1309 D ViewRootImpl[main]: updatePointerIcon called with position out of bounds
01-01 00:04:13.875  1309  1309 D ViewRootImpl[main]: updatePointerIcon called with position out of bounds
01-01 00:04:13.904  1309  1309 D ViewRootImpl[main]: updatePointerIcon called with position out of bounds
01-01 00:04:13.933  1309  1309 D ViewRootImpl[main]: updatePointerIcon called with position out of bounds
01-01 00:04:14.623   531   531 W WindowManager: Attempted to remove non-existing token: android.os.Binder@57dbd0f
01-01 00:04:14.971  1309  1309 D ViewRootImpl[main]: updatePointerIcon called with position out of bounds
01-01 00:04:14.999  1309  1309 D ViewRootImpl[main]: updatePointerIcon called with position out of bounds
01-01 00:04:15.028  1309  1309 D ViewRootImpl[main]: updatePointerIcon called with position out of bounds
01-01 00:04:15.053  1309  1309 D ViewRootImpl[main]: updatePointerIcon called with position out of bounds
01-01 00:04:15.082  1309  1309 D ViewRootImpl[main]: updatePointerIcon called with position out of bounds
01-01 00:04:15.111  1309  1309 D ViewRootImpl[main]: updatePointerIcon called with position out of bounds
01-01 00:04:15.130  1309  1309 D ViewRootImpl[main]: updatePointerIcon called with position out of bounds
01-01 00:04:15.630  1309  1309 W InputEventReceiver: Attempted to finish an input event but the input event receiver has already been disposed.
01-01 00:04:15.636   531   659 W InputMethodManagerService: Window already focused, ignoring focus gain of: com.android.internal.view.IInputMethodClient$Stub$Proxy@d8ac415 attribute=null, token = android.os.BinderProxy@2f2d9e
01-01 00:04:16.213  1433  1451 E bt_hci  : startup_timer_expired
01-01 00:04:16.214  1433  1448 E bt_core_module: module_start_up Failed to start up module "hci_module"
01-01 00:04:16.215  1433  1459 W bt_osi_thread: run_thread: thread id 1459, thread name bt_workqueue started
01-01 00:04:16.215  1433  1459 I bt_btu  : btu_task pending for preload complete event
01-01 00:04:16.215  1433  1459 I bt_btu_task: Bluetooth chip preload is complete
01-01 00:04:16.215  1433  1459 I bt_btu  : btu_task received preload complete event
01-01 00:04:16.218  1433  1451 E bt_hci  : command_timed_out hci layer timeout waiting for response to a command. opcode: 0xc03
01-01 00:04:16.218  1433  1451 E bt_hci  : command_timed_out restarting the bluetooth process.
01-01 00:04:16.218  1433  1459 I bt_core_module: module_init Initializing module "bte_logmsg_module"
01-01 00:04:16.218  1433  1459 I bt_bte  : BTE_InitTraceLevels -- TRC_HCI
01-01 00:04:16.218  1433  1459 I bt_bte  : BTE_InitTraceLevels -- TRC_L2CAP
01-01 00:04:16.218  1433  1459 I bt_bte  : BTE_InitTraceLevels -- TRC_RFCOMM
01-01 00:04:16.218  1433  1459 I bt_bte  : BTE_InitTraceLevels -- TRC_AVDT
01-01 00:04:16.218  1433  1459 I bt_bte  : BTE_InitTraceLevels -- TRC_AVRC
01-01 00:04:16.218  1433  1459 I bt_bte  : BTE_InitTraceLevels -- TRC_A2D
01-01 00:04:16.218  1433  1459 I bt_bte  : BTE_InitTraceLevels -- TRC_BNEP
01-01 00:04:16.218  1433  1459 I bt_bte  : BTE_InitTraceLevels -- TRC_BTM
01-01 00:04:16.218  1433  1459 I bt_bte  : BTE_InitTraceLevels -- TRC_GAP
01-01 00:04:16.218  1433  1459 I bt_bte  : BTE_InitTraceLevels -- TRC_PAN
01-01 00:04:16.218  1433  1459 I bt_bte  : BTE_InitTraceLevels -- TRC_SDP
01-01 00:04:16.218  1433  1459 I bt_bte  : BTE_InitTraceLevels -- TRC_GATT
01-01 00:04:16.218  1433  1459 I bt_bte  : BTE_InitTraceLevels -- TRC_SMP
01-01 00:04:16.218  1433  1459 I bt_bte  : BTE_InitTraceLevels -- TRC_BTAPP
01-01 00:04:16.218  1433  1459 I bt_bte  : BTE_InitTraceLevels -- TRC_BTIF
01-01 00:04:16.218  1433  1459 I bt_core_module: module_init Initialized module "bte_logmsg_module"
01-01 00:04:16.219  1433  1460 W bt_osi_thread: run_thread: thread id 1460, thread name module_wrapper started
01-01 00:04:16.219  1433  1460 I bt_core_module: module_start_up Starting module "controller_module"
01-01 00:04:16.272   531   542 I ActivityManager: Process com.android.bluetooth (pid 1433) has died
01-01 00:04:16.272   531   531 D BluetoothManagerService: BluetoothServiceConnection, disconnected: com.android.bluetooth.btservice.AdapterService
01-01 00:04:16.273   531   542 D ActivityManager: cleanUpApplicationRecord -- 1433
01-01 00:04:16.273   531   550 E BluetoothManagerService: MESSAGE_BLUETOOTH_SERVICE_DISCONNECTED(1)
01-01 00:04:16.273   531   542 W ActivityManager: Scheduling restart of crashed service com.android.bluetooth/.btservice.AdapterService in 1000ms
01-01 00:04:16.273   531   550 D BluetoothManagerService: Broadcasting onBluetoothServiceDown() to 4 receivers.
01-01 00:04:16.273   531   550 D BluetoothAdapter: onBluetoothServiceDown: android.bluetooth.IBluetooth$Stub$Proxy@a183604
01-01 00:04:16.273   531   542 W ActivityManager: Scheduling restart of crashed service com.android.bluetooth/.gatt.GattService in 11000ms
01-01 00:04:16.273   700   711 D BluetoothAdapter: onBluetoothServiceDown: android.bluetooth.IBluetooth$Stub$Proxy@e9fac36
01-01 00:04:16.273  1309  1372 D BluetoothAdapter: onBluetoothServiceDown: android.bluetooth.IBluetooth$Stub$Proxy@e8ffdc6
01-01 00:04:16.274   603   624 D BluetoothAdapter: onBluetoothServiceDown: android.bluetooth.IBluetooth$Stub$Proxy@5f7ae41
01-01 00:04:16.473   531   550 D BluetoothManagerService: MESSAGE_RESTART_BLUETOOTH_SERVICE
01-01 00:04:16.501   531   550 I ActivityManager: Start proc 1461:com.android.bluetooth/1002 for service com.android.bluetooth/.btservice.AdapterService
01-01 00:04:16.631   531   531 W WindowManager: Attempted to remove non-existing token: android.os.Binder@14d77a
01-01 00:04:16.680  1461  1461 D AdapterServiceConfig: Adding HeadsetService
01-01 00:04:16.680  1461  1461 D AdapterServiceConfig: Adding A2dpService
01-01 00:04:16.680  1461  1461 D AdapterServiceConfig: Adding A2dpSinkService
01-01 00:04:16.680  1461  1461 D AdapterServiceConfig: Adding HidService
01-01 00:04:16.681  1461  1461 D AdapterServiceConfig: Adding HealthService
01-01 00:04:16.681  1461  1461 D AdapterServiceConfig: Adding PanService
01-01 00:04:16.682  1461  1461 D AdapterServiceConfig: Adding GattService
01-01 00:04:16.682  1461  1461 D AdapterServiceConfig: Adding BluetoothMapService
01-01 00:04:16.683  1461  1461 D AdapterServiceConfig: Adding AvrcpControllerService
01-01 00:04:16.796  1461  1461 D BluetoothAdapterService: onCreate()
01-01 00:04:16.802  1461  1461 D BluetoothAdapterState: make() - Creating AdapterState
01-01 00:04:16.807  1461  1461 I bt_btif : init
01-01 00:04:16.808  1461  1476 W bt_osi_thread: run_thread: thread id 1476, thread name stack_manager started
01-01 00:04:16.808  1461  1475 I BluetoothAdapterState: Entering OffState
01-01 00:04:16.809  1461  1476 I bt_stack_manager: event_init_stack is initializing the stack
01-01 00:04:16.809  1461  1476 I bt_core_module: module_init Initializing module "osi_module"
01-01 00:04:16.809  1461  1476 I bt_core_module: module_init Initialized module "osi_module"
01-01 00:04:16.809  1461  1476 I bt_core_module: module_init Initializing module "bt_utils_module"
01-01 00:04:16.809  1461  1476 I bt_core_module: module_init Initialized module "bt_utils_module"
01-01 00:04:16.811  1461  1476 I bt_core_module: module_init Initializing module "btif_config_module"
01-01 00:04:16.813  1461  1479 W bt_osi_thread: run_thread: thread id 1479, thread name alarm_default_ca started
01-01 00:04:16.813  1461  1480 W bt_osi_thread: run_thread: thread id 1480, thread name alarm_dispatcher started
01-01 00:04:16.814  1461  1476 I bt_core_module: module_init Initialized module "btif_config_module"
01-01 00:04:16.814  1461  1476 I bt_core_module: module_init Initializing module "interop_module"
01-01 00:04:16.814  1461  1476 I bt_core_module: module_init Initialized module "interop_module"
01-01 00:04:16.816  1461  1476 I bt_core_module: module_init Initializing module "stack_config_module"
01-01 00:04:16.816  1461  1476 I bt_stack_config: init attempt to load stack conf from /etc/bluetooth/bt_stack.conf
01-01 00:04:16.816  1461  1476 I bt_core_module: module_init Initialized module "stack_config_module"
01-01 00:04:16.817  1461  1481 W bt_osi_thread: run_thread: thread id 1481, thread name bt_jni_workqueue started
01-01 00:04:16.817  1461  1476 I bt_stack_manager: event_init_stack finished
01-01 00:04:16.817  1461  1461 I bt_osi_wakelock: wakelock_set_os_callouts set to non-native
01-01 00:04:16.817  1461  1461 I bt_btif : get_profile_interface socket
01-01 00:04:16.820  1461  1481 D BluetoothAdapterProperties: Address is:22:22:C5:88:54:3A
01-01 00:04:16.823   531   531 D BluetoothManagerService: Bluetooth Adapter name changed to iMX6
01-01 00:04:16.823  1461  1481 D BluetoothAdapterProperties: Name is: iMX6
01-01 00:04:16.823   531   531 D BluetoothManagerService: Stored Bluetooth name: iMX6
01-01 00:04:16.824  1461  1461 I bt_btif : get_profile_interface sdp
01-01 00:04:16.830  1461  1461 D BluetoothAdapterService: setAdapterService() - set to: null
01-01 00:04:16.831  1461  1461 D BluetoothAdapterService: onBind()
01-01 00:04:16.833   531   531 D BluetoothManagerService: BluetoothServiceConnection: com.android.bluetooth.btservice.AdapterService
01-01 00:04:16.833   531   550 D BluetoothManagerService: MESSAGE_BLUETOOTH_SERVICE_CONNECTED: 1
01-01 00:04:16.838  1461  1473 I bt_btif : config_hci_snoop_log
01-01 00:04:16.841   531   550 D BluetoothManagerService: Broadcasting onBluetoothServiceUp() to 5 receivers.
01-01 00:04:16.841   531   550 D BluetoothAdapter: onBluetoothServiceUp: android.bluetooth.IBluetooth$Stub$Proxy@1691c93
01-01 00:04:16.841  1461  1473 D BluetoothAdapter: onBluetoothServiceUp: com.android.bluetooth.btservice.AdapterService$AdapterServiceBinder@f7a35dd
01-01 00:04:16.842  1309  1320 D BluetoothAdapter: onBluetoothServiceUp: android.bluetooth.IBluetooth$Stub$Proxy@7ded50
01-01 00:04:16.842   700  1220 D BluetoothAdapter: onBluetoothServiceUp: android.bluetooth.IBluetooth$Stub$Proxy@838f737
01-01 00:04:16.842   603   623 D BluetoothAdapter: onBluetoothServiceUp: android.bluetooth.IBluetooth$Stub$Proxy@ecfed7d
01-01 00:04:16.842  1461  1472 D BluetoothAdapterService: enable() - Enable called with quiet mode status =  false
01-01 00:04:16.843  1461  1475 D BluetoothAdapterState: Current state: OFF, message: 0
01-01 00:04:16.843  1461  1475 D BluetoothAdapterProperties: Setting state to 14
01-01 00:04:16.843  1461  1475 I BluetoothAdapterState: Bluetooth adapter state changed: 10-> 14
01-01 00:04:16.843  1461  1475 D BluetoothAdapterService: updateAdapterState() - Broadcasting state to 1 receivers.
01-01 00:04:16.844   531   550 D BluetoothManagerService: MESSAGE_BLUETOOTH_STATE_CHANGE: OFF > BLE_TURNING_ON
01-01 00:04:16.844  1461  1475 D BluetoothAdapterService: BleOnProcessStart()
01-01 00:04:16.844   531   550 D BluetoothManagerService: Sending BLE State Change: OFF > BLE_TURNING_ON
01-01 00:04:16.845  1461  1475 D BluetoothAdapterService: BleOnProcessStart() - Make Bond State Machine
01-01 00:04:16.845  1461  1475 D BluetoothBondStateMachine: make
01-01 00:04:16.848  1461  1482 I BluetoothBondStateMachine: StableState(): Entering Off State
01-01 00:04:16.849  1461  1475 D BluetoothAdapterService: setProfileServiceState() - Starting service com.android.bluetooth.gatt.GattService
01-01 00:04:16.854  1461  1475 I BluetoothAdapterState: Entering PendingCommandState
01-01 00:04:16.855  1461  1461 I BtGatt.JNI: classInitNative(L922): classInitNative: Success!
01-01 00:04:16.860  1461  1461 D BtGatt.DebugUtils: handleDebugAction() action=null
01-01 00:04:16.861  1461  1461 D BluetoothAdapterService: getAdapterService() - returning com.android.bluetooth.btservice.AdapterService@667f2c6
01-01 00:04:16.861  1461  1461 D BtGatt.GattService: Received start request. Starting profile...
01-01 00:04:16.862  1461  1461 D BtGatt.GattService: start()
01-01 00:04:16.862  1461  1461 I bt_btif : get_profile_interface gatt
01-01 00:04:16.863  1461  1461 D BluetoothAdapterService: getAdapterService() - returning com.android.bluetooth.btservice.AdapterService@667f2c6
01-01 00:04:16.863  1461  1461 D BtGatt.AdvertiseManager: advertise manager created
01-01 00:04:16.872  1461  1461 D BluetoothAdapterService: getAdapterService() - returning com.android.bluetooth.btservice.AdapterService@667f2c6
01-01 00:04:16.873  1461  1461 D BluetoothAdapterService: handleMessage() - Message: 1
01-01 00:04:16.873  1461  1461 D BluetoothAdapterService: handleMessage() - MESSAGE_PROFILE_SERVICE_STATE_CHANGED
01-01 00:04:16.873  1461  1461 D BluetoothAdapterService: processProfileServiceStateChanged() serviceName=com.android.bluetooth.gatt.GattService, state=12, doUpdate=true
01-01 00:04:16.874  1461  1461 V BluetoothAdapterState: isTurningOff()=false
01-01 00:04:16.874  1461  1461 V BluetoothAdapterState: isTurningOn()=false
01-01 00:04:16.874  1461  1461 V BluetoothAdapterState: isBleTurningOn()=true
01-01 00:04:16.874  1461  1461 V BluetoothAdapterState: isBleTurningOff()=false
01-01 00:04:16.874  1461  1461 D BluetoothAdapterService: processProfileServiceStateChanged() - serviceName=com.android.bluetooth.gatt.GattService isTurningOn=false isTurningOff=false isBleTurningOn=true isBleTurningOff=false
01-01 00:04:16.875  1461  1461 D BluetoothAdapterService: GattService is started
01-01 00:04:16.875  1461  1475 D BluetoothAdapterState: Current state: PENDING_COMMAND, message: 4
01-01 00:04:16.877  1461  1475 I bt_btif : enable: start restricted = 0
01-01 00:04:16.877  1461  1476 I bt_stack_manager: event_start_up_stack is bringing up the stack
01-01 00:04:16.877  1461  1476 I bt_core_module: module_start_up Starting module "btif_config_module"
01-01 00:04:16.877  1461  1476 I bt_core_module: module_start_up Started module "btif_config_module"
01-01 00:04:16.877  1461  1476 I bt_core_module: module_start_up Starting module "btsnoop_module"
01-01 00:04:16.877  1461  1476 I bt_core_module: module_start_up Started module "btsnoop_module"
01-01 00:04:16.878  1461  1476 I bt_core_module: module_start_up Starting module "hci_module"
01-01 00:04:16.878  1461  1476 I bt_hci  : start_up
01-01 00:04:16.878  1461  1485 W bt_osi_thread: run_thread: thread id 1485, thread name hci_thread started
01-01 00:04:16.882  1461  1476 I bt_vendor: alloc value 0x881eccd5
01-01 00:04:16.882  1461  1476 I bt_vendor: init
01-01 00:04:16.882  1461  1476 I bt_vnd_conf: Attempt to load conf from /etc/bluetooth/bt_vendor.conf
01-01 00:04:16.882  1461  1476 I bt_vnd_conf: vnd_load_conf file >/etc/bluetooth/bt_vendor.conf< not found
01-01 00:04:16.883  1461  1476 E bt_upio : init_rfkill : open(/sys/class/rfkill/rfkill0/type) failed: No such file or directory (2)
01-01 00:04:16.883  1461  1476 E bt_upio : init_rfkill : open(/sys/class/rfkill/rfkill0/type) failed: No such file or directory (2)
01-01 00:04:16.883  1461  1476 D bt_hci  : start_up starting async portion
01-01 00:04:16.883  1461  1485 I bt_hci  : event_finish_startup
01-01 00:04:16.883  1461  1485 I bt_hci_h4: hal_open
01-01 00:04:16.883  1461  1485 I bt_userial_vendor: userial vendor open: opening /dev/ttyO1
01-01 00:04:16.883  1461  1485 E bt_userial_vendor: userial vendor open: unable to open /dev/ttyO1
01-01 00:04:16.883  1461  1485 E bt_hci_h4: hal_open opened the wrong number of ports: got 0, expected 1.
01-01 00:04:16.883  1461  1485 I bt_hci_h4: hal_close
01-01 00:04:16.883  1461  1485 E bt_hci_h4: In transmit_data, error writing to the uart serial port: Bad file descriptor
01-01 00:04:18.466  1309  1309 D ViewRootImpl[main]: updatePointerIcon called with position out of bounds
01-01 00:04:18.474  1309  1309 D ViewRootImpl[main]: updatePointerIcon called with position out of bounds
01-01 00:04:18.501  1309  1309 D ViewRootImpl[main]: updatePointerIcon called with position out of bounds
01-01 00:04:18.529  1309  1309 D ViewRootImpl[main]: updatePointerIcon called with position out of bounds
01-01 00:04:18.557  1309  1309 D ViewRootImpl[main]: updatePointerIcon called with position out of bounds
01-01 00:04:18.586  1309  1309 D ViewRootImpl[main]: updatePointerIcon called with position out of bounds
01-01 00:04:18.615  1309  1309 D ViewRootImpl[main]: updatePointerIcon called with position out of bounds
01-01 00:04:18.644   531   531 W WindowManager: Attempted to remove non-existing token: android.os.Binder@4e31b2b
01-01 00:04:19.403  1309  1324 D OpenGLRenderer: endAllActiveAnimators on 0x8736ae80 (RippleDrawable) with handle 0x883197e0
01-01 00:04:19.403  1309  1324 D OpenGLRenderer: endAllActiveAnimators on 0x8736ab00 (RippleDrawable) with handle 0x86467c80
01-01 00:04:19.425   531   626 W InputMethodManagerService: Window already focused, ignoring focus gain of: com.android.internal.view.IInputMethodClient$Stub$Proxy@28173d attribute=null, token = android.os.BinderProxy@2f2d9e
01-01 00:04:19.599  1309  1314 I art     : Do partial code cache collection, code=29KB, data=62KB
01-01 00:04:19.601  1309  1314 I art     : After code cache collection, code=29KB, data=62KB
01-01 00:04:19.601  1309  1314 I art     : Increasing code cache capacity to 256KB
01-01 00:04:19.975  1309  1309 I B4A     : ~e:clschecklist_vvvvvvvvvvvvvvvvvvvvvvvvvvvvvvvvvvvvvvvvvvvvvvvvvvvvvv2 (java line: 989)
01-01 00:04:19.977  1309  1309 I B4A     : ~e:java.lang.NullPointerException: Attempt to invoke virtual method 'boolean anywheresoftware.b4a.objects.ScrollViewWrapper.IsInitialized()' on a null object reference
01-01 00:04:19.977  1309  1309 I B4A     : ~e:	at emobility.canion.clschecklist._vvvvvvvvvvvvvvvvvvvvvvvvvvvvvvvvvvvvvvvvvvvvvvvvvvvvvv2(clschecklist.java:989)
01-01 00:04:19.977  1309  1309 I B4A     : ~e:	at emobility.canion.main._vvvvvvvvvvvvvvvvvvvvvvvvvvvvvvvvvvvvvvvvvvvvvvvvvvvvvvvvvvvvvvvvvv0(main.java:5890)
01-01 00:04:19.977  1309  1309 I B4A     : ~e:	at emobility.canion.main._vvvvvvvvvvvvvvvvvvvvvvvvvvvvvvvvvvvvvvvvvvvvvvvvvvvvvvvvvvvvvvvvvv5(main.java:2108)
01-01 00:04:19.977  1309  1309 I B4A     : ~e:	at emobility.canion.main._handlebackkey(main.java:2878)
01-01 00:04:19.977  1309  1309 I B4A     : ~e:	at java.lang.reflect.Method.invoke(Native Method)
01-01 00:04:19.977  1309  1309 I B4A     : ~e:	at anywheresoftware.b4a.BA.raiseEvent2(BA.java:174)
01-01 00:04:19.977  1309  1309 I B4A     : ~e:	at anywheresoftware.b4a.keywords.Common$5.run(Common.java:952)
01-01 00:04:19.977  1309  1309 I B4A     : ~e:	at android.os.Handler.handleCallback(Handler.java:751)
01-01 00:04:19.977  1309  1309 I B4A     : ~e:	at android.os.Handler.dispatchMessage(Handler.java:95)
01-01 00:04:19.977  1309  1309 I B4A     : ~e:	at android.os.Looper.loop(Looper.java:154)
01-01 00:04:19.977  1309  1309 I B4A     : ~e:	at android.app.ActivityThread.main(ActivityThread.java:6121)
01-01 00:04:19.977  1309  1309 I B4A     : ~e:	at java.lang.reflect.Method.invoke(Native Method)
01-01 00:04:19.977  1309  1309 I B4A     : ~e:	at com.android.internal.os.ZygoteInit$MethodAndArgsCaller.run(ZygoteInit.java:890)
01-01 00:04:19.977  1309  1309 I B4A     : ~e:	at com.android.internal.os.ZygoteInit.main(ZygoteInit.java:780)
01-01 00:04:19.977  1309  1309 I B4A     : ~e:java.lang.NullPointerException: Attempt to invoke virtual method 'boolean anywheresoftware.b4a.objects.ScrollViewWrapper.IsInitialized()' on a null object reference
01-01 00:04:20.004  1309  1309 I Choreographer: Skipped 33 frames!  The application may be doing too much work on its main thread.
01-01 00:04:21.722   531   542 W InputMethodManagerService: Window already focused, ignoring focus gain of: com.android.internal.view.IInputMethodClient$Stub$Proxy@a1e487e attribute=null, token = android.os.BinderProxy@2f2d9e
01-01 00:04:23.455  1309  1309 W ViewRootImpl[main]: Cancelling event due to no window focus: KeyEvent { action=ACTION_UP, keyCode=KEYCODE_BACK, scanCode=0, metaState=0, flags=0x68, repeatCount=0, eventTime=166833, downTime=166737, deviceId=-1, source=0x101 }
01-01 00:04:23.455  1309  1309 W ViewRootImpl[main]: Cancelling event due to no window focus: KeyEvent { action=ACTION_UP, keyCode=KEYCODE_BACK, scanCode=0, metaState=0, flags=0x68, repeatCount=0, eventTime=166833, downTime=166737, deviceId=-1, source=0x101 }
01-01 00:04:23.455  1309  1309 W ViewRootImpl[main]: Cancelling event due to no window focus: KeyEvent { action=ACTION_UP, keyCode=KEYCODE_BACK, scanCode=0, metaState=0, flags=0x68, repeatCount=0, eventTime=166833, downTime=166737, deviceId=-1, source=0x101 }
01-01 00:04:23.455  1309  1309 W ViewRootImpl[main]: Cancelling event due to no window focus: KeyEvent { action=ACTION_UP, keyCode=KEYCODE_BACK, scanCode=0, metaState=0, flags=0x68, repeatCount=0, eventTime=166833, downTime=166737, deviceId=-1, source=0x101 }
01-01 00:04:23.455  1309  1309 W ViewRootImpl[main]: Cancelling event due to no window focus: KeyEvent { action=ACTION_UP, keyCode=KEYCODE_BACK, scanCode=0, metaState=0, flags=0x68, repeatCount=0, eventTime=166833, downTime=166737, deviceId=-1, source=0x101 }
01-01 00:04:23.455  1309  1309 W ViewRootImpl[main]: Cancelling event due to no window focus: KeyEvent { action=ACTION_UP, keyCode=KEYCODE_BACK, scanCode=0, metaState=0, flags=0x68, repeatCount=0, eventTime=166833, downTime=166737, deviceId=-1, source=0x101 }
01-01 00:04:23.456  1309  1309 W ViewRootImpl[main]: Cancelling event due to no window focus: KeyEvent { action=ACTION_UP, keyCode=KEYCODE_BACK, scanCode=0, metaState=0, flags=0x68, repeatCount=0, eventTime=166833, downTime=166737, deviceId=-1, source=0x101 }
01-01 00:04:23.456  1309  1309 W ViewRootImpl[main]: Cancelling event due to no window focus: KeyEvent { action=ACTION_UP, keyCode=KEYCODE_BACK, scanCode=0, metaState=0, flags=0x68, repeatCount=0, eventTime=166833, downTime=166737, deviceId=-1, source=0x101 }
01-01 00:04:23.456  1309  1309 W ViewRootImpl[main]: Cancelling event due to no window focus: KeyEvent { action=ACTION_UP, keyCode=KEYCODE_BACK, scanCode=0, metaState=0, flags=0x68, repeatCount=0, eventTime=166833, downTime=166737, deviceId=-1, source=0x101 }
01-01 00:04:23.671  1309  1309 W InputEventReceiver: Attempted to finish an input event but the input event receiver has already been disposed.
01-01 00:04:23.675   531   659 W InputMethodManagerService: Window already focused, ignoring focus gain of: com.android.internal.view.IInputMethodClient$Stub$Proxy@12ff0f5 attribute=null, token = android.os.BinderProxy@2f2d9e
01-01 00:04:23.891  1309  1309 W ViewRootImpl[main]: Cancelling event due to no window focus: KeyEvent { action=ACTION_UP, keyCode=KEYCODE_BACK, scanCode=0, metaState=0, flags=0x68, repeatCount=0, eventTime=167252, downTime=167139, deviceId=-1, source=0x101 }
01-01 00:04:23.891  1309  1309 W ViewRootImpl[main]: Cancelling event due to no window focus: KeyEvent { action=ACTION_UP, keyCode=KEYCODE_BACK, scanCode=0, metaState=0, flags=0x68, repeatCount=0, eventTime=167252, downTime=167139, deviceId=-1, source=0x101 }
01-01 00:04:23.892  1309  1309 W ViewRootImpl[main]: Cancelling event due to no window focus: KeyEvent { action=ACTION_UP, keyCode=KEYCODE_BACK, scanCode=0, metaState=0, flags=0x68, repeatCount=0, eventTime=167252, downTime=167139, deviceId=-1, source=0x101 }
01-01 00:04:23.892  1309  1309 W ViewRootImpl[main]: Cancelling event due to no window focus: KeyEvent { action=ACTION_UP, keyCode=KEYCODE_BACK, scanCode=0, metaState=0, flags=0x68, repeatCount=0, eventTime=167252, downTime=167139, deviceId=-1, source=0x101 }
01-01 00:04:23.893  1309  1309 W ViewRootImpl[main]: Cancelling event due to no window focus: KeyEvent { action=ACTION_UP, keyCode=KEYCODE_BACK, scanCode=0, metaState=0, flags=0x68, repeatCount=0, eventTime=167252, downTime=167139, deviceId=-1, source=0x101 }
