ifconfig -a
type=1400 audit(188.350:3): avc: denied { net_raw } for pid=1304 comm="ifconfig" capability=13 scontext=u:r:shell:s0 tcontext=u:r:shell:s0 tclass=capability permissive=1
can0      Link encap:UNSPEC  type=1400 audit(188.350:4): avc: denied { ioctl } for pid=1304 comm="ifconfig" path="socket:[17027]" dev="sockfs" ino=17027 ioctlcmd=0x8927 scontext=u:r:shell:s0 tcontext=u:r:shell:s0 tclass=udp_socket permissive=1

          NOARP  MTU:16type=1400 audit(188.370:5): avc: denied { ioctl } for pid=1304 comm="ifconfig" path="socket:[17027]" dev="sockfs" ino=17027 ioctlcmd=0x891d scontext=u:r:shell:s0 tcontext=u:r:shell:s0 tclass=udp_socket permissive=1
  Metric:1
          RX packets:type=1400 audit(188.410:6): avc: denied { ioctl } for pid=1304 comm="ifconfig" path="socket:[17027]" dev="sockfs" ino=17027 ioctlcmd=0x8970 scontext=u:r:shell:s0 tcontext=u:r:shell:s0 tclass=udp_socket permissive=1
0 errors:0 dropped:0 overruns:0 frame:0 
          TX packets:0 errors:0 dropped:0 overruns:0 carrier:0 
          collisions:0 txqueuelen:10 
          RX bytes:0 TX bytes:0 
          Interrupt:38 

can1      Link encap:UNSPEC  
          NOARP  MTU:16  Metric:1
          RX packets:0 errors:0 dropped:0 overruns:0 frame:0 
          TX packets:0 errors:0 dropped:0 overruns:0 carrier:0 
          collisions:0 txqueuelen:10 
          RX bytes:0 TX bytes:0 
          Interrupt:39 

lo        Link encap:Local Loopback  
          inet addr:127.0.0.1  Mask:255.0.0.0 
          inet6 addr: ::1/128 Scope: Host
          UP LOOPBACK RUNNING  MTU:65536  Metric:1
          RX packets:0 errors:0 dropped:0 overruns:0 frame:0 
          TX packets:0 errors:0 dropped:0 overruns:0 carrier:0 
          collisions:0 txqueuelen:1 
          RX bytes:0 TX bytes:0 

sit0      Link encap:IPv6-in-IPv4  
          NOARP  MTU:1480  Metric:1
          RX packets:0 errors:0 dropped:0 overruns:0 frame:0 
          TX packets:0 errors:0 dropped:0 overruns:0 carrier:0 
          collisions:0 txqueuelen:1 
          RX bytes:0 TX bytes:0 

eth0      Link encap:Ethernet  HWaddr 00:14:2d:4e:87:13
          UP BROADCAST MULTICAST  MTU:1500  Metric:1
          RX packets:0 errors:0 dropped:0 overruns:0 frame:0 
          TX packets:0 errors:0 dropped:0 overruns:0 carrier:0 
          collisions:0 txqueuelen:1000 
          RX bytes:0 TX bytes:0 

toradex_apalis6q:/ # 
toradex_apalis6q:/ # 
toradex_apalis6q:/ # 
toradex_apalis6q:/ # 
toradex_apalis6q:/ # toradex_apalis6q:/ # ifconfig -a                                               
can0      Link encap:UNSPEC  
          NOARP  MTU:16  Metric:1
          RX packets:0 errors:0 dropped:0 overruns:0 frame:0 
          TX packets:0 errors:0 dropped:0 overruns:0 carrier:0 
          collisions:0 txqueuelen:10 
          RX bytes:0 TX bytes:0 
          Interrupt:38 

can1      Link encap:UNSPEC  
          NOARP  MTU:16  Metric:1
          RX packets:0 errors:0 dropped:0 overruns:0 frame:0 
          TX packets:0 errors:0 dropped:0 overruns:0 carrier:0 
          collisions:0 txqueuelen:10 
          RX bytes:0 TX bytes:0 
          Interrupt:39 

lo        Link encap:Local Loopback  
          inet addr:127.0.0.1  Mask:255.0.0.0 
          inet6 addr: ::1/128 Scope: Host
          UP LOOPBACK RUNNING  MTU:65536  Metric:1
          RX packets:0 errors:0 dropped:0 overruns:0 frame:0 
          TX packets:0 errors:0 dropped:0 overruns:0 carrier:0 
          collisions:0 txqueuelen:1 
          RX bytes:0 TX bytes:0 

sit0      Link encap:IPv6-in-IPv4  
          NOARP  MTU:1480  Metric:1
          RX packets:0 errors:0 dropped:0 overruns:0 frame:0 
          TX packets:0 errors:0 dropped:0 overruns:0 carrier:0 
          collisions:0 txqueuelen:1 
          RX bytes:0 TX bytes:0 

eth0      Link encap:Ethernet  HWaddr 00:14:2d:4e:87:13
          UP BROADCAST MULTICAST  MTU:1500  Metric:1
          RX packets:0 errors:0 dropped:0 overruns:0 frame:0 
          TX packets:0 errors:0 dropped:0 overruns:0 carrier:0 
          collisions:0 txqueuelen:1000 
          RX bytes:0 TX bytes:0 

toradex_apalis6q:/ # 
toradex_apalis6q:/ # 
toradex_apalis6q:/ # 
toradex_apalis6q:/ # locga   gcat -c
toradex_apalis6q:/ # 
toradex_apalis6q:/ # 
toradex_apalis6q:/ # 
toradex_apalis6q:/ # 
toradex_apalis6q:/ # toradex_apalis6q:/ # logcat -c                                                    
--------- beginning of main
01-01 00:03:30.134   262   310 I audio_hw_primary: start_output_stream_primary... -1408944384, device 1024
--------- beginning of system
01-01 00:03:30.134   531   625 I ActivityManager: START u0 {act=android.intent.action.MAIN cat=[android.intent.category.LAUNCHER] flg=0x10200000 cmp=emobility.canion/.main (has extras)} from uid 10016 on display 0
01-01 00:03:30.135   262   310 W audio_hw_primary: card 2, port 0 device 0x400
01-01 00:03:30.135   262   310 W audio_hw_primary: rate 44100, channel 2 period_size 0x300
01-01 00:03:30.190   531   626 I ActivityManager: Start proc 1309:emobility.canion/u0a58 for activity emobility.canion/.main
01-01 00:03:30.284  1309  1309 I art     : Starting a blocking GC AddRemoveAppImageSpace
01-01 00:03:30.289  1309  1309 W System  : ClassLoader referenced unknown path: /system/lib/canion
01-01 00:03:30.797  1309  1309 I display : GPUManager exists
01-01 00:03:30.931  1309  1324 I OpenGLRenderer: Initialized EGL, version 1.4
01-01 00:03:30.932  1309  1324 D OpenGLRenderer: Swap behavior 2
01-01 00:03:31.136  1309  1309 I B4A     : ~i:** Activity (main) Create, isFirst = true **
01-01 00:03:31.829  1309  1309 W System  : ClassLoader referenced unknown path: /system/app/webview/lib/arm
01-01 00:03:31.831  1309  1309 D ApplicationLoaders: ignored Vulkan layer search path /system/app/webview/lib/arm:/system/app/webview/webview.apk!/lib/armeabi-v7a:/system/lib:/vendor/lib for namespace 0xaac7e090
01-01 00:03:31.835  1309  1309 I WebViewFactory: Loading com.android.webview version 52.0.2743.100 (code 275610000)
01-01 00:03:32.038  1309  1309 I cr_LibraryLoader: Time to load native libraries: 157 ms (timestamps 5279-5436)
01-01 00:03:32.039  1309  1309 I cr_LibraryLoader: Expected native library version number "52.0.2743.100", actual native library version number "52.0.2743.100"
01-01 00:03:32.057  1309  1309 V WebViewChromiumFactoryProvider: Binding Chromium to main looper Looper (main, tid 1) {64853c3}
01-01 00:03:32.057  1309  1309 I cr_LibraryLoader: Expected native library version number "52.0.2743.100", actual native library version number "52.0.2743.100"
01-01 00:03:32.105  1309  1309 I chromium: [INFO:library_loader_hooks.cc(143)] Chromium logging enabled: level = 0, default verbosity = 0
01-01 00:03:32.131  1309  1309 I cr_BrowserStartup: Initializing chromium process, singleProcess=true
01-01 00:03:32.350  1309  1309 I cr_DRP  : No DRP key due to exception:java.lang.ClassNotFoundException: com.android.webview.chromium.Drp
01-01 00:03:32.407  1309  1309 W cr_AwContents: onDetachedFromWindow called when already detached. Ignoring
01-01 00:03:32.447  1309  1309 W cr_AwContents: onDetachedFromWindow called when already detached. Ignoring
01-01 00:03:32.529  1309  1314 I art     : Do partial code cache collection, code=20KB, data=26KB
01-01 00:03:32.531  1309  1314 I art     : After code cache collection, code=20KB, data=26KB
01-01 00:03:32.531  1309  1314 I art     : Increasing code cache capacity to 128KB
01-01 00:03:32.628  1309  1309 I B4A     : Initialize
01-01 00:03:32.712  1309  1309 I System.out: ignoring event: mainlog
01-01 00:03:32.722  1309  1309 I B4A     : ~e:java.lang.IllegalArgumentException: provider doesn't exist: gps
01-01 00:03:32.722  1309  1309 I B4A     : ~e:	at android.os.Parcel.readException(Parcel.java:1688)
01-01 00:03:32.722  1309  1309 I B4A     : ~e:	at android.os.Parcel.readException(Parcel.java:1637)
01-01 00:03:32.722  1309  1309 I B4A     : ~e:	at android.location.ILocationManager$Stub$Proxy.requestLocationUpdates(ILocationManager.java:614)
01-01 00:03:32.722  1309  1309 I B4A     : ~e:	at android.location.LocationManager.requestLocationUpdates(LocationManager.java:887)
01-01 00:03:32.722  1309  1309 I B4A     : ~e:	at android.location.LocationManager.requestLocationUpdates(LocationManager.java:471)
01-01 00:03:32.722  1309  1309 I B4A     : ~e:	at anywheresoftware.b4a.gps.GPS.Start(GPS.java:117)
01-01 00:03:32.722  1309  1309 I B4A     : ~e:	at emobility.canion.maps._vvvvvvvvvvvvvvvvvvvvvvvvvvvvvvvvvvvvvv6(maps.java:615)
01-01 00:03:32.722  1309  1309 I B4A     : ~e:	at emobility.canion.maps._initialize(maps.java:565)
01-01 00:03:32.722  1309  1309 I B4A     : ~e:	at emobility.canion.main._vvvvvvvvvvvvvvvvvvvvvvvvvvvvvvvvvvvvvvvvvvvvvvvvvvvvvvvvvvvvvvv0(main.java:3441)
01-01 00:03:32.722  1309  1309 I B4A     : ~e:	at emobility.canion.main._activity_create(main.java:727)
01-01 00:03:32.722  1309  1309 I B4A     : ~e:	at java.lang.reflect.Method.invoke(Native Method)
01-01 00:03:32.722  1309  1309 I B4A     : ~e:	at anywheresoftware.b4a.BA.raiseEvent2(BA.java:174)
01-01 00:03:32.722  1309  1309 I B4A     : ~e:	at emobility.canion.main.afterFirstLayout(main.java:98)
01-01 00:03:32.722  1309  1309 I B4A     : ~e:	at emobility.canion.main.access$100(main.java:16)
01-01 00:03:32.722  1309  1309 I B4A     : ~e:	at emobility.canion.main$WaitForLayout.run(main.java:76)
01-01 00:03:32.722  1309  1309 I B4A     : ~e:	at android.os.Handler.handleCallback(Handler.java:751)
01-01 00:03:32.722  1309  1309 I B4A     : ~e:	at android.os.Handler.dispatchMessage(Handler.java:95)
01-01 00:03:32.722  1309  1309 I B4A     : ~e:	at android.os.Looper.loop(Looper.java:154)
01-01 00:03:32.722  1309  1309 I B4A     : ~e:	at android.app.ActivityThread.main(ActivityThread.java:6121)
01-01 00:03:32.722  1309  1309 I B4A     : ~e:	at java.lang.reflect.Method.invoke(Native Method)
01-01 00:03:32.722  1309  1309 I B4A     : ~e:	at com.android.internal.os.ZygoteInit$MethodAndArgsCaller.run(ZygoteInit.java:890)
01-01 00:03:32.722  1309  1309 I B4A     : ~e:	at com.android.internal.os.ZygoteInit.main(ZygoteInit.java:780)
01-01 00:03:32.722  1309  1309 I B4A     : ~e:java.lang.IllegalArgumentException: provider doesn't exist: gps
01-01 00:03:32.759   531   542 I WindowManager: Switching to real app window: Window{a30c07f u0 emobility.canion/emobility.canion.main}
01-01 00:03:32.761  1309  1309 I Choreographer: Skipped 109 frames!  The application may be doing too much work on its main thread.
01-01 00:03:33.204   262   310 W audio_hw_primary: do_out_standby... -1408944384
01-01 00:03:33.286   531   551 I ActivityManager: Displayed emobility.canion/.main: +3s119ms
01-01 00:03:34.138  1267  1267 W ViewRootImpl[Launcher]: Cancelling event due to no window focus: MotionEvent { action=ACTION_CANCEL, actionButton=0, id[0]=0, x[0]=950.6215, y[0]=177.78336, toolType[0]=TOOL_TYPE_MOUSE, buttonState=0, metaState=0, flags=0x0, edgeFlags=0x0, pointerCount=1, historySize=0, eventTime=117536, downTime=113440, deviceId=3, source=0x2002 }
01-01 00:03:34.138  1309  1309 D ViewRootImpl[main]: updatePointerIcon called with position out of bounds
01-01 00:03:34.139  1267  1267 W ViewRootImpl[Launcher]: Cancelling event due to no window focus: MotionEvent { action=ACTION_CANCEL, actionButton=0, id[0]=0, x[0]=950.6215, y[0]=177.78336, toolType[0]=TOOL_TYPE_MOUSE, buttonState=0, metaState=0, flags=0x0, edgeFlags=0x0, pointerCount=1, historySize=0, eventTime=117536, downTime=113440, deviceId=3, source=0x2002 }
01-01 00:03:34.140  1267  1267 W ViewRootImpl[Launcher]: Cancelling event due to no window focus: MotionEvent { action=ACTION_CANCEL, actionButton=0, id[0]=0, x[0]=950.6215, y[0]=177.78336, toolType[0]=TOOL_TYPE_MOUSE, buttonState=0, metaState=0, flags=0x0, edgeFlags=0x0, pointerCount=1, historySize=0, eventTime=117536, downTime=113440, deviceId=3, source=0x2002 }
01-01 00:03:34.140  1267  1267 W ViewRootImpl[Launcher]: Cancelling event due to no window focus: MotionEvent { action=ACTION_CANCEL, actionButton=0, id[0]=0, x[0]=950.6215, y[0]=177.78336, toolType[0]=TOOL_TYPE_MOUSE, buttonState=0, metaState=0, flags=0x0, edgeFlags=0x0, pointerCount=1, historySize=0, eventTime=117536, downTime=113440, deviceId=3, source=0x2002 }
01-01 00:03:34.156  1309  1309 D ViewRootImpl[main]: updatePointerIcon called with position out of bounds
01-01 00:03:34.172  1309  1309 D ViewRootImpl[main]: updatePointerIcon called with position out of bounds
01-01 00:03:34.189  1309  1309 D ViewRootImpl[main]: updatePointerIcon called with position out of bounds
01-01 00:03:34.206  1309  1309 D ViewRootImpl[main]: updatePointerIcon called with position out of bounds
01-01 00:03:34.223  1309  1309 D ViewRootImpl[main]: updatePointerIcon called with position out of bounds
01-01 00:03:34.248  1309  1309 D ViewRootImpl[main]: updatePointerIcon called with position out of bounds
01-01 00:03:34.277  1309  1309 D ViewRootImpl[main]: updatePointerIcon called with position out of bounds
01-01 00:03:34.305  1309  1309 D ViewRootImpl[main]: updatePointerIcon called with position out of bounds
01-01 00:03:34.334  1309  1309 D ViewRootImpl[main]: updatePointerIcon called with position out of bounds
01-01 00:03:34.363  1309  1309 D ViewRootImpl[main]: updatePointerIcon called with position out of bounds
01-01 00:03:34.392  1309  1309 D ViewRootImpl[main]: updatePointerIcon called with position out of bounds
01-01 00:03:34.421  1309  1309 D ViewRootImpl[main]: updatePointerIcon called with position out of bounds
01-01 00:03:34.439  1309  1309 D ViewRootImpl[main]: updatePointerIcon called with position out of bounds
01-01 00:03:34.467  1309  1309 D ViewRootImpl[main]: updatePointerIcon called with position out of bounds
01-01 00:03:34.496  1309  1309 D ViewRootImpl[main]: updatePointerIcon called with position out of bounds
01-01 00:03:41.287   262   310 I audio_hw_primary: start_output_stream_primary... -1408944384, device 1024
01-01 00:03:41.288   262   310 W audio_hw_primary: card 2, port 0 device 0x400
01-01 00:03:41.288   262   310 W audio_hw_primary: rate 44100, channel 2 period_size 0x300
01-01 00:03:41.311   531   542 W InputMethodManagerService: Window already focused, ignoring focus gain of: com.android.internal.view.IInputMethodClient$Stub$Proxy@7a5a798 attribute=null, token = android.os.BinderProxy@2f2d9e
01-01 00:03:41.312  1309  1309 I B4A     : ~i:** Activity (main) Resume **
01-01 00:03:41.312  1309  1309 I B4A     : Activity_Resume
01-01 00:03:41.318   531   541 D BluetoothManagerService: enable(emobility.canion):  mBluetooth =null mBinding = false mState = OFF
01-01 00:03:41.319   531   541 D BluetoothManagerService: enable returning
01-01 00:03:41.319   531   550 D BluetoothManagerService: MESSAGE_ENABLE(0): mBluetooth = null
01-01 00:03:41.342   531   550 I ActivityManager: Start proc 1347:com.android.bluetooth/1002 for service com.android.bluetooth/.btservice.AdapterService
01-01 00:03:41.599  1347  1347 D AdapterServiceConfig: Adding HeadsetService
01-01 00:03:41.600  1347  1347 D AdapterServiceConfig: Adding A2dpService
01-01 00:03:41.600  1347  1347 D AdapterServiceConfig: Adding A2dpSinkService
01-01 00:03:41.600  1347  1347 D AdapterServiceConfig: Adding HidService
01-01 00:03:41.600  1347  1347 D AdapterServiceConfig: Adding HealthService
01-01 00:03:41.600  1347  1347 D AdapterServiceConfig: Adding PanService
01-01 00:03:41.600  1347  1347 D AdapterServiceConfig: Adding GattService
01-01 00:03:41.602  1347  1347 D AdapterServiceConfig: Adding BluetoothMapService
01-01 00:03:41.602  1347  1347 D AdapterServiceConfig: Adding AvrcpControllerService
01-01 00:03:41.814  1347  1347 D BluetoothAdapterService: onCreate()
01-01 00:03:41.819  1347  1347 D BluetoothAdapterState: make() - Creating AdapterState
01-01 00:03:41.823  1347  1347 I bt_btif : init
01-01 00:03:41.823  1347  1361 I BluetoothAdapterState: Entering OffState
01-01 00:03:41.824  1347  1362 W bt_osi_thread: run_thread: thread id 1362, thread name stack_manager started
01-01 00:03:41.824  1347  1362 I bt_stack_manager: event_init_stack is initializing the stack
01-01 00:03:41.825  1347  1362 I bt_core_module: module_init Initializing module "osi_module"
01-01 00:03:41.825  1347  1362 I bt_core_module: module_init Initialized module "osi_module"
01-01 00:03:41.825  1347  1362 I bt_core_module: module_init Initializing module "bt_utils_module"
01-01 00:03:41.825  1347  1362 I bt_core_module: module_init Initialized module "bt_utils_module"
01-01 00:03:41.825  1347  1362 I bt_core_module: module_init Initializing module "btif_config_module"
01-01 00:03:41.836  1347  1365 W bt_osi_thread: run_thread: thread id 1365, thread name alarm_default_ca started
01-01 00:03:41.837  1347  1366 W bt_osi_thread: run_thread: thread id 1366, thread name alarm_dispatcher started
01-01 00:03:41.837  1347  1362 I bt_core_module: module_init Initialized module "btif_config_module"
01-01 00:03:41.838  1347  1362 I bt_core_module: module_init Initializing module "interop_module"
01-01 00:03:41.838  1347  1362 I bt_core_module: module_init Initialized module "interop_module"
01-01 00:03:41.838  1347  1362 I bt_core_module: module_init Initializing module "stack_config_module"
01-01 00:03:41.838  1347  1362 I bt_stack_config: init attempt to load stack conf from /etc/bluetooth/bt_stack.conf
01-01 00:03:41.840  1347  1362 I bt_core_module: module_init Initialized module "stack_config_module"
01-01 00:03:41.841  1347  1367 W bt_osi_thread: run_thread: thread id 1367, thread name bt_jni_workqueue started
01-01 00:03:41.842  1347  1362 I bt_stack_manager: event_init_stack finished
01-01 00:03:41.842  1347  1347 I bt_osi_wakelock: wakelock_set_os_callouts set to non-native
01-01 00:03:41.842  1347  1347 I bt_btif : get_profile_interface socket
01-01 00:03:41.849  1347  1367 D BluetoothAdapterProperties: Address is:22:22:C5:88:54:3A
01-01 00:03:41.850  1347  1347 I bt_btif : get_profile_interface sdp
01-01 00:03:41.854   531   531 D BluetoothManagerService: Bluetooth Adapter name changed to iMX6
01-01 00:03:41.854  1347  1367 D BluetoothAdapterProperties: Name is: iMX6
01-01 00:03:41.854   531   531 D BluetoothManagerService: Stored Bluetooth name: iMX6
01-01 00:03:41.858  1347  1347 D BluetoothAdapterService: setAdapterService() - set to: null
01-01 00:03:41.858  1347  1347 D BluetoothAdapterService: onBind()
01-01 00:03:41.860   531   531 D BluetoothManagerService: BluetoothServiceConnection: com.android.bluetooth.btservice.AdapterService
01-01 00:03:41.860   531   550 D BluetoothManagerService: MESSAGE_BLUETOOTH_SERVICE_CONNECTED: 1
01-01 00:03:41.863  1347  1359 I bt_btif : config_hci_snoop_log
01-01 00:03:41.866   531   550 D BluetoothManagerService: Broadcasting onBluetoothServiceUp() to 5 receivers.
01-01 00:03:41.866   531   550 D BluetoothAdapter: onBluetoothServiceUp: android.bluetooth.IBluetooth$Stub$Proxy@957a361
01-01 00:03:41.867  1347  1359 D BluetoothAdapter: onBluetoothServiceUp: com.android.bluetooth.btservice.AdapterService$AdapterServiceBinder@f7a35dd
01-01 00:03:41.868  1309  1321 D BluetoothAdapter: onBluetoothServiceUp: android.bluetooth.IBluetooth$Stub$Proxy@a5be0d5
01-01 00:03:41.868   700   712 D BluetoothAdapter: onBluetoothServiceUp: android.bluetooth.IBluetooth$Stub$Proxy@d99b05b
01-01 00:03:41.870   603   759 D BluetoothAdapter: onBluetoothServiceUp: android.bluetooth.IBluetooth$Stub$Proxy@98a6c1a
01-01 00:03:41.872  1347  1358 D BluetoothAdapterService: enable() - Enable called with quiet mode status =  false
01-01 00:03:41.873  1347  1361 D BluetoothAdapterState: Current state: OFF, message: 0
01-01 00:03:41.873  1347  1361 D BluetoothAdapterProperties: Setting state to 14
01-01 00:03:41.874  1347  1361 I BluetoothAdapterState: Bluetooth adapter state changed: 10-> 14
01-01 00:03:41.874  1347  1361 D BluetoothAdapterService: updateAdapterState() - Broadcasting state to 1 receivers.
01-01 00:03:41.875   531   550 D BluetoothManagerService: MESSAGE_BLUETOOTH_STATE_CHANGE: OFF > BLE_TURNING_ON
01-01 00:03:41.875  1347  1361 D BluetoothAdapterService: BleOnProcessStart()
01-01 00:03:41.876   531   550 D BluetoothManagerService: Sending BLE State Change: OFF > BLE_TURNING_ON
01-01 00:03:41.876  1347  1361 D BluetoothAdapterService: BleOnProcessStart() - Make Bond State Machine
01-01 00:03:41.877  1347  1361 D BluetoothBondStateMachine: make
01-01 00:03:41.881  1347  1368 I BluetoothBondStateMachine: StableState(): Entering Off State
01-01 00:03:41.882  1347  1361 D BluetoothAdapterService: setProfileServiceState() - Starting service com.android.bluetooth.gatt.GattService
01-01 00:03:41.886  1347  1361 I BluetoothAdapterState: Entering PendingCommandState
01-01 00:03:41.889  1347  1347 I BtGatt.JNI: classInitNative(L922): classInitNative: Success!
01-01 00:03:41.894  1347  1347 D BtGatt.DebugUtils: handleDebugAction() action=null
01-01 00:03:41.895  1347  1347 D BluetoothAdapterService: getAdapterService() - returning com.android.bluetooth.btservice.AdapterService@667f2c6
01-01 00:03:41.896  1347  1347 D BtGatt.GattService: Received start request. Starting profile...
01-01 00:03:41.896  1347  1347 D BtGatt.GattService: start()
01-01 00:03:41.896  1347  1347 I bt_btif : get_profile_interface gatt
01-01 00:03:41.898  1347  1347 D BluetoothAdapterService: getAdapterService() - returning com.android.bluetooth.btservice.AdapterService@667f2c6
01-01 00:03:41.898  1347  1347 D BtGatt.AdvertiseManager: advertise manager created
01-01 00:03:41.907  1347  1347 D BluetoothAdapterService: getAdapterService() - returning com.android.bluetooth.btservice.AdapterService@667f2c6
01-01 00:03:41.908  1347  1347 D BluetoothAdapterService: handleMessage() - Message: 1
01-01 00:03:41.908  1347  1347 D BluetoothAdapterService: handleMessage() - MESSAGE_PROFILE_SERVICE_STATE_CHANGED
01-01 00:03:41.909  1347  1347 D BluetoothAdapterService: processProfileServiceStateChanged() serviceName=com.android.bluetooth.gatt.GattService, state=12, doUpdate=true
01-01 00:03:41.909  1347  1347 V BluetoothAdapterState: isTurningOff()=false
01-01 00:03:41.909  1347  1347 V BluetoothAdapterState: isTurningOn()=false
01-01 00:03:41.909  1347  1347 V BluetoothAdapterState: isBleTurningOn()=true
01-01 00:03:41.909  1347  1347 V BluetoothAdapterState: isBleTurningOff()=false
01-01 00:03:41.910  1347  1347 D BluetoothAdapterService: processProfileServiceStateChanged() - serviceName=com.android.bluetooth.gatt.GattService isTurningOn=false isTurningOff=false isBleTurningOn=true isBleTurningOff=false
01-01 00:03:41.910  1347  1347 D BluetoothAdapterService: GattService is started
01-01 00:03:41.910  1347  1361 D BluetoothAdapterState: Current state: PENDING_COMMAND, message: 4
01-01 00:03:41.913  1347  1361 I bt_btif : enable: start restricted = 0
01-01 00:03:41.913  1347  1362 I bt_stack_manager: event_start_up_stack is bringing up the stack
01-01 00:03:41.914  1347  1362 I bt_core_module: module_start_up Starting module "btif_config_module"
01-01 00:03:41.914  1347  1362 I bt_core_module: module_start_up Started module "btif_config_module"
01-01 00:03:41.914  1347  1362 I bt_core_module: module_start_up Starting module "btsnoop_module"
01-01 00:03:41.914  1347  1362 I bt_core_module: module_start_up Started module "btsnoop_module"
01-01 00:03:41.915  1347  1362 I bt_core_module: module_start_up Starting module "hci_module"
01-01 00:03:41.915  1347  1362 I bt_hci  : start_up
01-01 00:03:41.915  1347  1371 W bt_osi_thread: run_thread: thread id 1371, thread name hci_thread started
01-01 00:03:41.930  1347  1362 I bt_vendor: alloc value 0x882bacd5
01-01 00:03:41.930  1347  1362 I bt_vendor: init
01-01 00:03:41.930  1347  1362 I bt_vnd_conf: Attempt to load conf from /etc/bluetooth/bt_vendor.conf
01-01 00:03:41.930  1347  1362 I bt_vnd_conf: vnd_load_conf file >/etc/bluetooth/bt_vendor.conf< not found
01-01 00:03:41.931  1347  1362 E bt_upio : init_rfkill : open(/sys/class/rfkill/rfkill0/type) failed: No such file or directory (2)
01-01 00:03:41.931  1347  1362 E bt_upio : init_rfkill : open(/sys/class/rfkill/rfkill0/type) failed: No such file or directory (2)
01-01 00:03:41.931  1347  1362 D bt_hci  : start_up starting async portion
01-01 00:03:41.931  1347  1371 I bt_hci  : event_finish_startup
01-01 00:03:41.931  1347  1371 I bt_hci_h4: hal_open
01-01 00:03:41.931  1347  1371 I bt_userial_vendor: userial vendor open: opening /dev/ttyO1
01-01 00:03:41.931  1347  1371 E bt_userial_vendor: userial vendor open: unable to open /dev/ttyO1
01-01 00:03:41.932  1347  1371 E bt_hci_h4: hal_open opened the wrong number of ports: got 0, expected 1.
01-01 00:03:41.932  1347  1371 I bt_hci_h4: hal_close
01-01 00:03:41.932  1347  1371 E bt_hci_h4: In transmit_data, error writing to the uart serial port: Bad file descriptor
01-01 00:03:42.059  1309  1309 D ViewRootImpl[main]: updatePointerIcon called with position out of bounds
01-01 00:03:42.064  1309  1309 I Choreographer: Skipped 33 frames!  The application may be doing too much work on its main thread.
01-01 00:03:42.065  1309  1309 D ViewRootImpl[main]: updatePointerIcon called with position out of bounds
01-01 00:03:43.381   531   531 W WindowManager: Attempted to remove non-existing token: android.os.Binder@4b7f0f3
01-01 00:03:44.364   262   310 W audio_hw_primary: do_out_standby... -1408944384
01-01 00:03:45.285   262   310 I audio_hw_primary: start_output_stream_primary... -1408944384, device 1024
01-01 00:03:45.286   262   310 W audio_hw_primary: card 2, port 0 device 0x400
01-01 00:03:45.286   262   310 W audio_hw_primary: rate 44100, channel 2 period_size 0x300
01-01 00:03:45.311  1309  1324 D OpenGLRenderer: endAllActiveAnimators on 0x85eb8100 (RippleDrawable) with handle 0x86467b30
01-01 00:03:45.339   531   626 W InputMethodManagerService: Window already focused, ignoring focus gain of: com.android.internal.view.IInputMethodClient$Stub$Proxy@e8fb10c attribute=null, token = android.os.BinderProxy@2f2d9e
01-01 00:03:45.377  1309  1309 I B4A     : LastException:java.lang.RuntimeException: Object should first be initialized (List).
01-01 00:03:45.378  1309  1309 I B4A     : ~e:slidingpanels_vvvvvvvvvvvvvvvvvvvvvvvvvvvvvv3 (java line: 517)
01-01 00:03:45.380  1309  1309 I B4A     : ~e:java.lang.NullPointerException: Attempt to get length of null array
01-01 00:03:45.380  1309  1309 I B4A     : ~e:	at emobility.canion.slidingpanels._vvvvvvvvvvvvvvvvvvvvvvvvvvvvvv3(slidingpanels.java:517)
01-01 00:03:45.380  1309  1309 I B4A     : ~e:	at emobility.canion.main._switchpanel(main.java:7202)
01-01 00:03:45.380  1309  1309 I B4A     : ~e:	at emobility.canion.main._activity_resume(main.java:905)
01-01 00:03:45.380  1309  1309 I B4A     : ~e:	at java.lang.reflect.Method.invoke(Native Method)
01-01 00:03:45.380  1309  1309 I B4A     : ~e:	at anywheresoftware.b4a.BA.raiseEvent2(BA.java:174)
01-01 00:03:45.380  1309  1309 I B4A     : ~e:	at anywheresoftware.b4a.BA.raiseEvent(BA.java:158)
01-01 00:03:45.380  1309  1309 I B4A     : ~e:	at emobility.canion.main.afterFirstLayout(main.java:104)
01-01 00:03:45.380  1309  1309 I B4A     : ~e:	at emobility.canion.main.access$100(main.java:16)
01-01 00:03:45.380  1309  1309 I B4A     : ~e:	at emobility.canion.main$WaitForLayout.run(main.java:76)
01-01 00:03:45.380  1309  1309 I B4A     : ~e:	at android.os.Handler.handleCallback(Handler.java:751)
01-01 00:03:45.380  1309  1309 I B4A     : ~e:	at android.os.Handler.dispatchMessage(Handler.java:95)
01-01 00:03:45.380  1309  1309 I B4A     : ~e:	at android.os.Looper.loop(Looper.java:154)
01-01 00:03:45.380  1309  1309 I B4A     : ~e:	at android.app.ActivityThread.main(ActivityThread.java:6121)
01-01 00:03:45.380  1309  1309 I B4A     : ~e:	at java.lang.reflect.Method.invoke(Native Method)
01-01 00:03:45.380  1309  1309 I B4A     : ~e:	at com.android.internal.os.ZygoteInit$MethodAndArgsCaller.run(ZygoteInit.java:890)
01-01 00:03:45.380  1309  1309 I B4A     : ~e:	at com.android.internal.os.ZygoteInit.main(ZygoteInit.java:780)
01-01 00:03:45.380  1309  1309 I B4A     : ~e:java.lang.NullPointerException: Attempt to get length of null array
01-01 00:03:48.352   262   310 W audio_hw_primary: do_out_standby... -1408944384
01-01 00:03:49.297   262   310 I audio_hw_primary: start_output_stream_primary... -1408944384, device 1024
01-01 00:03:49.298   262   310 W audio_hw_primary: card 2, port 0 device 0x400
01-01 00:03:49.298   262   310 W audio_hw_primary: rate 44100, channel 2 period_size 0x300
01-01 00:03:49.322   531   626 W InputMethodManagerService: Window already focused, ignoring focus gain of: com.android.internal.view.IInputMethodClient$Stub$Proxy@50cd1f8 attribute=null, token = android.os.BinderProxy@2f2d9e
01-01 00:03:49.917  1347  1365 E bt_hci  : startup_timer_expired
01-01 00:03:49.917  1347  1362 E bt_core_module: module_start_up Failed to start up module "hci_module"
01-01 00:03:49.918  1347  1374 W bt_osi_thread: run_thread: thread id 1374, thread name bt_workqueue started
01-01 00:03:49.918  1347  1374 I bt_btu  : btu_task pending for preload complete event
01-01 00:03:49.918  1347  1374 I bt_btu_task: Bluetooth chip preload is complete
01-01 00:03:49.918  1347  1374 I bt_btu  : btu_task received preload complete event
01-01 00:03:49.922  1347  1374 I bt_core_module: module_init Initializing module "bte_logmsg_module"
01-01 00:03:49.922  1347  1374 I bt_bte  : BTE_InitTraceLevels -- TRC_HCI
01-01 00:03:49.922  1347  1374 I bt_bte  : BTE_InitTraceLevels -- TRC_L2CAP
01-01 00:03:49.922  1347  1374 I bt_bte  : BTE_InitTraceLevels -- TRC_RFCOMM
01-01 00:03:49.922  1347  1374 I bt_bte  : BTE_InitTraceLevels -- TRC_AVDT
01-01 00:03:49.922  1347  1374 I bt_bte  : BTE_InitTraceLevels -- TRC_AVRC
01-01 00:03:49.922  1347  1374 I bt_bte  : BTE_InitTraceLevels -- TRC_A2D
01-01 00:03:49.922  1347  1374 I bt_bte  : BTE_InitTraceLevels -- TRC_BNEP
01-01 00:03:49.922  1347  1374 I bt_bte  : BTE_InitTraceLevels -- TRC_BTM
01-01 00:03:49.922  1347  1374 I bt_bte  : BTE_InitTraceLevels -- TRC_GAP
01-01 00:03:49.922  1347  1374 I bt_bte  : BTE_InitTraceLevels -- TRC_PAN
01-01 00:03:49.922  1347  1374 I bt_bte  : BTE_InitTraceLevels -- TRC_SDP
01-01 00:03:49.923  1347  1374 I bt_bte  : BTE_InitTraceLevels -- TRC_GATT
01-01 00:03:49.923  1347  1374 I bt_bte  : BTE_InitTraceLevels -- TRC_SMP
01-01 00:03:49.923  1347  1374 I bt_bte  : BTE_InitTraceLevels -- TRC_BTAPP
01-01 00:03:49.923  1347  1374 I bt_bte  : BTE_InitTraceLevels -- TRC_BTIF
01-01 00:03:49.923  1347  1374 I bt_core_module: module_init Initialized module "bte_logmsg_module"
01-01 00:03:49.924  1347  1375 W bt_osi_thread: run_thread: thread id 1375, thread name module_wrapper started
01-01 00:03:49.924  1347  1375 I bt_core_module: module_start_up Starting module "controller_module"
01-01 00:03:49.933  1347  1365 E bt_hci  : command_timed_out hci layer timeout waiting for response to a command. opcode: 0xc03
01-01 00:03:49.934  1347  1365 E bt_hci  : command_timed_out restarting the bluetooth process.
01-01 00:03:50.033   531   531 D BluetoothManagerService: BluetoothServiceConnection, disconnected: com.android.bluetooth.btservice.AdapterService
01-01 00:03:50.033   531   542 I ActivityManager: Process com.android.bluetooth (pid 1347) has died
01-01 00:03:50.033   531   542 D ActivityManager: cleanUpApplicationRecord -- 1347
01-01 00:03:50.033   531   550 E BluetoothManagerService: MESSAGE_BLUETOOTH_SERVICE_DISCONNECTED(1)
01-01 00:03:50.033   531   550 D BluetoothManagerService: Broadcasting onBluetoothServiceDown() to 4 receivers.
01-01 00:03:50.033   531   550 D BluetoothAdapter: onBluetoothServiceDown: android.bluetooth.IBluetooth$Stub$Proxy@957a361
01-01 00:03:50.033   531   542 W ActivityManager: Scheduling restart of crashed service com.android.bluetooth/.gatt.GattService in 1000ms
01-01 00:03:50.034   531   542 W ActivityManager: Scheduling restart of crashed service com.android.bluetooth/.btservice.AdapterService in 1000ms
01-01 00:03:50.034   603   624 D BluetoothAdapter: onBluetoothServiceDown: android.bluetooth.IBluetooth$Stub$Proxy@98a6c1a
01-01 00:03:50.034  1309  1321 D BluetoothAdapter: onBluetoothServiceDown: android.bluetooth.IBluetooth$Stub$Proxy@a5be0d5
01-01 00:03:50.035   700   711 D BluetoothAdapter: onBluetoothServiceDown: android.bluetooth.IBluetooth$Stub$Proxy@d99b05b
01-01 00:03:50.234   531   550 D BluetoothManagerService: MESSAGE_RESTART_BLUETOOTH_SERVICE
01-01 00:03:50.260   531   550 I ActivityManager: Start proc 1376:com.android.bluetooth/1002 for service com.android.bluetooth/.btservice.AdapterService
01-01 00:03:50.434  1376  1376 D AdapterServiceConfig: Adding HeadsetService
01-01 00:03:50.434  1376  1376 D AdapterServiceConfig: Adding A2dpService
01-01 00:03:50.434  1376  1376 D AdapterServiceConfig: Adding A2dpSinkService
01-01 00:03:50.435  1376  1376 D AdapterServiceConfig: Adding HidService
01-01 00:03:50.435  1376  1376 D AdapterServiceConfig: Adding HealthService
01-01 00:03:50.435  1376  1376 D AdapterServiceConfig: Adding PanService
01-01 00:03:50.436  1376  1376 D AdapterServiceConfig: Adding GattService
01-01 00:03:50.436  1376  1376 D AdapterServiceConfig: Adding BluetoothMapService
01-01 00:03:50.436  1376  1376 D AdapterServiceConfig: Adding AvrcpControllerService
01-01 00:03:50.559  1376  1376 D BluetoothAdapterService: onCreate()
01-01 00:03:50.565  1376  1376 D BluetoothAdapterState: make() - Creating AdapterState
01-01 00:03:50.571  1376  1376 I bt_btif : init
01-01 00:03:50.571  1376  1390 I BluetoothAdapterState: Entering OffState
01-01 00:03:50.573  1376  1391 W bt_osi_thread: run_thread: thread id 1391, thread name stack_manager started
01-01 00:03:50.573  1376  1391 I bt_stack_manager: event_init_stack is initializing the stack
01-01 00:03:50.574  1376  1391 I bt_core_module: module_init Initializing module "osi_module"
01-01 00:03:50.574  1376  1391 I bt_core_module: module_init Initialized module "osi_module"
01-01 00:03:50.574  1376  1391 I bt_core_module: module_init Initializing module "bt_utils_module"
01-01 00:03:50.574  1376  1391 I bt_core_module: module_init Initialized module "bt_utils_module"
01-01 00:03:50.575  1376  1391 I bt_core_module: module_init Initializing module "btif_config_module"
01-01 00:03:50.576  1376  1394 W bt_osi_thread: run_thread: thread id 1394, thread name alarm_default_ca started
01-01 00:03:50.577  1376  1395 W bt_osi_thread: run_thread: thread id 1395, thread name alarm_dispatcher started
01-01 00:03:50.577  1376  1391 I bt_core_module: module_init Initialized module "btif_config_module"
01-01 00:03:50.577  1376  1391 I bt_core_module: module_init Initializing module "interop_module"
01-01 00:03:50.577  1376  1391 I bt_core_module: module_init Initialized module "interop_module"
01-01 00:03:50.577  1376  1391 I bt_core_module: module_init Initializing module "stack_config_module"
01-01 00:03:50.577  1376  1391 I bt_stack_config: init attempt to load stack conf from /etc/bluetooth/bt_stack.conf
01-01 00:03:50.578  1376  1391 I bt_core_module: module_init Initialized module "stack_config_module"
01-01 00:03:50.578  1376  1396 W bt_osi_thread: run_thread: thread id 1396, thread name bt_jni_workqueue started
01-01 00:03:50.579  1376  1391 I bt_stack_manager: event_init_stack finished
01-01 00:03:50.579  1376  1376 I bt_osi_wakelock: wakelock_set_os_callouts set to non-native
01-01 00:03:50.579  1376  1376 I bt_btif : get_profile_interface socket
01-01 00:03:50.587  1376  1376 I bt_btif : get_profile_interface sdp
01-01 00:03:50.587  1376  1396 D BluetoothAdapterProperties: Address is:22:22:C5:88:54:3A
01-01 00:03:50.592  1376  1396 D BluetoothAdapterProperties: Name is: iMX6
01-01 00:03:50.592   531   531 D BluetoothManagerService: Bluetooth Adapter name changed to iMX6
01-01 00:03:50.592   531   531 D BluetoothManagerService: Stored Bluetooth name: iMX6
01-01 00:03:50.597  1376  1376 D BluetoothAdapterService: setAdapterService() - set to: null
01-01 00:03:50.597  1376  1376 D BluetoothAdapterService: onBind()
01-01 00:03:50.598   531   531 D BluetoothManagerService: BluetoothServiceConnection: com.android.bluetooth.btservice.AdapterService
01-01 00:03:50.598   531   550 D BluetoothManagerService: MESSAGE_BLUETOOTH_SERVICE_CONNECTED: 1
01-01 00:03:50.599  1376  1388 I bt_btif : config_hci_snoop_log
01-01 00:03:50.602   531   550 D BluetoothManagerService: Broadcasting onBluetoothServiceUp() to 5 receivers.
01-01 00:03:50.602   531   550 D BluetoothAdapter: onBluetoothServiceUp: android.bluetooth.IBluetooth$Stub$Proxy@129ec2
01-01 00:03:50.602   700  1220 D BluetoothAdapter: onBluetoothServiceUp: android.bluetooth.IBluetooth$Stub$Proxy@f8e00f8
01-01 00:03:50.602  1376  1388 D BluetoothAdapter: onBluetoothServiceUp: com.android.bluetooth.btservice.AdapterService$AdapterServiceBinder@f7a35dd
01-01 00:03:50.603   603   623 D BluetoothAdapter: onBluetoothServiceUp: android.bluetooth.IBluetooth$Stub$Proxy@2fc234b
01-01 00:03:50.603  1309  1320 D BluetoothAdapter: onBluetoothServiceUp: android.bluetooth.IBluetooth$Stub$Proxy@c8e94c1
01-01 00:03:50.603  1376  1387 D BluetoothAdapterService: enable() - Enable called with quiet mode status =  false
01-01 00:03:50.604  1376  1390 D BluetoothAdapterState: Current state: OFF, message: 0
01-01 00:03:50.604  1376  1390 D BluetoothAdapterProperties: Setting state to 14
01-01 00:03:50.604  1376  1390 I BluetoothAdapterState: Bluetooth adapter state changed: 10-> 14
01-01 00:03:50.605  1376  1390 D BluetoothAdapterService: updateAdapterState() - Broadcasting state to 1 receivers.
01-01 00:03:50.605   531   550 D BluetoothManagerService: MESSAGE_BLUETOOTH_STATE_CHANGE: OFF > BLE_TURNING_ON
01-01 00:03:50.605   531   550 D BluetoothManagerService: Sending BLE State Change: OFF > BLE_TURNING_ON
01-01 00:03:50.606  1376  1390 D BluetoothAdapterService: BleOnProcessStart()
01-01 00:03:50.606  1376  1390 D BluetoothAdapterService: BleOnProcessStart() - Make Bond State Machine
01-01 00:03:50.607  1376  1390 D BluetoothBondStateMachine: make
01-01 00:03:50.617  1376  1398 I BluetoothBondStateMachine: StableState(): Entering Off State
01-01 00:03:50.619  1376  1390 D BluetoothAdapterService: setProfileServiceState() - Starting service com.android.bluetooth.gatt.GattService
01-01 00:03:50.625  1376  1376 I BtGatt.JNI: classInitNative(L922): classInitNative: Success!
01-01 00:03:50.626  1376  1390 I BluetoothAdapterState: Entering PendingCommandState
01-01 00:03:50.632  1376  1376 D BtGatt.DebugUtils: handleDebugAction() action=null
01-01 00:03:50.632  1376  1376 D BluetoothAdapterService: getAdapterService() - returning com.android.bluetooth.btservice.AdapterService@667f2c6
01-01 00:03:50.633  1376  1376 D BtGatt.GattService: Received start request. Starting profile...
01-01 00:03:50.633  1376  1376 D BtGatt.GattService: start()
01-01 00:03:50.633  1376  1376 I bt_btif : get_profile_interface gatt
01-01 00:03:50.634  1376  1376 D BluetoothAdapterService: getAdapterService() - returning com.android.bluetooth.btservice.AdapterService@667f2c6
01-01 00:03:50.634  1376  1376 D BtGatt.AdvertiseManager: advertise manager created
01-01 00:03:50.648  1376  1376 D BluetoothAdapterService: getAdapterService() - returning com.android.bluetooth.btservice.AdapterService@667f2c6
01-01 00:03:50.649  1376  1376 D BluetoothAdapterService: handleMessage() - Message: 1
01-01 00:03:50.649  1376  1376 D BluetoothAdapterService: handleMessage() - MESSAGE_PROFILE_SERVICE_STATE_CHANGED
01-01 00:03:50.649  1376  1376 D BluetoothAdapterService: processProfileServiceStateChanged() serviceName=com.android.bluetooth.gatt.GattService, state=12, doUpdate=true
01-01 00:03:50.650  1376  1376 V BluetoothAdapterState: isTurningOff()=false
01-01 00:03:50.650  1376  1376 V BluetoothAdapterState: isTurningOn()=false
01-01 00:03:50.650  1376  1376 V BluetoothAdapterState: isBleTurningOn()=true
01-01 00:03:50.650  1376  1376 V BluetoothAdapterState: isBleTurningOff()=false
01-01 00:03:50.651  1376  1376 D BluetoothAdapterService: processProfileServiceStateChanged() - serviceName=com.android.bluetooth.gatt.GattService isTurningOn=false isTurningOff=false isBleTurningOn=true isBleTurningOff=false
01-01 00:03:50.652  1376  1376 D BluetoothAdapterService: GattService is started
01-01 00:03:50.652  1376  1390 D BluetoothAdapterState: Current state: PENDING_COMMAND, message: 4
01-01 00:03:50.654  1376  1390 I bt_btif : enable: start restricted = 0
01-01 00:03:50.654  1376  1391 I bt_stack_manager: event_start_up_stack is bringing up the stack
01-01 00:03:50.654  1376  1391 I bt_core_module: module_start_up Starting module "btif_config_module"
01-01 00:03:50.654  1376  1391 I bt_core_module: module_start_up Started module "btif_config_module"
01-01 00:03:50.654  1376  1391 I bt_core_module: module_start_up Starting module "btsnoop_module"
01-01 00:03:50.655  1376  1391 I bt_core_module: module_start_up Started module "btsnoop_module"
01-01 00:03:50.655  1376  1391 I bt_core_module: module_start_up Starting module "hci_module"
01-01 00:03:50.655  1376  1391 I bt_hci  : start_up
01-01 00:03:50.655  1376  1401 W bt_osi_thread: run_thread: thread id 1401, thread name hci_thread started
01-01 00:03:50.659  1376  1391 I bt_vendor: alloc value 0x882bacd5
01-01 00:03:50.659  1376  1391 I bt_vendor: init
01-01 00:03:50.659  1376  1391 I bt_vnd_conf: Attempt to load conf from /etc/bluetooth/bt_vendor.conf
01-01 00:03:50.659  1376  1391 I bt_vnd_conf: vnd_load_conf file >/etc/bluetooth/bt_vendor.conf< not found
01-01 00:03:50.659  1376  1391 E bt_upio : init_rfkill : open(/sys/class/rfkill/rfkill0/type) failed: No such file or directory (2)
01-01 00:03:50.659  1376  1391 E bt_upio : init_rfkill : open(/sys/class/rfkill/rfkill0/type) failed: No such file or directory (2)
01-01 00:03:50.659  1376  1391 D bt_hci  : start_up starting async portion
01-01 00:03:50.659  1376  1401 I bt_hci  : event_finish_startup
01-01 00:03:50.660  1376  1401 I bt_hci_h4: hal_open
01-01 00:03:50.660  1376  1401 I bt_userial_vendor: userial vendor open: opening /dev/ttyO1
01-01 00:03:50.660  1376  1401 E bt_userial_vendor: userial vendor open: unable to open /dev/ttyO1
01-01 00:03:50.660  1376  1401 E bt_hci_h4: hal_open opened the wrong number of ports: got 0, expected 1.
01-01 00:03:50.660  1376  1401 I bt_hci_h4: hal_close
01-01 00:03:50.660  1376  1401 E bt_hci_h4: In transmit_data, error writing to the uart serial port: Bad file descriptor
01-01 00:03:52.375   262   310 W audio_hw_primary: do_out_standby... -1408944384
01-01 00:03:58.658  1376  1394 E bt_hci  : startup_timer_expired
01-01 00:03:58.659  1376  1391 E bt_core_module: module_start_up Failed to start up module "hci_module"
01-01 00:03:58.660  1376  1402 W bt_osi_thread: run_thread: thread id 1402, thread name bt_workqueue started
01-01 00:03:58.660  1376  1402 I bt_btu  : btu_task pending for preload complete event
01-01 00:03:58.660  1376  1402 I bt_btu_task: Bluetooth chip preload is complete
01-01 00:03:58.660  1376  1402 I bt_btu  : btu_task received preload complete event
01-01 00:03:58.663  1376  1402 I bt_core_module: module_init Initializing module "bte_logmsg_module"
01-01 00:03:58.663  1376  1402 I bt_bte  : BTE_InitTraceLevels -- TRC_HCI
01-01 00:03:58.663  1376  1402 I bt_bte  : BTE_InitTraceLevels -- TRC_L2CAP
01-01 00:03:58.663  1376  1402 I bt_bte  : BTE_InitTraceLevels -- TRC_RFCOMM
01-01 00:03:58.663  1376  1402 I bt_bte  : BTE_InitTraceLevels -- TRC_AVDT
01-01 00:03:58.664  1376  1402 I bt_bte  : BTE_InitTraceLevels -- TRC_AVRC
01-01 00:03:58.664  1376  1402 I bt_bte  : BTE_InitTraceLevels -- TRC_A2D
01-01 00:03:58.664  1376  1402 I bt_bte  : BTE_InitTraceLevels -- TRC_BNEP
01-01 00:03:58.664  1376  1402 I bt_bte  : BTE_InitTraceLevels -- TRC_BTM
01-01 00:03:58.664  1376  1402 I bt_bte  : BTE_InitTraceLevels -- TRC_GAP
01-01 00:03:58.664  1376  1402 I bt_bte  : BTE_InitTraceLevels -- TRC_PAN
01-01 00:03:58.664  1376  1402 I bt_bte  : BTE_InitTraceLevels -- TRC_SDP
01-01 00:03:58.664  1376  1402 I bt_bte  : BTE_InitTraceLevels -- TRC_GATT
01-01 00:03:58.664  1376  1402 I bt_bte  : BTE_InitTraceLevels -- TRC_SMP
01-01 00:03:58.664  1376  1402 I bt_bte  : BTE_InitTraceLevels -- TRC_BTAPP
01-01 00:03:58.664  1376  1402 I bt_bte  : BTE_InitTraceLevels -- TRC_BTIF
01-01 00:03:58.664  1376  1402 I bt_core_module: module_init Initialized module "bte_logmsg_module"
01-01 00:03:58.664  1376  1394 E bt_hci  : command_timed_out hci layer timeout waiting for response to a command. opcode: 0xc03
01-01 00:03:58.664  1376  1394 E bt_hci  : command_timed_out restarting the bluetooth process.
01-01 00:03:58.665  1376  1403 W bt_osi_thread: run_thread: thread id 1403, thread name module_wrapper started
01-01 00:03:58.665  1376  1403 I bt_core_module: module_start_up Starting module "controller_module"
01-01 00:03:58.782   531   626 I ActivityManager: Process com.android.bluetooth (pid 1376) has died
01-01 00:03:58.782   531   626 D ActivityManager: cleanUpApplicationRecord -- 1376
01-01 00:03:58.782   531   531 D BluetoothManagerService: BluetoothServiceConnection, disconnected: com.android.bluetooth.btservice.AdapterService
01-01 00:03:58.783   531   626 W ActivityManager: Scheduling restart of crashed service com.android.bluetooth/.btservice.AdapterService in 1000ms
01-01 00:03:58.783   531   626 W ActivityManager: Scheduling restart of crashed service com.android.bluetooth/.gatt.GattService in 11000ms
01-01 00:03:58.784   531   550 E BluetoothManagerService: MESSAGE_BLUETOOTH_SERVICE_DISCONNECTED(1)
01-01 00:03:58.785   531   550 D BluetoothManagerService: Broadcasting onBluetoothServiceDown() to 4 receivers.
01-01 00:03:58.785   531   550 D BluetoothAdapter: onBluetoothServiceDown: android.bluetooth.IBluetooth$Stub$Proxy@129ec2
01-01 00:03:58.785   700   712 D BluetoothAdapter: onBluetoothServiceDown: android.bluetooth.IBluetooth$Stub$Proxy@f8e00f8
01-01 00:03:58.785   603   729 D BluetoothAdapter: onBluetoothServiceDown: android.bluetooth.IBluetooth$Stub$Proxy@2fc234b
01-01 00:03:58.785  1309  1372 D BluetoothAdapter: onBluetoothServiceDown: android.bluetooth.IBluetooth$Stub$Proxy@c8e94c1
01-01 00:03:58.984   531   550 D BluetoothManagerService: MESSAGE_RESTART_BLUETOOTH_SERVICE
01-01 00:03:59.011   531   550 I ActivityManager: Start proc 1404:com.android.bluetooth/1002 for service com.android.bluetooth/.btservice.AdapterService
01-01 00:03:59.207  1404  1404 D AdapterServiceConfig: Adding HeadsetService
01-01 00:03:59.207  1404  1404 D AdapterServiceConfig: Adding A2dpService
01-01 00:03:59.207  1404  1404 D AdapterServiceConfig: Adding A2dpSinkService
01-01 00:03:59.207  1404  1404 D AdapterServiceConfig: Adding HidService
01-01 00:03:59.207  1404  1404 D AdapterServiceConfig: Adding HealthService
01-01 00:03:59.208  1404  1404 D AdapterServiceConfig: Adding PanService
01-01 00:03:59.208  1404  1404 D AdapterServiceConfig: Adding GattService
01-01 00:03:59.208  1404  1404 D AdapterServiceConfig: Adding BluetoothMapService
01-01 00:03:59.208  1404  1404 D AdapterServiceConfig: Adding AvrcpControllerService
01-01 00:03:59.345  1404  1404 D BluetoothAdapterService: onCreate()
01-01 00:03:59.353  1404  1404 D BluetoothAdapterState: make() - Creating AdapterState
01-01 00:03:59.361  1404  1404 I bt_btif : init
01-01 00:03:59.361  1404  1418 I BluetoothAdapterState: Entering OffState
01-01 00:03:59.363  1404  1419 W bt_osi_thread: run_thread: thread id 1419, thread name stack_manager started
01-01 00:03:59.363  1404  1419 I bt_stack_manager: event_init_stack is initializing the stack
01-01 00:03:59.364  1404  1419 I bt_core_module: module_init Initializing module "osi_module"
01-01 00:03:59.364  1404  1419 I bt_core_module: module_init Initialized module "osi_module"
01-01 00:03:59.364  1404  1419 I bt_core_module: module_init Initializing module "bt_utils_module"
01-01 00:03:59.364  1404  1419 I bt_core_module: module_init Initialized module "bt_utils_module"
01-01 00:03:59.364  1404  1419 I bt_core_module: module_init Initializing module "btif_config_module"
01-01 00:03:59.366  1404  1422 W bt_osi_thread: run_thread: thread id 1422, thread name alarm_default_ca started
01-01 00:03:59.366  1404  1423 W bt_osi_thread: run_thread: thread id 1423, thread name alarm_dispatcher started
01-01 00:03:59.366  1404  1419 I bt_core_module: module_init Initialized module "btif_config_module"
01-01 00:03:59.367  1404  1419 I bt_core_module: module_init Initializing module "interop_module"
01-01 00:03:59.367  1404  1419 I bt_core_module: module_init Initialized module "interop_module"
01-01 00:03:59.367  1404  1419 I bt_core_module: module_init Initializing module "stack_config_module"
01-01 00:03:59.367  1404  1419 I bt_stack_config: init attempt to load stack conf from /etc/bluetooth/bt_stack.conf
01-01 00:03:59.368  1404  1419 I bt_core_module: module_init Initialized module "stack_config_module"
01-01 00:03:59.368  1404  1424 W bt_osi_thread: run_thread: thread id 1424, thread name bt_jni_workqueue started
01-01 00:03:59.368  1404  1419 I bt_stack_manager: event_init_stack finished
01-01 00:03:59.368  1404  1404 I bt_osi_wakelock: wakelock_set_os_callouts set to non-native
01-01 00:03:59.368  1404  1404 I bt_btif : get_profile_interface socket
01-01 00:03:59.374  1404  1424 D BluetoothAdapterProperties: Address is:22:22:C5:88:54:3A
01-01 00:03:59.380   531   531 D BluetoothManagerService: Bluetooth Adapter name changed to iMX6
01-01 00:03:59.380   531   531 D BluetoothManagerService: Stored Bluetooth name: iMX6
01-01 00:03:59.383  1404  1404 I bt_btif : get_profile_interface sdp
01-01 00:03:59.384  1404  1424 D BluetoothAdapterProperties: Name is: iMX6
01-01 00:03:59.390  1404  1404 D BluetoothAdapterService: setAdapterService() - set to: null
01-01 00:03:59.391  1404  1404 D BluetoothAdapterService: onBind()
01-01 00:03:59.392   531   531 D BluetoothManagerService: BluetoothServiceConnection: com.android.bluetooth.btservice.AdapterService
01-01 00:03:59.392   531   550 D BluetoothManagerService: MESSAGE_BLUETOOTH_SERVICE_CONNECTED: 1
