01-01 00:03:31.755   544   544 V BackupManagerService: Connected to transport ComponentInfo{android/com.android.internal.backup.LocalTransportService}
01-01 00:03:31.756   544   544 V BackupManagerService: Registering transport android/com.android.internal.backup.LocalTransportService::android/com.android.internal.backup.LocalTransport = android.app.backup.BackupTransport$TransportImpl@a01468b
01-01 00:03:31.756   544   557 W AppWidgetServiceImpl: Failed to read state: java.io.FileNotFoundException: /data/system/users/0/appwidgets.xml (No such file or directory)
01-01 00:03:31.756   544   557 V AppWidgetServiceImpl: Upgrading widget database from 0 to 1
01-01 00:03:31.761   544   557 W VoiceInteractionManagerService: no available voice interaction services found for user 0
01-01 00:03:31.761   544   557 W VoiceInteractionManagerService: no available voice recognition services found for user 0
01-01 00:03:31.763   544   557 I ActivityManager: Loading recents for user 0 into memory.
01-01 00:03:31.768   544  1039 V KeyValueBackupJob: Scheduling k/v pass in 248 minutes
01-01 00:03:31.779   544   557 I PreBootBroadcaster: Pre-boot of {com.android.managedprovisioning/com.android.managedprovisioning.PreBootListener} for user 0
01-01 00:03:31.787   544   544 I AccountManagerService: User 0 is unlocked - opening CE database
01-01 00:03:31.788   803   803 D FallbackHome: User unlocked and real home found; let's go!
01-01 00:03:31.797   740   740 D CarrierSvcBindHelper: Received android.intent.action.USER_UNLOCKED
01-01 00:03:31.799   740   740 E PhoneInterfaceManager: [PhoneIntfMgr] getCarrierPackageNamesForIntent: No UICC
01-01 00:03:31.799   740   740 D CarrierSvcBindHelper: No carrier app for: 0
01-01 00:03:31.803   544   789 I ActivityManager: START u0 {act=android.intent.action.MAIN cat=[android.intent.category.HOME] flg=0x10000100 cmp=com.android.provision/.DefaultActivity} from uid 0 on display 0
01-01 00:03:31.817   544  1051 W ResourceType: No known package when getting value for resource number 0x7f0200fc
01-01 00:03:31.817   544  1051 W ResourceType: No known package when getting value for resource number 0x7f0e03ac
01-01 00:03:31.819   544  1051 W ResourceType: No known package when getting value for resource number 0x7f0200fb
01-01 00:03:31.819   544  1051 W ResourceType: No known package when getting value for resource number 0x7f0e093c
01-01 00:03:31.820   544  1051 W ResourceType: No known package when getting value for resource number 0x7f0200fa
01-01 00:03:31.820   544  1051 W ResourceType: No known package when getting value for resource number 0x7f0e07ea
01-01 00:03:31.862   544  1051 W ResourceType: No known package when getting value for resource number 0x7f020018
01-01 00:03:31.862   544  1051 W ResourceType: No known package when getting value for resource number 0x7f0b016c
01-01 00:03:31.866   544   789 I ActivityManager: Start proc 1056:com.android.provision/u0a21 for activity com.android.provision/.DefaultActivity
01-01 00:03:31.901   544   556 I ActivityManager: Start proc 1061:com.android.printspooler/u0a56 for service com.android.printspooler/.model.PrintSpoolerService
01-01 00:03:31.903   544   544 I AccountManagerService: Creating CE database /data/system_ce/0/accounts_ce.db
01-01 00:03:31.921   660   660 W KeyguardUpdateMonitor: invalid subId in handleSimStateChange()
01-01 00:03:31.939   544   790 I ActivityManager: Start proc 1072:com.android.keychain/1000 for service com.android.keychain/.KeyChainService
01-01 00:03:32.064  1056  1056 W System  : ClassLoader referenced unknown path: /system/priv-app/Provision/lib/arm
01-01 00:03:32.100  1072  1072 W System  : ClassLoader referenced unknown path: /system/app/KeyChain/lib/arm
01-01 00:03:32.140   544   544 I DevicePolicyManagerService: Set ro.device_owner property to false
01-01 00:03:32.226   544   767 I ActivityManager: START u0 {act=android.intent.action.MAIN cat=[android.intent.category.HOME] flg=0x10000100 cmp=android/com.android.internal.app.ResolverActivity} from uid 0 on display 0
01-01 00:03:32.267   544   767 I ActivityManager: Start proc 1103:system:ui/1000 for activity android/com.android.internal.app.ResolverActivity
01-01 00:03:32.291  1035  1035 I AlarmClock: AlarmInitReceiver android.intent.action.LOCKED_BOOT_COMPLETED
01-01 00:03:32.318   544   556 I RetailDemoModeService: Deleting contents of /data/preloads
01-01 00:03:32.476   544   553 I art     : Background sticky concurrent mark sweep GC freed 32003(1524KB) AllocSpace objects, 3(60KB) LOS objects, 30% free, 5MB/7MB, paused 8.797ms total 135.311ms
01-01 00:03:32.525  1035  1116 I AlarmClock: Alarms Table created
01-01 00:03:32.531  1035  1116 I AlarmClock: Instance table created
01-01 00:03:32.532  1035  1116 I AlarmClock: Inserting default alarms
01-01 00:03:32.645   544  1100 I ActivityManager: Start proc 1119:android.process.media/u0a12 for broadcast com.android.providers.downloads/.DownloadReceiver
01-01 00:03:32.810  1119  1119 W System  : ClassLoader referenced unknown path: /system/priv-app/DownloadProvider/lib/arm
01-01 00:03:32.810   269   269 I obd     : type=1400 audit(0.0:37): avc: denied { write } for path="socket:[6982]" dev="sockfs" ino=6982 scontext=u:r:obd:s0 tcontext=u:r:obd:s0 tclass=socket permissive=1
01-01 00:03:32.953   544  1041 I OpenGLRenderer: Initialized EGL, version 1.4
01-01 00:03:32.953   544  1041 D OpenGLRenderer: Swap behavior 2
01-01 00:03:32.972   544   558 I Choreographer: Skipped 77 frames!  The application may be doing too much work on its main thread.
01-01 00:03:32.973   544  1100 W InputMethodManagerService: Starting input on non-focused client com.android.internal.view.IInputMethodClient$Stub$Proxy@35d05c5 (uid=1000 pid=803)
01-01 00:03:32.974  1103  1103 I display : GPUManager exists
01-01 00:03:32.983  1119  1119 W System  : ClassLoader referenced unknown path: /system/priv-app/MediaProvider/lib/arm
01-01 00:03:32.985  1119  1119 D ApplicationLoaders: ignored Vulkan layer search path /system/priv-app/MediaProvider/lib/arm:/system/priv-app/MediaProvider/MediaProvider.apk!/lib/armeabi-v7a:/system/lib:/vendor/lib for namespace 0xb6bb2090
01-01 00:03:33.108  1119  1119 I DownloadManager: Upgrading downloads database from version 0 to version 110, which will destroy all old data
01-01 00:03:33.282  1119  1119 I MediaProvider: Upgrading media database from version 0 to 800, which will destroy all old data
01-01 00:03:33.594  1119  1119 D MediaProvider: Adjusting external storage paths to: /storage/emulated/0
01-01 00:03:33.688  1119  1119 E SQLiteLog: (1) no such table: album_info
01-01 00:03:34.002  1119  1119 D MediaScannerReceiver: action: android.intent.action.MEDIA_MOUNTED path: /storage/emulated/0
01-01 00:03:34.048   544   630 I ActivityManager: Start proc 1141:com.android.managedprovisioning/u0a17 for broadcast com.android.managedprovisioning/.PreBootListener
01-01 00:03:34.143  1141  1141 W System  : ClassLoader referenced unknown path: /system/priv-app/ManagedProvisioning/lib/arm
01-01 00:03:34.217   544   789 I PreBootBroadcaster: Pre-boot of {com.android.providers.calendar/com.android.providers.calendar.CalendarUpgradeReceiver} for user 0
01-01 00:03:34.225   941   941 D CellBroadcastReceiver: onReceive Intent { act=android.intent.action.SIM_STATE_CHANGED flg=0x4000010 cmp=com.android.cellbroadcastreceiver/.CellBroadcastReceiver (has extras) }
01-01 00:03:34.282   544   555 I ActivityManager: Start proc 1156:com.android.providers.calendar/u0a4 for broadcast com.android.providers.calendar/.CalendarUpgradeReceiver
01-01 00:03:34.345  1119  1140 V MediaScanner: pruneDeadThumbnailFiles... android.content.ContentProviderClient$CursorWrapperInner@536f4
01-01 00:03:34.346  1119  1140 V MediaScanner: /pruneDeadThumbnailFiles... android.content.ContentProviderClient$CursorWrapperInner@536f4
01-01 00:03:34.401  1156  1156 W System  : ClassLoader referenced unknown path: /system/priv-app/CalendarProvider/lib/arm
01-01 00:03:34.575  1156  1156 I CalendarDatabaseHelper: Bootstrapping database
01-01 00:03:34.689  1156  1156 I CalendarProvider2: Created com.android.providers.calendar.CalendarAlarmManager@b9256cf(com.android.providers.calendar.CalendarProvider2@6dc385c)
01-01 00:03:34.716  1156  1156 I CalendarUpgradeReceiver: Creating or opening calendar database
01-01 00:03:34.719   544   767 I PreBootBroadcaster: Pre-boot of {com.android.providers.contacts/com.android.providers.contacts.ContactsUpgradeReceiver} for user 0
01-01 00:03:34.767   544   767 I ActivityManager: Start proc 1172:android.process.acore/u0a3 for broadcast com.android.providers.contacts/.ContactsUpgradeReceiver
01-01 00:03:34.912  1172  1172 W System  : ClassLoader referenced unknown path: /system/priv-app/ContactsProvider/lib/arm
01-01 00:03:35.134  1172  1172 I ContactsPerf: VoicemailContentProvider.onCreate start
01-01 00:03:35.140  1172  1172 I ContactsPerf: VoicemailContentProvider.onCreate finish
01-01 00:03:35.160  1172  1172 W System  : ClassLoader referenced unknown path: /system/priv-app/BlockedNumberProvider/lib/arm
01-01 00:03:35.162  1172  1172 D ApplicationLoaders: ignored Vulkan layer search path /system/priv-app/BlockedNumberProvider/lib/arm:/system/lib:/vendor/lib for namespace 0xb6bb2090
01-01 00:03:35.194  1172  1172 W System  : ClassLoader referenced unknown path: /system/app/UserDictionaryProvider/lib/arm
01-01 00:03:35.201  1172  1172 D ApplicationLoaders: ignored Vulkan layer search path /system/app/UserDictionaryProvider/lib/arm:/system/lib:/vendor/lib for namespace 0xb6bb20d0
01-01 00:03:35.212  1172  1187 I ContactsDatabaseHelper: Bootstrapping database version: 1111
01-01 00:03:35.225  1172  1172 D StrictMode: StrictMode policy violation; ~duration=188 ms: android.os.StrictMode$StrictModeDiskWriteViolation: policy=65565 violation=1
01-01 00:03:35.225  1172  1172 D StrictMode: 	at android.os.StrictMode$AndroidBlockGuardPolicy.onWriteToDisk(StrictMode.java:1253)
01-01 00:03:35.225  1172  1172 D StrictMode: 	at libcore.io.BlockGuardOs.mkdir(BlockGuardOs.java:173)
01-01 00:03:35.225  1172  1172 D StrictMode: 	at android.system.Os.mkdir(Os.java:282)
01-01 00:03:35.225  1172  1172 D StrictMode: 	at android.app.ContextImpl.ensurePrivateDirExists(ContextImpl.java:514)
01-01 00:03:35.225  1172  1172 D StrictMode: 	at android.app.ContextImpl.getPreferencesDir(ContextImpl.java:468)
01-01 00:03:35.225  1172  1172 D StrictMode: 	at android.app.ContextImpl.getSharedPreferencesPath(ContextImpl.java:627)
01-01 00:03:35.225  1172  1172 D StrictMode: 	at android.app.ContextImpl.getSharedPreferences(ContextImpl.java:345)
01-01 00:03:35.225  1172  1172 D StrictMode: 	at android.content.ContextWrapper.getSharedPreferences(ContextWrapper.java:164)
01-01 00:03:35.225  1172  1172 D StrictMode: 	at android.preference.PreferenceManager.getDefaultSharedPreferences(PreferenceManager.java:487)
01-01 00:03:35.225  1172  1172 D StrictMode: 	at com.android.providers.contacts.FastScrollingIndexCache.getInstance(FastScrollingIndexCache.java:95)
01-01 00:03:35.225  1172  1172 D StrictMode: 	at com.android.providers.contacts.ContactsProvider2.initialize(ContactsProvider2.java:1573)
01-01 00:03:35.225  1172  1172 D StrictMode: 	at com.android.providers.contacts.ContactsProvider2.onCreate(ContactsProvider2.java:1548)
01-01 00:03:35.225  1172  1172 D StrictMode: 	at android.content.ContentProvider.attachInfo(ContentProvider.java:1751)
01-01 00:03:35.225  1172  1172 D StrictMode: 	at android.content.ContentProvider.attachInfo(ContentProvider.java:1726)
01-01 00:03:35.225  1172  1172 D StrictMode: 	at android.app.ActivityThread.installProvider(ActivityThread.java:5855)
01-01 00:03:35.225  1172  1172 D StrictMode: 	at android.app.ActivityThread.installContentProviders(ActivityThread.java:5447)
01-01 00:03:35.225  1172  1172 D StrictMode: 	at android.app.ActivityThread.handleBindApplication(ActivityThread.java:5386)
01-01 00:03:35.225  1172  1172 D StrictMode: 	at android.app.ActivityThread.-wrap2(ActivityThread.java)
01-01 00:03:35.225  1172  1172 D StrictMode: 	at android.app.ActivityThread$H.handleMessage(ActivityThread.java:1546)
01-01 00:03:35.225  1172  1172 D StrictMode: 	at android.os.Handler.dispatchMessage(Handler.java:102)
01-01 00:03:35.225  1172  1172 D StrictMode: 	at android.os.Looper.loop(Looper.java:154)
01-01 00:03:35.225  1172  1172 D StrictMode: 	at android.app.ActivityThread.main(ActivityThread.java:6121)
01-01 00:03:35.225  1172  1172 D StrictMode: 	at java.lang.reflect.Method.invoke(Native Method)
01-01 00:03:35.225  1172  1172 D StrictMode: 	at com.android.internal.os.ZygoteInit$MethodAndArgsCaller.run(ZygoteInit.java:890)
01-01 00:03:35.225  1172  1172 D StrictMode: 	at com.android.internal.os.ZygoteInit.main(ZygoteInit.java:780)
01-01 00:03:35.225  1172  1172 D StrictMode: StrictMode policy violation; ~duration=185 ms: android.os.StrictMode$StrictModeDiskWriteViolation: policy=65565 violation=1
01-01 00:03:35.225  1172  1172 D StrictMode: 	at android.os.StrictMode$AndroidBlockGuardPolicy.onWriteToDisk(StrictMode.java:1253)
01-01 00:03:35.225  1172  1172 D StrictMode: 	at libcore.io.BlockGuardOs.chmod(BlockGuardOs.java:73)
01-01 00:03:35.225  1172  1172 D StrictMode: 	at android.system.Os.chmod(Os.java:68)
01-01 00:03:35.225  1172  1172 D StrictMode: 	at android.app.ContextImpl.ensurePrivateDirExists(ContextImpl.java:515)
01-01 00:03:35.225  1172  1172 D StrictMode: 	at android.app.ContextImpl.getPreferencesDir(ContextImpl.java:468)
01-01 00:03:35.225  1172  1172 D StrictMode: 	at android.app.ContextImpl.getSharedPreferencesPath(ContextImpl.java:627)
01-01 00:03:35.225  1172  1172 D StrictMode: 	at android.app.ContextImpl.getSharedPreferences(ContextImpl.java:345)
01-01 00:03:35.225  1172  1172 D StrictMode: 	at android.content.ContextWrapper.getSharedPreferences(ContextWrapper.java:164)
01-01 00:03:35.225  1172  1172 D StrictMode: 	at android.preference.PreferenceManager.getDefaultSharedPreferences(PreferenceManager.java:487)
01-01 00:03:35.225  1172  1172 D StrictMode: 	at com.android.providers.contacts.FastScrollingIndexCache.getInstance(FastScrollingIndexCache.java:95)
01-01 00:03:35.225  1172  1172 D StrictMode: 	at com.android.providers.contacts.ContactsProvider2.initialize(ContactsProvider2.java:1573)
01-01 00:03:35.225  1172  1172 D StrictMode: 	at com.android.providers.contacts.ContactsProvider2.onCreate(ContactsProvider2.java:1548)
01-01 00:03:35.225  1172  1172 D StrictMode: 	at android.content.ContentProvider.attachInfo(ContentProvider.java:1751)
01-01 00:03:35.225  1172  1172 D StrictMode: 	at android.content.ContentProvider.attachInfo(ContentProvider.java:1726)
01-01 00:03:35.225  1172  1172 D StrictMode: 	at android.app.ActivityThread.installProvider(ActivityThread.java:5855)
01-01 00:03:35.225  1172  1172 D StrictMode: 	at android.app.ActivityThread.installContentProviders(ActivityThread.java:5447)
01-01 00:03:35.225  1172  1172 D StrictMode: 	at android.app.ActivityThread.handleBindApplication(ActivityThread.java:5386)
01-01 00:03:35.225  1172  1172 D StrictMode: 	at android.app.ActivityThread.-wrap2(ActivityThread.java)
01-01 00:03:35.225  1172  1172 D StrictMode: 	at android.app.ActivityThread$H.handleMessage(ActivityThread.java:1546)
01-01 00:03:35.225  1172  1172 D StrictMode: 	at android.os.Handler.dispatchMessage(Handler.java:102)
01-01 00:03:35.225  1172  1172 D StrictMode: 	at android.os.Looper.loop(Looper.java:154)
01-01 00:03:35.225  1172  1172 D StrictMode: 	at android.app.ActivityThread.main(ActivityThread.java:6121)
01-01 00:03:35.225  1172  1172 D StrictMode: 	at java.lang.reflect.Method.invoke(Native Method)
01-01 00:03:35.225  1172  1172 D StrictMode: 	at com.android.internal.os.ZygoteInit$MethodAndArgsCaller.run(ZygoteInit.java:890)
01-01 00:03:35.225  1172  1172 D StrictMode: 	at com.android.internal.os.ZygoteInit.main(ZygoteInit.java:780)
01-01 00:03:35.245  1172  1172 I ContactsUpgradeReceiver: Creating or opening contacts database
01-01 00:03:35.621  1172  1187 I ContactsProviderV1: Bootstrapping database legacy support
01-01 00:03:35.718  1156  1156 I CalendarProvider2: Sending notification intent: Intent { act=android.intent.action.PROVIDER_CHANGED dat=content://com.android.calendar flg=0x20000000 }
01-01 00:03:35.719  1156  1156 W ContentResolver: Failed to get type for: content://com.android.calendar (Unknown URL content://com.android.calendar)
01-01 00:03:36.015  1172  1189 I CallLogDatabaseHelper: Migrating from old tables...
01-01 00:03:36.048  1172  1189 I CallLogDatabaseHelper: Source tables don't exist.
01-01 00:03:36.109  1172  1172 I ContactsDatabaseHelper: Bootstrapping database version: 1111
01-01 00:03:36.272  1172  1187 I ContactLocale: AddressBook Labels [[en_US]]: [, A, B, C, D, E, F, G, H, I, J, K, L, M, N, O, P, Q, R, S, T, U, V, W, X, Y, Z, , , , , , , , , , ,  , , , , , , , , , , , , , , , , , , , , , , , , , , , , ,  , , , , , , , , , , , , , , , , , , , , , , , , , , , , , , ,  , , , , , , , , , , , , , , , , , , , , , , , , , , , , , , , , , , , , , , , , , , , , , , , , , , , , , , , , , , , , , , , , , , ,  , , , , , , , , , , , , , , , , , , , , , , , , , , , , , , , , , , , , , , , , , , , , , #, ]
01-01 00:03:36.294  1172  1189 I CallLogDatabaseHelper: Migrating from old tables...
01-01 00:03:36.298  1172  1189 I CallLogDatabaseHelper: Source tables don't exist.
01-01 00:03:36.564  1172  1172 I ContactsProviderV1: Bootstrapping database legacy support
01-01 00:03:36.885   544   570 I ActivityManager:   Force finishing activity ActivityRecord{cc7a381 u0 com.android.provision/.DefaultActivity t3 f}
01-01 00:03:36.885   544   570 W ActivityManager: Duplicate finish request for ActivityRecord{cc7a381 u0 com.android.provision/.DefaultActivity t3 f}
01-01 00:03:36.898   544   557 E ActivityManager: Found activity ActivityRecord{cc7a381 u0 com.android.provision/.DefaultActivity t3 f} in proc activity list using null instead of expected ProcessRecord{30ff91f 1056:com.android.provision/u0a21}
01-01 00:03:36.942   544   580 I InputReader: Reconfiguring input devices.  changes=0x00000010
01-01 00:03:36.950   740   740 E PhoneInterfaceManager: [PhoneIntfMgr] getCarrierPackageNamesForIntent: No UICC
01-01 00:03:36.951   740   740 D CarrierSvcBindHelper: No carrier app for: 0
01-01 00:03:37.000   544   580 I InputReader: Reconfiguring input devices.  changes=0x00000010
01-01 00:03:37.007   740   740 E PhoneInterfaceManager: [PhoneIntfMgr] getCarrierPackageNamesForIntent: No UICC
01-01 00:03:37.008   740   740 D CarrierSvcBindHelper: No carrier app for: 0
01-01 00:03:37.074  1172  1172 I ContactsProvider: Locale has changed from null to [en_US]
01-01 00:03:37.077  1172  1172 I ContactsDatabaseHelper: Switching to locale [en_US] (ICU v56.1)
01-01 00:03:37.086   544   556 W ResourceType: No known package when getting value for resource number 0x7f0200fc
01-01 00:03:37.086   544   556 W ResourceType: No known package when getting value for resource number 0x7f0e03ac
01-01 00:03:37.087   544   556 W ResourceType: No known package when getting value for resource number 0x7f0200fb
01-01 00:03:37.087   544   556 W ResourceType: No known package when getting value for resource number 0x7f0e093c
01-01 00:03:37.087   544   556 W ResourceType: No known package when getting value for resource number 0x7f0200fa
01-01 00:03:37.087   544   556 W ResourceType: No known package when getting value for resource number 0x7f0e07ea
01-01 00:03:37.300   265   265 E display : composeLayer: invalid srect or drect
01-01 00:03:37.360  1172  1172 I ContactsDatabaseHelper: Locale change completed in 283ms
01-01 00:03:37.361  1172  1172 I ContactsDatabaseHelper: Switching to locale [en_US] (ICU v56.1)
01-01 00:03:37.561  1172  1172 I ContactsDatabaseHelper: Locale change completed in 199ms
01-01 00:03:37.690   544   555 I PreBootBroadcaster: Pre-boot of {com.android.providers.media/com.android.providers.media.MediaUpgradeReceiver} for user 0
01-01 00:03:37.723   544   555 I ActivityManager: Start proc 1192:com.android.calendar/u0a35 for broadcast com.android.calendar/.alerts.AlertReceiver
01-01 00:03:37.796  1172  1187 I ContactDirectoryManager: deleted 0 stale rows which don't have any relevant directory
01-01 00:03:37.835  1172  1187 I ContactDirectoryManager: Discovered 0 contact directories in 158ms
01-01 00:03:37.847  1172  1187 I ContactsProvider: Upgrading aggregation algorithm
01-01 00:03:37.852  1172  1187 I ContactAggregator: Marked all visible contacts for aggregation: 0 raw contacts, 2 ms
01-01 00:03:37.856  1192  1192 W System  : ClassLoader referenced unknown path: /system/app/Calendar/lib/arm
01-01 00:03:37.896  1172  1187 I ContactsProvider: Aggregation algorithm upgraded for 0 raw contacts in 49ms
01-01 00:03:37.945  1192  1192 D ExtensionsFactory: No custom extensions.
01-01 00:03:37.961  1172  1187 I ContactsFTS: Rebuild contact search index in 36ms, 0 contacts
01-01 00:03:37.985  1192  1192 D AlertReceiver: onReceive: a=android.intent.action.PROVIDER_CHANGED Intent { act=android.intent.action.PROVIDER_CHANGED dat=content://com.android.calendar flg=0x20000010 cmp=com.android.calendar/.alerts.AlertReceiver }
01-01 00:03:38.009  1192  1210 D AlertService: 0 Action = android.intent.action.PROVIDER_CHANGED
01-01 00:03:38.060  1119  1119 I MediaUpgradeReceiver: ---> Start upgrade of media database external.db
01-01 00:03:38.096  1119  1119 I MediaUpgradeReceiver: <--- Finished upgrade of media database external.db in 36ms
01-01 00:03:38.096   544   767 I PreBootBroadcaster: Pre-boot of {com.android.settings/com.android.settings.SettingsInitialize} for user 0
01-01 00:03:38.714   544   564 I Choreographer: Skipped 82 frames!  The application may be doing too much work on its main thread.
01-01 00:03:38.749  1103  1103 I Choreographer: Skipped 353 frames!  The application may be doing too much work on its main thread.
01-01 00:03:38.753   544   767 D ActivityManager: Sending BOOT_COMPLETE user #0
01-01 00:03:38.769   544   564 I ActivityManager: Displayed android/com.android.internal.app.ResolverActivity: +6s528ms
01-01 00:03:38.812   544  1218 E BootReceiver: Error reading /data/system/last-header.txt
01-01 00:03:38.812   544  1218 E BootReceiver: java.io.FileNotFoundException: /data/system/last-header.txt (No such file or directory)
01-01 00:03:38.812   544  1218 E BootReceiver: 	at java.io.FileInputStream.open(Native Method)
01-01 00:03:38.812   544  1218 E BootReceiver: 	at java.io.FileInputStream.<init>(FileInputStream.java:146)
01-01 00:03:38.812   544  1218 E BootReceiver: 	at android.os.FileUtils.readTextFile(FileUtils.java:263)
01-01 00:03:38.812   544  1218 E BootReceiver: 	at com.android.server.BootReceiver.getPreviousBootHeaders(BootReceiver.java:121)
01-01 00:03:38.812   544  1218 E BootReceiver: 	at com.android.server^C
130|toradex_apalis6q:/ # type=1400 audit(221.230:38): avc: denied { write } for pid=1327 comm="Thread-2" name="vcan" dev="tmpfs" ino=6989 scontext=u:r:untrusted_app:s0:c512,c768 tcontext=u:object_r:socket_device:s0 tclass=sock_file permissive=1
type=1400 audit(221.230:39): avc: denied { connectto } for pid=1327 comm="Thread-2" path="/dev/socket/vcan" scontext=u:r:untrusted_app:s0:c512,c768 tcontext=u:r:obd:s0 tclass=unix_stream_socket permissive=1

130|toradex_apalis6q:/ # logcat -cusb 1-1.2: new low-speed USB device number 4 using ci_hdrc
usb 1-1.2: New USB device found, idVendor=413c, idProduct=301a
usb 1-1.2: New USB device strings: Mfr=1, Product=2, SerialNumber=0
usb 1-1.2: Product: Dell MS116 USB Optical Mouse
usb 1-1.2: Manufacturer: PixArt
input: PixArt Dell MS116 USB Optical Mouse as /devices/soc0/soc/2100000.aips-bus/2184200.usb/ci_hdrc.1/usb1/1-1/1-1.2/1-1.2:1.0/0003:413C:301A.0001/input/input2
hid-generic 0003:413C:301A.0001: input,hidraw0: USB HID v1.11 Mouse [PixArt Dell MS116 USB Optical Mouse] on usb-ci_hdrc.1-1.2/input0
type=1400 audit(265.800:40): avc: denied { write } for pid=269 comm="obd" path="socket:[6982]" dev="sockfs" ino=6982 scontext=u:r:obd:s0 tcontext=u:r:obd:s0 tclass=socket permissive=1


toradex_apalis6q:/ # 
toradex_apalis6q:/ # 
toradex_apalis6q:/ # 
toradex_apalis6q:/ # 
toradex_apalis6q:/ # input keyevent 4
type=1400 audit(274.760:41): avc: denied { write } for pid=1450 comm="main" name="arm" dev="mmcblk0p10" ino=77446 scontext=u:r:shell:s0 tcontext=u:object_r:dalvikcache_data_file:s0 tclass=dir permissive=1
type=1400 audit(274.760:42): avc: denied { add_name } for pid=1450 comm="main" name="system@framework@input.jar@classes.dex.flock" scontext=u:r:shell:s0 tcontext=u:object_r:dalvikcache_data_file:s0 tclass=dir permissive=1
type=1400 audit(274.760:43): avc: denied { create } for pid=1450 comm="main" name="system@framework@input.jar@classes.dex.flock" scontext=u:r:shell:s0 tcontext=u:object_r:dalvikcache_data_file:s0 tclass=file permissive=1
type=1400 audit(274.760:44): avc: denied { write } for pid=1450 comm="main" path="/data/dalvik-cache/arm/system@framework@input.jar@classes.dex.flock" dev="mmcblk0p10" ino=78015 scontext=u:r:shell:s0 tcontext=u:object_r:dalvikcache_data_file:s0 tclass=file permissive=1
type=1400 audit(274.800:45): avc: denied { remove_name } for pid=1450 comm="main" name="system@framework@input.jar@classes.dex.flock" dev="mmcblk0p10" ino=78015 scontext=u:r:shell:s0 tcontext=u:object_r:dalvikcache_data_file:s0 tclass=dir permissive=1
type=1400 audit(274.800:46): avc: denied { unlink } for pid=1450 comm="main" name="system@framework@input.jar@classes.dex.flock" dev="mmcblk0p10" ino=78015 scontext=u:r:shell:s0 tcontext=u:object_r:dalvikcache_data_file:s0 tclass=file permissive=1
toradex_apalis6q:/ # type=1400 audit(279.300:47): avc: denied { search } for pid=1486 comm="ContactsProvide" name="zram0" dev="sysfs" ino=14859 scontext=u:r:untrusted_app:s0:c512,c768 tcontext=u:object_r:sysfs_zram:s0 tclass=dir permissive=1
type=1400 audit(279.300:48): avc: denied { read } for pid=1486 comm="ContactsProvide" name="mm_stat" dev="sysfs" ino=14932 scontext=u:r:untrusted_app:s0:c512,c768 tcontext=u:object_r:sysfs_zram:s0 tclass=file permissive=1
type=1400 audit(279.300:49): avc: denied { open } for pid=1486 comm="ContactsProvide" path="/sys/devices/virtual/block/zram0/mm_stat" dev="sysfs" ino=14932 scontext=u:r:untrusted_app:s0:c512,c768 tcontext=u:object_r:sysfs_zram:s0 tclass=file permissive=1
type=1400 audit(279.300:50): avc: denied { getattr } for pid=1486 comm="ContactsProvide" path="/sys/devices/virtual/block/zram0/mm_stat" dev="sysfs" ino=14932 scontext=u:r:untrusted_app:s0:c512,c768 tcontext=u:object_r:sysfs_zram:s0 tclass=file permissive=1

toradex_apalis6q:/ # 
toradex_apalis6q:/ # 
toradex_apalis6q:/ # toradex_apalis6q:/ # input keyevent 4                                          toradex_apalis6q:/ # logcat -c                                                 
toradex_apalis6q:/ # logcat
--------- beginning of main
01-01 00:04:45.447   271   317 I audio_hw_primary: start_output_stream_primary... -1301465344, device 1024
01-01 00:04:45.447   271   317 W audio_hw_primary: Aravinth: start_output_stream_primary >1
01-01 00:04:45.447   271   317 W audio_hw_primary: Aravinth: select_output_device >0 out_device=400
01-01 00:04:45.447   271   317 W audio_hw_primary: headphone 0 ,headset 1024 ,speaker 0, earpiece 0, bt_on 0
01-01 00:04:45.448   271   317 W audio_hw_primary: HDMI: card 2, port 0 device 0x400
01-01 00:04:45.448   271   317 W audio_hw_primary: HDMI: rate 44100, channel 2 period_size 0x300
01-01 00:04:45.448   271   317 W audio_hw_primary: Aravinth: start_output_stream_primary >2
--------- beginning of system
01-01 00:04:45.449   544  1100 I ActivityManager: START u0 {flg=0x8000 cmp=com.android.settings/.Settings$BluetoothSettingsActivity (has extras)} from uid 1000 on display 0
01-01 00:04:45.753   803   803 D LocalBluetoothManager: setting foreground activity to non-null context
01-01 00:04:45.753   803  1480 D Index   : Indexing locale 'en_US' took 22 millis
01-01 00:04:45.821   803  1480 D Index   : Indexing locale 'en_US' took 19 millis
01-01 00:04:45.917   803  1480 D Index   : Deleting data for locale 'en_US' took 4 millis
01-01 00:04:45.919   803  1480 D Index   : Indexing locale 'en_US' took 2 millis
01-01 00:04:46.011   544   564 I ActivityManager: Displayed com.android.settings/.Settings$BluetoothSettingsActivity: +541ms
01-01 00:04:46.131   803   893 D OpenGLRenderer: endAllActiveAnimators on 0x91846200 (RippleDrawable) with handle 0x915c1130
01-01 00:04:47.875   544   556 W ResourceType: No known package when getting value for resource number 0x7f0200fc
01-01 00:04:47.875   544   556 W ResourceType: No known package when getting value for resource number 0x7f0e03ac
01-01 00:04:47.877   544   556 W ResourceType: No known package when getting value for resource number 0x7f0200fb
01-01 00:04:47.877   544   556 W ResourceType: No known package when getting value for resource number 0x7f0e093c
01-01 00:04:47.877   544   556 W ResourceType: No known package when getting value for resource number 0x7f0200fa
01-01 00:04:47.879   544   556 W ResourceType: No known package when getting value for resource number 0x7f0e07ea
01-01 00:04:47.880   544   580 I InputReader: Reconfiguring input devices.  changes=0x00000010
01-01 00:04:47.882   740   740 E PhoneInterfaceManager: [PhoneIntfMgr] getCarrierPackageNamesForIntent: No UICC
01-01 00:04:47.882   740   740 D CarrierSvcBindHelper: No carrier app for: 0
01-01 00:04:47.970  1309  1309 I Launcher: Deferring update until onResume
01-01 00:04:47.979  1309  1309 I Launcher: Deferring update until onResume
01-01 00:04:48.517   271   317 W audio_hw_primary: do_out_standby... -1301465344
01-01 00:04:50.251   803   803 W ViewRootImpl[Settings]: Cancelling event due to no window focus: MotionEvent { action=ACTION_CANCEL, actionButton=0, id[0]=0, x[0]=93.60987, y[0]=411.9228, toolType[0]=TOOL_TYPE_MOUSE, buttonState=0, metaState=0, flags=0x0, edgeFlags=0x0, pointerCount=1, historySize=0, eventTime=120884, downTime=115964, deviceId=3, source=0x2002 }
01-01 00:04:50.252   803   803 W ViewRootImpl[Settings]: Cancelling event due to no window focus: MotionEvent { action=ACTION_CANCEL, actionButton=0, id[0]=0, x[0]=93.60987, y[0]=411.9228, toolType[0]=TOOL_TYPE_MOUSE, buttonState=0, metaState=0, flags=0x0, edgeFlags=0x0, pointerCount=1, historySize=0, eventTime=120884, downTime=115964, deviceId=3, source=0x2002 }
01-01 00:04:50.252   803   803 W ViewRootImpl[Settings]: Cancelling event due to no window focus: MotionEvent { action=ACTION_CANCEL, actionButton=0, id[0]=0, x[0]=93.60987, y[0]=411.9228, toolType[0]=TOOL_TYPE_MOUSE, buttonState=0, metaState=0, flags=0x0, edgeFlags=0x0, pointerCount=1, historySize=0, eventTime=120884, downTime=115964, deviceId=3, source=0x2002 }
01-01 00:04:50.252   803   803 W ViewRootImpl[Settings]: Cancelling event due to no window focus: MotionEvent { action=ACTION_CANCEL, actionButton=0, id[0]=0, x[0]=93.60987, y[0]=411.9228, toolType[0]=TOOL_TYPE_MOUSE, buttonState=0, metaState=0, flags=0x0, edgeFlags=0x0, pointerCount=1, historySize=0, eventTime=120884, downTime=115964, deviceId=3, source=0x2002 }
01-01 00:04:51.560   544   630 D BluetoothManagerService: enable(com.android.settings):  mBluetooth =null mBinding = false mState = OFF
01-01 00:04:51.561   544   630 D BluetoothManagerService: enable returning
01-01 00:04:51.561   544   563 D BluetoothManagerService: MESSAGE_ENABLE(0): mBluetooth = null
01-01 00:04:51.566   271   317 I audio_hw_primary: start_output_stream_primary... -1301465344, device 1024
01-01 00:04:51.566   271   317 W audio_hw_primary: Aravinth: start_output_stream_primary >1
01-01 00:04:51.566   271   317 W audio_hw_primary: Aravinth: select_output_device >0 out_device=400
01-01 00:04:51.566   271   317 W audio_hw_primary: headphone 0 ,headset 1024 ,speaker 0, earpiece 0, bt_on 0
01-01 00:04:51.567   271   317 W audio_hw_primary: HDMI: card 2, port 0 device 0x400
01-01 00:04:51.567   271   317 W audio_hw_primary: HDMI: rate 44100, channel 2 period_size 0x300
01-01 00:04:51.567   271   317 W audio_hw_primary: Aravinth: start_output_stream_primary >2
01-01 00:04:51.598   544   563 I ActivityManager: Start proc 1511:com.android.bluetooth/1002 for service com.android.bluetooth/.btservice.AdapterService
01-01 00:04:51.789  1511  1511 D AdapterServiceConfig: Adding HeadsetService
01-01 00:04:51.789  1511  1511 D AdapterServiceConfig: Adding A2dpService
01-01 00:04:51.789  1511  1511 D AdapterServiceConfig: Adding A2dpSinkService
01-01 00:04:51.789  1511  1511 D AdapterServiceConfig: Adding HidService
01-01 00:04:51.789  1511  1511 D AdapterServiceConfig: Adding HealthService
01-01 00:04:51.790  1511  1511 D AdapterServiceConfig: Adding PanService
01-01 00:04:51.790  1511  1511 D AdapterServiceConfig: Adding GattService
01-01 00:04:51.790  1511  1511 D AdapterServiceConfig: Adding BluetoothMapService
01-01 00:04:51.792  1511  1511 D AdapterServiceConfig: Adding AvrcpControllerService
01-01 00:04:51.920  1511  1511 D BluetoothAdapterService: onCreate()
01-01 00:04:51.925  1511  1511 D BluetoothAdapterState: make() - Creating AdapterState
01-01 00:04:51.930  1511  1511 I bt_btif : init
01-01 00:04:51.930  1511  1525 I BluetoothAdapterState: Entering OffState
01-01 00:04:51.931  1511  1526 W bt_osi_thread: run_thread: thread id 1526, thread name stack_manager started
01-01 00:04:51.932  1511  1526 I bt_stack_manager: event_init_stack is initializing the stack
01-01 00:04:51.932  1511  1526 I bt_core_module: module_init Initializing module "osi_module"
01-01 00:04:51.932  1511  1526 I bt_core_module: module_init Initialized module "osi_module"
01-01 00:04:51.932  1511  1526 I bt_core_module: module_init Initializing module "bt_utils_module"
01-01 00:04:51.932  1511  1526 I bt_core_module: module_init Initialized module "bt_utils_module"
01-01 00:04:51.932  1511  1526 I bt_core_module: module_init Initializing module "btif_config_module"
01-01 00:04:51.934  1511  1529 W bt_osi_thread: run_thread: thread id 1529, thread name alarm_default_ca started
01-01 00:04:51.934  1511  1530 W bt_osi_thread: run_thread: thread id 1530, thread name alarm_dispatcher started
01-01 00:04:51.935  1511  1526 I bt_core_module: module_init Initialized module "btif_config_module"
01-01 00:04:51.935  1511  1526 I bt_core_module: module_init Initializing module "interop_module"
01-01 00:04:51.935  1511  1526 I bt_core_module: module_init Initialized module "interop_module"
01-01 00:04:51.935  1511  1526 I bt_core_module: module_init Initializing module "stack_config_module"
01-01 00:04:51.936  1511  1526 I bt_stack_config: init attempt to load stack conf from /etc/bluetooth/bt_stack.conf
01-01 00:04:51.936  1511  1526 I bt_core_module: module_init Initialized module "stack_config_module"
01-01 00:04:51.936  1511  1531 W bt_osi_thread: run_thread: thread id 1531, thread name bt_jni_workqueue started
01-01 00:04:51.936  1511  1526 I bt_stack_manager: event_init_stack finished
01-01 00:04:51.937  1511  1511 I bt_osi_wakelock: wakelock_set_os_callouts set to non-native
01-01 00:04:51.937  1511  1511 I bt_btif : get_profile_interface socket
01-01 00:04:51.942  1511  1511 I bt_btif : get_profile_interface sdp
01-01 00:04:51.945  1511  1531 D BluetoothAdapterProperties: Address is:22:22:E5:C0:72:10
01-01 00:04:51.947  1511  1531 D BluetoothAdapterProperties: Name is: iMX6
01-01 00:04:51.947   544   544 D BluetoothManagerService: Bluetooth Adapter name changed to iMX6
01-01 00:04:51.948   544   544 D BluetoothManagerService: Stored Bluetooth name: iMX6
01-01 00:04:51.949  1511  1511 D BluetoothAdapterService: setAdapterService() - set to: null
01-01 00:04:51.949  1511  1511 D BluetoothAdapterService: onBind()
01-01 00:04:51.950   544   544 D BluetoothManagerService: BluetoothServiceConnection: com.android.bluetooth.btservice.AdapterService
01-01 00:04:51.950   544   563 D BluetoothManagerService: MESSAGE_BLUETOOTH_SERVICE_CONNECTED: 1
01-01 00:04:51.952  1511  1523 I bt_btif : config_hci_snoop_log
01-01 00:04:51.954   544   563 D BluetoothManagerService: Broadcasting onBluetoothServiceUp() to 5 receivers.
01-01 00:04:51.955   544   563 D BluetoothAdapter: onBluetoothServiceUp: android.bluetooth.IBluetooth$Stub$Proxy@5a2bbcc
01-01 00:04:51.955  1511  1523 D BluetoothAdapter: onBluetoothServiceUp: com.android.bluetooth.btservice.AdapterService$AdapterServiceBinder@7766892
01-01 00:04:51.956  1511  1522 D BluetoothAdapterService: enable() - Enable called with quiet mode status =  false
01-01 00:04:51.956   740   753 D BluetoothAdapter: onBluetoothServiceUp: android.bluetooth.IBluetooth$Stub$Proxy@5f07b76
01-01 00:04:51.956   660   809 D BluetoothAdapter: onBluetoothServiceUp: android.bluetooth.IBluetooth$Stub$Proxy@e832738
01-01 00:04:51.957  1511  1525 D BluetoothAdapterState: Current state: OFF, message: 0
01-01 00:04:51.957  1511  1525 D BluetoothAdapterProperties: Setting state to 14
01-01 00:04:51.957  1511  1525 I BluetoothAdapterState: Bluetooth adapter state changed: 10-> 14
01-01 00:04:51.958  1511  1525 D BluetoothAdapterService: updateAdapterState() - Broadcasting state to 1 receivers.
01-01 00:04:51.958   803   821 D BluetoothAdapter: onBluetoothServiceUp: android.bluetooth.IBluetooth$Stub$Proxy@1ecfb62
01-01 00:04:51.959   544   563 D BluetoothManagerService: MESSAGE_BLUETOOTH_STATE_CHANGE: OFF > BLE_TURNING_ON
01-01 00:04:51.959   544   563 D BluetoothManagerService: Sending BLE State Change: OFF > BLE_TURNING_ON
01-01 00:04:51.960  1511  1525 D BluetoothAdapterService: BleOnProcessStart()
01-01 00:04:51.960  1511  1525 D BluetoothAdapterService: BleOnProcessStart() - Make Bond State Machine
01-01 00:04:51.961  1511  1525 D BluetoothBondStateMachine: make
01-01 00:04:51.963  1511  1533 I BluetoothBondStateMachine: StableState(): Entering Off State
01-01 00:04:51.964  1511  1525 D BluetoothAdapterService: setProfileServiceState() - Starting service com.android.bluetooth.gatt.GattService
01-01 00:04:51.968  1511  1525 I BluetoothAdapterState: Entering PendingCommandState
01-01 00:04:51.970  1511  1511 I BtGatt.JNI: classInitNative(L922): classInitNative: Success!
01-01 00:04:51.976  1511  1511 D BtGatt.DebugUtils: handleDebugAction() action=null
01-01 00:04:51.977  1511  1511 D BluetoothAdapterService: getAdapterService() - returning com.android.bluetooth.btservice.AdapterService@64c50c7
01-01 00:04:51.978  1511  1511 D BtGatt.GattService: Received start request. Starting profile...
01-01 00:04:51.978  1511  1511 D BtGatt.GattService: start()
01-01 00:04:51.978  1511  1511 I bt_btif : get_profile_interface gatt
01-01 00:04:51.979  1511  1511 D BluetoothAdapterService: getAdapterService() - returning com.android.bluetooth.btservice.AdapterService@64c50c7
01-01 00:04:51.979  1511  1511 D BtGatt.AdvertiseManager: advertise manager created
01-01 00:04:51.987  1511  1511 D BluetoothAdapterService: getAdapterService() - returning com.android.bluetooth.btservice.AdapterService@64c50c7
01-01 00:04:51.987  1511  1511 D BluetoothAdapterService: handleMessage() - Message: 1
01-01 00:04:51.987  1511  1511 D BluetoothAdapterService: handleMessage() - MESSAGE_PROFILE_SERVICE_STATE_CHANGED
01-01 00:04:51.988  1511  1511 D BluetoothAdapterService: processProfileServiceStateChanged() serviceName=com.android.bluetooth.gatt.GattService, state=12, doUpdate=true
01-01 00:04:51.989  1511  1511 V BluetoothAdapterState: isTurningOff()=false
01-01 00:04:51.989  1511  1511 V BluetoothAdapterState: isTurningOn()=false
01-01 00:04:51.989  1511  1511 V BluetoothAdapterState: isBleTurningOn()=true
01-01 00:04:51.989  1511  1511 V BluetoothAdapterState: isBleTurningOff()=false
01-01 00:04:51.989  1511  1511 D BluetoothAdapterService: processProfileServiceStateChanged() - serviceName=com.android.bluetooth.gatt.GattService isTurningOn=false isTurningOff=false isBleTurningOn=true isBleTurningOff=false
01-01 00:04:51.990  1511  1511 D BluetoothAdapterService: GattService is started
01-01 00:04:51.990  1511  1525 D BluetoothAdapterState: Current state: PENDING_COMMAND, message: 4
01-01 00:04:51.991  1511  1525 I bt_btif : enable: start restricted = 0
01-01 00:04:51.992  1511  1526 I bt_stack_manager: event_start_up_stack is bringing up the stack
01-01 00:04:51.992  1511  1526 I bt_core_module: module_start_up Starting module "btif_config_module"
01-01 00:04:51.992  1511  1526 I bt_core_module: module_start_up Started module "btif_config_module"
01-01 00:04:51.992  1511  1526 I bt_core_module: module_start_up Starting module "btsnoop_module"
01-01 00:04:51.992  1511  1526 I bt_core_module: module_start_up Started module "btsnoop_module"
01-01 00:04:51.992  1511  1526 I bt_core_module: module_start_up Starting module "hci_module"
01-01 00:04:51.992  1511  1526 I bt_hci  : start_up
01-01 00:04:51.993  1511  1536 W bt_osi_thread: run_thread: thread id 1536, thread name hci_thread started
01-01 00:04:52.005  1511  1526 I bt_vendor: Aravinth: vendor_open To open libbt-vendor_usb.so:
01-01 00:04:52.006  1511  1526 I bt_vendor: alloc value 0x9416cd4d
01-01 00:04:52.006  1511  1526 I bt_vendor: Aravinth: vendor_open local_bdaddr ""r:
01-01 00:04:52.006  1511  1526 I bt_vendor: init
01-01 00:04:52.006  1511  1526 I bt_vendor: Aravinth: USB: bt_device_node FJFIzDFyD z}0FHIxDyD
01-01 00:04:52.006  1511  1526 D bt_vendor: op for 0
01-01 00:04:52.006  1511  1526 D bt_vendor: op for 0
01-01 00:04:52.006  1511  1526 D bt_hci  : start_up starting async portion
01-01 00:04:52.006  1511  1536 I bt_hci  : event_finish_startup
01-01 00:04:52.006  1511  1536 I bt_hci_h4: Aravinth: hal_open
01-01 00:04:52.006  1511  1536 D bt_vendor: op for 3
01-01 00:04:52.006  1511  1536 I bt_vendor: Aravinth: USB:userial vendor open: opening FJFIzDFyD z}0FHIxDyD
01-01 00:04:52.006  1511  1536 E bt_vendor: USB:userial vendor open: unable to open FJFIzDFyD z}0FHIxDyD: No such file or directory
01-01 00:04:52.006  1511  1536 I bt_hci_h4: Aravinth: hal_open -->1 VENDOR_OPEN_USERIAL,=3
01-01 00:04:52.006  1511  1536 E bt_hci_h4: hal_open opened the wrong number of ports: got 0, expected 1.
01-01 00:04:52.006  1511  1536 I bt_hci_h4: hal_close
01-01 00:04:52.006  1511  1536 D bt_vendor: op for 4
01-01 00:04:52.006  1511  1536 D bt_vendor: op for 1
01-01 00:04:52.006  1511  1536 E bt_vendor: Bt_vendor_rtk Op for BT_VND_OP_FW_CFG
01-01 00:04:52.006  1511  1536 E bt_vendor: Bt_vendor_rtk Download Fw failed: Bad file descriptor(9)
01-01 00:04:52.007  1511  1536 I bt_vendor: firmware callback
01-01 00:04:52.007  1511  1536 I bt_hci  : firmware_config_callback
01-01 00:04:52.007  1511  1526 I bt_core_module: module_start_up Started module "hci_module"
01-01 00:04:52.007  1511  1537 W bt_osi_thread: run_thread: thread id 1537, thread name bt_workqueue started
01-01 00:04:52.008  1511  1537 I bt_btu  : btu_task pending for preload complete event
01-01 00:04:52.008  1511  1537 I bt_btu_task: Bluetooth chip preload is complete
01-01 00:04:52.008  1511  1537 I bt_btu  : btu_task received preload complete event
01-01 00:04:52.010  1511  1537 I bt_core_module: module_init Initializing module "bte_logmsg_module"
01-01 00:04:52.010  1511  1537 I bt_bte  : BTE_InitTraceLevels -- TRC_HCI
01-01 00:04:52.010  1511  1537 I bt_bte  : BTE_InitTraceLevels -- TRC_L2CAP
01-01 00:04:52.010  1511  1537 I bt_bte  : BTE_InitTraceLevels -- TRC_RFCOMM
01-01 00:04:52.010  1511  1537 I bt_bte  : BTE_InitTraceLevels -- TRC_AVDT
01-01 00:04:52.010  1511  1537 I bt_bte  : BTE_InitTraceLevels -- TRC_AVRC
01-01 00:04:52.010  1511  1537 I bt_bte  : BTE_InitTraceLevels -- TRC_A2D
01-01 00:04:52.010  1511  1537 I bt_bte  : BTE_InitTraceLevels -- TRC_BNEP
01-01 00:04:52.010  1511  1537 I bt_bte  : BTE_InitTraceLevels -- TRC_BTM
01-01 00:04:52.010  1511  1537 I bt_bte  : BTE_InitTraceLevels -- TRC_GAP
01-01 00:04:52.010  1511  1537 I bt_bte  : BTE_InitTraceLevels -- TRC_PAN
01-01 00:04:52.010  1511  1537 I bt_bte  : BTE_InitTraceLevels -- TRC_SDP
01-01 00:04:52.010  1511  1537 I bt_bte  : BTE_InitTraceLevels -- TRC_GATT
01-01 00:04:52.010  1511  1537 I bt_bte  : BTE_InitTraceLevels -- TRC_SMP
01-01 00:04:52.010  1511  1537 I bt_bte  : BTE_InitTraceLevels -- TRC_BTAPP
01-01 00:04:52.010  1511  1537 I bt_bte  : BTE_InitTraceLevels -- TRC_BTIF
01-01 00:04:52.010  1511  1537 I bt_core_module: module_init Initialized module "bte_logmsg_module"
01-01 00:04:52.011  1511  1538 W bt_osi_thread: run_thread: thread id 1538, thread name module_wrapper started
01-01 00:04:52.011  1511  1538 I bt_core_module: module_start_up Starting module "controller_module"
01-01 00:04:52.011  1511  1536 E bt_hci_h4: In transmit_data, error writing to the uart serial port: Bad file descriptor
Minicom2.7Minicom2.7Minicom2.701-01 00:04:54.643   271   317 W audio_hw_primary: do_out_standby... -1301465344
^C
130|toradex_apalis6q:/ # 
130|toradex_apalis6q:/ # 
130|toradex_apalis6q:/ # 
130|toradex_apalis6q:/ # 
130|toradex_apalis6q:/ # 
130|toradex_apalis6q:/ # cd /dev
toradex_apalis6q:/dev # ls
type=1400 audit(444.920:51): avc: denied { read } for pid=2002 comm="ls" name="/" dev="tmpfs" ino=7212 scontext=u:r:shell:s0 tcontext=u:object_r:device:s0 tclass=dir permissive=1
__properties__type=1400 audit(444.920:52): avc: denied { open } for pid=2002 comm="ls" path="/dev" dev="tmpfs" ino=7212 scontext=u:r:shell:s0 tcontext=u:object_r:device:s0 tclass=dir permissive=1
  hw_random          pts       tttype=1400 audit(444.920:53): avc: denied { getattr } for pid=2002 comm="ls" path="/dev/hidraw0" dev="tmpfs" ino=17204 scontext=u:r:shell:s0 tcontext=u:object_r:device:s0 tclass=chr_file permissive=1
y24 tty48   ubi_ctrl      
ashmetype=1400 audit(444.920:54): avc: denied { getattr } for pid=2002 comm="ls" path="/dev/mtp_usb" dev="tmpfs" ino=9467 scontext=u:r:shell:s0 tcontext=u:object_r:mtp_device:s0 tclass=chr_file permissive=1
m          hwbinder           rantype=1400 audit(444.920:55): avc: denied { getattr } for pid=2002 comm="ls" path="/dev/fscklogs" dev="tmpfs" ino=11703 scontext=u:r:shell:s0 tcontext=u:object_r:fscklogs:s0 tclass=dir permissive=1
dom    tty25 tty49   uhid        type=1400 audit(444.920:56): avc: denied { getattr } for pid=2002 comm="ls" path="/dev/.coldboot_done" dev="tmpfs" ino=9466 scontext=u:r:shell:s0 tcontext=u:object_r:device:s0 tclass=file permissive=1
  
autofs          i2c-1        type=1400 audit(444.920:57): avc: denied { getattr } for pid=2002 comm="ls" path="/dev/i2c-2" dev="tmpfs" ino=9403 scontext=u:r:shell:s0 tcontext=u:object_r:i2c_device:s0 tclass=chr_file permissive=1
      rfkill    tty26 tty5    uintype=1400 audit(444.920:58): avc: denied { getattr } for pid=2002 comm="ls" path="/dev/watchdog" dev="tmpfs" ino=9386 scontext=u:r:shell:s0 tcontext=u:object_r:watchdog_device:s0 tclass=chr_file permissive=1
put        
binder          i2c-type=1400 audit(444.920:59): avc: denied { getattr } for pid=2002 comm="ls" path="/dev/rtc0" dev="tmpfs" ino=9383 scontext=u:r:shell:s0 tcontext=u:object_r:rtc_device:s0 tclass=chr_file permissive=1
2              rtc0      tty27 tttype=1400 audit(444.920:60): avc: denied { getattr } for pid=2002 comm="ls" path="/dev/video0" dev="tmpfs" ino=9372 scontext=u:r:shell:s0 tcontext=u:object_r:video_device:s0 tclass=chr_file permissive=1
y50   urandom       
block           i2c-3              snd       tty28 tty51   usb           
bus             input              socket    tty29 tty52   usb-ffs       
console         ion                spidev0.0 tty3  tty53   usb_accessory 
cpu_dma_latency keychord           stune     tty30 tty54   vcs           
cpuctl          kmsg               tty       tty31 tty55   vcs1          
cpuset          loop-control       tty0      tty32 tty56   vcsa          
device-mapper   memcg              tty1      tty33 tty57   vcsa1         
dri             memory_bandwidth   tty10     tty34 tty58   video0        
fd              mtp_usb            tty11     tty35 tty59   video1        
fscklogs        mxc_asrc           tty12     tty36 tty6    video16       
full            mxc_hdmi           tty13     tty37 tty60   video17       
fuse            mxc_hdmi_cec       tty14     tty38 tty61   video18       
galcore         mxc_ipu            tty15     tty39 tty62   vndbinder     
gpiochip0       mxc_mem            tty16     tty4  tty63   watchdog      
gpiochip1       mxc_vpu            tty17     tty40 tty7    watchdog0     
gpiochip2       network_latency    tty18     tty41 tty8    xt_qtaguid    
gpiochip3       network_throughput tty19     tty42 tty9    zero          
gpiochip4       null               tty2      tty43 ttymxc0 
gpiochip5       ppp                tty20     tty44 ttymxc1 
gpiochip6       pps0               tty21     tty45 ttymxc3 
graphics        ptmx               tty22     tty46 ttymxc4 
hidraw0         ptp0               tty23     tty47 tun     
toradex_apalis6q:/dev # 
toradex_apalis6q:/dev # 
toradex_apalis6q:/dev # toradex_apalis6q:/dev # ls                                                     
__properties__  hw_random          pts       tty24 tty48   ubi_ctrl      
ashmem          hwbinder           random    tty25 tty49   uhid          
autofs          i2c-1              rfkill    tty26 tty5    uinput        
binder          i2c-2              rtc0      tty27 tty50   urandom       
block           i2c-3              snd       tty28 tty51   usb           
bus             input              socket    tty29 tty52   usb-ffs       
console         ion                spidev0.0 tty3  tty53   usb_accessory 
cpu_dma_latency keychord           stune     tty30 tty54   vcs           
cpuctl          kmsg               tty       tty31 tty55   vcs1          
cpuset          loop-control       tty0      tty32 tty56   vcsa          
device-mapper   memcg              tty1      tty33 tty57   vcsa1         
dri             memory_bandwidth   tty10     tty34 tty58   video0        
fd              mtp_usb            tty11     tty35 tty59   video1        
