01-01 00:11:54.646  1431  1446 I bt_vendor: Aravinth: USB: bt_device_node /dev/rtk_btusb
01-01 00:11:54.646  1431  1446 D bt_vendor: op for 0
01-01 00:11:54.646  1431  1446 D bt_vendor: op for 0
01-01 00:11:54.646  1431  1446 D bt_hci  : start_up starting async portion
01-01 00:11:54.646  1431  1455 I bt_hci  : event_finish_startup
01-01 00:11:54.646  1431  1455 I bt_hci_h4: Aravinth: hal_open
01-01 00:11:54.646  1431  1455 D bt_vendor: op for 3
01-01 00:11:54.646  1431  1455 I bt_vendor: Aravinth: USB:userial vendor open: opening /dev/rtk_btusb
01-01 00:11:54.646  1431  1455 I bt_vendor: device fd = 70 open
01-01 00:11:54.646  1431  1455 I bt_hci_h4: Aravinth: hal_open -->1 VENDOR_OPEN_USERIAL,=3
01-01 00:11:54.647  1431  1456 W bt_osi_thread: run_thread: thread id 1456, thread name hci_single_chann started
01-01 00:11:54.647  1431  1455 I bt_hci_h4: Aravinth: hal_open Done
01-01 00:11:54.647  1431  1455 D bt_vendor: op for 1
01-01 00:11:54.647  1431  1455 E bt_vendor: Bt_vendor_rtk Op for BT_VND_OP_FW_CFG
01-01 00:11:54.647  1431  1455 E bt_vendor: Bt_vendor_rtk Download Fw failed: Not a typewriter(25)
01-01 00:11:54.647  1431  1455 I bt_vendor: firmware callback
01-01 00:11:54.647  1431  1455 I bt_hci  : firmware_config_callback
01-01 00:11:54.647  1431  1446 I bt_core_module: module_start_up Started module "hci_module"
01-01 00:11:54.668  1431  1457 W bt_osi_thread: run_thread: thread id 1457, thread name bt_workqueue started
01-01 00:11:54.640  1431  1431 I hci_thread: type=1400 audit(0.0:73): avc: denied { open } for path="/dev/bus/usb/001/003" dev="tmpfs" ino=7631 scontext=u:r:bluetooth:s0 tcontext=u:object_r:usb_device:s0 tclass=chr_file permissive=1
01-01 00:11:54.669  1431  1457 I bt_btu  : btu_task pending for preload complete event
01-01 00:11:54.669  1431  1457 I bt_btu_task: Bluetooth chip preload is complete
01-01 00:11:54.669  1431  1457 I bt_btu  : btu_task received preload complete event
01-01 00:11:54.671  1431  1457 I bt_core_module: module_init Initializing module "bte_logmsg_module"
01-01 00:11:54.671  1431  1457 I bt_bte  : BTE_InitTraceLevels -- TRC_HCI
01-01 00:11:54.671  1431  1457 I bt_bte  : BTE_InitTraceLevels -- TRC_L2CAP
01-01 00:11:54.671  1431  1457 I bt_bte  : BTE_InitTraceLevels -- TRC_RFCOMM
01-01 00:11:54.671  1431  1457 I bt_bte  : BTE_InitTraceLevels -- TRC_AVDT
01-01 00:11:54.671  1431  1457 I bt_bte  : BTE_InitTraceLevels -- TRC_AVRC
01-01 00:11:54.671  1431  1457 I bt_bte  : BTE_InitTraceLevels -- TRC_A2D
01-01 00:11:54.671  1431  1457 I bt_bte  : BTE_InitTraceLevels -- TRC_BNEP
01-01 00:11:54.671  1431  1457 I bt_bte  : BTE_InitTraceLevels -- TRC_BTM
01-01 00:11:54.671  1431  1457 I bt_bte  : BTE_InitTraceLevels -- TRC_GAP
01-01 00:11:54.671  1431  1457 I bt_bte  : BTE_InitTraceLevels -- TRC_PAN
01-01 00:11:54.671  1431  1457 I bt_bte  : BTE_InitTraceLevels -- TRC_SDP
01-01 00:11:54.671  1431  1457 I bt_bte  : BTE_InitTraceLevels -- TRC_GATT
01-01 00:11:54.671  1431  1457 I bt_bte  : BTE_InitTraceLevels -- TRC_SMP
01-01 00:11:54.671  1431  1457 I bt_bte  : BTE_InitTraceLevels -- TRC_BTAPP
01-01 00:11:54.671  1431  1457 I bt_bte  : BTE_InitTraceLevels -- TRC_BTIF
01-01 00:11:54.671  1431  1457 I bt_core_module: module_init Initialized module "bte_logmsg_module"
01-01 00:11:54.672  1431  1458 W bt_osi_thread: run_thread: thread id 1458, thread name module_wrapper started
01-01 00:11:54.673  1431  1458 I bt_core_module: module_start_up Starting module "controller_module"
01-01 00:11:54.673  1431  1455 E bt_hci_h4: In transmit_data, error writing to the uart serial port: Invalid argument
01-01 00:11:57.298   271   326 W audio_hw_primary: do_out_standby... -1479723264
01-01 00:12:02.674  1431  1449 E bt_hci  : command_timed_out hci layer timeout waiting for response to a command. opcode: 0xc03
01-01 00:12:02.674  1431  1449 E bt_hci  : command_timed_out restarting the bluetooth process.
01-01 00:12:02.736   546   699 I ActivityManager: Process com.android.bluetooth (pid 1431) has died
01-01 00:12:02.736   546   699 D ActivityManager: cleanUpApplicationRecord -- 1431
01-01 00:12:02.736   546   546 D BluetoothManagerService: BluetoothServiceConnection, disconnected: com.android.bluetooth.btservice.AdapterService
01-01 00:12:02.736   546   699 W ActivityManager: Scheduling restart of crashed service com.android.bluetooth/.gatt.GattService in 1000ms
01-01 00:12:02.736   546   565 E BluetoothManagerService: MESSAGE_BLUETOOTH_SERVICE_DISCONNECTED(1)
01-01 00:12:02.737   546   699 W ActivityManager: Scheduling restart of crashed service com.android.bluetooth/.btservice.AdapterService in 1000ms
01-01 00:12:02.737   546   565 D BluetoothManagerService: Broadcasting onBluetoothServiceDown() to 4 receivers.
01-01 00:12:02.737   546   565 D BluetoothAdapter: onBluetoothServiceDown: android.bluetooth.IBluetooth$Stub$Proxy@310f0ec
01-01 00:12:02.737   740   751 D BluetoothAdapter: onBluetoothServiceDown: android.bluetooth.IBluetooth$Stub$Proxy@7c0488
01-01 00:12:02.737   800   812 D BluetoothAdapter: onBluetoothServiceDown: android.bluetooth.IBluetooth$Stub$Proxy@8ecbc83
01-01 00:12:02.738   661   679 D BluetoothAdapter: onBluetoothServiceDown: android.bluetooth.IBluetooth$Stub$Proxy@6fcb685
01-01 00:12:02.937   546   565 D BluetoothManagerService: MESSAGE_RESTART_BLUETOOTH_SERVICE
01-01 00:12:02.953   546   565 I ActivityManager: Start proc 1462:com.android.bluetooth/1002 for service com.android.bluetooth/.btservice.AdapterService
01-01 00:12:03.083  1462  1462 D AdapterServiceConfig: Adding HeadsetService
01-01 00:12:03.084  1462  1462 D AdapterServiceConfig: Adding A2dpService
01-01 00:12:03.084  1462  1462 D AdapterServiceConfig: Adding A2dpSinkService
01-01 00:12:03.084  1462  1462 D AdapterServiceConfig: Adding HidService
01-01 00:12:03.084  1462  1462 D AdapterServiceConfig: Adding HealthService
01-01 00:12:03.084  1462  1462 D AdapterServiceConfig: Adding PanService
01-01 00:12:03.085  1462  1462 D AdapterServiceConfig: Adding GattService
01-01 00:12:03.085  1462  1462 D AdapterServiceConfig: Adding BluetoothMapService
01-01 00:12:03.085  1462  1462 D AdapterServiceConfig: Adding AvrcpControllerService
01-01 00:12:03.202  1462  1462 D BluetoothAdapterService: onCreate()
01-01 00:12:03.207  1462  1462 D BluetoothAdapterState: make() - Creating AdapterState
01-01 00:12:03.212  1462  1462 I bt_btif : init
01-01 00:12:03.212  1462  1476 I BluetoothAdapterState: Entering OffState
01-01 00:12:03.213  1462  1477 W bt_osi_thread: run_thread: thread id 1477, thread name stack_manager started
01-01 00:12:03.213  1462  1477 I bt_stack_manager: event_init_stack is initializing the stack
01-01 00:12:03.213  1462  1477 I bt_core_module: module_init Initializing module "osi_module"
01-01 00:12:03.213  1462  1477 I bt_core_module: module_init Initialized module "osi_module"
01-01 00:12:03.214  1462  1477 I bt_core_module: module_init Initializing module "bt_utils_module"
01-01 00:12:03.214  1462  1477 I bt_core_module: module_init Initialized module "bt_utils_module"
01-01 00:12:03.214  1462  1477 I bt_core_module: module_init Initializing module "btif_config_module"
01-01 00:12:03.215  1462  1480 W bt_osi_thread: run_thread: thread id 1480, thread name alarm_default_ca started
01-01 00:12:03.216  1462  1481 W bt_osi_thread: run_thread: thread id 1481, thread name alarm_dispatcher started
01-01 00:12:03.216  1462  1477 I bt_core_module: module_init Initialized module "btif_config_module"
01-01 00:12:03.217  1462  1477 I bt_core_module: module_init Initializing module "interop_module"
01-01 00:12:03.217  1462  1477 I bt_core_module: module_init Initialized module "interop_module"
01-01 00:12:03.217  1462  1477 I bt_core_module: module_init Initializing module "stack_config_module"
01-01 00:12:03.217  1462  1477 I bt_stack_config: init attempt to load stack conf from /etc/bluetooth/bt_stack.conf
01-01 00:12:03.217  1462  1477 I bt_core_module: module_init Initialized module "stack_config_module"
01-01 00:12:03.218  1462  1482 W bt_osi_thread: run_thread: thread id 1482, thread name bt_jni_workqueue started
01-01 00:12:03.219  1462  1477 I bt_stack_manager: event_init_stack finished
01-01 00:12:03.220  1462  1462 I bt_osi_wakelock: wakelock_set_os_callouts set to non-native
01-01 00:12:03.220  1462  1462 I bt_btif : get_profile_interface socket
01-01 00:12:03.223  1462  1482 D BluetoothAdapterProperties: Address is:22:22:28:10:B5:6F
01-01 00:12:03.225  1462  1462 I bt_btif : get_profile_interface sdp
01-01 00:12:03.226   546   546 D BluetoothManagerService: Bluetooth Adapter name changed to iMX6
01-01 00:12:03.226   546   546 D BluetoothManagerService: Stored Bluetooth name: iMX6
01-01 00:12:03.226  1462  1482 D BluetoothAdapterProperties: Name is: iMX6
01-01 00:12:03.230  1462  1462 D BluetoothAdapterService: setAdapterService() - set to: null
01-01 00:12:03.231  1462  1462 D BluetoothAdapterService: onBind()
01-01 00:12:03.232   546   546 D BluetoothManagerService: BluetoothServiceConnection: com.android.bluetooth.btservice.AdapterService
01-01 00:12:03.232   546   565 D BluetoothManagerService: MESSAGE_BLUETOOTH_SERVICE_CONNECTED: 1
01-01 00:12:03.233  1462  1473 I bt_btif : config_hci_snoop_log
01-01 00:12:03.235   546   565 D BluetoothManagerService: Broadcasting onBluetoothServiceUp() to 5 receivers.
01-01 00:12:03.236   546   565 D BluetoothAdapter: onBluetoothServiceUp: android.bluetooth.IBluetooth$Stub$Proxy@b320da2
01-01 00:12:03.236   661   678 D BluetoothAdapter: onBluetoothServiceUp: android.bluetooth.IBluetooth$Stub$Proxy@9146cda
01-01 00:12:03.236  1462  1474 D BluetoothAdapter: onBluetoothServiceUp: com.android.bluetooth.btservice.AdapterService$AdapterServiceBinder@e421e44
01-01 00:12:03.236   800   811 D BluetoothAdapter: onBluetoothServiceUp: android.bluetooth.IBluetooth$Stub$Proxy@e8e5e00
01-01 00:12:03.237   740   752 D BluetoothAdapter: onBluetoothServiceUp: android.bluetooth.IBluetooth$Stub$Proxy@75f8e21
01-01 00:12:03.238  1462  1473 D BluetoothAdapterService: enable() - Enable called with quiet mode status =  false
01-01 00:12:03.239  1462  1476 D BluetoothAdapterState: Current state: OFF, message: 0
01-01 00:12:03.239  1462  1476 D BluetoothAdapterProperties: Setting state to 14
01-01 00:12:03.239  1462  1476 I BluetoothAdapterState: Bluetooth adapter state changed: 10-> 14
01-01 00:12:03.239  1462  1476 D BluetoothAdapterService: updateAdapterState() - Broadcasting state to 1 receivers.
01-01 00:12:03.240  1462  1476 D BluetoothAdapterService: BleOnProcessStart()
01-01 00:12:03.240   546   565 D BluetoothManagerService: MESSAGE_BLUETOOTH_STATE_CHANGE: OFF > BLE_TURNING_ON
01-01 00:12:03.240   546   565 D BluetoothManagerService: Sending BLE State Change: OFF > BLE_TURNING_ON
01-01 00:12:03.240  1462  1476 D BluetoothAdapterService: BleOnProcessStart() - Make Bond State Machine
01-01 00:12:03.241  1462  1476 D BluetoothBondStateMachine: make
01-01 00:12:03.243  1462  1484 I BluetoothBondStateMachine: StableState(): Entering Off State
01-01 00:12:03.245  1462  1476 D BluetoothAdapterService: setProfileServiceState() - Starting service com.android.bluetooth.gatt.GattService
01-01 00:12:03.248  1462  1476 I BluetoothAdapterState: Entering PendingCommandState
01-01 00:12:03.249  1462  1462 I BtGatt.JNI: classInitNative(L922): classInitNative: Success!
01-01 00:12:03.254  1462  1462 D BtGatt.DebugUtils: handleDebugAction() action=null
01-01 00:12:03.254  1462  1462 D BluetoothAdapterService: getAdapterService() - returning com.android.bluetooth.btservice.AdapterService@14410f1
01-01 00:12:03.264  1462  1462 D BtGatt.GattService: Received start request. Starting profile...
01-01 00:12:03.265  1462  1462 D BtGatt.GattService: start()
01-01 00:12:03.265  1462  1462 I bt_btif : get_profile_interface gatt
01-01 00:12:03.266  1462  1462 D BluetoothAdapterService: getAdapterService() - returning com.android.bluetooth.btservice.AdapterService@14410f1
01-01 00:12:03.266  1462  1462 D BtGatt.AdvertiseManager: advertise manager created
01-01 00:12:03.272  1462  1462 D BluetoothAdapterService: getAdapterService() - returning com.android.bluetooth.btservice.AdapterService@14410f1
01-01 00:12:03.273  1462  1462 D BluetoothAdapterService: handleMessage() - Message: 1
01-01 00:12:03.273  1462  1462 D BluetoothAdapterService: handleMessage() - MESSAGE_PROFILE_SERVICE_STATE_CHANGED
01-01 00:12:03.273  1462  1462 D BluetoothAdapterService: processProfileServiceStateChanged() serviceName=com.android.bluetooth.gatt.GattService, state=12, doUpdate=true
01-01 00:12:03.273  1462  1462 V BluetoothAdapterState: isTurningOff()=false
01-01 00:12:03.274  1462  1462 V BluetoothAdapterState: isTurningOn()=false
01-01 00:12:03.274  1462  1462 V BluetoothAdapterState: isBleTurningOn()=true
01-01 00:12:03.274  1462  1462 V BluetoothAdapterState: isBleTurningOff()=false
01-01 00:12:03.274  1462  1462 D BluetoothAdapterService: processProfileServiceStateChanged() - serviceName=com.android.bluetooth.gatt.GattService isTurningOn=false isTurningOff=false isBleTurningOn=true isBleTurningOff=false
01-01 00:12:03.274  1462  1462 D BluetoothAdapterService: GattService is started
01-01 00:12:03.275  1462  1476 D BluetoothAdapterState: Current state: PENDING_COMMAND, message: 4
01-01 00:12:03.276  1462  1476 I bt_btif : enable: start restricted = 0
01-01 00:12:03.277  1462  1477 I bt_stack_manager: event_start_up_stack is bringing up the stack
01-01 00:12:03.277  1462  1477 I bt_core_module: module_start_up Starting module "btif_config_module"
01-01 00:12:03.277  1462  1477 I bt_core_module: module_start_up Started module "btif_config_module"
01-01 00:12:03.277  1462  1477 I bt_core_module: module_start_up Starting module "btsnoop_module"
01-01 00:12:03.277  1462  1477 I bt_core_module: module_start_up Started module "btsnoop_module"
01-01 00:12:03.277  1462  1477 I bt_core_module: module_start_up Starting module "hci_module"
01-01 00:12:03.277  1462  1477 I bt_hci  : start_up
01-01 00:12:03.278  1462  1487 W bt_osi_thread: run_thread: thread id 1487, thread name hci_thread started
01-01 00:12:03.281  1462  1477 I bt_vendor: Aravinth: vendor_open To open libbt-vendor_usb.so:
01-01 00:12:03.281  1462  1477 I bt_vendor: alloc value 0x91591d51
01-01 00:12:03.281  1462  1477 I bt_vendor: Aravinth: vendor_open local_bdaddr ""(µo:
01-01 00:12:03.281  1462  1477 I bt_vendor: init
01-01 00:12:03.281  1462  1477 I bt_vendor: Aravinth: USB: bt_device_node /dev/rtk_btusb
01-01 00:12:03.282  1462  1477 D bt_vendor: op for 0
01-01 00:12:03.282  1462  1477 D bt_vendor: op for 0
01-01 00:12:03.282  1462  1477 D bt_hci  : start_up starting async portion
01-01 00:12:03.282  1462  1487 I bt_hci  : event_finish_startup
01-01 00:12:03.282  1462  1487 I bt_hci_h4: Aravinth: hal_open
01-01 00:12:03.282  1462  1487 D bt_vendor: op for 3
01-01 00:12:03.282  1462  1487 I bt_vendor: Aravinth: USB:userial vendor open: opening /dev/rtk_btusb
01-01 00:12:03.282  1462  1487 I bt_vendor: device fd = 70 open
01-01 00:12:03.282  1462  1487 I bt_hci_h4: Aravinth: hal_open -->1 VENDOR_OPEN_USERIAL,=3
01-01 00:12:03.283  1462  1488 W bt_osi_thread: run_thread: thread id 1488, thread name hci_single_chann started
01-01 00:12:03.283  1462  1487 I bt_hci_h4: Aravinth: hal_open Done
01-01 00:12:03.283  1462  1487 D bt_vendor: op for 1
01-01 00:12:03.283  1462  1487 E bt_vendor: Bt_vendor_rtk Op for BT_VND_OP_FW_CFG
01-01 00:12:03.283  1462  1487 E bt_vendor: Bt_vendor_rtk Download Fw failed: Not a typewriter(25)
01-01 00:12:03.283  1462  1487 I bt_vendor: firmware callback
01-01 00:12:03.283  1462  1487 I bt_hci  : firmware_config_callback
01-01 00:12:03.283  1462  1477 I bt_core_module: module_start_up Started module "hci_module"
01-01 00:12:03.284  1462  1489 W bt_osi_thread: run_thread: thread id 1489, thread name bt_workqueue started
01-01 00:12:03.284  1462  1489 I bt_btu  : btu_task pending for preload complete event
01-01 00:12:03.284  1462  1489 I bt_btu_task: Bluetooth chip preload is complete
01-01 00:12:03.284  1462  1489 I bt_btu  : btu_task received preload complete event
01-01 00:12:03.286  1462  1489 I bt_core_module: module_init Initializing module "bte_logmsg_module"
01-01 00:12:03.286  1462  1489 I bt_bte  : BTE_InitTraceLevels -- TRC_HCI
01-01 00:12:03.286  1462  1489 I bt_bte  : BTE_InitTraceLevels -- TRC_L2CAP
01-01 00:12:03.286  1462  1489 I bt_bte  : BTE_InitTraceLevels -- TRC_RFCOMM
01-01 00:12:03.286  1462  1489 I bt_bte  : BTE_InitTraceLevels -- TRC_AVDT
01-01 00:12:03.286  1462  1489 I bt_bte  : BTE_InitTraceLevels -- TRC_AVRC
01-01 00:12:03.286  1462  1489 I bt_bte  : BTE_InitTraceLevels -- TRC_A2D
01-01 00:12:03.286  1462  1489 I bt_bte  : BTE_InitTraceLevels -- TRC_BNEP
01-01 00:12:03.286  1462  1489 I bt_bte  : BTE_InitTraceLevels -- TRC_BTM
01-01 00:12:03.286  1462  1489 I bt_bte  : BTE_InitTraceLevels -- TRC_GAP
01-01 00:12:03.286  1462  1489 I bt_bte  : BTE_InitTraceLevels -- TRC_PAN
01-01 00:12:03.286  1462  1489 I bt_bte  : BTE_InitTraceLevels -- TRC_SDP
01-01 00:12:03.286  1462  1489 I bt_bte  : BTE_InitTraceLevels -- TRC_GATT
01-01 00:12:03.287  1462  1489 I bt_bte  : BTE_InitTraceLevels -- TRC_SMP
01-01 00:12:03.287  1462  1489 I bt_bte  : BTE_InitTraceLevels -- TRC_BTAPP
01-01 00:12:03.287  1462  1489 I bt_bte  : BTE_InitTraceLevels -- TRC_BTIF
01-01 00:12:03.287  1462  1489 I bt_core_module: module_init Initialized module "bte_logmsg_module"
01-01 00:12:03.287  1462  1490 W bt_osi_thread: run_thread: thread id 1490, thread name module_wrapper started
01-01 00:12:03.288  1462  1490 I bt_core_module: module_start_up Starting module "controller_module"
01-01 00:12:03.288  1462  1487 E bt_hci_h4: In transmit_data, error writing to the uart serial port: Invalid argument
^C
130|toradex_apalis6q:/dev # 
130|toradex_apalis6q:/dev # 