01-01 00:03:18.563   274   274 D installd: Detected label change from u:object_r:system_data_file:s0 to u:object_r:system_app_data_file:s0 at /data/data/com.android.settings; running recursive restorecon
01-01 00:03:18.567   274   274 D installd: Detected label change from u:object_r:system_data_file:s0 to u:object_r:system_app_data_file:s0 at /data/user_de/0/com.android.settings; running recursive restorecon
01-01 00:03:18.569   274   274 W installd: Requested default storage /data/user_de/0/com.android.settings is not active; migrating from /data/data/com.android.settings
01-01 00:03:18.571   274   274 D installd: Detected label change from u:object_r:system_data_file:s0 to u:object_r:system_app_data_file:s0 at /data/data/com.android.settings; running recursive restorecon
01-01 00:03:18.576   274   274 D installd: Detected label change from u:object_r:system_data_file:s0 to u:object_r:system_app_data_file:s0 at /data/data/com.freescale.a2dpsinkapp; running recursive restorecon
01-01 00:03:18.579   274   274 D installd: Detected label change from u:object_r:system_data_file:s0 to u:object_r:system_app_data_file:s0 at /data/user_de/0/com.freescale.a2dpsinkapp; running recursive restorecon
01-01 00:03:18.586   274   274 D installd: Detected label change from u:object_r:system_data_file:s0 to u:object_r:app_data_file:s0:c512,c768 at /data/data/com.android.calculator2; running recursive restorecon
01-01 00:03:18.589   274   274 D installd: Detected label change from u:object_r:system_data_file:s0 to u:object_r:app_data_file:s0:c512,c768 at /data/user_de/0/com.android.calculator2; running recursive restorecon
01-01 00:03:18.596   274   274 D installd: Detected label change from u:object_r:system_data_file:s0 to u:object_r:app_data_file:s0:c512,c768 at /data/data/com.freescale.cactusplayer; running recursive restorecon
01-01 00:03:18.599   274   274 D installd: Detected label change from u:object_r:system_data_file:s0 to u:object_r:app_data_file:s0:c512,c768 at /data/user_de/0/com.freescale.cactusplayer; running recursive restorecon
01-01 00:03:18.605   274   274 D installd: Detected label change from u:object_r:system_data_file:s0 to u:object_r:app_data_file:s0:c512,c768 at /data/data/com.android.cts.ctsshim; running recursive restorecon
01-01 00:03:18.608   274   274 D installd: Detected label change from u:object_r:system_data_file:s0 to u:object_r:app_data_file:s0:c512,c768 at /data/user_de/0/com.android.cts.ctsshim; running recursive restorecon
01-01 00:03:18.614   274   274 D installd: Detected label change from u:object_r:system_data_file:s0 to u:object_r:app_data_file:s0:c512,c768 at /data/data/com.android.vpndialogs; running recursive restorecon
01-01 00:03:18.617   274   274 D installd: Detected label change from u:object_r:system_data_file:s0 to u:object_r:app_data_file:s0:c512,c768 at /data/user_de/0/com.android.vpndialogs; running recursive restorecon
01-01 00:03:18.623   274   274 D installd: Detected label change from u:object_r:system_data_file:s0 to u:object_r:app_data_file:s0:c512,c768 at /data/data/com.android.email; running recursive restorecon
01-01 00:03:18.626   274   274 D installd: Detected label change from u:object_r:system_data_file:s0 to u:object_r:app_data_file:s0:c512,c768 at /data/user_de/0/com.android.email; running recursive restorecon
01-01 00:03:18.633   274   274 D installd: Detected label change from u:object_r:system_data_file:s0 to u:object_r:app_data_file:s0:c512,c768 at /data/data/com.android.music; running recursive restorecon
01-01 00:03:18.636   274   274 D installd: Detected label change from u:object_r:system_data_file:s0 to u:object_r:app_data_file:s0:c512,c768 at /data/user_de/0/com.android.music; running recursive restorecon
01-01 00:03:18.642   274   274 D installd: Detected label change from u:object_r:system_data_file:s0 to u:object_r:radio_data_file:s0 at /data/data/com.android.phone; running recursive restorecon
01-01 00:03:18.646   274   274 D installd: Detected label change from u:object_r:system_data_file:s0 to u:object_r:radio_data_file:s0 at /data/user_de/0/com.android.phone; running recursive restorecon
01-01 00:03:18.648   274   274 W installd: Requested default storage /data/user_de/0/com.android.phone is not active; migrating from /data/data/com.android.phone
01-01 00:03:18.650   274   274 D installd: Detected label change from u:object_r:system_data_file:s0 to u:object_r:radio_data_file:s0 at /data/data/com.android.phone; running recursive restorecon
01-01 00:03:18.655   274   274 D installd: Detected label change from u:object_r:system_data_file:s0 to u:object_r:shell_data_file:s0 at /data/data/com.android.shell; running recursive restorecon
01-01 00:03:18.658   274   274 D installd: Detected label change from u:object_r:system_data_file:s0 to u:object_r:shell_data_file:s0 at /data/user_de/0/com.android.shell; running recursive restorecon
01-01 00:03:18.660   274   274 W installd: Requested default storage /data/user_de/0/com.android.shell is not active; migrating from /data/data/com.android.shell
01-01 00:03:18.662   274   274 D installd: Detected label change from u:object_r:system_data_file:s0 to u:object_r:shell_data_file:s0 at /data/data/com.android.shell; running recursive restorecon
01-01 00:03:18.667   274   274 D installd: Detected label change from u:object_r:system_data_file:s0 to u:object_r:system_app_data_file:s0 at /data/data/com.android.wallpaperbackup; running recursive restorecon
01-01 00:03:18.669   274   274 D installd: Detected label change from u:object_r:system_data_file:s0 to u:object_r:system_app_data_file:s0 at /data/user_de/0/com.android.wallpaperbackup; running recursive restorecon
01-01 00:03:18.677   274   274 D installd: Detected label change from u:object_r:system_data_file:s0 to u:object_r:app_data_file:s0:c512,c768 at /data/data/com.android.providers.blockednumber; running recursive restorecon
01-01 00:03:18.680   274   274 D installd: Detected label change from u:object_r:system_data_file:s0 to u:object_r:app_data_file:s0:c512,c768 at /data/user_de/0/com.android.providers.blockednumber; running recursive restorecon
01-01 00:03:18.682   274   274 W installd: Requested default storage /data/user_de/0/com.android.providers.blockednumber is not active; migrating from /data/data/com.android.providers.blockednumber
01-01 00:03:18.684   274   274 D installd: Detected label change from u:object_r:system_data_file:s0 to u:object_r:app_data_file:s0:c512,c768 at /data/data/com.android.providers.blockednumber; running recursive restorecon
01-01 00:03:18.689   274   274 D installd: Detected label change from u:object_r:system_data_file:s0 to u:object_r:app_data_file:s0:c512,c768 at /data/data/com.android.providers.userdictionary; running recursive restorecon
01-01 00:03:18.692   274   274 D installd: Detected label change from u:object_r:system_data_file:s0 to u:object_r:app_data_file:s0:c512,c768 at /data/user_de/0/com.android.providers.userdictionary; running recursive restorecon
01-01 00:03:18.698   274   274 D installd: Detected label change from u:object_r:system_data_file:s0 to u:object_r:app_data_file:s0:c512,c768 at /data/data/com.android.emergency; running recursive restorecon
01-01 00:03:18.701   274   274 D installd: Detected label change from u:object_r:system_data_file:s0 to u:object_r:app_data_file:s0:c512,c768 at /data/user_de/0/com.android.emergency; running recursive restorecon
01-01 00:03:18.703   274   274 W installd: Requested default storage /data/user_de/0/com.android.emergency is not active; migrating from /data/data/com.android.emergency
01-01 00:03:18.705   274   274 D installd: Detected label change from u:object_r:system_data_file:s0 to u:object_r:app_data_file:s0:c512,c768 at /data/data/com.android.emergency; running recursive restorecon
01-01 00:03:18.710   274   274 D installd: Detected label change from u:object_r:system_data_file:s0 to u:object_r:system_app_data_file:s0 at /data/data/com.android.location.fused; running recursive restorecon
01-01 00:03:18.714   274   274 D installd: Detected label change from u:object_r:system_data_file:s0 to u:object_r:system_app_data_file:s0 at /data/user_de/0/com.android.location.fused; running recursive restorecon
01-01 00:03:18.716   274   274 W installd: Requested default storage /data/user_de/0/com.android.location.fused is not active; migrating from /data/data/com.android.location.fused
01-01 00:03:18.718   274   274 D installd: Detected label change from u:object_r:system_data_file:s0 to u:object_r:system_app_data_file:s0 at /data/data/com.android.location.fused; running recursive restorecon
01-01 00:03:18.723   274   274 D installd: Detected label change from u:object_r:system_data_file:s0 to u:object_r:app_data_file:s0:c512,c768 at /data/data/com.android.deskclock; running recursive restorecon
01-01 00:03:18.726   274   274 D installd: Detected label change from u:object_r:system_data_file:s0 to u:object_r:app_data_file:s0:c512,c768 at /data/user_de/0/com.android.deskclock; running recursive restorecon
01-01 00:03:18.734   274   274 D installd: Detected label change from u:object_r:system_data_file:s0 to u:object_r:app_data_file:s0:c512,c768 at /data/data/com.android.systemui; running recursive restorecon
01-01 00:03:18.737   274   274 D installd: Detected label change from u:object_r:system_data_file:s0 to u:object_r:app_data_file:s0:c512,c768 at /data/user_de/0/com.android.systemui; running recursive restorecon
01-01 00:03:18.739   274   274 W installd: Requested default storage /data/user_de/0/com.android.systemui is not active; migrating from /data/data/com.android.systemui
01-01 00:03:18.741   274   274 D installd: Detected label change from u:object_r:system_data_file:s0 to u:object_r:app_data_file:s0:c512,c768 at /data/data/com.android.systemui; running recursive restorecon
01-01 00:03:18.746   274   274 D installd: Detected label change from u:object_r:system_data_file:s0 to u:object_r:system_app_data_file:s0 at /data/data/com.freescale.wfdsink; running recursive restorecon
01-01 00:03:18.749   274   274 D installd: Detected label change from u:object_r:system_data_file:s0 to u:object_r:system_app_data_file:s0 at /data/user_de/0/com.freescale.wfdsink; running recursive restorecon
01-01 00:03:18.756   274   274 D installd: Detected label change from u:object_r:system_data_file:s0 to u:object_r:app_data_file:s0:c512,c768 at /data/data/com.android.bluetoothmidiservice; running recursive restorecon
01-01 00:03:18.759   274   274 D installd: Detected label change from u:object_r:system_data_file:s0 to u:object_r:app_data_file:s0:c512,c768 at /data/user_de/0/com.android.bluetoothmidiservice; running recursive restorecon
01-01 00:03:18.765   274   274 D installd: Detected label change from u:object_r:system_data_file:s0 to u:object_r:app_data_file:s0:c512,c768 at /data/data/com.embitel.hud; running recursive restorecon
01-01 00:03:18.768   274   274 D installd: Detected label change from u:object_r:system_data_file:s0 to u:object_r:app_data_file:s0:c512,c768 at /data/user_de/0/com.embitel.hud; running recursive restorecon
01-01 00:03:18.774   274   274 D installd: Detected label change from u:object_r:system_data_file:s0 to u:object_r:app_data_file:s0:c512,c768 at /data/data/com.freescale.bleclient; running recursive restorecon
01-01 00:03:18.777   274   274 D installd: Detected label change from u:object_r:system_data_file:s0 to u:object_r:app_data_file:s0:c512,c768 at /data/user_de/0/com.freescale.bleclient; running recursive restorecon
01-01 00:03:18.783   274   274 D installd: Detected label change from u:object_r:system_data_file:s0 to u:object_r:bluetooth_data_file:s0 at /data/data/com.android.bluetooth; running recursive restorecon
01-01 00:03:18.786   274   274 D installd: Detected label change from u:object_r:system_data_file:s0 to u:object_r:bluetooth_data_file:s0 at /data/user_de/0/com.android.bluetooth; running recursive restorecon
01-01 00:03:18.789   274   274 W installd: Requested default storage /data/user_de/0/com.android.bluetooth is not active; migrating from /data/data/com.android.bluetooth
01-01 00:03:18.790   274   274 D installd: Detected label change from u:object_r:system_data_file:s0 to u:object_r:bluetooth_data_file:s0 at /data/data/com.android.bluetooth; running recursive restorecon
01-01 00:03:18.796   274   274 D installd: Detected label change from u:object_r:system_data_file:s0 to u:object_r:app_data_file:s0:c512,c768 at /data/data/com.android.providers.contacts; running recursive restorecon
01-01 00:03:18.800   274   274 D installd: Detected label change from u:object_r:system_data_file:s0 to u:object_r:app_data_file:s0:c512,c768 at /data/user_de/0/com.android.providers.contacts; running recursive restorecon
01-01 00:03:18.806   274   274 D installd: Detected label change from u:object_r:system_data_file:s0 to u:object_r:app_data_file:s0:c512,c768 at /data/data/com.android.captiveportallogin; running recursive restorecon
01-01 00:03:1acc_open
8.809   274   274 D installd: Detacc_release
ected label change from u:object_r:system_data_file:s0 to u:object_r:app_data_file:s0:c512,c768 at /data/user_de/0/com.android.captiveportallogin; running recursive restorecon
01-01 00:03:18.815   544   544 V PackageManager: reconcileAppsData finished 83 packages
01-01 00:03:19.526   544   544 E PackageManager: There should probably be a verifier, but, none were found
01-01 00:03:19.533   544   544 I art     : Starting a blocking GC Explicit
01-01 00:03:19.595   544   544 I art     : Explicit concurrent mark sweep GC freed 1907(143KB) AllocSpace objects, 1(20KB) LOS objects, 33% free, 3MB/4MB, paused 964us total 61.991ms
01-01 00:03:19.598   544   544 I SystemServer: StartOtaDexOptService
01-01 00:03:19.600   544   544 I SystemServer: StartUserManagerService
01-01 00:03:19.600   544   544 I SystemServiceManager: Starting com.android.server.pm.UserManagerService$LifeCycle
01-01 00:03:19.613   263   263 I lowmemorykiller: ActivityManager connected
01-01 00:03:19.615   544   544 I SystemServiceManager: Starting com.android.server.BatteryService
01-01 00:03:19.615   544   574 D SensorService: nuSensorService starting...
01-01 00:03:19.616   544   574 E SensorService: couldn't load sensors module (No such file or directory)
01-01 00:03:19.617   544   574 I SensorService: Generated new HMAC key.
01-01 00:03:19.622   544   544 I SystemServiceManager: Starting com.android.server.usage.UsageStatsService
01-01 00:03:19.648   544   544 I SystemServiceManager: Starting com.android.server.webkit.WebViewUpdateService
01-01 00:03:19.655   544   544 I SystemServer: Reading configuration...
01-01 00:03:19.655   544   544 I SystemServer: StartSchedulingPolicyService
01-01 00:03:19.657   544   544 I SystemServiceManager: Starting com.android.server.telecom.TelecomLoaderService
01-01 00:03:19.658   544   544 I SystemServer: StartTelephonyRegistry
01-01 00:03:19.664   544   544 I SystemServer: StartEntropyMixer
01-01 00:03:19.665   544   544 W EntropyMixer: No existing entropy file -- first boot?
01-01 00:03:19.668   544   544 I EntropyMixer: Added HW RNG output to entropy pool
01-01 00:03:19.668   544   544 I EntropyMixer: Writing entropy...
01-01 00:03:19.687   544   544 I SystemServer: Camera Service
01-01 00:03:19.688   544   544 I SystemServiceManager: Starting com.android.server.camera.CameraService
01-01 00:03:19.691   544   544 I SystemServer: StartAccountManagerService
01-01 00:03:19.692   544   544 I SystemServiceManager: Starting com.android.server.accounts.AccountManagerService$Lifecycle
01-01 00:03:19.705   544   544 I SystemServer: StartContentService
01-01 00:03:19.705   544   544 I SystemServiceManager: Starting com.android.server.content.ContentService$Lifecycle
01-01 00:03:19.709   544   544 I SystemServer: InstallSystemProviders
01-01 00:03:19.714   544   544 W System  : ClassLoader referenced unknown path: /system/priv-app/SettingsProvider/lib/arm
01-01 00:03:19.880   544   544 I SettingsState: No settings state /data/system/users/0/settings_system.xml
01-01 00:03:19.893   544   544 I SettingsState: No settings state /data/system/users/0/settings_secure.xml
01-01 00:03:19.897   544   544 D SettingsProvider: Generated and saved new ANDROID_ID [d9cd638948e6e2e9] for user 0
01-01 00:03:19.907   544   544 I SettingsState: No settings state /data/system/users/0/settings_global.xml
01-01 00:03:19.932   544   544 I SystemServer: StartVibratorService
01-01 00:03:19.936   544   544 E         : Vibrator file does not exist : -1
01-01 00:03:19.936   544   544 E         : Vibrator device does not exist. Cannot start vibrator
01-01 00:03:19.936   544   544 W VibratorService: Tried to stop vibrating but there is no vibrator device.
01-01 00:03:19.939   544   544 I SystemServer: StartConsumerIrService
01-01 00:03:19.939   544   544 E ConsumerIrService: Can't open consumer IR HW Module, error: -2
01-01 00:03:19.940   544   544 I SystemServer: StartAlarmManagerService
01-01 00:03:19.941   544   544 I SystemServiceManager: Starting com.android.server.AlarmManagerService
01-01 00:03:19.952   544   544 I SystemServer: InitWatchdog
01-01 00:03:19.953   544   544 I SystemServer: StartInputManagerService
01-01 00:03:19.954   544   544 I InputManager: Initializing input manager, mUseDevInputEventForAudioJack=false
01-01 00:03:19.955   544   544 I SystemServer: StartWindowManagerService
01-01 00:03:19.978   544   564 I WindowManager: No existing display settings /data/system/display_settings.xml; starting empty
01-01 00:03:20.031   544   558 V WindowManager: state_cable  true
01-01 00:03:20.036   544   544 I SystemServer: StartVrManagerService
01-01 00:03:20.036   544   544 I SystemServiceManager: Starting com.android.server.vr.VrManagerService
01-01 00:03:20.038   544   544 W VrManagerService: init_native: Could not open VR hardware module, error No such file or directory (-2).
01-01 00:03:20.043   544   544 I InputManager: Starting input manager
01-01 00:03:20.047   544   544 I SystemServiceManager: Starting com.android.server.BluetoothService
01-01 00:03:20.053   544   544 D BluetoothManagerService: Loading stored name and address
01-01 00:03:20.054   544   544 D BluetoothManagerService: Stored bluetooth Name=null,Address=null
01-01 00:03:20.054   544   544 D BluetoothManagerService: Bluetooth persisted state: 0
01-01 00:03:20.054   544   544 I SystemServer: ConnectivityMetricsLoggerService
01-01 00:03:20.054   544   544 I SystemServiceManager: Starting com.android.server.connectivity.MetricsLoggerService
01-01 00:03:20.056   544   544 I SystemServer: IpConnectivityMetrics
01-01 00:03:20.056   544   544 I SystemServiceManager: Starting com.android.server.connectivity.IpConnectivityMetrics
01-01 00:03:20.058   544   544 I SystemServer: PinnerService
01-01 00:03:20.059   544   544 I SystemServiceManager: Starting com.android.server.PinnerService
01-01 00:03:20.063   544   544 I SystemServiceManager: Starting com.android.server.InputMethodManagerService$Lifecycle
01-01 00:03:20.067   544   580 D EventHub: No input device configuration file found for device 'stmpe-ts'.
01-01 00:03:20.068   544   580 I EventHub: New device: id=1, fd=87, path='/dev/input/event0', name='stmpe-ts', classes=0x4, configuration='', keyLayout='', keyCharacterMap='', builtinKeyboard=false, wakeMechanism=EPOLLWAKEUP, usingClockIoctl=true
01-01 00:03:20.068   544   580 E EventHub: could not get driverMicrel KSZ9031 Gigabit PHY 2188000.ethernet-1:07: attached PHY driver [Micrel KSZ9031 Gigabit PHY] (mii_bus:phy_addr=2188000.ethernet-1:07, irq=120)
 version for /dev/input/mouse0, NIPv6: ADDRCONF(NETDEV_UP): eth0: link is not ready
ot a typewriter
01-01 00:03:20.132   544   544 W System  : ClassLoader referenced unknown path: 
01-01 00:03:20.134   544   544 D ApplicationLoaders: ignored Vulkan layer search path /system/app/LatinIME/lib/arm:/system/fake-libs:/system/app/LatinIME/LatinIME.apk!/lib/armeabi-v7a:/system/lib:/vendor/lib for namespace 0xb6aa30d0
01-01 00:03:20.153   544   580 D EventHub: No input device configuration file found for device 'gpio-keys'.
01-01 00:03:20.189   544   580 W EventHub: Unable to disable kernel key repeat for /dev/input/event1: Function not implemented
01-01 00:03:20.189   544   580 I EventHub: New device: id=2, fd=90, path='/dev/input/event1', name='gpio-keys', classes=0x1, configuration='', keyLayout='/system/usr/keylayout/Generic.kl', keyCharacterMap='/system/usr/keychars/Generic.kcm', builtinKeyboard=false, wakeMechanism=EPOLLWAKEUP, usingClockIoctl=true
01-01 00:03:20.189   544   580 E EventHub: could not get driver version for /dev/input/mice, Not a typewriter
01-01 00:03:20.263   544   544 W InputMethodManagerService: No IME selected. Choose the most applicable IME.
01-01 00:03:20.270   544   544 I InputMethodManagerService: Default found, using com.android.inputmethod.latin/.LatinIME
01-01 00:03:20.275   544   544 I SystemServer: StartAccessibilityManagerService
01-01 00:03:20.286   544   544 I ActivityManager: Config changes=1df8 {1.0 ?mcc?mnc [en_US] ldltr sw480dp w800dp h480dp 160dpi lrg long land ?uimode ?night -touch -keyb/h/h -nav/h s.2}
01-01 00:03:20.291   544   556 I UsageStatsDatabase: Upgrading from version 0 to 3
01-01 00:03:20.291   544   556 I UsageStatsDatabase: Deleting all usage stats files
01-01 00:03:20.295   544   564 I ActivityManager: Config changes=500 {1.0 ?mcc?mnc [en_US] ldltr sw480dp w752dp h456dp 160dpi lrg land ?uimode ?night -touch -keyb/h/h -nav/h s.3}
01-01 00:03:20.303   544   556 I UsageStatsService: User[0] Rollover scheduled @ 1970-01-02 00:03:20(86600286)
01-01 00:03:20.304   544   556 D UsageStatsService: Initializing defaults for system apps on user 0
01-01 00:03:20.308   544   556 E AppIdleHistory: Unable to read app idle file for user 0
01-01 00:03:20.312   544   580 I InputReader: Device added: id=-1, name='Virtual', sources=0x00000301
01-01 00:03:20.312   544   580 I InputReader: Device added: id=2, name='gpio-keys', sources=0x00000101
01-01 00:03:20.314   544   580 I InputReader:   Touch device 'stmpe-ts' could not query the properties of its associated display.  The device will be inoperable until the display size becomes available.
01-01 00:03:20.314   544   580 I InputReader: Device added: id=1, name='stmpe-ts', sources=0x00002002
01-01 00:03:20.330   544   580 I InputReader: Reconfiguring input devices.  changes=0x00000004
01-01 00:03:20.340   544   580 I InputReader: Device reconfigured: id=1, name='stmpe-ts', size 800x480, orientation 0, mode 4, display id 0
01-01 00:03:20.342   544   544 I SystemServiceManager: Starting com.android.server.MountService$Lifecycle
01-01 00:03:20.355   544   544 I SystemServiceManager: Starting com.android.server.UiModeManagerService
01-01 00:03:20.355   544   582 D MountService: Thinking about init, mSystemReady=false, mDaemonConnected=true
01-01 00:03:20.355   544   582 D MountService: Thinking about reset, mSystemReady=false, mDaemonConnected=true
01-01 00:03:20.356   544   582 D MountService: Thinking about init, mSystemReady=false, mDaemonConnected=true
01-01 00:03:20.357   544   582 D MountService: Thinking about reset, mSystemReady=false, mDaemonConnected=true
01-01 00:03:20.357   544   582 D CryptdConnector: SND -> {1 cryptfs getfield SystemLocale}
01-01 00:03:20.358   544   544 I ActivityManager: Config changes=200 {1.0 ?mcc?mnc [en_US] ldltr sw480dp w752dp h456dp 160dpi lrg land -touch -keyb/h/h -nav/h s.4}
01-01 00:03:20.360   544   584 D CryptdConnector: RCV <- {200 1 -1}
01-01 00:03:20.362   544   582 W MountService: No primary storage mounted!
01-01 00:03:20.362   544   582 D VoldConnector: SND -> {1 asec list}
01-01 00:03:20.363   544   583 D VoldConnector: RCV <- {200 1 asec operation succeeded}
01-01 00:03:20.364   544   582 I PackageManager: No secure containers found
01-01 00:03:20.365   544   582 W PackageManager: Unknown permission com.google.android.googleapps.permission.GOOGLE_AUTH in package com.android.providers.calendar
01-01 00:03:20.365   544   582 W PackageManager: Unknown permission com.google.android.googleapps.permission.GOOGLE_AUTH.cl in package com.android.providers.calendar
01-01 00:03:20.365   544   582 W PackageManager: Not granting permission android.permission.GLOBAL_SEARCH to package com.android.quicksearchbox (protectionLevel=18 flags=0x3888be45)
01-01 00:03:20.366   544   582 W PackageManager: Not granting permission android.permission.BIND_WALLPAPER to package com.android.camera2 (protectionLevel=18 flags=0x30d8bc45)
01-01 00:03:20.366   544   582 W PackageManager: Unknown permission com.google.android.googleapps.permission.GOOGLE_AUTH.mail in package com.android.calendar
01-01 00:03:20.367   544   582 W PackageManager: Not granting permission android.permission.WRITE_MEDIA_STORAGE to package com.android.gallery3d (protectionLevel=18 flags=0x38d8bc45)
01-01 00:03:20.367   544   582 W PackageManager: Unknown permission com.google.android.permission.INSTALL_WEARABLE_PACKAGES in package com.android.packageinstaller
01-01 00:03:20.368   544   582 W PackageManager: Not granting permission android.permission.DELETE_PACKAGES to package com.svox.pico (protectionLevel=18 flags=0x3888be45)
01-01 00:03:20.368   544   582 W PackageManager: Unknown permission android.permission.RUN_INSTRUMENTATION in package org.chromium.webview_shell
01-01 00:03:20.369   544   582 W PackageManager: Unknown permission com.google.android.googleapps.permission.GOOGLE_AUTH in package com.android.settings
01-01 00:03:20.370   544   582 W PackageManager: Unknown permission com.android.smspush.WAPPUSH_MANAGER_BIND in package com.android.phone
01-01 00:03:20.374   544   582 W PackageManager: Unknown permission android.permission.ACCESS_ALL_EXTERNAL_STORAGE in package com.freescale.wfdsink
01-01 00:03:20.374   544   582 W PackageManager: Unknown permission com.google.android.gallery3d.permission.GALLERY_PROVIDER in package com.android.bluetooth
01-01 00:03:20.495   544   582 W MountService: No primary storage defined yet; hacking together a stub
01-01 00:03:20.496   544   582 W MountService: No primary storage defined yet; hacking together a stub
01-01 00:03:20.497   544   582 W MountService: No primary storage mounted!
01-01 00:03:20.497   544   582 D VoldConnector: SND -> {2 asec list}
01-01 00:03:20.498   544   583 D VoldConnector: RCV <- {200 2 asec operation succeeded}
01-01 00:03:21.569   544   544 I SystemServer: StartLockSettingsService
01-01 00:03:21.570   544   544 I SystemServiceManager: Starting com.android.server.LockSettingsService$Lifecycle
01-01 00:03:21.583   544   544 I SystemServiceManager: Starting com.android.server.PersistentDataBlockService
01-01 00:03:21.585   544   544 E PersistentDataBlockService: not able to find package 
01-01 00:03:21.585   544   544 E PersistentDataBlockService: android.content.pm.PackageManager$NameNotFoundException: 
01-01 00:03:21.585   544   544 E PersistentDataBlockService: 	at android.app.ApplicationPackageManager.getPackageUidAsUser(ApplicationPackageManager.java:256)
01-01 00:03:21.585   544   544 E PersistentDataBlockService: 	at com.android.server.PersistentDataBlockService.getAllowedUid(PersistentDataBlockService.java:105)
01-01 00:03:21.585   544   544 E PersistentDataBlockService: 	at com.android.server.PersistentDataBlockService.<init>(PersistentDataBlockService.java:96)
01-01 00:03:21.585   544   544 E PersistentDataBlockService: 	at java.lang.reflect.Constructor.newInstance0(Native Method)
01-01 00:03:21.585   544   544 E PersistentDataBlockService: 	at java.lang.reflect.Constructor.newInstance(Constructor.java:430)
01-01 00:03:21.585   544   544 E PersistentDataBlockService: 	at com.android.server.SystemServiceManager.startService(SystemServiceManager.java:93)
01-01 00:03:21.585   544   544 E PersistentDataBlockService: 	at com.android.server.SystemServer.startOtherServices(SystemServer.java:767)
01-01 00:03:21.585   544   544 E PersistentDataBlockService: 	at com.android.server.SystemServer.run(SystemServer.java:340)
01-01 00:03:21.585   544   544 E PersistentDataBlockService: 	at com.android.server.SystemServer.main(SystemServer.java:222)
01-01 00:03:21.585   544   544 E PersistentDataBlockService: 	at java.lang.reflect.Method.invoke(Native Method)
01-01 00:03:21.585   544   544 E PersistentDataBlockService: 	at com.android.internal.os.ZygoteInit$MethodAndArgsCaller.run(ZygoteInit.java:890)
01-01 00:03:21.585   544   544 E PersistentDataBlockService: 	at com.android.internal.os.ZygoteInit.main(ZygoteInit.java:780)
01-01 00:03:21.645   544   544 I SystemServiceManager: Starting com.android.server.DeviceIdleController
01-01 00:03:21.652   544   544 I SystemServiceManager: Starting com.android.server.devicepolicy.DevicePolicyManagerService$Lifecycle
01-01 00:03:21.664   544   544 I SystemServer: StartStatusBarManagerService
01-01 00:03:21.668   544   544 I SystemServer: StartClipboardService
01-01 00:03:21.671   544   544 I SystemServer: StartNetworkManagementService
01-01 00:03:21.677   544   585 I NetworkManagement: onDaemonConnected()
01-01 00:03:21.681   544   544 I SystemServiceManager: Starting com.android.server.TextServicesManagerService$Lifecycle
01-01 00:03:21.692   544   544 I SystemServer: StartNetworkScoreService
01-01 00:03:21.696   544   544 I SystemServer: StartNetworkStatsService
01-01 00:03:21.705   544   544 I SystemServer: StartNetworkPolicyManagerService
01-01 00:03:21.713   544   544 I SystemServer: No Wi-Fi NAN Service (NAN support Not Present)
01-01 00:03:21.718   544   544 I SystemServiceManager: Starting com.android.server.wifi.p2p.WifiP2pService
01-01 00:03:21.757   544   544 I WifiP2pService: Registering wifip2p
01-01 00:03:21.761   544   544 I SystemServiceManager: Starting com.android.server.wifi.WifiService
01-01 00:03:21.891   544   544 D HS20    : Passpoint is disabled
01-01 00:03:21.924   284   542 D CommandListener: Clearing all IP addresses on wlan0
01-01 00:03:21.928   544   590 D WifiApConfigStore: 2G band allowed channels are:1,6,11
01-01 00:03:21.928   544   544 E WifiLogger: no ring buffers found
01-01 00:03:21.928   544   544 E WifiLogger: Failed to start packet fate monitoring
01-01 00:03:21.930   544   590 E WifiApConfigStore: Error reading hotspot configuration java.io.FileNotFoundException: /data/misc/wifi/softap.conf (No such file or directory)
01-01 00:03:21.930   544   590 D WifiApConfigStore: Fallback to use default AP configuration
01-01 00:03:21.937   544   544 D WifiController: isAirplaneModeOn = false, isWifiEnabled = false, isScanningAvailable = false
01-01 00:03:21.940   544   544 I WifiService: Registering wifi
01-01 00:03:21.943   544   544 I SystemServiceManager: Starting com.android.server.wifi.scanner.WifiScanningService
01-01 00:03:21.943   544   544 I WifiScanningService: Creating wifiscanner
01-01 00:03:21.945   544   544 I WifiScanningService: Publishing wifiscanner
01-01 00:03:21.947   544   544 I SystemServiceManager: Starting com.android.server.wifi.RttService
01-01 00:03:21.948   544   544 I RttService: Creating rttmanager
01-01 00:03:21.949   544   544 I RttService: Starting rttmanager
01-01 00:03:21.951   544   544 I SystemServiceManager: Starting com.android.server.ethernet.EthernetService
01-01 00:03:21.952   544   544 I EthernetServiceImpl: Creating EthernetConfigStore
01-01 00:03:21.953   544   544 E IpConfigStore: Error parsing configuration: java.io.FileNotFoundException: /data/misc/ethernet/ipconfig.txt (No such file or directory)
01-01 00:03:21.953   544   544 W EthernetConfigStore: No Ethernet configuration found. Using default.
01-01 00:03:21.954   544   544 I EthernetServiceImpl: Read stored IP configuration: IP assignment: DHCP
01-01 00:03:21.954   544   544 I EthernetServiceImpl: Proxy settings: NONE
01-01 00:03:21.954   544   544 I EthernetService: Registering service ethernet
01-01 00:03:21.955   544   544 I SystemServer: StartConnectivityService
01-01 00:03:21.968   544   544 D ConnectivityService: ConnectivityService starting up
01-01 00:03:21.974   544   544 D ConnectivityService: wifiOnly=false
01-01 00:03:21.974   544   544 E ConnectivityService: Ignoring protectedNetwork 10
01-01 00:03:21.974   544   544 E ConnectivityService: Ignoring protectedNetwork 11
01-01 00:03:21.974   544   544 E ConnectivityService: Ignoring protectedNetwork 12
01-01 00:03:21.974   544   544 E ConnectivityService: Ignoring protectedNetwork 14
01-01 00:03:21.974   544   544 E ConnectivityService: Ignoring protectedNetwork 15
01-01 00:03:21.994   544   544 I SystemServer: StartNsdService
01-01 00:03:22.000   544   544 I SystemServer: Startype=1400 audit(203.860:35): avc: denied { write } for pid=269 comm="obd" path="socket:[6982]" dev="sockfs" ino=6982 scontext=u:r:obd:s0 tcontext=u:r:obd:s0 tclass=socket permissive=1
tUpdateLockService
01-01 00:03:22.003   544   544 I SystemServiceManager: Starting com.android.server.RecoverySystemService
01-01 00:03:22.006   544   544 I SystemServiceManager: Starting com.android.server.notification.NotificationManagerService
01-01 00:03:22.028   544   544 D ConditionProviders.SCP: new ScheduleConditionProvider()
01-01 00:03:22.059   544   544 I SystemServiceManager: Starting com.android.server.storage.DeviceStorageMonitorService
01-01 00:03:22.065   544   544 I SystemServer: StartLocationManagerService
01-01 00:03:22.070   544   544 I SystemServer: StartCountryDetectorService
01-01 00:03:22.073   544   544 I SystemServer: StartSearchManagerService
01-01 00:03:22.073   544   544 I SystemServiceManager: Starting com.android.server.search.SearchManagerService$Lifecycle
01-01 00:03:22.078   544   544 I SystemServiceManager: Starting com.android.server.DropBoxManagerService
01-01 00:03:22.089   544   544 I SystemServer: StartWallpaperManagerService
01-01 00:03:22.090   544   544 I SystemServiceManager: Starting com.android.server.wallpaper.WallpaperManagerService$Lifecycle
01-01 00:03:22.095   544   553 I art     : Background sticky concurrent mark sweep GC freed 15135(967KB) AllocSpace objects, 3(60KB) LOS objects, 27% free, 3MB/5MB, paused 6.881ms total 50.596ms
01-01 00:03:22.096   544   544 E BitmapFactory: Unable to decode stream: java.io.FileNotFoundException: /data/system/users/0/wallpaper_orig (No such file or directory)
01-01 00:03:22.096   544   544 E WallpaperManagerService: Invalid wallpaper data
01-01 00:03:22.096   544   544 E WallpaperManagerService: Unable to apply new wallpaper
01-01 00:03:22.097   544   544 W WallpaperManagerService: no current wallpaper -- first boot?
01-01 00:03:22.098   544   544 I SystemServer: StartAudioService
01-01 00:03:22.099   544   544 I SystemServiceManager: Starting com.android.server.audio.AudioService$Lifecycle
01-01 00:03:22.111   271   328 D PermissionCache: checking android.permission.MODIFY_AUDIO_SETTINGS for uid=1000 => granted (1229 us)
01-01 00:03:22.112   544   544 W TelecomManager: Telecom Service not found.
01-01 00:03:22.117   271   317 W AudioFlinger: no wake lock to update, system not ready yet
01-01 00:03:22.143   544   544 I SystemServiceManager: Starting com.android.server.DockObserver
01-01 00:03:22.144   544   544 W DockObserver: This kernel does not have dock station support
01-01 00:03:22.146   544   544 I SystemServer: StartWiredAccessoryManager
01-01 00:03:22.148   544   544 W WiredAccessoryManager: This kernel does not have wired headset support
01-01 00:03:22.149   544   544 W WiredAccessoryManager: This kernel does not have usb audio support
01-01 00:03:22.149   544   544 W WiredAccessoryManager: This kernel does not have HDMI audio support
01-01 00:03:22.150   544   544 I SystemServiceManager: Starting com.android.server.usb.UsbService$Lifecycle
01-01 00:03:22.156   544   544 E UsbDeviceManager: failed to write to /sys/class/android_usb/android0/f_rndis/ethaddr
01-01 00:03:22.196   544   544 I SystemServer: StartSerialService
01-01 00:03:22.199   544   544 E HardwarePropertiesManagerService-JNI: Couldn't load thermal module (No such file or directory)
01-01 00:03:22.200   544   544 I SystemServiceManager: Starting com.android.server.twilight.TwilightService
01-01 00:03:22.201   544   544 I SystemServiceManager: Starting com.android.server.job.JobSchedulerService
01-01 00:03:22.215   544   544 I SystemServiceManager: Starting com.android.server.soundtrigger.SoundTriggerService
01-01 00:03:22.220   544   544 I SystemServiceManager: Starting com.android.server.backup.BackupManagerService$Lifecycle
01-01 00:03:22.224   544   544 I SystemServiceManager: Starting com.android.server.appwidget.AppWidgetService
01-01 00:03:22.233   544   544 I SystemServiceManager: Starting com.android.server.voiceinteraction.VoiceInteractionManagerService
01-01 00:03:22.237   544   544 I SystemServer: Gesture Launcher Service
01-01 00:03:22.237   544   544 I SystemServiceManager: Starting com.android.server.GestureLauncherService
01-01 00:03:22.238   544   544 I SystemServiceManager: Starting com.android.server.SensorNotificationService
01-01 00:03:22.238   544   544 I SystemServiceManager: Starting com.android.server.ContextHubSystemService
01-01 00:03:22.240   544   544 E ContextHubService: ** Could not load context_hub module : err No such file or directory
01-01 00:03:22.240   544   544 W ContextHubService: No Context Hub Module present
01-01 00:03:22.240   544   544 I SystemServer: StartDiskStatsService
01-01 00:03:22.244   544   544 I SystemServer: StartSamplingProfilerService
01-01 00:03:22.265   544   544 I SystemServer: StartNetworkTimeUpdateService
01-01 00:03:22.267   544   544 I SystemServer: StartCommonTimeManagementService
01-01 00:03:22.270   544   544 I SystemServer: CertBlacklister
01-01 00:03:22.272   544   544 I SystemServiceManager: Starting com.android.server.emergency.EmergencyAffordanceService
01-01 00:03:22.274   544   544 I SystemServiceManager: Starting com.android.server.dreams.DreamManagerService
01-01 00:03:22.278   544   544 I SystemServer: StartAssetAtlasService
01-01 00:03:22.282   544   604 D AssetAtlas: Computing best atlas configuration...
01-01 00:03:22.285   544   544 I SystemServiceManager: Starting com.android.server.print.PrintManagerService
01-01 00:03:22.285   544   608 D AssetAtlas: Running Atlas Worker #4
01-01 00:03:22.286   544   607 D AssetAtlas: Running Atlas Worker #3
01-01 00:03:22.286   544   605 D AssetAtlas: Running Atlas Worker #1
01-01 00:03:22.287   544   606 D AssetAtlas: Running Atlas Worker #2
01-01 00:03:22.292   544   544 I SystemServiceManager: Starting com.android.server.restrictions.RestrictionsManagerService
01-01 00:03:22.295   544   544 I SystemServiceManager: Starting com.android.server.media.MediaSessionService
01-01 00:03:22.300   544   544 I SystemServer: StartMediaRouterService
01-01 00:03:22.304   544   544 I SystemServiceManager: Starting com.android.server.trust.TrustManagerService
01-01 00:03:22.319   544   544 I SystemServer: StartBackgroundDexOptService
01-01 00:03:22.321   544   544 I SystemServiceManager: Starting com.android.server.pm.ShortcutService$Lifecycle
01-01 00:03:22.330   544   544 I SystemServiceManager: Starting com.android.server.pm.LauncherAppsService
01-01 00:03:22.334   544   544 I SystemServiceManager: Starting com.android.server.media.projection.MediaProjectionManagerService
01-01 00:03:22.338   544   544 V MediaRouter: Adding route: RouteInfo{ name=Tablet, description=null, status=null, category=RouteCategory{ name=null types=ROUTE_TYPE_LIVE_AUDIO ROUTE_TYPE_LIVE_VIDEO  groupable=false }, supportedTypes=ROUTE_TYPE_LIVE_AUDIO ROUTE_TYPE_LIVE_VIDEO , presentationDisplay=Display id 1: DisplayInfo{"HDMI Screen", uniqueId "local:1", app 640 x 480, real 640 x 480, largest app 640 x 480, smallest app 640 x 480, mode 2, defaultMode 2, modes [{id=2, width=640, height=480, fps=59.94}], colorMode 0, supportedColorModes [0], hdrCapabilities android.view.Display$HdrCapabilities@a69d6308, rotation 0, density 142 (142.0 x 142.0) dpi, layerStack 1, appVsyncOff 1000000, presDeadline 16683350, type HDMI, state ON, FLAG_SECURE, FLAG_SUPPORTS_PROTECTED_BUFFERS, FLAG_PRESENTATION}, DisplayMetrics{density=0.8875, width=640, height=480, scaledDensity=0.8875, xdpi=142.0, ydpi=142.0}, isValid=true }
01-01 00:03:22.342   544   544 V MediaRouter: Updating audio routes: AudioRoutesInfo{ type=SPEAKER }
01-01 00:03:22.345   544   544 V MediaRouter: Selecting route: RouteInfo{ name=Tablet, description=null, status=null, category=RouteCategory{ name=null types=ROUTE_TYPE_LIVE_AUDIO ROUTE_TYPE_LIVE_VIDEO  groupable=false }, supportedTypes=ROUTE_TYPE_LIVE_AUDIO ROUTE_TYPE_LIVE_VIDEO , presentationDisplay=Display id 1: DisplayInfo{"HDMI Screen", uniqueId "local:1", app 640 x 480, real 640 x 480, largest app 640 x 480, smallest app 640 x 480, mode 2, defaultMode 2, modes [{id=2, width=640, height=480, fps=59.94}], colorMode 0, supportedColorModes [0], hdrCapabilities android.view.Display$HdrCapabilities@a69d6308, rotation 0, density 142 (142.0 x 142.0) dpi, layerStack 1, appVsyncOff 1000000, presDeadline 16683350, type HDMI, state ON, FLAG_SECURE, FLAG_SUPPORTS_PROTECTED_BUFFERS, FLAG_PRESENTATION}, DisplayMetrics{density=0.8875, width=640, height=480, scaledDensity=0.8875, xdpi=142.0, ydpi=142.0}, isValid=true }
01-01 00:03:22.348   544   544 I WindowManager: SAFE MODE not enabled
01-01 00:03:22.349   544   544 I SystemServiceManager: Starting com.android.server.MmsServiceBroker
01-01 00:03:22.352   544   544 I SystemServiceManager: Starting com.android.server.retaildemo.RetailDemoModeService
01-01 00:03:22.363   544   544 W VibratorService: Tried to stop vibrating but there is no vibrator device.
01-01 00:03:22.369   544   604 D AssetAtlas: Found best atlas configuration (out of 576) in 0.09s
01-01 00:03:22.370   544   604 D AssetAtlas: Loaded configuration: SliceMinArea (576x576) flags=0x2 count=91
01-01 00:03:22.394   544   604 I display : GPUManager exists
01-01 00:03:22.453   544   553 I art     : Background partial concurrent mark sweep GC freed 113242(3MB) AllocSpace objects, 4(80KB) LOS objects, 33% free, 4MB/6MB, paused 2.691ms total 145.496ms
01-01 00:03:22.468   544   544 E SQLiteLog: (1) no such table: locksettings
01-01 00:03:22.491   544   544 I LockSettingsService: Migrated lock settings to new location
01-01 00:03:22.504   544   544 I LockSettingsService: Migrated per-user lock settings to new location
01-01 00:03:22.524   544   544 I LockSettingsService: Migrated biometric weak to use the fallback instead
01-01 00:03:22.533   544   544 I LockSettingsService: Migrated lockscreen disabled flag
01-01 00:03:22.544   544   544 E LockSettingsStorage: Cannot read file java.io.FileNotFoundException: /data/system/gatekeeper.password.key: open failed: ENOENT (No such file or directory)
01-01 00:03:22.546   544   544 E LockSettingsStorage: Cannot read file java.io.FileNotFoundException: /data/system/password.key: open failed: ENOENT (No such file or directory)
01-01 00:03:22.548   544   544 E LockSettingsStorage: Cannot read file java.io.FileNotFoundException: /data/system/gatekeeper.pattern.key: open failed: ENOENT (No such file or directory)
01-01 00:03:22.549   544   544 E LockSettingsStorage: Cannot read file java.io.FileNotFoundException: /data/system/gatekeeper.gesture.key: open failed: ENOENT (No such file or directory)
01-01 00:03:22.551   544   544 E LockSettingsStorage: Cannot read file java.io.FileNotFoundException: /data/system/gesture.key: open failed: ENOENT (No such file or directory)
01-01 00:03:22.551   544   544 I SystemServiceManager: Starting phase 480
01-01 00:03:22.572   544   544 I SystemServiceManager: Starting phase 500
01-01 00:03:22.580   544   544 D ConnectivityMetricsLoggerService: onBootPhase: PHASE_SYSTEM_SERVICES_READY
01-01 00:03:22.597   544   544 I WifiService: WifiService starting up with Wi-Fi disabled
01-01 00:03:22.605   544   544 I WifiScanningService: Starting wifiscanner
01-01 00:03:22.615   544   544 I RttService: Registering rttmanager
01-01 00:03:22.618   544   544 I EthernetServiceImpl: Starting Ethernet service
01-01 00:03:22.621   544   544 D Ethernet: Registering NetworkFactory
01-01 00:03:22.622   544   594 D ConnectivityService: Got NetworkFactory Messenger for Ethernet
01-01 00:03:22.628   544   611 D Ethernet: got request NetworkRequest [ REQUEST id=1, [ Capabilities: INTERNET&NOT_RESTRICTED&TRUSTED&NOT_VPN] ] with score 0
01-01 00:03:22.629   544   544 D EthernetNetworkFactory: Started tracking interface eth0
01-01 00:03:22.634   284   542 D CommandListener: Setting iface cfg
01-01 00:03:22.634   284   542 D CommandListener: Trying to bring up eth0
01-01 00:03:22.783   271   328 D PermissionCache: checking android.permission.CAPTURE_AUDIO_HOTWORD for uid=1000 => granted (296 us)
01-01 00:03:22.784   544   544 W SoundTriggerHelper: listModules status=0, # of modules=0
01-01 00:03:22.784   544   544 D ContextHubSystemService: onBootPhase: PHASE_SYSTEM_SERVICES_READY
01-01 00:03:22.832   544   544 I DefaultPermGrantPolicy: Granting permissions to platform components for user 0
01-01 00:03:22.836   544   544 D VoldConnector: SND -> {3 volume remount_uid 1001 none}
01-01 00:03:22.838   251   257 D vold    : Remounting 1001 as mode none
01-01 00:03:22.844   544   566 W KeyguardServiceDelegate: onScreenTurningOn(): no keyguard service!
01-01 00:03:22.860   544   583 D VoldConnector: RCV <- {200 3 Command succeeded}
01-01 00:03:22.865   544   544 D VoldConnector: SND -> {4 volume remount_uid 1001 none}
01-01 00:03:22.866   251   257 D vold    : Remounting 1001 as mode none
01-01 00:03:22.877   544   583 D VoldConnector: RCV <- {200 4 Command succeeded}
01-01 00:03:22.884   544   544 D VoldConnector: SND -> {5 volume remount_uid 1000 none}
01-01 00:03:22.886   251   257 D vold    : Remounting 1000 as mode none
01-01 00:03:22.898   251   257 D vold    : Found matching PID 264
01-01 00:03:22.899   251   257 W vold    : Skipping due to root namespace
01-01 00:03:22.899   251   257 D vold    : Found matching PID 265
01-01 00:03:22.900   251   257 W vold    : Skipping due to root namespace
01-01 00:03:22.900   251   257 D vold    : Found matching PID 286
01-01 00:03:22.901   251   257 W vold    : Skipping due to root namespace
01-01 00:03:22.901   251   257 D vold    : Found matching PID 544
01-01 00:03:23.045   544   583 D VoldConnector: RCV <- {200 5 Command succeeded}
01-01 00:03:23.046   544   544 D VoldConnector: SND -> {6 volume remount_uid 1000 none}
01-01 00:03:23.047   251   257 D vold    : Remounting 1000 as mode none
01-01 00:03:23.054   251   257 D vold    : Found matching PID 264
01-01 00:03:23.054   251   257 W vold    : Skipping due to root namespace
01-01 00:03:23.054   251   257 D vold    : Found matching PID 265
01-01 00:03:23.054   251   257 W vold    : Skipping due to root namespace
01-01 00:03:23.055   251   257 D vold    : Found matching PID 286
01-01 00:03:23.055   251   257 W vold    : Skipping due to root namespace
01-01 00:03:23.055   251   257 D vold    : Found matching PID 544
01-01 00:03:23.058   544   604 D AssetAtlas: Rendered atlas in 82.42ms (25.01+57.40ms)
01-01 00:03:23.062   544   583 D VoldConnector: RCV <- {200 6 Command succeeded}
01-01 00:03:23.069   544   544 D VoldConnector: SND -> {7 volume remount_uid 2000 none}
01-01 00:03:23.070   251   257 D vold    : Remounting 2000 as mode none
01-01 00:03:23.076   544   583 D VoldConnector: RCV <- {200 7 Command succeeded}
01-01 00:03:23.077   544   544 D VoldConnector: SND -> {8 volume remount_uid 2000 none}
01-01 00:03:23.078   251   257 D vold    : Remounting 2000 as mode none
01-01 00:03:23.085   544   583 D VoldConnector: RCV <- {200 8 Command succeeded}
01-01 00:03:23.086   544   544 D VoldConnector: SND -> {9 volume remount_uid 10026 none}
01-01 00:03:23.087   251   257 D vold    : Remounting 10026 as mode none
01-01 00:03:23.093   544   583 D VoldConnector: RCV <- {200 9 Command succeeded}
01-01 00:03:23.095   544   544 D VoldConnector: SND -> {10 volume remount_uid 10026 none}
01-01 00:03:23.095   251   257 D vold    : Remounting 10026 as mode none
01-01 00:03:23.102   544   583 D VoldConnector: RCV <- {200 10 Command succeeded}
01-01 00:03:23.104   544   544 D VoldConnector: SND -> {11 volume remount_uid 1002 none}
01-01 00:03:23.105   251   257 D vold    : Remounting 1002 as mode none
01-01 00:03:23.111   544   583 D VoldConnector: RCV <- {200 11 Command succeeded}
01-01 00:03:23.112   544   544 D VoldConnector: SND -> {12 volume remount_uid 1002 none}
01-01 00:03:23.113   251   257 D vold    : Remounting 1002 as mode none
01-01 00:03:23.119   544   583 D VoldConnector: RCV <- {200 12 Command succeeded}
01-01 00:03:23.121   544   544 I DefaultPermGrantPolicy: Granting permissions to default platform handlers for user 0
01-01 00:03:23.122   544   544 W VoiceInteractionManagerService: no available voice interaction services found for user 0
01-01 00:03:23.122   544   544 W VoiceInteractionManagerService: no available voice recognition services found for user 0
01-01 00:03:23.135   544   544 I SyncManager: No initial accounts
01-01 00:03:23.136   544   544 I SyncManager: No initial status
01-01 00:03:23.138   544   544 I SyncManager: No initial statistics
01-01 00:03:23.200   544   544 D VoldConnector: SND -> {13 volume remount_uid 10020 none}
01-01 00:03:23.201   251   257 D vold    : Remounting 10020 as mode none
01-01 00:03:23.207   544   583 D VoldConnector: RCV <- {200 13 Command succeeded}
01-01 00:03:23.209   544   544 D VoldConnector: SND -> {14 volume remount_uid 10036 none}
01-01 00:03:23.210   251   257 D vold    : Remounting 10036 as mode none
01-01 00:03:23.216   544   583 D VoldConnector: RCV <- {200 14 Command succeeded}
01-01 00:03:23.218   544   544 D VoldConnector: SND -> {15 volume remount_uid 10036 none}
01-01 00:03:23.218   251   257 D vold    : Remounting 10036 as mode none
01-01 00:03:23.225   544   583 D VoldConnector: RCV <- {200 15 Command succeeded}
01-01 00:03:23.227   544   544 D VoldConnector: SND -> {16 volume remount_uid 10012 none}
01-01 00:03:23.228   251   257 D vold    : Remounting 10012 as mode none
