capability: warning: `main' uses 32-bit capabilities (legacy support in use)

toradex_apalis6q:/ # 
toradex_apalis6q:/ # 
toradex_apalis6q:/ # 
toradex_apalis6q:/ # 
toradex_apalis6q:/ # 
toradex_apalis6q:/ # 
toradex_apalis6q:/ # type=1400 audit(188.040:34): avc: denied { write } for pid=269 comm="obd" path="socket:[6982]" dev="sockfs" ino=6982 scontext=u:r:obd:s0 tcontext=u:r:obd:s0 tclass=socket permissive=1
logcrandom: crng init done
ainit: write_file: Unable to open '/sys/devices/system/cpu/cpufreq/interactive/timer_rate': No such file or directory
init: write_file: Unable to open '/sys/devices/system/cpu/cpufreq/interactive/min_sample_time': No such file or directory
init: write_file: Unable to open '/sys/devices/system/cpu/cpufreq/interactive/go_hispeed_load': No such file or directory
t
--------- beginning of main
01-01 00:02:50.232   243   243 W auditd  : type=2000 audit(0.0:1): initialized
01-01 00:02:54.620   243   243 I auditd  : type=1403 audit(0.0:2): policy loaded auid=4294967295 ses=4294967295
01-01 00:02:57.356   250   250 I         : debuggerd: starting
--------- beginning of system
01-01 00:02:57.451   251   251 I vold    : Vold 3.0 (the awakening) firing up
01-01 00:02:57.452   251   251 V vold    : Detected support for: ext4 f2fs vfat
01-01 00:02:57.468   251   251 W Vold    : Tearing down stale mount /mnt/shm
01-01 00:02:57.545   251   258 D vold    : e4crypt_init_user0
01-01 00:02:57.545   251   258 D vold    : e4crypt_prepare_user_storage for volume null, user 0, serial 0, flags 1
01-01 00:02:57.545   251   258 D vold    : Preparing: /data/system/users/0
01-01 00:02:57.546   251   258 D vold    : Preparing: /data/misc/profiles/cur/0
01-01 00:02:57.546   251   258 D vold    : Preparing: /data/misc/profiles/cur/0/foreign-dex
01-01 00:02:57.547   251   258 D vold    : Preparing: /data/system_de/0
01-01 00:02:57.547   251   258 D vold    : Preparing: /data/misc_de/0
01-01 00:02:57.547   251   258 D vold    : Preparing: /data/user_de/0
01-01 00:02:57.548   251   258 D vold    : e4crypt_unlock_user_key 0 serial=0 token_present=0
01-01 00:02:57.548   251   258 E vold    : Failed to chmod /data/system_ce/0: No such file or directory
01-01 00:02:57.548   251   258 E vold    : Failed to chmod /data/misc_ce/0: No such file or directory
01-01 00:02:57.548   251   258 E vold    : Failed to chmod /data/media/0: No such file or directory
01-01 00:02:57.549     1     1 I vdc     : 200 254 Command succeeded
01-01 00:02:57.599   259   259 I /system/bin/tzdatacheck: tzdata file /data/misc/zoneinfo/current/tzdata does not exist. No action required.
01-01 00:02:57.680   263   263 I lowmemorykiller: Using in-kernel low memory killer interface
01-01 00:02:57.710   268   268 I init    : type=1400 audit(0.0:3): avc: denied { entrypoint } for path="/system/bin/can-config.sh" dev="mmcblk0p3" ino=254 scontext=u:r:obd:s0 tcontext=u:object_r:system_file:s0 tclass=file permissive=1
01-01 00:02:57.710   268   268 I can-config.sh: type=1400 audit(0.0:4): avc: denied { read execute } for path="/system/bin/sh" dev="mmcblk0p3" ino=437 scontext=u:r:obd:s0 tcontext=u:object_r:shell_exec:s0 tclass=file permissive=1
01-01 00:02:57.710   268   268 I can-config.sh: type=1400 audit(0.0:5): avc: denied { getattr } for path="/system/bin/sh" dev="mmcblk0p3" ino=437 scontext=u:r:obd:s0 tcontext=u:object_r:shell_exec:s0 tclass=file permissive=1
01-01 00:02:57.720   268   268 I can-config.sh: type=1400 audit(0.0:6): avc: denied { getattr } for path="/vendor" dev="rootfs" ino=6499 scontext=u:r:obd:s0 tcontext=u:object_r:rootfs:s0 tclass=lnk_file permissive=1
01-01 00:02:57.760   278   278 I can-config.sh: type=1400 audit(0.0:7): avc: denied { execute_no_trans } for path="/system/bin/ip" dev="mmcblk0p3" ino=329 scontext=u:r:obd:s0 tcontext=u:object_r:system_file:s0 tclass=file permissive=1
01-01 00:02:57.780   269   269 I obd     : type=1400 audit(0.0:8): avc: denied { create } for scontext=u:r:obd:s0 tcontext=u:r:obd:s0 tclass=socket permissive=1
01-01 00:02:57.780   269   269 I obd     : type=1400 audit(0.0:9): avc: denied { ioctl } for path="socket:[6982]" dev="sockfs" ino=6982 ioctlcmd=0x8933 scontext=u:r:obd:s0 tcontext=u:r:obd:s0 tclass=socket permissive=1
01-01 00:02:57.780   269   269 I obd     : type=1400 audit(0.0:10): avc: denied { bind } for scontext=u:r:obd:s0 tcontext=u:r:obd:s0 tclass=socket permissive=1
01-01 00:02:57.780   269   269 I obd     : type=1400 audit(0.0:11): avc: denied { read } for path="socket:[6982]" dev="sockfs" ino=6982 scontext=u:r:obd:s0 tcontext=u:r:obd:s0 tclass=socket permissive=1
01-01 00:02:57.780   269   269 I obd     : type=1400 audit(0.0:12): avc: denied { write } for name="socket" dev="tmpfs" ino=7214 scontext=u:r:obd:s0 tcontext=u:object_r:socket_device:s0 tclass=dir permissive=1
01-01 00:02:57.780   269   269 I obd     : type=1400 audit(0.0:13): avc: denied { add_name } for name="vcan" scontext=u:r:obd:s0 tcontext=u:object_r:socket_device:s0 tclass=dir permissive=1
01-01 00:02:57.780   269   269 I obd     : type=1400 audit(0.0:14): avc: denied { create } for name="vcan" scontext=u:r:obd:s0 tcontext=u:object_r:socket_device:s0 tclass=sock_file permissive=1
01-01 00:02:57.780   269   269 I obd     : type=1400 audit(0.0:15): avc: denied { setattr } for name="vcan" dev="tmpfs" ino=6989 scontext=u:r:obd:s0 tcontext=u:object_r:socket_device:s0 tclass=sock_file permissive=1
01-01 00:02:57.786   269   280 I /system/bin/obd: OBD:Read from CAN Bus failed
01-01 00:02:57.810   269   269 I obd     : type=1400 audit(0.0:16): avc: denied { write } for path="socket:[6982]" dev="sockfs" ino=6982 scontext=u:r:obd:s0 tcontext=u:r:obd:s0 tclass=socket permissive=1
01-01 00:02:57.857   274   274 I         : installd firing up
01-01 00:02:57.857   274   274 E cutils  : Failed to read /data/.layout_version: No such file or directory
01-01 00:02:57.857   274   274 D         : Assuming that device has multi-user storage layout; upgrade no longer supported
01-01 00:02:57.858   274   274 D         : Upgrading to /data/misc/user directories
01-01 00:02:58.030   285   285 D MagDaemon: init_sensors
01-01 00:02:58.062   275   275 I keystore: Found keymaster0 module Keymaster OpenSSL HAL, version 2
01-01 00:02:58.062   275   275 I SoftKeymaster: system/keymaster/soft_keymaster_device.cpp, Line 131: Creating device
01-01 00:02:58.076   275   275 D SoftKeymaster: system/keymaster/soft_keymaster_device.cpp, Line 132: Device address: 0xb2cb2000
01-01 00:02:58.076   275   275 I keystore: Keymaster0 module is software-only.  Using SoftKeymasterDevice instead.
01-01 00:02:58.076   275   275 I SoftKeymaster: system/keymaster/soft_keymaster_device.cpp, Line 131: Creating device
01-01 00:02:58.076   275   275 D SoftKeymaster: system/keymaster/soft_keymaster_device.cpp, Line 132: Device address: 0xb2cb2200
01-01 00:02:58.089   286   286 I gatekeeperd: Starting gatekeeperd...
01-01 00:02:58.091   286   286 W gatekeeperd: falling back to software GateKeeper
01-01 00:02:58.092   286   286 I gatekeeperd: cold boot: clearing state
01-01 00:02:58.130   278   278 I ip      : type=1400 audit(0.0:17): avc: denied { create } for scontext=u:r:obd:s0 tcontext=u:r:obd:s0 tclass=netlink_route_socket permissive=1
01-01 00:02:58.130   278   278 I ip      : type=1400 audit(0.0:18): avc: denied { setopt } for scontext=u:r:obd:s0 tcontext=u:r:obd:s0 tclass=netlink_route_socket permissive=1
01-01 00:02:58.130   278   278 I ip      : type=1400 audit(0.0:19): avc: denied { bind } for scontext=u:r:obd:s0 tcontext=u:r:obd:s0 tclass=netlink_route_socket permissive=1
01-01 00:02:58.130   278   278 I ip      : type=1400 audit(0.0:20): avc: denied { getattr } for scontext=u:r:obd:s0 tcontext=u:r:obd:s0 tclass=netlink_route_socket permissive=1
01-01 00:02:58.130   278   278 I ip      : type=1400 audit(0.0:21): avc: denied { write } for scontext=u:r:obd:s0 tcontext=u:r:obd:s0 tclass=netlink_route_socket permissive=1
01-01 00:02:58.130   278   278 I ip      : type=1400 audit(0.0:22): avc: denied { nlmsg_write } for scontext=u:r:obd:s0 tcontext=u:r:obd:s0 tclass=netlink_route_socket permissive=1
01-01 00:02:58.130   278   278 I ip      : type=1400 audit(0.0:23): avc: denied { net_admin } for capability=12 scontext=u:r:obd:s0 tcontext=u:r:obd:s0 tclass=capability permissive=1
01-01 00:02:58.130   278   278 I ip      : type=1400 audit(0.0:24): avc: denied { read } for scontext=u:r:obd:s0 tcontext=u:r:obd:s0 tclass=netlink_route_socket permissive=1
01-01 00:02:58.130   278   278 I ip      : type=1400 audit(0.0:25): avc: denied { create } for scontext=u:r:obd:s0 tcontext=u:r:obd:s0 tclass=udp_socket permissive=1
01-01 00:02:58.130   278   278 I ip      : type=1400 audit(0.0:26): avc: denied { net_raw } for capability=13 scontext=u:r:obd:s0 tcontext=u:r:obd:s0 tclass=capability permissive=1
01-01 00:02:58.130   278   278 I ip      : type=1400 audit(0.0:27): avc: denied { ioctl } for path="socket:[9610]" dev="sockfs" ino=9610 ioctlcmd=0x8933 scontext=u:r:obd:s0 tcontext=u:r:obd:s0 tclass=udp_socket permissive=1
01-01 00:02:58.170   268   268 I can-config.sh: type=1400 audit(0.0:28): avc: denied { getattr } for path="/system/bin/toybox" dev="mmcblk0p3" ino=468 scontext=u:r:obd:s0 tcontext=u:object_r:toolbox_exec:s0 tclass=file permissive=1
01-01 00:02:58.170   268   268 I can-config.sh: type=1400 audit(0.0:29): avc: denied { execute } for name="toybox" dev="mmcblk0p3" ino=468 scontext=u:r:obd:s0 tcontext=u:object_r:toolbox_exec:s0 tclass=file permissive=1
01-01 00:02:58.190   287   287 I can-config.sh: type=1400 audit(0.0:30): avc: denied { read open } for path="/system/bin/toybox" dev="mmcblk0p3" ino=468 scontext=u:r:obd:s0 tcontext=u:object_r:toolbox_exec:s0 tclass=file permissive=1
01-01 00:02:58.190   287   287 I can-config.sh: type=1400 audit(0.0:31): avc: denied { execute_no_trans } for path="/system/bin/toybox" dev="mmcblk0p3" ino=468 scontext=u:r:obd:s0 tcontext=u:object_r:toolbox_exec:s0 tclass=file permissive=1
01-01 00:02:58.200   287   287 I touch   : type=1400 audit(0.0:32): avc: denied { getattr } for path="/vendor" dev="rootfs" ino=6499 scontext=u:r:obd:s0 tcontext=u:object_r:rootfs:s0 tclass=lnk_file permissive=1
01-01 00:02:58.245   284   284 I Netd    : Netd 1.0 starting
01-01 00:02:58.245   284   284 D TetherController: Setting IP forward enable = 0
01-01 00:02:58.320   287   287 I touch   : type=1400 audit(0.0:33): avc: denied { write } for name="vcan" dev="tmpfs" ino=6989 scontext=u:r:obd:s0 tcontext=u:object_r:socket_device:s0 tclass=sock_file permissive=1
01-01 00:02:58.365   265   265 I SurfaceFlinger: SurfaceFlinger is starting
01-01 00:02:58.368   265   265 I SurfaceFlinger: SurfaceFlinger's main thread ready to run. Initializing graphics H/W...
01-01 00:02:58.408   265   265 D libEGL  : loaded /system/lib/egl/libEGL_VIVANTE.so
01-01 00:02:58.510   265   265 D libEGL  : loaded /system/lib/egl/libGLESv1_CM_VIVANTE.so
01-01 00:02:58.581   272   272 I cameraserver: ServiceManager: 0xa7d99380
01-01 00:02:58.581   272   272 I CameraService: CameraService started (pid=272)
01-01 00:02:58.581   272   272 I CameraService: CameraService process starting
01-01 00:02:58.581   272   272 W BatteryNotifier: batterystats service unavailable!
01-01 00:02:58.581   272   272 W BatteryNotifier: batterystats service unavailable!
01-01 00:02:58.605   276   276 I mediacodec: @@@ mediacodecservice starting
01-01 00:02:58.606   276   276 W /system/bin/mediacodec: libminijail: allowing syscall: clock_gettime
01-01 00:02:58.606   276   276 W /system/bin/mediacodec: libminijail: allowing syscall: connect
01-01 00:02:58.607   276   276 W /system/bin/mediacodec: libminijail: allowing syscall: fcntl64
01-01 00:02:58.607   276   276 W /system/bin/mediacodec: libminijail: allowing syscall: socket
01-01 00:02:58.607   276   276 W /system/bin/mediacodec: libminijail: allowing syscall: writev
01-01 00:02:58.608   276   276 W /system/bin/mediacodec: libminijail: logging seccomp filter failures
01-01 00:02:58.637   272   272 I FslCameraHAL: void CameraHAL::enumSensorSet()
01-01 00:02:58.637   272   272 I FslCameraHAL: int32_t CameraHAL::matchDevNodes()
01-01 00:02:58.637   272   272 I FslCameraHAL: getNodeName: dev path:/dev/video1
01-01 00:02:58.642   272   272 W FslCameraHAL: int32_t CameraHAL::getNodeName(const char *, char *, size_t) open dev path:/dev/video1 failed:Try again
01-01 00:02:58.642   272   272 I FslCameraHAL: getNodeName: dev path:/dev/video17
01-01 00:02:58.643   285   285 D MagDaemon: couldn't find 'FreescaleAccelerometer' input device
01-01 00:02:58.643   285   285 D MagDaemon: inital sensor error
01-01 00:02:58.673   272   272 W FslCameraHAL: int32_t CameraHAL::getNodeName(const char *, char *, size_t) dev path:/dev/video17 is not capture
01-01 00:02:58.673   272   272 I FslCameraHAL: getNodeName: dev path:/dev/video0
01-01 00:02:58.678   272   272 W FslCameraHAL: int32_t CameraHAL::getNodeName(const char *, char *, size_t) open dev path:/dev/video0 failed:Try again
01-01 00:02:58.678   272   272 I FslCameraHAL: getNodeName: dev path:/dev/video18
01-01 00:02:58.698   265   265 D libEGL  : loaded /system/lib/egl/libGLESv2_VIVANTE.so
01-01 00:02:58.703   272   272 W FslCameraHAL: int32_t CameraHAL::getNodeName(const char *, char *, size_t) dev path:/dev/video18 is not capture
01-01 00:02:58.703   272   272 I FslCameraHAL: getNodeName: dev path:/dev/video16
01-01 00:02:58.703   272   272 W FslCameraHAL: int32_t CameraHAL::getNodeName(const char *, char *, size_t) open dev path:/dev/video16 failed:Permission denied
01-01 00:02:58.703   272   272 I FslCameraHAL: matchPropertyName: index:0, ov5640_mipi,ov5642_camera,ov5640_camera
01-01 00:02:58.703   272   272 I FslCameraHAL: index:0, propName:ov5640_mipi
01-01 00:02:58.703   272   272 I FslCameraHAL: int32_t CameraHAL::matchNodeName(const char *, nodeSet *, int32_t)
01-01 00:02:58.703   272   272 I FslCameraHAL: index:0, propName:ov5642_camera
01-01 00:02:58.703   272   272 I FslCameraHAL: int32_t CameraHAL::matchNodeName(const char *, nodeSet *, int32_t)
01-01 00:02:58.703   272   272 I FslCameraHAL: index:0, propName:ov5640_camera
01-01 00:02:58.703   272   272 I FslCameraHAL: int32_t CameraHAL::matchNodeName(const char *, nodeSet *, int32_t)
01-01 00:02:58.703   272   272 I FslCameraHAL: matchPropertyName: index:1, uvc,ov5642_camera,ov5640_camera
01-01 00:02:58.703   272   272 I FslCameraHAL: index:1, propName:uvc
01-01 00:02:58.703   272   272 I FslCameraHAL: int32_t CameraHAL::matchNodeName(const char *, nodeSet *, int32_t)
01-01 00:02:58.703   272   272 I FslCameraHAL: index:1, propName:ov5642_camera
01-01 00:02:58.703   272   272 I FslCameraHAL: int32_t CameraHAL::matchNodeName(const char *, nodeSet *, int32_t)
01-01 00:02:58.703   272   272 I FslCameraHAL: index:1, propName:ov5640_camera
01-01 00:02:58.703   272   272 I FslCameraHAL: int32_t CameraHAL::matchNodeName(const char *, nodeSet *, int32_t)
01-01 00:02:58.703   272   272 I FslCameraHAL: camera number is 0
01-01 00:02:58.704   272   272 I CameraService: Loaded "Default Camera HAL" camera module
01-01 00:02:58.704   272   272 I ServiceManager: Waiting for service media.camera.proxy...
01-01 00:02:58.721   282   282 V MediaUtils: physMem: 2107793408
01-01 00:02:58.721   282   282 V MediaUtils: requested limit: 421558680
01-01 00:02:58.721   282   282 V MediaUtils: actual limit: 3221225472
01-01 00:02:58.721   282   282 V MediaUtils: original limits: 4294967295/4294967295
01-01 00:02:58.721   282   282 V MediaUtils: new limits: 3221225472/4294967295
01-01 00:02:58.721   282   282 W /system/bin/mediaextractor: libminijail: allowing syscall: clock_gettime
01-01 00:02:58.721   282   282 W /system/bin/mediaextractor: libminijail: allowing syscall: connect
01-01 00:02:58.722   282   282 W /system/bin/mediaextractor: libminijail: allowing syscall: fcntl64
01-01 00:02:58.722   282   282 W /system/bin/mediaextractor: libminijail: allowing syscall: socket
01-01 00:02:58.722   282   282 W /system/bin/mediaextractor: libminijail: allowing syscall: writev
01-01 00:02:58.729   282   282 W /system/bin/mediaextractor: libminijail: logging seccomp filter failures
01-01 00:02:59.139   271   271 I         : sMaxFastTracks = 8
01-01 00:02:59.153   271   271 I audioserver: ServiceManager: 0xb2699380
01-01 00:02:59.154   271   271 W BatteryNotifier: batterystats service unavailable!
01-01 00:02:59.154   271   271 I AudioFlinger: Using default 3000 mSec as standby time.
01-01 00:02:59.156   271   271 I AudioPolicyService: AudioPolicyService CSTOR in new mode
01-01 00:02:59.217   271   271 W audio_hw_primary: Aravinth: card 0, id imx6qapalissgtl ,driver imx6q-apalis-sg, name imx6q-apalis-sgtl5000
01-01 00:02:59.217   271   271 W audio_hw_primary: Aravinth: scan_available_device >0 name:imx6q-sgtl5000
01-01 00:02:59.217   271   271 W audio_hw_primary: Aravinth: scan_available_device >0 Cardname:imx6q-apalis-sg
01-01 00:02:59.217   271   271 W audio_hw_primary: Aravinth: scan_available_device >0 name:wm8958-audio
01-01 00:02:59.217   271   271 W audio_hw_primary: Aravinth: scan_available_device >0 Cardname:imx6q-apalis-sg
01-01 00:02:59.217   271   271 W audio_hw_primary: Aravinth: scan_available_device >0 name:wm8962-audio
01-01 00:02:59.217   271   271 W audio_hw_primary: Aravinth: scan_available_device >0 Cardname:imx6q-apalis-sg
01-01 00:02:59.218   271   271 W audio_hw_primary: Aravinth: scan_available_device >0 name:imx-hdmi-soc
01-01 00:02:59.218   271   271 W audio_hw_primary: Aravinth: scan_available_device >0 Cardname:imx6q-apalis-sg
01-01 00:02:59.218   271   271 W audio_hw_primary: Aravinth: scan_available_device >0 name:imx-spdif
01-01 00:02:59.218   271   271 W audio_hw_primary: Aravinth: scan_available_device >0 Cardname:imx6q-apalis-sg
01-01 00:02:59.218   271   271 W audio_hw_primary: Aravinth: scan_available_device >0 name:cs42888-audio
01-01 00:02:59.218   271   271 W audio_hw_primary: Aravinth: scan_available_device >0 Cardname:imx6q-apalis-sg
01-01 00:02:59.218   271   271 W audio_hw_primary: Aravinth: scan_available_device >0 name:wm8960-audio
01-01 00:02:59.218   271   271 W audio_hw_primary: Aravinth: scan_available_device >0 Cardname:imx6q-apalis-sg
01-01 00:02:59.218   271   271 W audio_hw_primary: Aravinth: scan_available_device >0 name:sii902x-audio
01-01 00:02:59.218   271   271 W audio_hw_primary: Aravinth: scan_available_device >0 Cardname:imx6q-apalis-sg
01-01 00:02:59.218   271   271 W audio_hw_primary: Aravinth: scan_available_device >0 name:rpmsg-audio
01-01 00:02:59.218   271   271 W audio_hw_primary: Aravinth: scan_available_device >0 Cardname:imx6q-apalis-sg
01-01 00:02:59.218   271   271 W audio_hw_primary: Aravinth: scan_available_device >0 name:null_card
01-01 00:02:59.218   271   271 W audio_hw_primary: Aravinth: scan_available_device >0 Cardname:imx6q-apalis-sg
01-01 00:02:59.218   271   271 W audio_hw_primary: Aravinth: scan_available_device >4
01-01 00:02:59.218   271   271 W audio_hw_primary: unrecognized card found.
01-01 00:02:59.218   271   271 W audio_hw_primary: Aravinth: card 1, id imxspdif ,driver imx-spdif, name imx-spdif
01-01 00:02:59.218   271   271 W audio_hw_primary: Aravinth: scan_available_device >0 name:imx6q-sgtl5000
01-01 00:02:59.218   271   271 W audio_hw_primary: Aravinth: scan_available_device >0 Cardname:imx-spdif
01-01 00:02:59.219   271   271 W audio_hw_primary: Aravinth: scan_available_device >0 name:wm8958-audio
01-01 00:02:59.219   271   271 W audio_hw_primary: Aravinth: scan_available_device >0 Cardname:imx-spdif
01-01 00:02:59.219   271   271 W audio_hw_primary: Aravinth: scan_available_device >0 name:wm8962-audio
01-01 00:02:59.219   271   271 W audio_hw_primary: Aravinth: scan_available_device >0 Cardname:imx-spdif
01-01 00:02:59.219   271   271 W audio_hw_primary: Aravinth: scan_available_device >0 name:imx-hdmi-soc
01-01 00:02:59.219   271   271 W audio_hw_primary: Aravinth: scan_available_device >0 Cardname:imx-spdif
01-01 00:02:59.219   271   271 W audio_hw_primary: Aravinth: scan_available_device >0 name:imx-spdif
01-01 00:02:59.219   271   271 W audio_hw_primary: Aravinth: scan_available_device >0 Cardname:imx-spdif
01-01 00:02:59.219   271   271 W audio_hw_primary: Aravinth: scan_available_device >1
01-01 00:02:59.219   271   271 W audio_hw_primary: Aravinth: scan_available_device >2
01-01 00:02:59.219   271   271 W audio_hw_primary: Aravinth: scan_available_device >3
01-01 00:02:59.233   271   271 W audio_hw_primary: out rate 44100
01-01 00:02:59.236   271   271 W audio_hw_primary: in rate 44100, channels 2 format 3
01-01 00:02:59.236   271   271 W audio_hw_primary: Aravinth: scan_available_device >4
01-01 00:02:59.236   271   271 W audio_hw_primary: Aravinth: card 2, id imxhdmisoc ,driver imx-hdmi-soc, name imx-hdmi-soc
01-01 00:02:59.236   271   271 W audio_hw_primary: Aravinth: scan_available_device >0 name:imx6q-sgtl5000
01-01 00:02:59.236   271   271 W audio_hw_primary: Aravinth: scan_available_device >0 Cardname:imx-hdmi-soc
01-01 00:02:59.236   271   271 W audio_hw_primary: Aravinth: scan_available_device >0 name:wm8958-audio
01-01 00:02:59.236   271   271 W audio_hw_primary: Aravinth: scan_available_device >0 Cardname:imx-hdmi-soc
01-01 00:02:59.236   271   271 W audio_hw_primary: Aravinth: scan_available_device >0 name:wm8962-audio
01-01 00:02:59.236   271   271 W audio_hw_primary: Aravinth: scan_available_device >0 Cardname:imx-hdmi-soc
01-01 00:02:59.236   271   271 W audio_hw_primary: Aravinth: scan_available_device >0 name:imx-hdmi-soc
01-01 00:02:59.236   271   271 W audio_hw_primary: Aravinth: scan_available_device >0 Cardname:imx-hdmi-soc
01-01 00:02:59.236   271   271 W audio_hw_primary: Aravinth: scan_available_device >1
01-01 00:02:59.236   271   271 W audio_hw_primary: Aravinth: scan_available_device >2
01-01 00:02:59.236   271   271 W audio_hw_primary: Aravinth: scan_available_device >3
01-01 00:02:59.263   271   271 W audio_hw_primary: out rate 0
01-01 00:02:59.293   271   271 W audio_hw_primary: in rate 0, channels 0 format 0
01-01 00:02:59.293   271   271 W audio_hw_primary: Aravinth: scan_available_device >4
01-01 00:02:59.293   271   271 W audio_hw_primary: Aravinth: adev_open >0 
01-01 00:02:59.293   271   271 W audio_hw_primary: Aravinth: select_output_device >0 out_device=2
01-01 00:02:59.294   271   271 W audio_hw_primary: headphone 0 ,headset 2 ,speaker 2, earpiece 0, bt_on 0
01-01 00:02:59.294   271   271 I AudioFlinger: loadHwModule() Loaded primary audio interface from Freescale i.MX Audio HW HAL (audio) handle 10
01-01 00:02:59.294   271   271 I AudioFlinger: openOutput(), module 10 Device 2, SamplingRate 44100, Format 0x000001, Channels 3, flags 2
01-01 00:02:59.294   271   271 W audio_hw_primary: open output stream devices 2, format 1, channels 3, sample_rate 44100, flag 2
01-01 00:02:59.294   271   271 V audio_hw_primary: adev_open_output_stream() normal buffer
01-01 00:02:59.295   271   271 W audio_hw_primary: opened out stream...-1301465344, type 1
01-01 00:02:59.296   271   271 I AudioFlinger: HAL output buffer size 192 frames, normal sink buffer size 768 frames
01-01 00:02:59.384   271   271 I BufferProvider: found effect "Multichannel Downmix To Stereo" from The Android Open Source Project
01-01 00:02:59.385   271   271 I AudioFlinger: Using module 10 has the primary audio interface
01-01 00:02:59.391   271   317 I AudioFlinger: AudioFlinger's thread 0xb21833c0 ready to run
01-01 00:02:59.392   271   317 W BatteryNotifier: batterystats service unavailable!
01-01 00:02:59.392   271   317 W audio_hw_primary: out_set_parameters routing=2, ret 0, out -1301465344
01-01 00:02:59.392   271   317 W BatteryNotifier: batterystats service unavailable!
01-01 00:02:59.393   271   317 W BatteryNotifier: batterystats service unavailable!
01-01 00:02:59.393   271   317 W AudioFlinger: no wake lock to update, system not ready yet
01-01 00:02:59.394   265   265 E gralloc : int gralloc1_device_open(const struct hw_module_t *, const char *, hw_device_t **) invalid name:fb0
01-01 00:02:59.394   271   271 W audio_hw_primary: In channels 2, rate 48000, devices 0x80000004
01-01 00:02:59.395   271   271 W audio_hw_primary: get_input_buffer_size size = 208, channel_count = 2
01-01 00:02:59.395   271   271 W audio_hw_primary: get_input_buffer_size size = 208, channel_count = 2
01-01 00:02:59.396   271   324 I AudioFlinger: AudioFlinger's thread 0xb1d03600 ready to run
01-01 00:02:59.397   283   283 I mediaserver: ServiceManager: 0xae3993e0
01-01 00:02:59.398   265   265 I hwcomposer: hwc_device_open,435
01-01 00:02:59.398   265   265 I SurfaceFlinger: Using composer version 1.3
01-01 00:02:59.398   283   283 W BatteryNotifier: batterystats service unavailable!
01-01 00:02:59.400   271   323 E FastThread: did not receive expected priority boost
01-01 00:02:59.403   271   271 I bt_a2dp_hw: adev_open:  adev_open in A2dp_hw module
01-01 00:02:59.403   271   271 I AudioFlinger: loadHwModule() Loaded a2dp audio interface from A2DP Audio HW HAL (audio) handle 18
01-01 00:02:59.410   271   271 I AudioFlinger: loadHwModule() Loaded usb audio interface from USB audio HW HAL (audio) handle 26
01-01 00:02:59.414   271   271 I r_submix: adev_open(name=audio_hw_if)
01-01 00:02:59.415   271   271 I r_submix: adev_init_check()
01-01 00:02:59.415   271   271 I AudioFlinger: loadHwModule() Loaded r_submix audio interface from Wifi Display audio HAL (audio) handle 34
01-01 00:02:59.415   271   271 D r_submix: adev_open_input_stream(addr=0)
01-01 00:02:59.415   271   271 D r_submix: submix_audio_device_create_pipe_l(addr=0, idx=9)
01-01 00:02:59.415   271   271 D r_submix:   now using address 0 for route 9
01-01 00:02:59.417   271   326 I AudioFlinger: AudioFlinger's thread 0xb1c03640 ready to run
01-01 00:02:59.417   271   271 D r_submix: adev_close_input_stream()
01-01 00:02:59.417   271   271 D r_submix: submix_audio_device_release_pipe_l(idx=9) addr=0
01-01 00:02:59.417   271   271 D r_submix: submix_audio_device_destroy_pipe_l(): pipe destroyed
01-01 00:02:59.418   277   277 I mediaserver: ServiceManager: 0xaeb993e0
01-01 00:02:59.418   271   271 I RadioService: RadioService
01-01 00:02:59.418   271   271 I RadioService: onFirstRef
01-01 00:02:59.419   271   271 E RadioService: couldn't load radio module radio.primary (No such file or directory)
01-01 00:02:59.420   271   271 E SoundTriggerHwService: couldn't load sound trigger module sound_trigger.primary (No such file or directory)
01-01 00:02:59.437   265   265 I display : entry:fb1 get fb1
01-01 00:02:59.438   265   265 I display : fb1 is overlay device
01-01 00:02:59.438   265   265 I display : entry:fb2 get fb2
01-01 00:02:59.438   265   265 I display : fb2 is hdmi
01-01 00:02:59.438   265   265 I display :  device
01-01 00:02:59.439   265   265 I display : fb2 device plugin
01-01 00:02:59.560   265   265 W display : xres         = 640 px
01-01 00:02:59.560   265   265 W display : yres         = 480 px
01-01 00:02:59.560   265   265 W display : fps          = 59.94 Hz
01-01 00:02:59.560   265   265 W display : bpp          = 32
01-01 00:02:59.560   265   265 W display : r            =  0:8
01-01 00:02:59.560   265   265 W display : g            =  8:8
01-01 00:02:59.560   265   265 W display : b            = 16:8
01-01 00:02:59.572   265   265 I display : GPUManager exists
01-01 00:02:59.573   265   265 I display : entry:fb0 get fb0
01-01 00:02:59.573   265   265 I display : fb0 is lcd
01-01 00:02:59.573   265   265 I display :  device
01-01 00:02:59.623   265   265 W display : xres         = 800 px
01-01 00:02:59.623   265   265 W display : yres         = 480 px
01-01 00:02:59.623   265   265 W display : fps          = 59.99 Hz
01-01 00:02:59.623   265   265 W display : bpp          = 32
01-01 00:02:59.623   265   265 W display : r            =  0:8
01-01 00:02:59.623   265   265 W display : g            =  8:8
01-01 00:02:59.623   265   265 W display : b            = 16:8
01-01 00:02:59.624   265   265 E hwcomposer: unknown display attribute 6
01-01 00:02:59.624   265   265 E hwcomposer: unknown display attribute 6
01-01 00:02:59.625   265   265 W SurfaceFlinger: no suitable EGLConfig found, trying a simpler query
01-01 00:02:59.625   265   265 I SurfaceFlinger: EGL information:
01-01 00:02:59.625   265   265 I SurfaceFlinger: vendor    : Android
01-01 00:02:59.625   265   265 I SurfaceFlinger: version   : 1.4 Android META-EGL
01-01 00:02:59.625   265   265 I SurfaceFlinger: extensions: EGL_KHR_get_all_proc_addresses EGL_ANDROID_presentation_time EGL_KHR_swap_buffers_with_damage EGL_ANDROID_create_native_client_buffer EGL_ANDROID_front_buffer_auto_refresh EGL_KHR_image EGL_KHR_image_base EGL_KHR_image_pixmap EGL_KHR_lock_surface EGL_KHR_gl_texture_2D_image EGL_KHR_gl_texture_cubemap_image EGL_KHR_gl_renderbuffer_image EGL_KHR_reusable_sync EGL_KHR_fence_sync EGL_KHR_create_context EGL_KHR_surfaceless_context EGL_EXT_create_context_robustness EGL_ANDROID_image_native_buffer EGL_KHR_wait_sync EGL_ANDROID_recordable EGL_EXT_buffer_age 
01-01 00:02:59.625   265   265 I SurfaceFlinger: Client API: OpenGL_ES
01-01 00:02:59.625   265   265 I SurfaceFlinger: EGLSurface: 8-8-8-8, config=0x15
01-01 00:02:59.664   265   265 I SurfaceFlinger: OpenGL ES informations:
01-01 00:02:59.664   265   265 I SurfaceFlinger: vendor    : Vivante Corporation
01-01 00:02:59.664   265   265 I SurfaceFlinger: renderer  : Vivante GC2000
01-01 00:02:59.664   265   265 I SurfaceFlinger: version   : OpenGL ES 3.0 V6.2.2.P1.96445
01-01 00:02:59.664   265   265 I SurfaceFlinger: extensions: GL_EXT_debug_marker GL_OES_vertex_type_10_10_10_2 GL_OES_vertex_half_float GL_OES_element_index_uint GL_OES_mapbuffer GL_OES_vertex_array_object GL_OES_compressed_ETC1_RGB8_texture GL_OES_compressed_paletted_texture GL_OES_texture_npot GL_OES_rgb8_rgba8 GL_OES_depth_texture GL_OES_depth_texture_cube_map GL_OES_depth24 GL_OES_depth32 GL_OES_packed_depth_stencil GL_OES_fbo_render_mipmap GL_OES_get_program_binary GL_OES_fragment_precision_high GL_OES_standard_derivatives GL_OES_EGL_image GL_OES_EGL_image_external GL_OES_EGL_sync GL_OES_required_internalformat GL_OES_surfaceless_context GL_OES_texture_half_float GL_OES_texture_float GL_EXT_texture_type_2_10_10_10_REV GL_EXT_texture_filter_anisotropic GL_EXT_texture_format_BGRA8888 GL_EXT_read_format_bgra GL_EXT_multi_draw_arrays GL_EXT_frag_depth GL_EXT_discard_framebuffer GL_EXT_blend_minmax GL_EXT_multisampled_render_to_texture GL_EXT_robustness GL_EXT_texture_sRGB_decode GL_EXT_texture_rg GL_VIV_direct_texture 
01-01 00:02:59.664   265   265 I SurfaceFlinger: GL_MAX_TEXTURE_SIZE = 8192
01-01 00:02:59.664   265   265 I SurfaceFlinger: GL_MAX_VIEWPORT_DIMS = 8192
01-01 00:02:59.669   265   265 E gralloc : int gralloc1_device_open(const struct hw_module_t *, const char *, hw_device_t **) invalid name:fb0
01-01 00:02:59.669   265   265 I v_egl   : FramebufferSurface: bufferCount=3
01-01 00:02:59.669   265   265 E libEGL  : eglSetSwapRectangleANDROID:1979 error 300d (EGL_BAD_SURFACE)
01-01 00:02:59.670   265   265 E gralloc : int gralloc1_device_open(const struct hw_module_t *, const char *, hw_device_t **) invalid name:fb0
01-01 00:02:59.670   265   265 I v_egl   : FramebufferSurface: bufferCount=3
01-01 00:02:59.671   265   265 E libEGL  : eglSetSwapRectangleANDROID:1979 error 300d (EGL_BAD_SURFACE)
01-01 00:02:59.671   265   265 D SurfaceFlinger: marking display 1 as acquired/unblanked
01-01 00:02:59.705   272   272 I ServiceManager: Waiting for service media.camera.proxy...
01-01 00:03:00.084   265   265 D SurfaceFlinger: shader cache generated - 24 shaders in 410.796997 ms
01-01 00:03:00.088   265   265 D SurfaceFlinger: Set power mode=2, type=0 flinger=0xa7132000
01-01 00:03:00.635   270   270 D AndroidRuntime: >>>>>> START com.android.internal.os.ZygoteInit uid 0 <<<<<<
01-01 00:03:00.706   272   272 I ServiceManager: Waiting for service media.camera.proxy...
01-01 00:03:00.725   270   270 D AndroidRuntime: CheckJNI is OFF
01-01 00:03:00.731   270   270 I art     : option[0]=-Xzygote
01-01 00:03:00.731   270   270 I art     : option[1]=-Xstacktracefile:/data/anr/traces.txt
01-01 00:03:00.731   270   270 I art     : option[2]=exit
01-01 00:03:00.731   270   270 I art     : option[3]=vfprintf
01-01 00:03:00.731   270   270 I art     : option[4]=sensitiveThread
01-01 00:03:00.731   270   270 I art     : option[5]=-verbose:gc
01-01 00:03:00.731   270   270 I art     : option[6]=-Xms8m
01-01 00:03:00.731   270   270 I art     : option[7]=-Xmx384m
01-01 00:03:00.731   270   270 I art     : option[8]=-XX:HeapGrowthLimit=128m
01-01 00:03:00.732   270   270 I art     : option[9]=-XX:HeapMinFree=512k
01-01 00:03:00.732   270   270 I art     : option[10]=-XX:HeapMaxFree=8m
01-01 00:03:00.732   270   270 I art     : option[11]=-XX:HeapTargetUtilization=0.75
01-01 00:03:00.732   270   270 I art     : option[12]=-Xusejit:true
01-01 00:03:00.732   270   270 I art     : option[13]=-Xjitsaveprofilinginfo
01-01 00:03:00.732   270   270 I art     : option[14]=-agentlib:jdwp=transport=dt_android_adb,suspend=n,server=y
01-01 00:03:00.732   270   270 I art     : option[15]=-Ximage-compiler-option
01-01 00:03:00.732   270   270 I art     : option[16]=--runtime-arg
01-01 00:03:00.732   270   270 I art     : option[17]=-Ximage-compiler-option
01-01 00:03:00.732   270   270 I art     : option[18]=-Xms64m
01-01 00:03:00.732   270   270 I art     : option[19]=-Ximage-compiler-option
01-01 00:03:00.732   270   270 I art     : option[20]=--runtime-arg
01-01 00:03:00.732   270   270 I art     : option[21]=-Ximage-compiler-option
01-01 00:03:00.732   270   270 I art     : option[22]=-Xmx64m
01-01 00:03:00.732   270   270 I art     : option[23]=-Ximage-compiler-option
01-01 00:03:00.732   270   270 I art     : option[24]=--image-classes=/system/etc/preloaded-classes
01-01 00:03:00.732   270   270 I art     : option[25]=-Ximage-compiler-option
01-01 00:03:00.732   270   270 I art     : option[26]=--compiled-classes=/system/etc/compiled-classes
01-01 00:03:00.732   270   270 I art     : option[27]=-Xcompiler-option
01-01 00:03:00.733   270   270 I art     : option[28]=--runtime-arg
01-01 00:03:00.733   270   270 I art     : option[29]=-Xcompiler-option
01-01 00:03:00.733   270   270 I art     : option[30]=-Xms64m
01-01 00:03:00.733   270   270 I art     : option[31]=-Xcompiler-option
01-01 00:03:00.733   270   270 I art     : option[32]=--runtime-arg
01-01 00:03:00.733   270   270 I art     : option[33]=-Xcompiler-option
01-01 00:03:00.733   270   270 I art     : option[34]=-Xmx512m
01-01 00:03:00.733   270   270 I art     : option[35]=-Ximage-compiler-option
01-01 00:03:00.733   270   270 I art     : option[36]=--instruction-set-variant=cortex-a9
01-01 00:03:00.733   270   270 I art     : option[37]=-Xcompiler-option
01-01 00:03:00.733   270   270 I art     : option[38]=--instruction-set-variant=cortex-a9
01-01 00:03:00.733   270   270 I art     : option[39]=-Ximage-compiler-option
01-01 00:03:00.733   270   270 I art     : option[40]=--instruction-set-features=default
01-01 00:03:00.733   270   270 I art     : option[41]=-Xcompiler-option
01-01 00:03:00.733   270   270 I art     : option[42]=--instruction-set-features=default
01-01 00:03:00.733   270   270 I art     : option[43]=-Duser.locale=en-US
01-01 00:03:00.733   270   270 I art     : option[44]=--cpu-abilist=armeabi-v7a,armeabi
01-01 00:03:00.733   270   270 I art     : option[45]=-Xfingerprint:Android/toradex_apalis6q/toradex_apalis6q:7.1.2/2.0.0-rfp-rc6/20170930:user/release-keys
01-01 00:03:00.762   270   270 I art     : Pruning dalvik-cache since we are relocating an image and will need to recompile
01-01 00:03:00.763   270   270 I art     : RelocateImage: /system/bin/patchoat --input-image-location=/system/framework/boot.art --output-image-file=/data/dalvik-cache/arm/system@framework@boot.art --instruction-set=arm --base-offset-delta=11583488
01-01 00:03:01.682   358   417 D libEGL  : loaded /system/lib/egl/libEGL_VIVANTE.so
01-01 00:03:01.706   272   272 I ServiceManager: Waiting for service media.camera.proxy...
01-01 00:03:01.708   358   417 D libEGL  : loaded /system/lib/egl/libGLESv1_CM_VIVANTE.so
01-01 00:03:01.876   358   417 D libEGL  : loaded /system/lib/egl/libGLESv2_VIVANTE.so
01-01 00:03:02.398   271   317 W BatteryNotifier: batterystats service unavailable!
01-01 00:03:02.637   358   417 I display : GPUManager exists
01-01 00:03:03.664   270   270 D ICU     : No timezone override file found: /data/misc/zoneinfo/current/icu/icu_tzdata.dat
01-01 00:03:04.082   270   270 E memtrack: Couldn't load memtrack module (No such file or directory)
01-01 00:03:04.082   270   270 E android.os.Debug: failed to load memtrack module: -2
01-01 00:03:04.086   270   270 I Radio-JNI: register_android_hardware_Radio DONE
01-01 00:03:04.128   270   270 I SamplingProfilerIntegration: Profiling disabled.
01-01 00:03:04.129   270   270 D Zygote  : begin preload
01-01 00:03:04.129   270   270 I Zygote  : Installing ICU cache reference pinning...
01-01 00:03:04.146   270   270 I Zygote  : Preloading ICU data...
01-01 00:03:04.235   284   284 V NatController: runCmd(/system/bin/iptables -w -F natctrl_FORWARD) res=0
01-01 00:03:04.266   284   284 V NatController: runCmd(/system/bin/ip6tables -w -F natctrl_FORWARD) res=0
01-01 00:03:04.303   284   284 V NatController: runCmd(/system/bin/iptables -w -A natctrl_FORWARD -j DROP) res=0
01-01 00:03:04.333   284   284 V NatController: runCmd(/system/bin/iptables -w -t nat -F natctrl_nat_POSTROUTING) res=0
01-01 00:03:04.364   284   284 V NatController: runCmd(/system/bin/ip6tables -w -t raw -F natctrl_raw_PREROUTING) res=0
01-01 00:03:04.368   270   270 I Zygote  : Preloading classes...
01-01 00:03:04.379   270   270 W Zygote  : Class not found for preloading: [Landroid.view.Display$ColorTransform;
01-01 00:03:04.393   284   284 V NatController: runCmd(/system/bin/iptables -w -F natctrl_tether_counters) res=1
01-01 00:03:04.423   284   284 V NatController: runCmd(/system/bin/ip6tables -w -F natctrl_tether_counters) res=1
01-01 00:03:04.459   284   284 V NatController: runCmd(/system/bin/iptables -w -X natctrl_tether_counters) res=1
01-01 00:03:04.483   284   284 V NatController: runCmd(/system/bin/ip6tables -w -X natctrl_tether_counters) res=1
01-01 00:03:04.513   284   284 V NatController: runCmd(/system/bin/iptables -w -N natctrl_tether_counters) res=0
01-01 00:03:04.541   284   284 V NatController: runCmd(/system/bin/ip6tables -w -N natctrl_tether_counters) res=0
01-01 00:03:04.566   284   284 V NatController: runCmd(/system/bin/iptables -w -t mangle -A natctrl_mangle_FORWARD -p tcp --tcp-flags SYN SYN -j TCPMSS --clamp-mss-to-pmtu) res=0
01-01 00:03:04.915   284   284 E Netd    : cannot find interface dummy0
01-01 00:03:04.917   284   284 D MDnsDS  : MDnsSdListener::Hander starting up
01-01 00:03:04.918   284   538 D MDnsDS  : MDnsSdListener starting to monitor
01-01 00:03:04.918   284   538 D MDnsDS  : Going to poll with pollCount 1
01-01 00:03:05.432   270   270 E Typeface: Error mapping font file /system/fonts/DroidSansFallback.ttf
01-01 00:03:05.940   270   270 I art     : Thread[1,tid=270,Native,Thread*=0xb3f85400,peer=0x12c060d0,"main"] recursive attempt to load library "/system/lib/libmedia_jni.so"
01-01 00:03:05.941   270   270 D MtpDeviceJNI: register_android_mtp_MtpDevice
01-01 00:03:05.941   270   270 I art     : Thread[1,tid=270,Native,Thread*=0xb3f85400,peer=0x12c060d0,"main"] recursive attempt to load library "/system/lib/libmedia_jni.so"
01-01 00:03:05.942   270   270 I art     : Thread[1,tid=270,Native,Thread*=0xb3f85400,peer=0x12c060d0,"main"] recursive attempt to load library "/system/lib/libmedia_jni.so"
01-01 00:03:06.281   270   270 W Zygote  : Class not found for preloading: android.view.Display$ColorTransform
01-01 00:03:06.282   270   270 W Zygote  : Class not found for preloading: android.view.Display$ColorTransform$1
01-01 00:03:06.604   270   270 I System  : Loaded time zone names for "" in 106ms (101ms in ICU)
01-01 00:03:06.664   270   270 I System  : Loaded time zone names for "en_US" in 60ms (54ms in ICU)
01-01 00:03:06.733   270   270 I Zygote  : ...preloaded 4158 classes in 2365ms.
01-01 00:03:06.734   270   270 I art     : VMRuntime.preloadDexCaches starting
01-01 00:03:07.032   270   270 I art     : VMRuntime.preloadDexCaches strings total=284392 before=39790 after=39790
01-01 00:03:07.032   270   270 I art     : VMRuntime.preloadDexCaches types total=23616 before=7880 after=7908
01-01 00:03:07.032   270   270 I art     : VMRuntime.preloadDexCaches fields total=112271 before=40953 after=41170
01-01 00:03:07.032   270   270 I art     : VMRuntime.preloadDexCaches methods total=197813 before=82503 after=83069
01-01 00:03:07.032   270   270 I art     : VMRuntime.preloadDexCaches finished
01-01 00:03:07.034   270   270 I Zygote  : Preloading resources...
01-01 00:03:07.194   270   270 W Resources: Preloaded drawable resource #0x108025c (android:drawable/dialog_background_material) that varies with configuration!!
01-01 00:03:07.195   270   270 W Resources: Preloaded drawable resource #0x1080298 (android:drawable/editbox_dropdown_background_dark) that varies with configuration!!
01-01 00:03:07.207   270   270 W Resources: Preloaded color resource #0x10600ea (android:color/material_grey_800) that varies with configuration!!
01-01 00:03:07.207   270   270 W Resources: Preloaded drawable resource #0x10802c9 (android:drawable/floating_popup_background_dark) that varies with configuration!!
01-01 00:03:07.249   270   270 W Resources: Preloaded drawable resource #0x108030b (android:drawable/ic_clear_disabled) that varies with configuration!!
01-01 00:03:07.250   270   270 W Resources: Preloaded drawable resource #0x1080310 (android:drawable/ic_clear_normal) that varies with configuration!!
01-01 00:03:07.254   270   270 W Resources: Preloaded drawable resource #0x1080359 (android:drawable/ic_go) that varies with configuration!!
01-01 00:03:07.261   270   270 W Resources: Preloaded drawable resource #0x1080038 (android:drawable/ic_menu_close_clear_cancel) that varies with configuration!!
01-01 00:03:07.265   270   270 W Resources: Preloaded drawable resource #0x1080045 (android:drawable/ic_menu_more) that varies with configuration!!
01-01 00:03:07.283   270   270 W Resources: Preloaded drawable resource #0x10804eb (android:drawable/menu_background_fill_parent_width) that varies with configuration!!
01-01 00:03:07.352   270   270 W Resources: Preloaded drawable resource #0x1080783 (android:drawable/text_edit_paste_window) that varies with configuration!!
01-01 00:03:07.359   270   270 W Resources: Preloaded drawable resource #0x1080096 (android:drawable/toast_frame) that varies with configuration!!
01-01 00:03:07.359   270   270 I Zygote  : ...preloaded 114 resources in 325ms.
01-01 00:03:07.369   270   270 W Resources: Preloaded color resource #0x1060114 (android:color/background_cache_hint_selector_material_dark) that varies with configuration!!
01-01 00:03:07.370   270   270 W Resources: Preloaded color resource #0x1060119 (android:color/btn_default_material_dark) that varies with configuration!!
01-01 00:03:07.373   270   270 I Zygote  : ...preloaded 41 resources in 13ms.
01-01 00:03:07.384   270   270 D libEGL  : loaded /system/lib/egl/libEGL_VIVANTE.so
01-01 00:03:07.406   270   270 D libEGL  : loaded /system/lib/egl/libGLESv1_CM_VIVANTE.so
01-01 00:03:07.556   270   270 D libEGL  : loaded /system/lib/egl/libGLESv2_VIVANTE.so
01-01 00:03:07.671   270   270 I Zygote  : Preloading shared libraries...
01-01 00:03:07.710   270   270 I Zygote  : Uninstalled ICU cache reference pinning...
01-01 00:03:07.714   270   270 I Zygote  : Installed AndroidKeyStoreProvider in 3ms.
01-01 00:03:07.759   270   270 I Zygote  : Warmed up JCA providers in 45ms.
01-01 00:03:07.759   270   270 D Zygote  : end preload
01-01 00:03:07.759   270   270 I art     : Starting a blocking GC Explicit
01-01 00:03:07.788   270   270 I art     : Explicit concurrent mark sweep GC freed 4677(243KB) AllocSpace objects, 0(0B) LOS objects, 40% free, 2MB/3MB, paused 438us total 28.080ms
01-01 00:03:07.789   270   270 I art     : Starting a blocking GC Explicit
01-01 00:03:07.815   270   270 I art     : Explicit concurrent mark sweep GC freed 73(2560B) AllocSpace objects, 0(0B) LOS objects, 39% free, 2MB/3MB, paused 414us total 25.479ms
01-01 00:03:07.884   270   498 I art     : Starting a blocking GC HeapTrim
01-01 00:03:07.892   270   270 I art     : Starting a blocking GC Background
01-01 00:03:08.009   270   270 I Zygote  : System server process 544 has been created
01-01 00:03:08.013   270   270 I Zygote  : Accepting command socket connections
01-01 00:03:08.030   544   544 I InstallerConnection: connecting...
01-01 00:03:08.033   274   274 I         : new connection
01-01 00:03:08.040   269   269 I obd     : type=1400 audit(0.0:34): avc: denied { write } for path="socket:[6982]" dev="sockfs" ino=6982 scontext=u:r:obd:s0 tcontext=u:r:obd:s0 tclass=socket permissive=1
01-01 00:03:08.149   544   544 I InstallerConnection: disconnecting...
01-01 00:03:08.149   274   274 E         : eof
01-01 00:03:08.149   274   274 E         : failed to read size
01-01 00:03:08.150   274   274 I         : closing connection
01-01 00:03:08.292   544   544 W SystemServer: System clock is before 1970; setting to 1970.
01-01 00:03:08.293   544   544 I SystemServer: Entered the Android system server!
01-01 00:03:08.534   544   544 I SystemServiceManager: Starting com.android.server.pm.Installer
01-01 00:03:08.571   544   544 I Installer: Waiting for installd to be ready.
01-01 00:03:08.571   544   544 I InstallerConnection: connecting...
01-01 00:03:08.572   274   274 I         : new connection
01-01 00:03:08.573   544   544 I SystemServiceManager: Starting com.android.server.am.ActivityManagerService$Lifecycle
01-01 00:03:08.634   544   544 I ActivityManager: Memory class: 128
01-01 00:03:08.692   544   544 D BatteryStatsImpl: Reading daily items from /data/system/batterystats-daily.xml
01-01 00:03:08.850   544   544 I AppOps  : No existing app ops /data/system/appops.xml; starting empty
01-01 00:03:08.926   544   544 I IntentFirewall: Read new rules (A:0 B:0 S:0)
01-01 00:03:08.942   544   544 D AppOps  : AppOpsService published
01-01 00:03:08.942   544   544 I SystemServiceManager: Starting com.android.server.power.PowerManagerService
01-01 00:03:08.959   544   544 E SWITCHPROFILE: setprop: sys.interactive = active 
01-01 00:03:08.960   544   544 W libsuspend: Error writing 'on' to /sys/power/state: Invalid argument
01-01 00:03:08.960   544   544 I libsuspend: Selected wakeup count
01-01 00:03:08.963   544   567 I SWITCHPROFILE: Switchprofile thread received GOV_INTERACTIVE from Power HAL
01-01 00:03:08.966   544   544 I SystemServiceManager: Starting com.android.server.lights.LightsService
01-01 00:03:08.983   544   544 I lights  : max backlight file is /sys/class/backlight/backlight/max_brightness
01-01 00:03:08.983   544   544 I lights  : backlight brightness file is /sys/class/backlight/backlight/brightness
01-01 00:03:08.984   544   544 I SystemServiceManager: Starting com.android.server.display.DisplayManagerService
01-01 00:03:08.989   544   544 I SystemServiceManager: Starting phase 100
01-01 00:03:09.003   544   564 I DisplayManagerService: Display device added: DisplayDeviceInfo{"Built-in Screen": uniqueId="local:0", 800 x 480, modeId 1, defaultModeId 1, supportedModes [{id=1, width=800, height=480, fps=59.993}], colorMode 0, supportedColorModes [0], HdrCapabilities android.view.Display$HdrCapabilities@a69d6308, density 160, 160.0 x 160.421 dpi, appVsyncOff 1000000, presDeadline 16668611, touch INTERNAL, rotation 0, type BUILT_IN, state UNKNOWN, FLAG_DEFAULT_DISPLAY, FLAG_ROTATES_WITH_CONTENT, FLAG_SECURE, FLAG_SUPPORTS_PROTECTED_BUFFERS}
01-01 00:03:09.003   544   567 E SWITCHPROFILE: setprop: sys.interactive = active 
01-01 00:03:09.004   544   567 E SWITCHPROFILE: Could not open cpu gov:/sys/devices/system/cpu/cpufreq/interactive/boostpulse
01-01 00:03:09.005   265   265 D SurfaceFlinger: Set power mode=2, type=0 flinger=0xa7132000
01-01 00:03:09.005   265   265 D SurfaceFlinger: Screen type=0 is already mode=2
01-01 00:03:09.007   544   544 I SystemServer: StartPackageManagerService
01-01 00:03:09.007   544   564 I DisplayManagerService: Display device added: DisplayDeviceInfo{"HDMI Screen": uniqueId="local:1", 640 x 480, modeId 2, defaultModeId 2, supportedModes [{id=2, width=640, height=480, fps=59.94}], colorMode 0, supportedColorModes [0], HdrCapabilities android.view.Display$HdrCapabilities@a69d6308, density 142, 142.0 x 142.0 dpi, appVsyncOff 1000000, presDeadline 16683350, touch EXTERNAL, rotation 0, type HDMI, state UNKNOWN, FLAG_SECURE, FLAG_SUPPORTS_PROTECTED_BUFFERS, FLAG_PRESENTATION}
01-01 00:03:09.008   265   265 D SurfaceFlinger: Set power mode=2, type=1 flinger=0xa7132000
01-01 00:03:09.008   265   265 D SurfaceFlinger: Screen type=1 is already mode=2
01-01 00:03:09.009   544   564 I DisplayManagerService: Display device changed state: "Built-in Screen", ON
01-01 00:03:09.009   544   564 I DisplayManagerService: Display device changed state: "HDMI Screen", ON
01-01 00:03:09.029   544   544 W FileUtils: Failed to chmod(/data/system/packages.list): android.system.ErrnoException: chmod failed: ENOENT (No such file or directory)
01-01 00:03:09.034   544   544 W SystemConfig: No directory /system/etc/sysconfig, skipping
01-01 00:03:09.113   544   544 D SELinuxMMAC: Using policy file /system/etc/security/mac_permissions.xml
01-01 00:03:09.117   544   544 I PackageManager: No settings file; creating initial state
01-01 00:03:09.151   544   544 E art     : DexFile_getDexOptNeeded file '/system/framework/org.apache.http.legacy.jar' does not exist
01-01 00:03:09.152   544   544 W PackageManager: Library not found: /system/framework/org.apache.http.legacy.jar
01-01 00:03:09.159   544   544 D PackageManager: No files in app dir /vendor/overlay
