01-01 00:03:27.343   276   296 I OMXMaster: makeComponentInstance(OMX.Freescale.std.video_decoder.wmv9.hw-based) in mediacodec process
01-01 00:03:27.343   276   296 E OMX     : FAILED to allocate omx component 'OMX.Freescale.std.video_decoder.wmv9.hw-based' err=InvalidComponentName(0x80001002)
01-01 00:03:27.345   283   283 I MediaPlayerService: MediaPlayerService::getOMX
01-01 00:03:27.346   283   283 I OMXClient: MuxOMX ctor
01-01 00:03:27.347   276   276 I OMXMaster: makeComponentInstance(OMX.Freescale.std.video_decoder.rv.hw-based) in mediacodec process
01-01 00:03:27.365   276   700 E OMXNodeInstance: getParameter(114000b:Freescale.std._decoder.rv.hw-based, ParamVideoProfileLevelQuerySupported(0x600000f)) ERROR: UnsupportedIndex(0x8000101a)
01-01 00:03:27.387   283   283 I MediaPlayerService: MediaPlayerService::getOMX
01-01 00:03:27.388   283   283 I OMXClient: MuxOMX ctor
01-01 00:03:27.389   276   296 I OMXMaster: makeComponentInstance(OMX.Freescale.std.video_decoder.divx.hw-based) in mediacodec process
01-01 00:03:27.407   276   276 E OMXNodeInstance: getParameter(114000c:Freescale.std._decoder.divx.hw-based, ParamVideoProfileLevelQuerySupported(0x600000f)) ERROR: UnsupportedIndex(0x8000101a)
01-01 00:03:27.427   283   283 I MediaPlayerService: MediaPlayerService::getOMX
01-01 00:03:27.428   283   283 I OMXClient: MuxOMX ctor
01-01 00:03:27.428   276   296 I OMXMaster: makeComponentInstance(OMX.Freescale.std.video_decoder.div4.hw-based) in mediacodec process
01-01 00:03:27.446   276   700 E OMXNodeInstance: getParameter(114000d:Freescale.std._decoder.div4.hw-based, ParamVideoProfileLevelQuerySupported(0x600000f)) ERROR: UnsupportedIndex(0x8000101a)
01-01 00:03:27.471   283   283 I MediaPlayerService: MediaPlayerService::getOMX
01-01 00:03:27.472   283   283 I OMXClient: MuxOMX ctor
01-01 00:03:27.473   276   276 I OMXMaster: makeComponentInstance(OMX.Freescale.std.video_decoder.div3.hw-based) in mediacodec process
01-01 00:03:27.485   276   296 E OMXNodeInstance: getParameter(114000e:Freescale.std._decoder.div3.hw-based, ParamVideoProfileLevelQuerySupported(0x600000f)) ERROR: UnsupportedIndex(0x8000101a)
01-01 00:03:27.502   283   283 I MediaPlayerService: MediaPlayerService::getOMX
01-01 00:03:27.504   283   283 I OMXClient: MuxOMX ctor
01-01 00:03:27.504   276   700 I OMXMaster: makeComponentInstance(OMX.Freescale.std.video_decoder.xvid.hw-based) in mediacodec process
01-01 00:03:27.522   276   276 E OMXNodeInstance: getParameter(114000f:Freescale.std._decoder.xvid.hw-based, ParamVideoProfileLevelQuerySupported(0x600000f)) ERROR: UnsupportedIndex(0x8000101a)
01-01 00:03:27.541   283   283 I MediaPlayerService: MediaPlayerService::getOMX
01-01 00:03:27.542   283   283 I OMXClient: MuxOMX ctor
01-01 00:03:27.543   276   296 I OMXMaster: makeComponentInstance(OMX.Freescale.std.video_decoder.mjpeg.hw-based) in mediacodec process
01-01 00:03:27.560   276   700 E OMXNodeInstance: getParameter(1140010:Freescale.std._decoder.mjpeg.hw-based, ParamVideoProfileLevelQuerySupported(0x600000f)) ERROR: UnsupportedIndex(0x8000101a)
01-01 00:03:27.579   283   283 I MediaPlayerService: MediaPlayerService::getOMX
01-01 00:03:27.580   283   283 I OMXClient: MuxOMX ctor
01-01 00:03:27.581   276   276 I OMXMaster: makeComponentInstance(OMX.Freescale.std.video_decoder.sorenson.sw-based) in mediacodec process
01-01 00:03:27.601   276   296 E OMXNodeInstance: getParameter(1140011:Freescale.std._decoder.sorenson.sw-based, ParamVideoProfileLevelQuerySupported(0x600000f)) ERROR: UnsupportedIndex(0x8000101a)
01-01 00:03:27.618   283   283 I MediaPlayerService: MediaPlayerService::getOMX
01-01 00:03:27.619   283   283 I OMXClient: MuxOMX ctor
01-01 00:03:27.620   276   700 I OMXMaster: makeComponentInstance(OMX.Freescale.std.audio_decoder.ac3.sw-based) in mediacodec process
01-01 00:03:27.628   276   700 I OMXPlayer: Can't open library: lib_ac3d_wrap_arm11_elinux_android.so
01-01 00:03:27.628   276   700 I OMXPlayer: dlopen failed: library "lib_ac3d_wrap_arm11_elinux_android.so" not found
01-01 00:03:27.628   276   700 I OMXPlayer: LEVEL: 1 FUNCTION: CreateDecoderInterface LINE: 293
01-01 00:03:27.628   276   700 I OMXPlayer: Fail to open Decoder library for )
01-01 00:03:27.628   276   700 I OMXPlayer: LEVEL: 1 FUNCTION: CreateDecoderInterface LINE: 332
01-01 00:03:27.628   276   700 I OMXPlayer: UniaDecoder::CreateDecoderInterface ret=-2147479549
01-01 00:03:27.629   276   700 I OMXPlayer: LEVEL: 1 FUNCTION: ConstructComponent LINE: 574
01-01 00:03:27.629   276   700 I OMXPlayer: Can't initialize component.
01-01 00:03:27.629   276   700 I OMXPlayer: LEVEL: 1 FUNCTION: OMX_GetHandle LINE: 498
01-01 00:03:27.629   276   700 I OMXPlayer: Load and call entry function fail.
01-01 00:03:27.629   276   700 E OMX     : FAILED to allocate omx component 'OMX.Freescale.std.audio_decoder.ac3.sw-based' err=ComponentNotFound(0x80001003)
01-01 00:03:27.631   283   283 I MediaPlayerService: MediaPlayerService::getOMX
01-01 00:03:27.633   283   283 I OMXClient: MuxOMX ctor
01-01 00:03:27.633   276   276 I OMXMaster: makeComponentInstance(OMX.Freescale.std.audio_decoder.ec3.sw-based) in mediacodec process
01-01 00:03:27.642   276   276 I OMXPlayer: Unia -> EC3
01-01 00:03:27.644   276   276 I OMXPlayer: Can't open library: lib_ddpd_wrap_arm12_elinux_android.so
01-01 00:03:27.644   276   276 I OMXPlayer: dlopen failed: library "lib_ddpd_wrap_arm12_elinux_android.so" not found
01-01 00:03:27.644   276   276 I OMXPlayer: LEVEL: 1 FUNCTION: CreateDecoderInterface LINE: 293
01-01 00:03:27.644   276   276 I OMXPlayer: Fail to open Decoder library for ]C
01-01 00:03:27.644   276   276 I OMXPlayer: LEVEL: 1 FUNCTION: CreateDecoderInterface LINE: 332
01-01 00:03:27.644   276   276 I OMXPlayer: UniaDecoder::CreateDecoderInterface ret=-2147479549
01-01 00:03:27.645   276   276 I OMXPlayer: LEVEL: 1 FUNCTION: ConstructComponent LINE: 574
01-01 00:03:27.645   276   276 I OMXPlayer: Can't initialize component.
01-01 00:03:27.645   276   276 I OMXPlayer: LEVEL: 1 FUNCTION: OMX_GetHandle LINE: 498
01-01 00:03:27.645   276   276 I OMXPlayer: Load and call entry function fail.
01-01 00:03:27.645   276   276 E OMX     : FAILED to allocate omx component 'OMX.Freescale.std.audio_decoder.ec3.sw-based' err=ComponentNotFound(0x80001003)
01-01 00:03:27.648   283   283 I MediaPlayerService: MediaPlayerService::getOMX
01-01 00:03:27.649   283   283 I OMXClient: MuxOMX ctor
01-01 00:03:27.649   276   296 I OMXMaster: makeComponentInstance(OMX.Freescale.std.audio_decoder.wma.sw-based) in mediacodec process
01-01 00:03:27.658   276   296 I OMXPlayer: Can't open library: lib_wma10d_wrap_arm12_elinux_android.so
01-01 00:03:27.658   276   296 I OMXPlayer: dlopen failed: library "lib_wma10d_wrap_arm12_elinux_android.so" not found
01-01 00:03:27.658   276   296 I OMXPlayer: LEVEL: 1 FUNCTION: CreateDecoderInterface LINE: 293
01-01 00:03:27.658   276   296 I OMXPlayer: Fail to open Decoder library for !u
01-01 00:03:27.658   276   296 I OMXPlayer: LEVEL: 1 FUNCTION: CreateDecoderInterface LINE: 332
01-01 00:03:27.658   276   296 I OMXPlayer: UniaDecoder::CreateDecoderInterface ret=-2147479549
01-01 00:03:27.659   276   296 I OMXPlayer: LEVEL: 1 FUNCTION: ConstructComponent LINE: 574
01-01 00:03:27.659   276   296 I OMXPlayer: Can't initialize component.
01-01 00:03:27.659   276   296 I OMXPlayer: LEVEL: 1 FUNCTION: OMX_GetHandle LINE: 498
01-01 00:03:27.659   276   296 I OMXPlayer: Load and call entry function fail.
01-01 00:03:27.660   276   296 E OMX     : FAILED to allocate omx component 'OMX.Freescale.std.audio_decoder.wma.sw-based' err=ComponentNotFound(0x80001003)
01-01 00:03:27.664   283   283 I MediaPlayerService: MediaPlayerService::getOMX
01-01 00:03:27.665   283   283 I OMXClient: MuxOMX ctor
01-01 00:03:27.665   276   700 I OMXMaster: makeComponentInstance(OMX.Freescale.std.audio_decoder.flac.sw-based) in mediacodec process
01-01 00:03:27.681   283   283 I MediaPlayerService: MediaPlayerService::getOMX
01-01 00:03:27.681   283   283 I OMXClient: MuxOMX ctor
01-01 00:03:27.682   276   700 I OMXMaster: makeComponentInstance(OMX.Freescale.std.audio_decoder.mp3.sw-based) in mediacodec process
01-01 00:03:27.702   544   555 W ActivityManager: Slow operation: 597ms so far, now at attachApplicationLocked: after mServices.attachApplicationLocked
01-01 00:03:27.705   544   684 I ActivityManager: Process com.android.bluetooth (pid 616) has died
01-01 00:03:27.706   544   684 D ActivityManager: cleanUpApplicationRecord -- 616
01-01 00:03:27.706   631   706 I BinaryDictionaryFileDumper: reinitializeClientRecordInDictionaryContentProvider() : Insert DictionaryInfo : Id = 'main:it' : Locale=it : Version=54
01-01 00:03:27.725   544   600 E ActivityThread: Failed to find provider info for com.android.calendar
01-01 00:03:27.726   544   600 E ActivityThread: Failed to find provider info for com.android.calendar
01-01 00:03:27.728   283   283 I MediaPlayerService: MediaPlayerService::getOMX
01-01 00:03:27.729   544   544 I Telecom : PhoneAccountRegistrar: SimCallManager queried, returning: null: TSI.gSCM@AAM
01-01 00:03:27.734   283   283 I OMXClient: MuxOMX ctor
01-01 00:03:27.734   276   276 I OMXMaster: makeComponentInstance(OMX.Freescale.std.audio_decoder.amr.sw-based) in mediacodec process
01-01 00:03:27.741   544   544 V WiredAccessoryManager: headsetName:  connected
01-01 00:03:27.747   803   803 W System  : ClassLoader referenced unknown path: /system/priv-app/Settings/lib/arm
01-01 00:03:27.775   740   740 D TelephonyProvider: dbh.onCreate:+ db=SQLiteDatabase: /data/user_de/0/com.android.providers.telephony/databases/telephony.db
01-01 00:03:27.775   740   740 D TelephonyProvider: dbh.createSimInfoTable:+
01-01 00:03:27.779   544   544 I FusedLocation: engine started (com.android.location.fused)
01-01 00:03:27.783   283   283 I MediaPlayerService: MediaPlayerService::getOMX
01-01 00:03:27.784   283   283 I OMXClient: MuxOMX ctor
01-01 00:03:27.785   276   296 I OMXMaster: makeComponentInstance(OMX.Freescale.std.audio_decoder.amrwb.sw-based) in mediacodec process
01-01 00:03:27.797   740   740 D TelephonyProvider: dbh.createSimInfoTable:-
01-01 00:03:27.797   740   740 D TelephonyProvider: dbh.createCarriersTable: carriers
01-01 00:03:27.799   283   283 I MediaPlayerService: MediaPlayerService::getOMX
01-01 00:03:27.800   283   283 I OMXClient: MuxOMX ctor
01-01 00:03:27.800   276   700 I OMXMaster: makeComponentInstance(OMX.Freescale.std.audio_decoder.aac.sw-based) in mediacodec process
01-01 00:03:27.806   276   700 I OMXPlayer: Can't open library: lib_aacplusd_wrap_arm12_elinux_android.so
01-01 00:03:27.806   276   700 I OMXPlayer: dlopen failed: library "lib_aacplusd_wrap_arm12_elinux_android.so" not found
01-01 00:03:27.814   740   740 D TelephonyProvider: dbh.createCarriersTable:-
01-01 00:03:27.815   740   740 D TelephonyProvider: No APNs in OEM image = /oem/telephony/apns-conf.xml Load APNs from system image
01-01 00:03:27.815   740   740 D TelephonyProvider: No APNs in OEM image = /data/misc/apns-conf.xml Load APNs from system image
01-01 00:03:27.815   740   740 D TelephonyProvider: confFile = /system/etc/apns-conf.xml
01-01 00:03:27.820   283   283 I MediaPlayerService: MediaPlayerService::getOMX
01-01 00:03:27.821   283   283 I OMXClient: MuxOMX ctor
01-01 00:03:27.829   276   276 I OMXMaster: makeComponentInstance(OMX.Freescale.std.audio_decoder.ra.sw-based) in mediacodec process
01-01 00:03:27.836   276   276 I OMXPlayer: Unia -> REAL
01-01 00:03:27.836   276   276 I OMXPlayer: Can't open library: lib_realad_wrap_arm11_elinux_android.so
01-01 00:03:27.836   276   276 I OMXPlayer: dlopen failed: library "lib_realad_wrap_arm11_elinux_android.so" not found
01-01 00:03:27.836   276   276 I OMXPlayer: LEVEL: 1 FUNCTION: CreateDecoderInterface LINE: 293
01-01 00:03:27.837   276   276 I OMXPlayer: Fail to open Decoder library for Dc
01-01 00:03:27.837   276   276 I OMXPlayer: LEVEL: 1 FUNCTION: CreateDecoderInterface LINE: 332
01-01 00:03:27.837   276   276 I OMXPlayer: UniaDecoder::CreateDecoderInterface ret=-2147479549
01-01 00:03:27.839   276   276 I OMXPlayer: LEVEL: 1 FUNCTION: ConstructComponent LINE: 574
01-01 00:03:27.839   276   276 I OMXPlayer: Can't initialize component.
01-01 00:03:27.839   276   276 I OMXPlayer: LEVEL: 1 FUNCTION: OMX_GetHandle LINE: 498
01-01 00:03:27.839   276   276 I OMXPlayer: Load and call entry function fail.
01-01 00:03:27.839   276   276 E OMX     : FAILED to allocate omx component 'OMX.Freescale.std.audio_decoder.ra.sw-based' err=ComponentNotFound(0x80001003)
01-01 00:03:27.842   283   283 I MediaPlayerService: MediaPlayerService::getOMX
01-01 00:03:27.844   283   283 I OMXClient: MuxOMX ctor
01-01 00:03:27.845   276   700 I OMXMaster: makeComponentInstance(OMX.Freescale.std.audio_decoder.ape.sw-based) in mediacodec process
01-01 00:03:27.894   740   740 D TelephonyProvider: Checksum for /system/etc/apns-conf.xml is 1215094405
01-01 00:03:27.908   740   740 D TelephonyProvider: dbh.onCreate:- db=SQLiteDatabase: /data/user_de/0/com.android.providers.telephony/databases/telephony.db
01-01 00:03:27.938   660   672 I art     : Background sticky concurrent mark sweep GC freed 9623(953KB) AllocSpace objects, 2(40KB) LOS objects, 31% free, 2MB/3MB, paused 3.298ms total 176.007ms
01-01 00:03:27.955   631   706 I BinaryDictionaryFileDumper: reinitializeClientRecordInDictionaryContentProvider() : Insert DictionaryInfo : Id = 'main:ru' : Locale=ru : Version=54
01-01 00:03:27.972   283   283 I MediaPlayerService: MediaPlayerService::getOMX
01-01 00:03:27.974   283   283 I OMXClient: MuxOMX ctor
01-01 00:03:27.975   276   276 I OMXMaster: makeComponentInstance(OMX.google.mpeg4.decoder) in mediacodec process
01-01 00:03:27.993   276   276 E OMXNodeInstance: getExtensionIndex(1140018:google.mpeg4.decoder, OMX.google.android.index.configureVideoTunnelModeinit: Service 'bootanim' (pid 358) exited with status 0
) ERROR: UnsupportedIndex(0x8000101a)
01-01 00:03:27.996   276   296 W OMXNodeInstance: [1140018:google.mpeg4.decoder] component does not support metadata mode; using fallback
01-01 00:03:28.009   740   740 D TelephonyProvider: dbh.onOpen: ok, queried table=siminfo
01-01 00:03:28.010   740   740 D TelephonyProvider: dbh.onOpen: ok, queried table=carriers
01-01 00:03:28.011   283   283 I MediaPlayerService: MediaPlayerService::getOMX
01-01 00:03:28.014   283   283 I OMXClient: MuxOMX ctor
01-01 00:03:28.014   276   700 I OMXMaster: makeComponentInstance(OMX.google.h263.decoder) in mediacodec process
01-01 00:03:28.021   740   740 D TelephonyProvider: onCreate: build id changed from  to 2.0.0-rfp-rc6
01-01 00:03:28.023   803   803 I display : GPUManager exists
01-01 00:03:28.026   740   740 D TelephonyProvider: No APNs in OEM image = /oem/telephony/apns-conf.xml Load APNs from system image
01-01 00:03:28.026   740   740 D TelephonyProvider: No APNs in OEM image = /data/misc/apns-conf.xml Load APNs from system image
01-01 00:03:28.030   740   740 D TelephonyProvider: Checksum for /system/etc/apns-conf.xml is 1215094405
01-01 00:03:28.032   740   740 D TelephonyProvider: newChecksum: 1215094405
01-01 00:03:28.032   740   740 D TelephonyProvider: oldChecksum: 1215094405
01-01 00:03:28.032   740   740 D TelephonyProvider: Skipping apn db update since apn-conf has not changed.
01-01 00:03:28.037   276   700 E OMXNodeInstance: getExtensionIndex(1140019:google.h263.decoder, OMX.google.android.index.configureVideoTunnelMode) ERROR: UnsupportedIndex(0x8000101a)
01-01 00:03:28.038   276   276 W OMXNodeInstance: [1140019:google.h263.dinit: Starting service 'exec 3 (/system/bin/bootstat)'...
ecoder] component does not support metadata mode; using fallback
01-01 00:03:28.040   283   283 I MediaPlayerService: MediaPlayerService::getOMX
01-01 00:03:28.041   283   283 I OMXClient: MuxOMX ctor
01-01 00:03:28.041   276   296 I OMXMaster: makeComponentInstance(OMX.google.h264.decoder) in mediacodec process
01-01 00:03:28.069   283   283 W ACodec  : [OMX.google.h264.decoder] stopping checking profiles after 32: 2/8000
01-01 00:03:28.070   276   700 E OMXNodeInstance: getExtensionIndex(114001a:google.h264.decoder, OMX.google.android.index.configureVideoTunnelMode) ERROR: UnsupportedIndex(0x8000101a)
01-01 00:03:28.070   276   276 W OMXNodeInstance: [114001a:google.h264.decoder] component does not support metadata mode; using fallback
01-01 00:03:28.073   283   283 I MediaPlayerService: MediaPlayerService::getOMX
01-01 00:03:28.074   283   28init: Service 'exec 3 (/system/bin/bootstat)' (pid 1023) exited with status 0
3 I OMXClient: MuxOMX ctor
01-01init: Starting service 'exec 4 (/system/bin/bootstat)'...
 00:03:28.074   276   276 I OMXMaster: makeComponentInstance(OMX.google.hevc.decoder) in mediacodec process
01-01 00:03:28.100   276   700 E OMXNodeInstance: getExtensionIndex(114001b:google.hevc.decoder, OMX.google.android.index.configureVideoTunnelMode) ERROR: UnsupportedIndex(0x8000101a)
01-01 00:03:28.101   276   700 W OMXNodeInstance: [114001b:google.hevc.decoder] component does not support metadata mode; using fallback
01-01 00:03:28.10init: Service 'exec 4 (/system/bin/bootstat)' (pid 1032) exited with status 0
4   283   283 I MediaPlayerServicinit: Starting service 'exec 5 (/system/bin/bootstat)'...
e: MediaPlayerService::getOMX
01-01 00:03:28.104   283   283 I OMXClient: MuxOMX ctor
01-01 00:03:28.105   276   296 I OMXMaster: makeComponentInstance(OMX.google.vp8.decoder) in mediacodec process
01-01 00:03:28.143   276   276 E OMXNodeInstance: getExtensionIndex(114001c:google.vp8.decoder, OMX.google.android.index.configureVideoTunnelMode) ERRORinit: Service 'exec 5 (/system/bin/bootstat)' (pid 1033) exited with status 0
: UnsupportedIndex(0x8000101a)
0init: Starting service 'exec 6 (/system/bin/bootstat)'...
1-01 00:03:28.143   276   276 W OMXNodeInstance: [114001c:google.vp8.decoder] component does not support metadata mode; using fallback
01-01 00:03:28.146   283   283 I MediaPlayerService: MediaPlayerService::getOMX
01-01 00:03:28.147   283   283 I OMXClient: MuxOMX ctor
01-01 00:03:28.147   276   296 I OMXMaster: makeComponentInstance(OMX.google.vp9.decoder) in mediacodec processinit: Service 'exec 6 (/system/bin/bootstat)' (pid 1034) exited with status 0

01-01 00:03:28.153   276   276 E OMXNodeInstance: getExtensionIndex(114001d:google.vp9.decoder, OMX.google.android.index.configureVideoTunnelMode) ERROR: UnsupportedIndex(0x8000101a)
01-01 00:03:28.153   276   296 W OMXNodeInstance: [114001d:google.vp9.decoder] component does not support metadata mode; using fallback
01-01 00:03:28.157   283   283 I MediaPlayerService: MediaPlayerService::getOMX
01-01 00:03:28.157   283   283 I OMXClient: MuxOMX ctor
01-01 00:03:28.158   276   700 I OMXMaster: makeComponentInstance(OMX.google.h263.encoder) in mediacodec process
01-01 00:03:28.170   276   700 I SoftMPEG4Encoder: Construct SoftMPEG4Encoder
01-01 00:03:28.173   283   283 W ACodec  : do not know color format 0x7f000789 = 2130708361
01-01 00:03:28.174   276   296 E OMXNodeInstance: getConfig(114001e:google.h263.encoder, ConfigAndroidIntraRefresh(0x6f60000a)) ERROR: Undefined(0x80001001)
01-01 00:03:28.177   283   283 I MediaPlayerService: MediaPlayerService::getOMX
01-01 00:03:28.178   283   283 I OMXClient: MuxOMX ctor
01-01 00:03:28.178   276   296 I OMXMaster: makeComponentInstance(OMX.google.h264.encoder) in mediacodec process
01-01 00:03:28.189   631   706 I BinaryDictionaryFileDumper: reinitializeClientRecordInDictionaryContentProvider() : Insert DictionaryInfo : Id = 'main:en_us' : Locale=en_US : Version=-1
01-01 00:03:28.208   283   283 W ACodec  : do not know color format 0x7f000789 = 2130708361
01-01 00:03:28.214   283   283 I MediaPlayerService: MediaPlayerService::getOMX
01-01 00:03:28.219   283   283 I OMXClient: MuxOMX ctor
01-01 00:03:28.220   276   296 I OMXMaster: makeComponentInstance(OMX.google.mpeg4.encoder) in mediacodec process
01-01 00:03:28.223   276   296 I SoftMPEG4Encoder: Construct SoftMPEG4Encoder
01-01 00:03:28.232   283   283 W ACodec  : do not know color format 0x7f000789 = 2130708361
01-01 00:03:28.232   276   276 E OMXNodeInstance: getConfig(1140020:google.mpeg4.encoder, ConfigAndroidIntraRefresh(0x6f60000a)) ERROR: Undefined(0x80001001)
01-01 00:03:28.235   283   283 I MediaPlayerService: MediaPlayerService::getOMX
01-01 00:03:28.236   283   283 I OMXClient: MuxOMX ctor
01-01 00:03:28.236   276   296 I OMXMaster: makeComponentInstance(OMX.google.vp8.encoder) in mediacodec process
01-01 00:03:28.260   283   283 W ACodec  : do not know color format 0x7f000789 = 2130708361
01-01 00:03:28.260   276   700 E OMXNodeInstance: getConfig(1140021:google.vp8.encoder, ConfigAndroidIntraRefresh(0x6f60000a)) ERROR: Undefined(0x80001001)
01-01 00:03:28.266   283   283 I MediaPlayerService: MediaPlayerService::getOMX
01-01 00:03:28.267   283   283 I OMXClient: MuxOMX ctor
01-01 00:03:28.267   276   700 I OMXMaster: makeComponentInstance(OMX.google.mp3.decoder) in mediacodec process
01-01 00:03:28.288   283   283 I MediaPlayerService: MediaPlayerService::getOMX
01-01 00:03:28.288   283   283 I OMXClient: MuxOMX ctor
01-01 00:03:28.289   276   296 I OMXMaster: makeComponentInstance(OMX.google.amrnb.decoder) in mediacodec process
01-01 00:03:28.309   283   283 I MediaPlayerService: MediaPlayerService::getOMX
01-01 00:03:28.315   283   283 I OMXClient: MuxOMX ctor
01-01 00:03:28.316   276   276 I OMXMaster: makeComponentInstance(OMX.google.amrwb.decoder) in mediacodec process
01-01 00:03:28.324   631   706 W BinaryDictionaryFileDumper: Missing metadata.json resource
01-01 00:03:28.330   283   283 I MediaPlayerService: MediaPlayerService::getOMX
01-01 00:03:28.335   283   283 I OMXClient: MuxOMX ctor
01-01 00:03:28.335   276   700 I OMXMaster: makeComponentInstance(OMX.google.aac.decoder) in mediacodec process
01-01 00:03:28.350   631   706 I LatinIME:LogUtils: Dictionary info: dictionary = main:en ; version = 54 ; date = 1414726273
01-01 00:03:28.362   283   283 I MediaPlayerService: MediaPlayerService::getOMX
01-01 00:03:28.363   283   283 I OMXClient: MuxOMX ctor
01-01 00:03:28.364   276   296 I OMXMaster: makeComponentInstance(OMX.google.g711.alaw.decoder) in mediacodec process
01-01 00:03:28.368   631   706 I LatinIME:LogUtils: Dictionary info: dictionary = main:en ; version = 54 ; date = 1414726273
01-01 00:03:28.376   283   283 I MediaPlayerService: MediaPlayerService::getOMX
01-01 00:03:28.377   283   283 I OMXClient: MuxOMX ctor
01-01 00:03:28.379   276   700 I OMXMaster: makeComponentInstance(OMX.google.g711.mlaw.decoder) in mediacodec process
01-01 00:03:28.390   283   283 I MediaPlayerService: MediaPlayerService::getOMX
01-01 00:03:28.391   283   283 I OMXClient: MuxOMX ctor
01-01 00:03:28.392   276   296 I OMXMaster: makeComponentInstance(OMX.google.vorbis.decoder) in mediacodec process
01-01 00:03:28.396   631   706 I LatinIME:LogUtils: Dictionary info: dictionary = main:en ; version = 54 ; date = 1414726273
01-01 00:03:28.415   283   283 I MediaPlayerService: MediaPlayerService::getOMX
01-01 00:03:28.417   283   283 I OMXClient: MuxOMX ctor
01-01 00:03:28.418   276   276 I OMXMaster: makeComponentInstance(OMX.google.opus.decoder) in mediacodec process
01-01 00:03:28.418   631   706 I LatinIME:LogUtils: Dictionary info: dictionary = main:en ; version = 54 ; date = 1414726273
01-01 00:03:28.449   283   283 I MediaPlayerService: MediaPlayerService::getOMX
01-01 00:03:28.451   283   283 I OMXClient: MuxOMX ctor
01-01 00:03:28.453   276   700 I OMXMaster: makeComponentInstance(OMX.google.raw.decoder) in mediacodec process
01-01 00:03:28.460   544   557 I ActivityManager: Start proc 941:com.android.cellbroadcastreceiver/u0a6 for broadcast com.android.cellbroadcastreceiver/.CellBroadcastReceiver
01-01 00:03:28.496   283   283 I MediaPlayerService: MediaPlayerService::getOMX
01-01 00:03:28.498   283   283 I OMXClient: MuxOMX ctor
01-01 00:03:28.500   276   296 I OMXMaster: makeComponentInstance(OMX.google.aac.encoder) in mediacodec process
01-01 00:03:28.511   631   706 I LatinIME:LogUtils: Dictionary info: dictionary = main:en ; version = 54 ; date = 1414726273
01-01 00:03:28.569   283   283 I MediaPlayerService: MediaPlayerService::getOMX
01-01 00:03:28.570   283   283 I OMXClient: MuxOMX ctor
01-01 00:03:28.571   276   276 I OMXMaster: makeComponentInstance(OMX.google.amrnb.encoder) in mediacodec process
01-01 00:03:28.572   660   660 W System  : ClassLoader referenced unknown path: 
01-01 00:03:28.575   660   660 D ApplicationLoaders: ignored Vulkan layer search path /system/app/Camera2/lib/arm:/system/app/Camera2/Camera2.apk!/lib/armeabi-v7a:/system/lib:/vendor/lib for namespace 0xb6bb2090
01-01 00:03:28.597   283   283 I MediaPlayerService: MediaPlayerService::getOMX
01-01 00:03:28.600   283   283 I OMXClient: MuxOMX ctor
01-01 00:03:28.600   276   276 I OMXMaster: makeComponentInstance(OMX.google.amrwb.encoder) in mediacodec process
01-01 00:03:28.620   283   283 I MediaPlayerService: MediaPlayerService::getOMX
01-01 00:03:28.620   283   283 I OMXClient: MuxOMX ctor
01-01 00:03:28.621   276   296 I OMXMaster: makeComponentInstance(OMX.google.flac.encoder) in mediacodec process
01-01 00:03:28.654   631   706 I LatinIME:LogUtils: Dictionary info: dictionary = main:en ; version = 54 ; date = 1414726273
01-01 00:03:28.664   941   941 W System  : ClassLoader referenced unknown path: /system/priv-app/CellBroadcastReceiver/lib/arm
01-01 00:03:28.687   283   283 I MediaPlayerService: MediaPlayerService::getOMX
01-01 00:03:28.688   283   283 I OMXClient: MuxOMX ctor
01-01 00:03:28.718   283   283 I MediaPlayerService: MediaPlayerService::getOMX
01-01 00:03:28.720   283   283 I OMXClient: MuxOMX ctor
01-01 00:03:28.720   283   283 W MediaCodecList: unable to open media codecs configuration xml file: /data/misc/media/media_codecs_profiling_results.xml
01-01 00:03:28.734   283   903 I MediaPlayerService: MediaPlayerService::getOMX
01-01 00:03:28.735   283   701 I MediaPlayerService: MediaPlayerService::getOMX
01-01 00:03:28.742   544   659 I OMXClient: MuxOMX ctor
01-01 00:03:28.745   660   716 I OMXClient: MuxOMX ctor
01-01 00:03:28.759   631   706 I LatinIME:LogUtils: Dictionary info: dictionary = main:en ; version = 54 ; date = 1414726273
01-01 00:03:28.759   276   700 I OMXMaster: makeComponentInstance(OMX.google.vorbis.decoder) in mediacodec process
01-01 00:03:28.762   276   276 I OMXMaster: makeComponentInstance(OMX.google.vorbis.decoder) in mediacodec process
01-01 00:03:28.786   740   740 W SystemConfig: No directory /system/etc/sysconfig, skipping
01-01 00:03:28.951   740   740 D PhoneSwitcherNetworkRequstListener: Registering NetworkFactory
01-01 00:03:28.952   544   594 D ConnectivityService: Got NetworkFactory Messenger for PhoneSwitcherNetworkRequstListener
01-01 00:03:28.974   544   594 D ConnectivityService: Got NetworkFactory Messenger for TelephonyNetworkFactory[0]
01-01 00:03:29.006   660   672 I art     : Background partial concurrent mark sweep GC freed 4608(631KB) AllocSpace objects, 0(0B) LOS objects, 39% free, 3MB/5MB, paused 2.253ms total 141.577ms
01-01 00:03:29.016   283   701 I MediaPlayerService: MediaPlayerService::getOMX
01-01 00:03:29.017   740   976 E ActivityThread: Failed to find provider info for com.android.contacts
01-01 00:03:29.017   740   976 W CallerInfoCache: cursor is null
01-01 00:03:29.019   544   978 I OMXClient: MuxOMX ctor
01-01 00:03:29.022   276   276 I OMXMaster: makeComponentInstance(OMX.google.vorbis.decoder) in mediacodec process
01-01 00:03:28.990   269   269 I obd     : type=1400 audit(0.0:36): avc: denied { write } for path="socket:[6982]" dev="sockfs" ino=6982 scontext=u:r:obd:s0 tcontext=u:r:obd:s0 tclass=socket permissive=1
01-01 00:03:29.053   740   740 D CarrierConfigLoader: CarrierConfigLoader has started
01-01 00:03:29.072   544   555 D BluetoothManagerService: Trying to bind to profile: 1, while Bluetooth was disabled
01-01 00:03:29.094   283   283 I MediaPlayerService: MediaPlayerService::getOMX
01-01 00:03:29.098   660   982 I OMXClient: MuxOMX ctor
01-01 00:03:29.104   276   973 I OMXMaster: makeComponentInstance(OMX.google.vorbis.decoder) in mediacodec process
01-01 00:03:29.169   740   740 I Telephony: TtyManager: updateUiTtyMode -1 -> 0
01-01 00:03:29.175   803   893 I OpenGLRenderer: Initialized EGL, version 1.4
01-01 00:03:29.176   803   893 D OpenGLRenderer: Swap behavior 2
01-01 00:03:29.206   631   706 I art     : Waiting for a blocking GC DisableMovingGc
01-01 00:03:29.207   631   706 I art     : Starting a blocking GC DisableMovingGc
01-01 00:03:29.208   631   706 I LatinIME:LogUtils: Dictionary info: dictionary = main:en ; version = 54 ; date = 1414726273
01-01 00:03:29.246   660   660 D LocalBluetoothProfileManager: Adding local MAP profile
01-01 00:03:29.252   660   660 D BluetoothMap: Create BluetoothMap proxy object
01-01 00:03:29.261   941   941 D CellBroadcastReceiver: onReceive Intent { act=android.intent.action.SIM_STATE_CHANGED flg=0x4000010 cmp=com.android.cellbroadcastreceiver/.CellBroadcastReceiver (has extras) }
01-01 00:03:29.267   660   660 D LocalBluetoothProfileManager: LocalBluetoothProfileManager construction complete
01-01 00:03:29.289   740   740 D PhoneSwitcherNetworkRequstListener: got request NetworkRequest [ REQUEST id=1, [ Capabilities: INTERNET&NOT_RESTRICTED&TRUSTED&NOT_VPN] ] with score 0
01-01 00:03:29.291   740   740 D TelephonyDebugService: TelephonyDebugService()
01-01 00:03:29.294   740   740 D CarrierConfigLoader: mHandler: 12 phoneId: 0
01-01 00:03:29.295   740   740 D CarrierConfigLoader: Build fingerprint changed. old: null new: Android/toradex_apalis6q/toradex_apalis6q:7.1.2/2.0.0-rfp-rc6/20170930:user/release-keys
01-01 00:03:29.298   283   283 I MediaPlayerService: MediaPlayerService::getOMX
01-01 00:03:29.301   544   991 I OMXClient: MuxOMX ctor
01-01 00:03:29.310   276   700 I OMXMaster: makeComponentInstance(OMX.google.vorbis.decoder) in mediacodec process
01-01 00:03:29.330   740   740 E PhoneInterfaceManager: [PhoneIntfMgr] getIccId: No UICC
01-01 00:03:29.333   660   660 I CameraManagerGlobal: Connecting to camera service
01-01 00:03:29.358   544   767 W Telecom : : registerPhoneAccount not allowed on non-voice capable device.: TSI.rPA@AAU
01-01 00:03:29.361   740   740 I Telephony: AccountEntry: Registered phoneAccount: [[ ] PhoneAccount: ComponentInfo{com.android.phone/com.android.services.telephony.TelephonyConnectionService}, [e0184adedf913b076626646d3f52c3b49c39ad6d], UserHandle{0} Capabilities: CallProvider MultiUser PlaceEmerg SimSub  Audio Routes: BESW Schemes: tel voicemail  Extras: null GroupId: [da39a3ee5e6b4b0d3255bfef95601890afd80709]] with handle: ComponentInfo{com.android.phone/com.android.services.telephony.TelephonyConnectionService}, [e0184adedf913b076626646d3f52c3b49c39ad6d], UserHandle{0}
01-01 00:03:29.364   740   740 I Telephony: PstnIncomingCallNotifier: Registering: Handler (com.android.internal.telephony.GsmCdmaPhone) {b2fa11c}
01-01 00:03:29.384   283   283 I MediaPlayerService: MediaPlayerService::getOMX
01-01 00:03:29.386   660   995 I OMXClient: MuxOMX ctor
01-01 00:03:29.389   276   276 I OMXMaster: makeComponentInstance(OMX.google.vorbis.decoder) in mediacodec process
01-01 00:03:29.399   740   740 E PhoneInterfaceManager: [PhoneIntfMgr] getIccId: No UICC
01-01 00:03:29.422   544   555 W Telecom : : registerPhoneAccount not allowed on non-voice capable device.: TSI.rPA@AAk
01-01 00:03:29.475   283   283 I MediaPlayerService: MediaPlayerService::getOMX
01-01 00:03:29.476   544  1000 I OMXClient: MuxOMX ctor
01-01 00:03:29.480   276   276 I OMXMaster: makeComponentInstance(OMX.google.vorbis.decoder) in mediacodec process
01-01 00:03:29.521   660  1003 E ActivityThread: Failed to find provider info for com.android.contacts
01-01 00:03:29.532   660   737 D OpenGLRenderer: profile bars disabled
01-01 00:03:29.533   660   737 D OpenGLRenderer: ambientRatio = 1.50
01-01 00:03:29.551   660   660 D PhoneStatusBar: disable: < EXPAND* icons alerts system_info BACK* HOME* RECENT* clock SEARCH* quick_settings >
01-01 00:03:29.576   283   718 I MediaPlayerService: MediaPlayerService::getOMX
01-01 00:03:29.578   544  1004 I OMXClient: MuxOMX ctor
01-01 00:03:29.580   276   700 I OMXMaster: makeComponentInstance(OMX.google.vorbis.decoder) in mediacodec process
01-01 00:03:29.675   660   660 D PhoneStatusBar: heads up is enabled
01-01 00:03:29.690   660   660 D StatusBar: user hasn't seen notification about hidden notifications
01-01 00:03:29.691   660   660 D StatusBar: insecure lockscreen, skipping notification
01-01 00:03:29.693   283   325 I MediaPlayerService: MediaPlayerService::getOMX
01-01 00:03:29.695   544  1007 I OMXClient: MuxOMX ctor
01-01 00:03:29.696   544   564 W WindowManager: App freeze timeout expired.
01-01 00:03:29.696   544   564 W WindowManager: Force clearing freeze: AppWindowToken{45a844c token=Token{bfbf99e ActivityRecord{c332bd9 u0 com.android.settings/.FallbackHome t2}}}
01-01 00:03:29.697   276   296 I OMXMaster: makeComponentInstance(OMX.google.vorbis.decoder) in mediacodec process
01-01 00:03:29.709   544   630 I ActivityManager: user 0 is still locked. Cannot load recents
01-01 00:03:29.809   660   660 I Choreographer: Skipped 43 frames!  The application may be doing too much work on its main thread.
01-01 00:03:29.829   271   271 W audio_hw_primary: set parameters A2dpSuspended=false
01-01 00:03:29.835   271   603 I AudioFlinger: openOutput(), module 10 Device 400, SamplingRate 0, Format 00000000, Channels 0, flags 1
01-01 00:03:29.835   271   603 W audio_hw_primary: open output stream devices 1024, format 0, channels 0, sample_rate 0, flag 1
01-01 00:03:29.835   271   603 W audio_hw_primary: adev_open_output_stream() HDMI multichannel
01-01 00:03:29.836   271   603 W audio_hw_primary: out_read_hdmi_channel_masks() card 2 got 2 sup channels
01-01 00:03:29.836   271   603 W audio_hw_primary: out_read_hdmi_rates() card 2 got 32000 sup rates
01-01 00:03:29.836   271   603 W audio_hw_primary: out_read_hdmi_rates() card 2 got 44100 sup rates
01-01 00:03:29.836   271   603 W audio_hw_primary: out_read_hdmi_rates() card 2 got 48000 sup rates
01-01 00:03:29.836   271   603 W audio_hw_primary: opened out stream...-1311027200, type 2
01-01 00:03:29.836   271   603 I AudioFlinger: HAL output buffer size 192 frames, normal sink buffer size 192 frames
01-01 00:03:29.843   271   603 W audio_hw_primary: out get parameters query format=1;sup_sampltype=1400 audit(212.810:37): avc: denied { write } for pid=269 comm="obd" path="socket:[6982]" dev="sockfs" ino=6982 scontext=u:r:obd:s0 tcontext=u:r:obd:s0 tclass=socket permissive=1
ing_rates=, reply sup_sampling_rates=32000|44100|48000
01-01 00:03:29.844   271   603 W audio_hw_primary: out get parameters query format=1;sup_channels=, reply sup_channels=AUDIO_CHANNEL_OUT_STEREO
01-01 00:03:29.844   271   603 W audio_hw_primary: out_set_parameters exiting=1, ret -2, out -1311027200
01-01 00:03:29.845   271  1010 I AudioFlinger: AudioFlinger's thread 0xb1dc5000 ready to run
01-01 00:03:29.845   271   603 W audio_hw_primary: adev_close_output_stream...-1311027200
01-01 00:03:29.845   271   603 I AudioFlinger: openOutput(), module 10 Device 400, SamplingRate 32000, Format 0x000001, Channels 3, flags 1
01-01 00:03:29.845   271   603 W audio_hw_primary: open output stream devices 1024, format 1, channels 3, sample_rate 32000, flag 1
01-01 00:03:29.845   271   603 W audio_hw_primary: adev_open_output_stream() HDMI multichannel
01-01 00:03:29.845   271   603 W audio_hw_primary: out_read_hdmi_channel_masks() card 2 got 2 sup channels
01-01 00:03:29.845   271   603 W audio_hw_primary: out_read_hdmi_rates() card 2 got 32000 sup rates
01-01 00:03:29.845   271   603 W audio_hw_primary: out_read_hdmi_rates() card 2 got 44100 sup rates
01-01 00:03:29.845   271   603 W audio_hw_primary: out_read_hdmi_rates() card 2 got 48000 sup rates
01-01 00:03:29.846   271   603 W audio_hw_primary: opened out stream...-1311027200, type 2
01-01 00:03:29.846   271   603 I AudioFlinger: HAL output buffer size 192 frames, normal sink buffer size 192 frames
01-01 00:03:29.847   271   309 W audio_hw_primary: set parameters connect=1024
01-01 00:03:29.861   660   660 D ViewRootImpl[StatusBar]: changeCanvasOpacity: opaque=true
01-01 00:03:29.863   271  1011 I AudioFlinger: AudioFlinger's thread 0xb1dc5000 ready to run
01-01 00:03:29.863   660   672 I art     : Background sticky concurrent mark sweep GC freed 4246(290KB) AllocSpace objects, 0(0B) LOS objects, 0% free, 11MB/11MB, paused 3.407ms total 123.071ms
01-01 00:03:29.869   271  1011 W audio_hw_primary: out_set_parameters closing=true, ret -2, out -1311027200
01-01 00:03:29.872   271   603 W audio_hw_primary: out_set_parameters exiting=1, ret -2, out -1311027200
01-01 00:03:29.876   271   603 W audio_hw_primary: adev_close_output_stream...-1311027200
01-01 00:03:29.879   271   317 W audio_hw_primary: out_set_parameters routing=0, ret 0, out -1301465344
01-01 00:03:29.889   544   544 I Telecom : WiredHeadsetManager: ACTION_HEADSET_PLUG event, plugged in: false, : WHC.oADA@AAs
01-01 00:03:29.889   544   544 V MediaRouter: Updating audio routes: AudioRoutesInfo{ type=HDMI }
01-01 00:03:29.890   544   544 V MediaRouter: Dispatching route change: RouteInfo{ name=HDMI, description=null, status=null, category=RouteCategory{ name=null types=ROUTE_TYPE_LIVE_AUDIO ROUTE_TYPE_LIVE_VIDEO  groupable=false }, supportedTypes=ROUTE_TYPE_LIVE_AUDIO ROUTE_TYPE_LIVE_VIDEO , presentationDisplay=Display id 1: DisplayInfo{"HDMI Screen", uniqueId "local:1", app 640 x 480, real 640 x 480, largest app 640 x 480, smallest app 640 x 480, mode 2, defaultMode 2, modes [{id=2, width=640, height=480, fps=59.94}], colorMode 0, supportedColorModes [0], hdrCapabilities android.view.Display$HdrCapabilities@a69d6308, rotation 0, density 142 (142.0 x 142.0) dpi, layerStack 1, appVsyncOff 1000000, presDeadline 16683350, type HDMI, state ON, FLAG_SECURE, FLAG_SUPPORTS_PROTECTED_BUFFERS, FLAG_PRESENTATION}, DisplayMetrics{density=0.8875, width=640, height=480, scaledDensity=0.8875, xdpi=142.0, ydpi=142.0}, isValid=true }
01-01 00:03:29.952   544   553 I art     : Background partial concurrent mark sweep GC freed 23518(1612KB) AllocSpace objects, 13(260KB) LOS objects, 33% free, 5MB/7MB, paused 14.576ms total 271.800ms
01-01 00:03:30.052   660   672 I art     : Background partial concurrent mark sweep GC freed 3461(232KB) AllocSpace objects, 0(0B) LOS objects, 39% free, 11MB/18MB, paused 3.483ms total 166.283ms
01-01 00:03:30.272   660   737 I OpenGLRenderer: Initialized EGL, version 1.4
01-01 00:03:30.272   660   737 D OpenGLRenderer: Swap behavior 2
01-01 00:03:30.383   941   941 D CellBroadcastReceiver: onReceive Intent { act=android.intent.action.SERVICE_STATE flg=0x10 cmp=com.android.cellbroadcastreceiver/.CellBroadcastReceiver (has extras) }
01-01 00:03:30.383   941   941 D CellBroadcastReceiver: Intent: android.intent.action.SERVICE_STATE
01-01 00:03:30.386   941   941 D CellBroadcastReceiver: Service state changed! 1 Full: 1 1 voice home data home null null null null null null  Unknown Unknown CSS not supported -1 -1 RoamInd=-1 DefRoamInd=-1 EmergOnly=false IsDataRoamingFromRegistration=false IsUsingCarrierAggregation=false Current state=-1
01-01 00:03:30.387   544   564 I ActivityManager: Displayed com.android.settings/.FallbackHome: +3s481ms (total +5s60ms)
01-01 00:03:30.392   544   589 D WifiService: New client listening to asynchronous messages
01-01 00:03:30.405   544   557 V KeyguardServiceDelegate: *** Keyguard started
01-01 00:03:30.405   544   557 W KeyguardServiceDelegate: onScreenTurningOn(): no keyguard service!
01-01 00:03:30.433   660   660 W KeyguardUpdateMonitor: invalid subId in handleSimStateChange()
01-01 00:03:30.433   660   660 I Choreographer: Skipped 37 frames!  The application may be doing too much work on its main thread.
01-01 00:03:30.529   660   660 V MediaRouter: Updating audio routes: AudioRoutesInfo{ type=HDMI }
01-01 00:03:30.531   660   660 V MediaRouter: Dispatching route change: RouteInfo{ name=HDMI, description=null, status=null, category=RouteCategory{ name=null types=ROUTE_TYPE_LIVE_AUDIO ROUTE_TYPE_LIVE_VIDEO  groupable=false }, supportedTypes=ROUTE_TYPE_LIVE_AUDIO ROUTE_TYPE_LIVE_VIDEO , presentationDisplay=Display id 1: DisplayInfo{"HDMI Screen", uniqueId "local:1", app 640 x 480, real 640 x 480, largest app 640 x 480, smallest app 640 x 480, mode 2, defaultMode 2, modes [{id=2, width=640, height=480, fps=59.94}], colorMode 0, supportedColorModes [0], hdrCapabilities android.view.Display$HdrCapabilities@a69d6308, rotation 0, density 142 (142.0 x 142.0) dpi, layerStack 1, appVsyncOff 1000000, presDeadline 16683350, type HDMI, state ON, FLAG_SECURE, FLAG_SUPPORTS_PROTECTED_BUFFERS, FLAG_PRESENTATION}, DisplayMetrics{density=0.8875, width=640, height=480, scaledDensity=0.8875, xdpi=142.0, ydpi=142.0}, isValid=true }
01-01 00:03:30.532   544   564 I WindowManager: Screen frozen for +3s414ms due to Window{e4db692 u0 NavigationBar}
01-01 00:03:30.549   265   265 E display : composeLayer: invalid srect or drect
01-01 00:03:30.565   265   265 E display : composeLayer: invalid srect or drect
01-01 00:03:30.582   265   265 E display : composeLayer: invalid srect or drect
01-01 00:03:30.598   265   265 E display : composeLayer: invalid srect or drect
01-01 00:03:30.615   265   265 E display : composeLayer: invalid srect or drect
01-01 00:03:30.632   265   265 E display : composeLayer: invalid srect or drect
01-01 00:03:30.650   265   265 E display : composeLayer: invalid srect or drect
01-01 00:03:30.658   660   660 W KeyguardUpdateMonitor: invalid subId in handleServiceStateChange()
01-01 00:03:30.664   544   558 V KeyguardServiceDelegate: *** Keyguard connected (yay!)
01-01 00:03:30.666   265   265 E display : composeLayer: invalid srect or drect
01-01 00:03:30.683   265   265 E display : composeLayer: invalid srect or drect
01-01 00:03:30.699   265   265 E display : composeLayer: invalid srect or drect
01-01 00:03:30.716   265   265 E display : composeLayer: invalid srect or drect
01-01 00:03:30.716   265   265 E display : composeLayer: invalid srect or drect
01-01 00:03:30.732   265   265 E display : composeLayer: invalid srect or drect
01-01 00:03:30.732   265   265 E display : composeLayer: invalid srect or drect
01-01 00:03:30.749   265   265 E display : composeLayer: invalid srect or drect
01-01 00:03:30.749   265   265 E display : composeLayer: invalid srect or drect
01-01 00:03:30.766   265   265 E display : composeLayer: invalid srect or drect
01-01 00:03:30.766   265   265 E display : composeLayer: invalid srect or drect
01-01 00:03:30.829   544   630 V KeyguardServiceDelegate: **** SHOWN CALLED ****
01-01 00:03:30.830   544   767 I ActivityManager: user 0 is still locked. Cannot load recents
01-01 00:03:30.834   660   660 W FingerprintManager: isFingerprintHardwareDetected(): Service not connected!
01-01 00:03:30.858   660   660 D PhoneStatusBar: disable: < expand* icons alerts system_info back* home* recent* clock search* quick_settings >
01-01 00:03:30.891   265   290 I SurfaceFlinger: Boot is finished (32527 ms)
01-01 00:03:31.105   274   274 E         : Unable to unlink boot marker at /data//dalvik-cache/arm/.booting, error=No such file or directory
01-01 00:03:31.105   544   564 W ActivityManager: Unable to mark boot complete for abi: armeabi-v7a (Failed to execute markbootcomplete [arm]: -1)
01-01 00:03:31.107   544   564 I SystemServiceManager: Starting phase 1000
01-01 00:03:31.155   544   564 I ActivityManager: Start proc 1015:android.ext.services/u0a14 for on-hold
01-01 00:03:31.158   544   564 D ActivityManager: Finishing user boot 0
01-01 00:03:31.160   544   564 D CryptdConnector: SND -> {3 cryptfs prepare_user_storage ! 0 0 2}
01-01 00:03:31.162   251   258 D vold    : e4crypt_prepare_user_storage for volume null, user 0, serial 0, flags 2
01-01 00:03:31.162   251   258 D vold    : Preparing: /data/system_ce/0
01-01 00:03:31.162   251   258 D vold    : Preparing: /data/misc_ce/0
01-01 00:03:31.163   251   258 D vold    : Preparing: /data/media/0
01-01 00:03:31.163   251   258 D vold    : Preparing: /data/data
01-01 00:03:31.164   544   584 D CryptdConnector: RCV <- {200 3 Command succeeded}
01-01 00:03:31.165   544   564 V UserManagerService: Found /data/user/0 with serial number 0
01-01 00:03:31.166   544   564 V UserManagerService: Found /data/system_ce/0 with serial number -1
01-01 00:03:31.166   544   564 D UserManagerService: Serial number missing on /data/system_ce/0; assuming current is valid
01-01 00:03:31.167   544   564 V PackageManager: reconcileAppsData for null u0 0x2
01-01 00:03:31.236  1023  1023 I bootstat: Service started: /system/bin/bootstat --record_boot_complete 
01-01 00:03:31.236  1023  1023 E bootstat: Failed to read /data/misc/bootstat/last_boot_time_utc: No such file or directory
01-01 00:03:31.236  1023  1023 E bootstat: Failed to parse boot time record: /data/misc/bootstat/last_boot_time_utc
01-01 00:03:31.238  1023  1023 E bootstat: Failed to read /data/misc/bootstat/build_date: No such file or directory
01-01 00:03:31.238  1023  1023 E bootstat: Failed to parse boot time record: /data/misc/bootstat/build_date
01-01 00:03:31.238  1023  1023 E bootstat: Failed to read /data/misc/bootstat/post_decrypt_time_elapsed: No such file or directory
01-01 00:03:31.238  1023  1023 E bootstat: Failed to parse boot time record: /data/misc/bootstat/post_decrypt_time_elapsed
01-01 00:03:31.294  1032  1032 I bootstat: Service started: /system/bin/bootstat --record_boot_reason 
01-01 00:03:31.294  1032  1032 I bootstat: Unknown boot reason: 
01-01 00:03:31.337  1033  1033 I bootstat: Service started: /system/bin/bootstat --record_time_since_factory_reset 
01-01 00:03:31.337  1033  1033 I bootstat: Logging histogram: factory_reset_current_time 211
01-01 00:03:31.339  1033  1033 E bootstat: Failed to read /data/misc/bootstat/factory_reset: No such file or directory
01-01 00:03:31.339  1033  1033 E bootstat: Failed to parse boot time record: /data/misc/bootstat/factory_reset
01-01 00:03:31.385  1034  1034 I bootstat: Service started: /system/bin/bootstat -l 
01-01 00:03:31.385  1034  1034 I bootstat: Logging histogram: bootstat_mtime_matches_content 1
01-01 00:03:31.386  1034  1034 I bootstat: Logging histogram: bootstat_mtime_matches_content 1
01-01 00:03:31.386  1034  1034 I bootstat: Logging histogram: bootstat_mtime_matches_content 1
01-01 00:03:31.387  1034  1034 I bootstat: Logging histogram: bootstat_mtime_matches_content 1
01-01 00:03:31.387  1034  1034 I bootstat: Logging histogram: bootstat_mtime_matches_content 1
01-01 00:03:31.387  1034  1034 I bootstat: Logging histogram: bootstat_mtime_matches_content 1
01-01 00:03:31.387  1034  1034 I bootstat: Logging histogram: bootstat_mtime_matches_content 1
01-01 00:03:31.387  1034  1034 I bootstat: Logging histogram: factory_reset_current_time 211
01-01 00:03:31.387  1034  1034 I bootstat: Logging histogram: ota_boot_complete_no_encryption 41
01-01 00:03:31.387  1034  1034 I bootstat: Logging histogram: boot_reason 1
01-01 00:03:31.387  1034  1034 I bootstat: Logging histogram: ota_boot_complete 41
01-01 00:03:31.387  1034  1034 I bootstat: Logging histogram: build_date 1516634654
01-01 00:03:31.388  1034  1034 I bootstat: Logging histogram: factory_reset 211
01-01 00:03:31.388  1034  1034 I bootstat: Logging histogram: last_boot_time_utc 211
01-01 00:03:31.586   544   564 V PackageManager: reconcileAppsData finished 83 packages
01-01 00:03:31.587   544   590 D WIFI    : Registering NetworkFactory
01-01 00:03:31.588   544   590 D WIFI_UT : Registering NetworkFactory
01-01 00:03:31.588   544   594 D ConnectivityService: Got NetworkFactory Messenger for WIFI
01-01 00:03:31.588   544   594 D ConnectivityService: Got NetworkFactory Messenger for WIFI_UT
01-01 00:03:31.588   544   590 D WIFI    : got request NetworkRequest [ REQUEST id=1, [ Capabilities: INTERNET&NOT_RESTRICTED&TRUSTED&NOT_VPN] ] with score 0
01-01 00:03:31.589   544   590 D WIFI_UT : got request NetworkRequest [ REQUEST id=1, [ Capabilities: INTERNET&NOT_RESTRICTED&TRUSTED&NOT_VPN] ] with score 0
01-01 00:03:31.591   544   557 D BluetoothManagerService: User 0 unlocked
01-01 00:03:31.591   544   557 D MountService: onUnlockUser 0
01-01 00:03:31.591   544   563 D BluetoothManagerService: MESSAGE_USER_UNLOCKED
01-01 00:03:31.591   544   557 D VoldConnector: SND -> {31 volume user_started 0}
01-01 00:03:31.598   251   257 D vold    : Linking /storage/emulated/0 to /mnt/user/0/primary
01-01 00:03:31.598   544   583 D VoldConnector: RCV <- {200 31 Command succeeded}
01-01 00:03:31.600   544   582 D MountService: Volume emulated broadcasting mounted to UserHandle{0}
01-01 00:03:31.614  1015  1015 W System  : ClassLoader referenced unknown path: /system/priv-app/ExtServices/lib/arm
01-01 00:03:31.617   544   544 I ActivityManager: Start proc 1035:com.android.deskclock/u0a41 for broadcast com.android.deskclock/.AlarmInitReceiver
01-01 00:03:31.624   544   557 I SELinux : SELinux: Loaded file_contexts contexts from /file_contexts.bin.
01-01 00:03:31.626   544   544 I InputMethodManagerService: All the enabled IMEs are gone. Reset default enabled IMEs.
01-01 00:03:31.632   544   557 V BackupManagerService: No ancestral data
01-01 00:03:31.659   544   557 V BackupManagerService: Starting with transport android/com.android.internal.backup.LocalTransport
01-01 00:03:31.659   544   557 V BackupManagerService: Found transports: 1
01-01 00:03:31.666   544   557 I BackupManagerService: Backup enable apparently not migrated
01-01 00:03:31.666   544   557 I BackupManagerService: Migrating enable state false
01-01 00:03:31.668   544   557 I BackupManagerService: Backup enabled => false
01-01 00:03:31.740  1035  1035 W System  : ClassLoader referenced unknown path: /system/app/DeskClock/lib/arm
