01-01 00:03:34.525   271   313 W audio_hw_primary: Aravinth: start_output_stream_primary >1
01-01 00:03:34.525   271   313 W audio_hw_primary: Aravinth: select_output_device >0 out_device=400
01-01 00:03:34.525   271   313 W audio_hw_primary: headphone 0 ,headset 1024 ,speaker 0, earpiece 0, bt_on 0
01-01 00:03:34.526   271   313 W audio_hw_primary: HDMI: card 2, port 0 device 0x400
01-01 00:03:34.526   271   313 W audio_hw_primary: HDMI: rate 44100, channel 2 period_size 0x300
01-01 00:03:34.526   271   313 W audio_hw_primary: Aravinth: start_output_stream_primary >2
01-01 00:03:35.563   545   776 I PackageManager: Adding preferred activity com.android.launcher/com.android.launcher2.Launcher for user 0:
01-01 00:03:35.563   545   776 I PackageManager:   Action: "android.intent.action.MAIN"
01-01 00:03:35.563   545   776 I PackageManager:   Category: "android.intent.category.HOME"
01-01 00:03:35.563   545   776 I PackageManager:   Category: "android.intent.category.DEFAULT"
01-01 00:03:35.563   545   776 I PackageManager:   AutoVerify=false
01-01 00:03:35.566   545   555 I ActivityManager: START u0 {act=android.intent.action.MAIN cat=[android.intent.category.HOME] flg=0x13000100 cmp=com.android.launcher/com.android.launcher2.Launcher} from uid 0 on display 0
01-01 00:03:35.669   545   556 I ActivityManager: Killing 1078:com.android.keychain/1000 (adj 906): empty #17
01-01 00:03:35.852   545   554 I art     : Background partial concurrent mark sweep GC freed 2756(121KB) AllocSpace objects, 0(0B) LOS objects, 33% free, 5MB/7MB, paused 4.715ms total 178.451ms
01-01 00:03:35.853   545  1062 D ActivityManager: cleanUpApplicationRecord -- 1078
01-01 00:03:36.065   265   265 E display : composeLayer: invalid srect or drect
01-01 00:03:36.083   265   265 E display : composeLayer: invalid srect or drect
01-01 00:03:36.101   265   265 E display : composeLayer: invalid srect or drect
01-01 00:03:36.118   265   265 E display : composeLayer: invalid srect or drect
01-01 00:03:36.135   265   265 E display : composeLayer: invalid srect or drect
01-01 00:03:36.151   265   265 E display : composeLayer: invalid srect or drect
01-01 00:03:36.167   265   265 E display : composeLayer: invalid srect or drect
01-01 00:03:36.166  1318  1318 E AppsCustomizePagedView: Widget ComponentInfo{com.android.music/com.android.music.MediaAppWidgetProvider} can not fit on this device (294, 72)
01-01 00:03:36.187   265   265 E display : composeLayer: invalid srect or drect
01-01 00:03:36.204   265   265 E display : composeLayer: invalid srect or drect
01-01 00:03:36.220   265   265 E display : composeLayer: invalid srect or drect
01-01 00:03:36.238   265   265 E display : composeLayer: invalid srect or drect
01-01 00:03:36.311  1318  1318 I display : GPUManager exists
01-01 00:03:36.374   545   581 I InputDispatcher: Dropping event because there is no touchable window at (568, 444).
01-01 00:03:36.394  1318  1365 W Launcher.LauncherProvider: Unable to add favorite: com.android.mms/com.android.mms.ui.ConversationList
01-01 00:03:36.394  1318  1365 W Launcher.LauncherProvider: android.content.pm.PackageManager$NameNotFoundException: ComponentInfo{com.android.mms/com.android.mms.ui.ConversationList}
01-01 00:03:36.394  1318  1365 W Launcher.LauncherProvider: 	at android.app.ApplicationPackageManager.getActivityInfo(ApplicationPackageManager.java:391)
01-01 00:03:36.394  1318  1365 W Launcher.LauncherProvider: 	at com.android.launcher2.LauncherProvider$DatabaseHelper.addAppShortcut(LauncherProvider.java:1056)
01-01 00:03:36.394  1318  1365 W Launcher.LauncherProvider: 	at com.android.launcher2.LauncherProvider$DatabaseHelper.loadFavorites(LauncherProvider.java:960)
01-01 00:03:36.394  1318  1365 W Launcher.LauncherProvider: 	at com.android.launcher2.LauncherProvider$DatabaseHelper.-wrap0(LauncherProvider.java)
01-01 00:03:36.394  1318  1365 W Launcher.LauncherProvider: 	at com.android.launcher2.LauncherProvider.loadDefaultFavoritesIfNecessary(LauncherProvider.java:254)
01-01 00:03:36.394  1318  1365 W Launcher.LauncherProvider: 	at com.android.launcher2.LauncherModel$LoaderTask.loadWorkspace(LauncherModel.java:1276)
01-01 00:03:36.394  1318  1365 W Launcher.LauncherProvider: 	at com.android.launcher2.LauncherModel$LoaderTask.loadAndBindWorkspace(LauncherModel.java:1030)
01-01 00:03:36.394  1318  1365 W Launcher.LauncherProvider: 	at com.android.launcher2.LauncherModel$LoaderTask.run(LauncherModel.java:1133)
01-01 00:03:36.394  1318  1365 W Launcher.LauncherProvider: 	at android.os.Handler.handleCallback(Handler.java:751)
01-01 00:03:36.394  1318  1365 W Launcher.LauncherProvider: 	at android.os.Handler.dispatchMessage(Handler.java:95)
01-01 00:03:36.394  1318  1365 W Launcher.LauncherProvider: 	at android.os.Looper.loop(Looper.java:154)
01-01 00:03:36.394  1318  1365 W Launcher.LauncherProvider: 	at android.os.HandlerThread.run(HandlerThread.java:61)
01-01 00:03:36.399  1318  1365 W Launcher.LauncherProvider: Unable to add favorite: com.android.browser/com.android.browser.BrowserActivity
01-01 00:03:36.399  1318  1365 W Launcher.LauncherProvider: android.content.pm.PackageManager$NameNotFoundException: ComponentInfo{com.android.browser/com.android.browser.BrowserActivity}
01-01 00:03:36.399  1318  1365 W Launcher.LauncherProvider: 	at android.app.ApplicationPackageManager.getActivityInfo(ApplicationPackageManager.java:391)
01-01 00:03:36.399  1318  1365 W Launcher.LauncherProvider: 	at com.android.launcher2.LauncherProvider$DatabaseHelper.addAppShortcut(LauncherProvider.java:1056)
01-01 00:03:36.399  1318  1365 W Launcher.LauncherProvider: 	at com.android.launcher2.LauncherProvider$DatabaseHelper.loadFavorites(LauncherProvider.java:960)
01-01 00:03:36.399  1318  1365 W Launcher.LauncherProvider: 	at com.android.launcher2.LauncherProvider$DatabaseHelper.-wrap0(LauncherProvider.java)
01-01 00:03:36.399  1318  1365 W Launcher.LauncherProvider: 	at com.android.launcher2.LauncherProvider.loadDefaultFavoritesIfNecessary(LauncherProvider.java:254)
01-01 00:03:36.399  1318  1365 W Launcher.LauncherProvider: 	at com.android.launcher2.LauncherModel$LoaderTask.loadWorkspace(LauncherModel.java:1276)
01-01 00:03:36.399  1318  1365 W Launcher.LauncherProvider: 	at com.android.launcher2.LauncherModel$LoaderTask.loadAndBindWorkspace(LauncherModel.java:1030)
01-01 00:03:36.399  1318  1365 W Launcher.LauncherProvider: 	at com.android.launcher2.LauncherModel$LoaderTask.run(LauncherModel.java:1133)
01-01 00:03:36.399  1318  1365 W Launcher.LauncherProvider: 	at android.os.Handler.handleCallback(Handler.java:751)
01-01 00:03:36.399  1318  1365 W Launcher.LauncherProvider: 	at android.os.Handler.dispatchMessage(Handler.java:95)
01-01 00:03:36.399  1318  1365 W Launcher.LauncherProvider: 	at android.os.Looper.loop(Looper.java:154)
01-01 00:03:36.399  1318  1365 W Launcher.LauncherProvider: 	at android.os.HandlerThread.run(HandlerThread.java:61)
01-01 00:03:36.426  1318  1422 I OpenGLRenderer: Initialized EGL, version 1.4
01-01 00:03:36.426  1318  1422 D OpenGLRenderer: Swap behavior 2
01-01 00:03:36.729   545   566 I ActivityManager: Displayed com.android.launcher/com.android.launcher2.Launcher: +1s91ms (total +50s44ms)
01-01 00:03:36.780  1318  1318 W System  : ClassLoader referenced unknown path: 
01-01 00:03:36.780  1318  1318 W System  : ClassLoader referenced unknown path: /system/app/DeskClock/lib/arm
01-01 00:03:36.783  1318  1318 D ApplicationLoaders: ignored Vulkan layer search path /system/app/DeskClock/lib/arm:/system/lib:/vendor/lib for namespace 0xa8943090
01-01 00:03:37.429  1318  1422 W OpenGLRenderer: Incorrectly called buildLayer on View: ShortcutAndWidgetContainer, destroying layer...
01-01 00:03:37.429  1318  1422 W OpenGLRenderer: Incorrectly called buildLayer on View: ShortcutAndWidgetContainer, destroying layer...
01-01 00:03:40.467  1318  1328 I art     : Background sticky concurrent mark sweep GC freed 3143(209KB) AllocSpace objects, 7(3MB) LOS objects, 23% free, 10MB/13MB, paused 6.192ms total 43.175ms
01-01 00:03:42.947   545   886 I ActivityManager: START u0 {act=android.intent.action.MAIN cat=[android.intent.category.LAUNCHER] flg=0x10200000 cmp=com.android.settings/.Settings (has extras)} from uid 10016 on display 0
01-01 00:03:42.981   545   581 I InputDispatcher: Dropping event because there is no touchable window at (124, 264).
01-01 00:03:43.281   816  1435 W System  : ClassLoader referenced unknown path: 
01-01 00:03:43.282   816  1435 W System  : ClassLoader referenced unknown path: /system/priv-app/CellBroadcastReceiver/lib/arm
01-01 00:03:43.289   816  1435 D ApplicationLoaders: ignored Vulkan layer search path /system/priv-app/CellBroadcastReceiver/lib/arm:/system/lib:/vendor/lib for namespace 0xa8613090
01-01 00:03:43.452   816  1440 V NFC     : this device does not have NFC support
01-01 00:03:43.452   816  1436 D LocalBluetoothProfileManager: Adding local MAP profile
01-01 00:03:43.457   816  1436 D BluetoothMap: Create BluetoothMap proxy object
01-01 00:03:43.474   816  1436 D LocalBluetoothProfileManager: LocalBluetoothProfileManager construction complete
01-01 00:03:43.511   816   900 I OpenGLRenderer: Initialized EGL, version 1.4
01-01 00:03:43.511   816   900 D OpenGLRenderer: Swap behavior 2
01-01 00:03:43.616   816  1436 W ProcStatsManager: No process com.android.providers.calendar/10004 for service com.android.providers.calendar.EmptyService
01-01 00:03:43.616   816  1436 W ProcStatsManager: No process com.android.providers.calendar/10004 for service com.android.providers.calendar.CalendarProviderIntentService
01-01 00:03:43.616   816  1436 W ProcStatsManager: No process android.process.media/10012 for service com.android.providers.media.MediaScannerService
01-01 00:03:43.617   816  1436 W ProcStatsManager: No process com.android.carrierconfig/10005 for service com.android.carrierconfig.DefaultCarrierConfigService
01-01 00:03:43.617   816  1436 W ProcStatsManager: No process com.android.calendar/10035 for service com.android.calendar.alerts.InitAlarmsService
01-01 00:03:43.617   816  1436 W ProcStatsManager: No process com.android.calendar/10035 for service com.android.calendar.alerts.AlertService
01-01 00:03:43.617   816  1436 W ProcStatsManager: No process com.android.printspooler/10056 for service com.android.printspooler.model.PrintSpoolerService
01-01 00:03:43.617   816  1436 W ProcStatsManager: No process com.android.onetimeinitializer/10019 for service com.android.onetimeinitializer.OneTimeInitializerService
01-01 00:03:43.617   816  1436 W ProcStatsManager: No process system/1000 for service com.android.server.telecom.components.BluetoothPhoneService
01-01 00:03:43.617   816  1436 W ProcStatsManager: No process system/1000 for service com.android.server.telecom.components.TelecomService
01-01 00:03:43.617   816  1436 W ProcStatsManager: No process com.android.keychain/1000 for service com.android.keychain.KeyChainService
01-01 00:03:43.617   816  1436 W ProcStatsManager: No process com.android.dialer/10010 for service com.android.dialer.calllog.CallLogNotificationsService
01-01 00:03:43.617   816  1436 W ProcStatsManager: No process com.android.email/10043 for service com.android.email.service.EmailBroadcastProcessorService
01-01 00:03:43.617   816  1436 W ProcStatsManager: No process system/1000 for service com.android.location.fused.FusedLocationService
01-01 00:03:43.617   816  1436 W ProcStatsManager: No process com.android.bluetooth/1002 for service com.android.bluetooth.btservice.AdapterService
01-01 00:03:43.651   816  1436 W StorageManager: Could not read /sys/block/bootdev_size
01-01 00:03:43.651   816  1436 W StorageManager: java.io.FileNotFoundException: /sys/block/bootdev_size (No such file or directory)
01-01 00:03:43.651   816  1436 W StorageManager: 	at java.io.FileInputStream.open(Native Method)
01-01 00:03:43.651   816  1436 W StorageManager: 	at java.io.FileInputStream.<init>(FileInputStream.java:146)
01-01 00:03:43.651   816  1436 W StorageManager: 	at java.io.FileInputStream.<init>(FileInputStream.java:99)
01-01 00:03:43.651   816  1436 W StorageManager: 	at android.os.storage.StorageManager.readLong(StorageManager.java:938)
01-01 00:03:43.651   816  1436 W StorageManager: 	at android.os.storage.StorageManager.getPrimaryStorageSize(StorageManager.java:930)
01-01 00:03:43.651   816  1436 W StorageManager: 	at com.android.settingslib.deviceinfo.StorageManagerVolumeProvider.getPrimaryStorageSize(StorageManagerVolumeProvider.java:37)
01-01 00:03:43.651   816  1436 W StorageManager: 	at com.android.settingslib.deviceinfo.PrivateStorageInfo.getPrivateStorageInfo(PrivateStorageInfo.java:40)
01-01 00:03:43.651   816  1436 W StorageManager: 	at com.android.settings.deviceinfo.StorageSettings$SummaryProvider.updateSummary(StorageSettings.java:513)
01-01 00:03:43.651   816  1436 W StorageManager: 	at com.android.settings.deviceinfo.StorageSettings$SummaryProvider.setListening(StorageSettings.java:506)
01-01 00:03:43.651   816  1436 W StorageManager: 	at com.android.settings.dashboard.SummaryLoader.setListeningW(SummaryLoader.java:192)
01-01 00:03:43.651   816  1436 W StorageManager: 	at com.android.settings.dashboard.SummaryLoader.-wrap2(SummaryLoader.java)
01-01 00:03:43.651   816  1436 W StorageManager: 	at com.android.settings.dashboard.SummaryLoader$Worker.handleMessage(SummaryLoader.java:253)
01-01 00:03:43.651   816  1436 W StorageManager: 	at android.os.Handler.dispatchMessage(Handler.java:102)
01-01 00:03:43.651   816  1436 W StorageManager: 	at android.os.Looper.loop(Looper.java:154)
01-01 00:03:43.651   816  1436 W StorageManager: 	at android.os.HandlerThread.run(HandlerThread.java:61)
01-01 00:03:43.688   816  1436 W DataUsageController: Failed to get data usage, no subscriber id
01-01 00:03:43.719   816   816 D DashboardSummary: onConditionsChanged
01-01 00:03:43.730   816  1435 I IndexDatabaseHelper: Bootstrapped database
01-01 00:03:43.731   545   566 I ActivityManager: Displayed com.android.settings/.Settings: +756ms
01-01 00:03:43.764   816  1435 I IndexDatabaseHelper: Using schema version: 115
01-01 00:03:43.766   816  1435 I IndexDatabaseHelper: Index is fine
01-01 00:03:43.864   816  1435 V FingerprintManager: FingerprintManagerService was null
01-01 00:03:43.865   816  1435 W FingerprintManager: isFingerprintHardwareDetected(): Service not connected!
01-01 00:03:43.919   816  1435 W ResourceType: No package identifier when getting value for resource number 0x00000000
01-01 00:03:43.927   816  1435 E Index   : Cannot index: com.android.settings.SecuritySettings for locale: en_US
01-01 00:03:43.927   816  1435 E Index   : android.content.res.Resources$NotFoundException: Resource ID #0x0
01-01 00:03:43.927   816  1435 E Index   : 	at android.content.res.ResourcesImpl.getValue(ResourcesImpl.java:190)
01-01 00:03:43.927   816  1435 E Index   : 	at android.content.res.Resources.loadXmlResourceParser(Resources.java:2101)
01-01 00:03:43.927   816  1435 E Index   : 	at android.content.res.Resources.getXml(Resources.java:1164)
01-01 00:03:43.927   816  1435 E Index   : 	at com.android.settings.search.Index.indexFromResource(Index.java:848)
01-01 00:03:43.927   816  1435 E Index   : 	at com.android.settings.search.Index.indexFromProvider(Index.java:1002)
01-01 00:03:43.927   816  1435 E Index   : 	at com.android.settings.search.Index.indexOneResource(Index.java:815)
01-01 00:03:43.927   816  1435 E Index   : 	at com.android.settings.search.Index.indexOneSearchIndexableData(Index.java:727)
01-01 00:03:43.927   816  1435 E Index   : 	at com.android.settings.search.Index.-wrap4(Index.java)
01-01 00:03:43.927   816  1435 E Index   : 	at com.android.settings.search.Index$UpdateIndexTask.processDataToUpdate(Index.java:1241)
01-01 00:03:43.927   816  1435 E Index   : 	at com.android.settings.search.Index$UpdateIndexTask.doInBackground(Index.java:1208)
01-01 00:03:43.927   816  1435 E Index   : 	at com.android.settings.search.Index$UpdateIndexTask.doInBackground(Index.java:1186)
01-01 00:03:43.927   816  1435 E Index   : 	at android.os.AsyncTask$2.call(AsyncTask.java:305)
01-01 00:03:43.927   816  1435 E Index   : 	at java.util.concurrent.FutureTask.run(FutureTask.java:237)
01-01 00:03:43.927   816  1435 E Index   : 	at android.os.AsyncTask$SerialExecutor$1.run(AsyncTask.java:243)
01-01 00:03:43.927   816  1435 E Index   : 	at java.util.concurrent.ThreadPoolExecutor.runWorker(ThreadPoolExecutor.java:1133)
01-01 00:03:43.927   816  1435 E Index   : 	at java.util.concurrent.ThreadPoolExecutor$Worker.run(ThreadPoolExecutor.java:607)
01-01 00:03:43.927   816  1435 E Index   : 	at java.lang.Thread.run(Thread.java:761)
01-01 00:03:44.856   816  1435 D Index   : Indexing locale 'en_US' took 1087 millis
01-01 00:03:44.929   816  1435 D Index   : Indexing locale 'en_US' took 15 millis
01-01 00:03:44.971   816  1435 D Index   : Indexing locale 'en_US' took 16 millis
01-01 00:03:45.483   545   591 D WifiNative-HAL: Failing getSupportedFeatureset because HAL isn't started
01-01 00:03:45.487   545   555 E BatteryStatsService: no controller energy info supplied
01-01 00:03:45.487   545   555 E BatteryStatsService: no controller energy info supplied
01-01 00:03:45.488   741   741 E PhoneInterfaceManager: [PhoneIntfMgr] queryModemActivityInfo: Empty response
01-01 00:03:45.493   545   555 E KernelCpuSpeedReader: Failed to read cpu-freq: /sys/devices/system/cpu/cpu0/cpufreq/stats/time_in_state (No such file or directory)
01-01 00:03:45.494   545   555 E KernelUidCpuTimeReader: Failed to read uid_cputime: /proc/uid_cputime/show_uid_stat (No such file or directory)
01-01 00:03:45.498   545   555 E BatteryStatsService: modem info is invalid: ModemActivityInfo{ mTimestamp=0 mSleepTimeMs=0 mIdleTimeMs=0 mTxTimeMs[]=[0, 0, 0, 0, 0] mRxTimeMs=0 mEnergyUsed=0}
01-01 00:03:46.055   271   313 W audio_hw_primary: do_out_standby... -1506986240





















01-01 00:03:47.695   545  1062 I ActivityManager: START u0 {flg=0x8000 cmp=com.android.settings/.Settings$BluetoothSettingsActivity (has extras)} from uid 1000 on display 0
01-01 00:03:47.696   271   313 I audio_hw_primary: start_output_stream_primary... -1506986240, device 1024
01-01 00:03:47.696   271   313 W audio_hw_primary: Aravinth: start_output_stream_primary >1
01-01 00:03:47.696   271   313 W audio_hw_primary: Aravinth: select_output_device >0 out_device=400
01-01 00:03:47.696   271   313 W audio_hw_primary: headphone 0 ,headset 1024 ,speaker 0, earpiece 0, bt_on 0
01-01 00:03:47.697   271   313 W audio_hw_primary: HDMI: card 2, port 0 device 0x400
01-01 00:03:47.697   271   313 W audio_hw_primary: HDMI: rate 44100, channel 2 period_size 0x300
01-01 00:03:47.697   271   313 W audio_hw_primary: Aravinth: start_output_stream_primary >2
01-01 00:03:47.963   816   816 D LocalBluetoothManager: setting foreground activity to non-null context
01-01 00:03:47.989   816  1439 D Index   : Indexing locale 'en_US' took 49 millis
01-01 00:03:48.071   816  1439 D Index   : Indexing locale 'en_US' took 31 millis
01-01 00:03:48.199   816  1439 D Index   : Deleting data for locale 'en_US' took 5 millis
01-01 00:03:48.202   816  1439 D Index   : Indexing locale 'en_US' took 3 millis
01-01 00:03:48.229   545   566 I ActivityManager: Displayed com.android.settings/.Settings$BluetoothSettingsActivity: +515ms
01-01 00:03:48.356   816   900 D OpenGLRenderer: endAllActiveAnimators on 0x831a6300 (RippleDrawable) with handle 0x9ef83730
01-01 00:03:48.768   816   816 W ViewRootImpl[Settings]: Cancelling event due to no window focus: MotionEvent { action=ACTION_CANCEL, actionButton=0, id[0]=0, x[0]=126.72297, y[0]=423.55792, toolType[0]=TOOL_TYPE_MOUSE, buttonState=0, metaState=0, flags=0x0, edgeFlags=0x0, pointerCount=1, historySize=0, eventTime=105388, downTime=104212, deviceId=3, source=0x2002 }
01-01 00:03:48.768   816   816 W ViewRootImpl[Settings]: Cancelling event due to no window focus: MotionEvent { action=ACTION_CANCEL, actionButton=0, id[0]=0, x[0]=126.72297, y[0]=423.55792, toolType[0]=TOOL_TYPE_MOUSE, buttonState=0, metaState=0, flags=0x0, edgeFlags=0x0, pointerCount=1, historySize=0, eventTime=105388, downTime=104212, deviceId=3, source=0x2002 }
01-01 00:03:48.769   816   816 W ViewRootImpl[Settings]: Cancelling event due to no window focus: MotionEvent { action=ACTION_CANCEL, actionButton=0, id[0]=0, x[0]=126.72297, y[0]=423.55792, toolType[0]=TOOL_TYPE_MOUSE, buttonState=0, metaState=0, flags=0x0, edgeFlags=0x0, pointerCount=1, historySize=0, eventTime=105388, downTime=104212, deviceId=3, source=0x2002 }
01-01 00:03:48.769   816   816 W ViewRootImpl[Settings]: Cancelling event due to no window focus: MotionEvent { action=ACTION_CANCEL, actionButton=0, id[0]=0, x[0]=126.72297, y[0]=423.55792, toolType[0]=TOOL_TYPE_MOUSE, buttonState=0, metaState=0, flags=0x0, edgeFlags=0x0, pointerCount=1, historySize=0, eventTime=105388, downTime=104212, deviceId=3, source=0x2002 }
01-01 00:03:50.032   545   776 D BluetoothManagerService: enable(com.android.settings):  mBluetooth =null mBinding = false mState = OFF
01-01 00:03:50.033   545   565 D BluetoothManagerService: MESSAGE_ENABLE(0): mBluetooth = null
01-01 00:03:50.033   545   776 D BluetoothManagerService: enable returning
01-01 00:03:50.062   545   565 I ActivityManager: Start proc 1449:com.android.bluetooth/1002 for service com.android.bluetooth/.btservice.AdapterService
01-01 00:03:50.250  1449  1449 D AdapterServiceConfig: Adding HeadsetService
01-01 00:03:50.251  1449  1449 D AdapterServiceConfig: Adding A2dpService
01-01 00:03:50.251  1449  1449 D AdapterServiceConfig: Adding A2dpSinkService
01-01 00:03:50.251  1449  1449 D AdapterServiceConfig: Adding HidService
01-01 00:03:50.251  1449  1449 D AdapterServiceConfig: Adding HealthService
01-01 00:03:50.251  1449  1449 D AdapterServiceConfig: Adding PanService
01-01 00:03:50.251  1449  1449 D AdapterServiceConfig: Adding GattService
01-01 00:03:50.251  1449  1449 D AdapterServiceConfig: Adding BluetoothMapService
01-01 00:03:50.252  1449  1449 D AdapterServiceConfig: Adding AvrcpControllerService
01-01 00:03:50.366  1449  1449 D BluetoothAdapterService: onCreate()
01-01 00:03:50.371  1449  1449 D BluetoothAdapterState: make() - Creating AdapterState
01-01 00:03:50.376  1449  1449 I bt_btif : init
01-01 00:03:50.376  1449  1463 I BluetoothAdapterState: Entering OffState
01-01 00:03:50.377  1449  1464 W bt_osi_thread: run_thread: thread id 1464, thread name stack_manager started
01-01 00:03:50.377  1449  1464 I bt_stack_manager: event_init_stack is initializing the stack
01-01 00:03:50.377  1449  1464 I bt_core_module: module_init Initializing module "osi_module"
01-01 00:03:50.377  1449  1464 I bt_core_module: module_init Initialized module "osi_module"
01-01 00:03:50.378  1449  1464 I bt_core_module: module_init Initializing module "bt_utils_module"
01-01 00:03:50.378  1449  1464 I bt_core_module: module_init Initialized module "bt_utils_module"
01-01 00:03:50.378  1449  1464 I bt_core_module: modutype=1400 audit(230.440:127): avc: denied { search } for pid=1449 comm="hci_thread" name="usb" dev="tmpfs" ino=9396 scontext=u:r:bluetooth:s0 tcontext=u:object_r:usb_device:s0 tclass=dir permissive=1
le_init Initializing module "btif_config_module"
01-01 00:03:50.379  1449  1467 W bt_osi_thread: run_thread: thread id 1467, thread name alarm_default_ca started
01-01 00:03:50.380  1449  1468 W bt_osi_thread: run_thread: thread id 1468, thread name alarm_dispatcher started
01-01 00:03:50.380  1449  1464 I bt_core_module: module_init Initialized module "btif_config_module"
01-01 00:03:50.380  1449  1464 I bt_core_module: module_init Initializing module "interop_module"
01-01 00:03:50.380  1449  1464 I bt_core_module: module_init Initialized module "interop_module"
01-01 00:03:50.380  1449  1464 I bt_core_module: module_init Initializing module "stack_config_module"
01-01 00:03:50.381  1449  1464 I bt_stack_config: init attempt to load stack conf from /etc/bluetooth/bt_stack.conf
01-01 00:03:50.381  1449  1464 I bt_core_module: module_init Initialized module "stack_config_module"
01-01 00:03:50.381  1449  1469 W bt_osi_thread: run_thread: thread id 1469, thread name bt_jni_workqueue started
01-01 00:03:50.382  1449  1464 I bt_stack_manager: event_init_stack finished
01-01 00:03:50.382  1449  1449 I bt_osi_wakelock: wakelock_set_os_callouts set to non-native
01-01 00:03:50.382  1449  1449 I bt_btif : get_profile_interface socket
01-01 00:03:50.385  1449  1469 D BluetoothAdapterProperties: Address is:22:22:CC:C2:E0:88
01-01 00:03:50.387  1449  1449 I bt_btif : get_profile_interface sdp
01-01 00:03:50.388   545   545 D BluetoothManagerService: Bluetooth Adapter name changed to iMX6
01-01 00:03:50.389   545   545 D BluetoothManagerService: Stored Bluetooth name: iMX6
01-01 00:03:50.389  1449  1469 D BluetoothAdapterProperties: Name is: iMX6
01-01 00:03:50.393  1449  1449 D BluetoothAdapterService: setAdapterService() - set to: null
01-01 00:03:50.393  1449  1449 D BluetoothAdapterService: onBind()
01-01 00:03:50.394   545   545 D BluetoothManagerService: BluetoothServiceConnection: com.android.bluetooth.btservice.AdapterService
01-01 00:03:50.394   545   565 D BluetoothManagerService: MESSAGE_BLUETOOTH_SERVICE_CONNECTED: 1
01-01 00:03:50.396  1449  1460 I bt_btif : config_hci_snoop_log
01-01 00:03:50.398   545   565 D BluetoothManagerService: Broadcasting onBluetoothServiceUp() to 5 receivers.
01-01 00:03:50.399   545   565 D BluetoothAdapter: onBluetoothServiceUp: android.bluetooth.IBluetooth$Stub$Proxy@864caab
01-01 00:03:50.399  1449  1460 D BluetoothAdapter: onBluetoothServiceUp: com.android.bluetooth.btservice.AdapterService$AdapterServiceBinder@e5843c
01-01 00:03:50.399   666   681 D BluetoothAdapter: onBluetoothServiceUp: android.bluetooth.IBluetooth$Stub$Proxy@952af3d
01-01 00:03:50.399   741  1443 D BluetoothAdapter: onBluetoothServiceUp: android.bluetooth.IBluetooth$Stub$Proxy@c1e4100
01-01 00:03:50.400  1449  1460 D BluetoothAdapterService: enable() - Enable called with quiet mode status =  false
01-01 00:03:50.400  1449  1463 D BluetoothAdapterState: Current state: OFF, message: 0
01-01 00:03:50.400  1449  1463 D BluetoothAdapterProperties: Setting state to 14
01-01 00:03:50.400  1449  1463 I BluetoothAdapterState: Bluetooth adapter state changed: 10-> 14
01-01 00:03:50.401  1449  1463 D BluetoothAdapterService: updateAdapterState() - Broadcasting state to 1 receivers.
01-01 00:03:50.401   816   827 D BluetoothAdapter: onBluetoothServiceUp: android.bluetooth.IBluetooth$Stub$Proxy@f309c51
01-01 00:03:50.402   545   565 D BluetoothManagerService: MESSAGE_BLUETOOTH_STATE_CHANGE: OFF > BLE_TURNING_ON
01-01 00:03:50.402   545   565 D BluetoothManagerService: Sending BLE State Change: OFF > BLE_TURNING_ON
01-01 00:03:50.402  1449  1463 D BluetoothAdapterService: BleOnProcessStart()
01-01 00:03:50.403  1449  1463 D BluetoothAdapterService: BleOnProcessStart() - Make Bond State Machine
01-01 00:03:50.403  1449  1463 D BluetoothBondStateMachine: make
01-01 00:03:50.406  1449  1470 I BluetoothBondStateMachine: StableState(): Entering Off State
01-01 00:03:50.407  1449  1463 D BluetoothAdapterService: setProfileServiceState() - Starting service com.android.bluetooth.gatt.GattService
01-01 00:03:50.412  1449  1463 I BluetoothAdapterState: Entering PendingCommandState
01-01 00:03:50.413  1449  1449 I BtGatt.JNI: classInitNative(L922): classInitNative: Success!
01-01 00:03:50.418  1449  1449 D BtGatt.DebugUtils: handleDebugAction() action=null
01-01 00:03:50.419  1449  1449 D BluetoothAdapterService: getAdapterService() - returning com.android.bluetooth.btservice.AdapterService@50d1209
01-01 00:03:50.419  1449  1449 D BtGatt.GattService: Received start request. Starting profile...
01-01 00:03:50.420  1449  1449 D BtGatt.GattService: start()
01-01 00:03:50.420  1449  1449 I bt_btif : get_profile_interface gatt
01-01 00:03:50.421  1449  1449 D BluetoothAdapterService: getAdapterService() - returning com.android.bluetooth.btservice.AdapterService@50d1209
01-01 00:03:50.421  1449  1449 D BtGatt.AdvertiseManager: advertise manager created
01-01 00:03:50.427  1449  1449 D BluetoothAdapterService: getAdapterService() - returning com.android.bluetooth.btservice.AdapterService@50d1209
01-01 00:03:50.428  1449  1449 D BluetoothAdapterService: handleMessage() - Message: 1
01-01 00:03:50.428  1449  1449 D BluetoothAdapterService: handleMessage() - MESSAGE_PROFILE_SERVICE_STATE_CHANGED
01-01 00:03:50.428  1449  1449 D BluetoothAdapterService: processProfileServiceStateChanged() serviceName=com.android.bluetooth.gatt.GattService, state=12, doUpdate=true
01-01 00:03:50.428  1449  1449 V BluetoothAdapterState: isTurningOff()=false
01-01 00:03:50.428  1449  1449 V BluetoothAdapterState: isTurningOn()=false
01-01 00:03:50.429  1449  1449 V BluetoothAdapterState: isBleTurningOn()=true
01-01 00:03:50.429  1449  1449 V BluetoothAdapterState: isBleTurningOff()=false
01-01 00:03:50.429  1449  1449 D BluetoothAdapterService: processProfileServiceStateChanged() - serviceName=com.android.bluetooth.gatt.GattService isTurningOn=false isTurningOff=false isBleTurningOn=true isBleTurningOff=false
01-01 00:03:50.429  1449  1449 D BluetoothAdapterService: GattService is started
01-01 00:03:50.430  1449  1463 D BluetoothAdapterState: Current state: PENDING_COMMAND, message: 4
01-01 00:03:50.431  1449  1463 I bt_btif : enable: start restricted = 0
01-01 00:03:50.431  1449  1464 I bt_stack_manager: event_start_up_stack is bringing up the stack
01-01 00:03:50.432  1449  1464 I bt_core_module: module_start_up Starting module "btif_config_module"
01-01 00:03:50.432  1449  1464 I bt_core_module: module_start_up Started module "btif_config_module"
01-01 00:03:50.432  1449  1464 I bt_core_module: module_start_up Starting module "btsnoop_module"
01-01 00:03:50.432  1449  1464 I bt_core_module: module_start_up Started module "btsnoop_module"
01-01 00:03:50.432  1449  1464 I bt_core_module: module_start_up Starting module "hci_module"
01-01 00:03:50.432  1449  1464 I bt_hci  : start_up
01-01 00:03:50.432  1449  1473 W bt_osi_thread: run_thread: thread id 1473, thread name hci_thread started
01-01 00:03:50.447  1449  1464 I bt_vendor: Aravinth: vendor_open To open libbt-vendor_usb.so:
01-01 00:03:50.447  1449  1464 I bt_vendor: alloc value 0x85f7dd51
01-01 00:03:50.447  1449  1464 I bt_vendor: Aravinth: vendor_open local_bdaddr ""ÌÂà:
01-01 00:03:50.447  1449  1464 I bt_vendor: init
01-01 00:03:50.447  1449  1464 I bt_vendor: Aravinth: USB: bt_device_node /dev/rtk_btusb
01-01 00:03:50.447  1449  1464 D bt_vendor: op for 0
01-01 00:03:50.447  1449  1464 D bt_vendor: op for 0
01-01 00:03:50.447  1449  1464 D bt_hci  : start_up starting async portion
01-01 00:03:50.447  1449  1473 I bt_hci  : event_finish_startup
01-01 00:03:50.447  1449  1473 I bt_hci_h4: Aravinth: hal_open
01-01 00:03:50.447  1449  1473 D bt_vendor: op for 3
01-01 00:03:50.447  1449  1473 I bt_vendor: Aravinth: USB:userial vendor open: opening /dev/rtk_btusb
01-01 00:03:50.448  1449  1473 E bt_vendor: USB:userial vendor open: unable to open /dev/rtk_btusb: Permission denied
01-01 00:03:50.448  1449  1473 I bt_hci_h4: Aravinth: hal_open -->1 VENDOR_OPEN_USERIAL,=3
01-01 00:03:50.448  1449  1473 E bt_hci_h4: hal_open opened the wrong number of ports: got 0, expected 1.
01-01 00:03:50.448  1449  1473 I bt_hci_h4: hal_close
01-01 00:03:50.448  1449  1473 D bt_vendor: op for 4
01-01 00:03:50.448  1449  1473 D bt_vendor: op for 1
01-01 00:03:50.448  1449  1473 E bt_vendor: Bt_vendor_rtk Op for BT_VND_OP_FW_CFG
01-01 00:03:50.448  1449  1473 E bt_vendor: Bt_vendor_rtk Download Fw failed: Bad file descriptor(9)
01-01 00:03:50.448  1449  1473 I bt_vendor: firmware callback
01-01 00:03:50.448  1449  1473 I bt_hci  : firmware_config_callback
01-01 00:03:50.448  1449  1464 I bt_core_module: module_start_up Started module "hci_module"
01-01 00:03:50.448  1449  1474 W bt_osi_thread: run_thread: thread id 1474, thread name bt_workqueue started
01-01 00:03:50.449  1449  1474 I bt_btu  : btu_task pending for preload complete event
01-01 00:03:50.449  1449  1474 I bt_btu_task: Bluetooth chip preload is complete
01-01 00:03:50.449  1449  1474 I bt_btu  : btu_task received preload complete event
01-01 00:03:50.450  1449  1474 I bt_core_module: module_init Initializing module "bte_logmsg_module"
01-01 00:03:50.450  1449  1474 I bt_bte  : BTE_InitTraceLevels -- TRC_HCI
01-01 00:03:50.450  1449  1474 I bt_bte  : BTE_InitTraceLevels -- TRC_L2CAP
01-01 00:03:50.450  1449  1474 I bt_bte  : BTE_InitTraceLevels -- TRC_RFCOMM
01-01 00:03:50.450  1449  1474 I bt_bte  : BTE_InitTraceLevels -- TRC_AVDT
01-01 00:03:50.450  1449  1474 I bt_bte  : BTE_InitTraceLevels -- TRC_AVRC
01-01 00:03:50.450  1449  1474 I bt_bte  : BTE_InitTraceLevels -- TRC_A2D
01-01 00:03:50.450  1449  1474 I bt_bte  : BTE_InitTraceLevels -- TRC_BNEP
01-01 00:03:50.450  1449  1474 I bt_bte  : BTE_InitTraceLevels -- TRC_BTM
01-01 00:03:50.450  1449  1474 I bt_bte  : BTE_InitTraceLevels -- TRC_GAP
01-01 00:03:50.450  1449  1474 I bt_bte  : BTE_InitTraceLevels -- TRC_PAN
01-01 00:03:50.450  1449  1474 I bt_bte  : BTE_InitTraceLevels -- TRC_SDP
01-01 00:03:50.450  1449  1474 I bt_bte  : BTE_InitTraceLevels -- TRC_GATT
01-01 00:03:50.451  1449  1474 I bt_bte  : BTE_InitTraceLevels -- TRC_SMP
01-01 00:03:50.451  1449  1474 I bt_bte  : BTE_InitTraceLevels -- TRC_BTAPP
01-01 00:03:50.451  1449  1474 I bt_bte  : BTE_InitTraceLevels -- TRC_BTIF
01-01 00:03:50.451  1449  1474 I bt_core_module: module_init Initialized module "bte_logmsg_module"
01-01 00:03:50.466  1449  1475 W bt_osi_thread: run_thread: thread id 1475, thread name module_wrapper started
01-01 00:03:50.467  1449  1475 I bt_core_module: module_start_up Starting module "controller_module"
01-01 00:03:50.467  1449  1473 E bt_hci_h4: In transmit_data, error writing to the uart serial port: Bad file descriptor
01-01 00:03:50.440  1449  1449 I hci_thread: type=1400 audit(0.0:127): avc: denied { search } for name="usb" dev="tmpfs" ino=9396 scontext=u:r:bluetooth:s0 tcontext=u:object_r:usb_device:s0 tclass=dir permissive=1
01-01 00:03:53.135   271   313 W audio_hw_primary: do_out_standby... -1506986240
01-01 00:03:53.490   545   557 W ResourceType: No known package when getting value for resource number 0x7f0200fc
01-01 00:03:53.491   545   557 W ResourceType: No known package when getting value for resource number 0x7f0e03ac
01-01 00:03:53.492   545   557 W ResourceType: No known package when getting value for resource number 0x7f0200fb
01-01 00:03:53.492   545   557 W ResourceType: No known package when getting value for resource number 0x7f0e093c
01-01 00:03:53.493   545   557 W ResourceType: No known package when getting value for resource number 0x7f0200fa
01-01 00:03:53.493   545   557 W ResourceType: No known package when getting value for resource number 0x7f0e07ea
01-01 00:03:53.498   741   741 E PhoneInterfaceManager: [PhoneIntfMgr] getCarrierPackageNamesForIntent: No UICC
01-01 00:03:53.498   741   741 D CarrierSvcBindHelper: No carrier app for: 0
01-01 00:03:53.501   545   582 I InputReader: Reconfiguring input devices.  changes=0x00000010
01-01 00:03:53.559  1318  1318 I Launcher: Deferring update until onResume
01-01 00:03:53.573  1318  1318 I Launcher: Deferring update until onResume
^C
130|toradex_apalis6q:/dev # 
130|toradex_apalis6q:/dev # input keyevent 3 4
type=1400 audit(249.230:128): avc: denied { write } for pid=1513 comm="main" name="arm" dev="mmcblk0p10" ino=46470 scontext=u:r:shell:s0 tcontext=u:object_r:dalvikcache_data_file:s0 tclass=dir permissive=1
type=1400 audit(249.230:129): avc: denied { add_name } for pid=1513 comm="main" name="system@framework@input.jar@classes.dex.flock" scontext=u:r:shell:s0 tcontext=u:object_r:dalvikcache_data_file:s0 tclass=dir permissive=1
type=1400 audit(249.230:130): avc: denied { create } for pid=1513 comm="main" name="system@framework@input.jar@classes.dex.flock" scontext=u:r:shell:s0 tcontext=u:object_r:dalvikcache_data_file:s0 tclass=file permissive=1
type=1400 audit(249.230:131): avc: denied { write } for pid=1513 comm="main" path="/data/dalvik-cache/arm/system@framework@input.jar@classes.dex.flock" dev="mmcblk0p10" ino=46963 scontext=u:r:shell:s0 tcontext=u:object_r:dalvikcache_data_file:s0 tclass=file permissive=1
type=1400 audit(249.240:132): avc: denied { remove_name } for pid=1513 comm="main" name="system@framework@input.jar@classes.dex.flock" dev="mmcblk0p10" ino=46963 scontext=u:r:shell:s0 tcontext=u:object_r:dalvikcache_data_file:s0 tclass=dir permissive=1
type=1400 audit(249.240:133): avc: denied { unlink } for pid=1513 comm="main" name="system@framework@input.jar@classes.dex.flock" dev="mmcblk0p10" ino=46963 scontext=u:r:shell:s0 tcontext=u:object_r:dalvikcache_data_file:s0 tclass=file permissive=1
toradex_apalis6q:/dev # 
toradex_apalis6q:/dev # 
toradex_apalis6q:/dev # 
toradex_apalis6q:/dev # 
toradex_apalis6q:/dev # chmod 666 rtktype=1400 audit(255.340:134): avc: denied { read } for pid=262 comm="sh" name="/" dev="tmpfs" ino=7212 scontext=u:r:shell:s0 tcontext=u:object_r:device:s0 tclass=dir permissive=1
toradex_apalis6q:/dev # chmod 666type=1400 audit(255.340:135): avc: denied { open } for pid=262 comm="sh" path="/dev" dev="tmpfs" ino=7212 scontext=u:r:shell:s0 tcontext=u:object_r:device:s0 tclass=dir permissive=1
 rtk_btusb                                     
type=1400 audit(256.420:136): avc: denied { setattr } for pid=1565 comm="chmod" name="003" dev="tmpfs" ino=9400 scontext=u:r:shell:s0 tcontext=u:object_r:usb_device:s0 tclass=chr_file permissive=1
toradex_apalis6q:/dev # type=1400 audit(256.420:137): avc: denied { fsetid } for pid=1565 comm="chmod" capability=4 scontext=u:r:shell:s0 tcontext=u:r:shell:s0 tclass=capability permissive=1

toradex_apalis6q:/dev # 
toradex_apalis6q:/dev # 
toradex_apalis6q:/dev # 
toradex_apalis6q:/dev # 
toradex_apalis6q:/dev # 
toradex_apalis6q:/dev # toradex_apalis6q:/dev # chmod 666 rtk_btusb                                    toradex_apalis6q:/dev # input keyevent 4                                       toradex_apalis6q:/dev # logcat                                                 -c
toradex_apalis6q:/dev # toradex_apalis6q:/dev # logcat -c                                                 
--------- beginning of system
01-01 00:04:24.081   545   556 I ActivityManager: START u0 {flg=0x8000 cmp=com.android.settings/.Settings$BluetoothSettingsActivity (has extras)} from uid 1000 on display 0
--------- beginning of main
01-01 00:04:24.082   271   313 I audio_hw_primary: start_output_stream_primary... -1506986240, device 1024
01-01 00:04:24.082   271   313 W audio_hw_primary: Aravinth: start_output_stream_primary >1
01-01 00:04:24.082   271   313 W audio_hw_primary: Aravinth: select_output_device >0 out_device=400
01-01 00:04:24.082   271   313 W audio_hw_primary: headphone 0 ,headset 1024 ,speaker 0, earpiece 0, bt_on 0
01-01 00:04:24.083   271   313 W audio_hw_primary: HDMI: card 2, port 0 device 0x400
01-01 00:04:24.083   271   313 W audio_hw_primary: HDMI: rate 44100, channel 2 period_size 0x300
01-01 00:04:24.083   271   313 W audio_hw_primary: Aravinth: start_output_stream_primary >2
01-01 00:04:24.240   816   816 D LocalBluetoothManager: setting foreground activity to non-null context
01-01 00:04:24.251   816  1575 D Index   : Indexing locale 'en_US' took 25 millis
01-01 00:04:24.311   816  1575 D Index   : Indexing locale 'en_US' took 20 millis
01-01 00:04:24.407   816  1575 D Index   : Deleting data for locale 'en_US' took 5 millis
01-01 00:04:24.415   816  1575 D Index   : Indexing locale 'en_US' took 8 millis
01-01 00:04:24.422  1543  1561 E bt_hci  : command_timed_out hci layer timeout waiting for response to a command. opcode: 0xc03
01-01 00:04:24.423  1543  1561 E bt_hci  : command_timed_out restarting the bluetooth process.
01-01 00:04:24.440   545   566 I ActivityManager: Displayed com.android.settings/.Settings$BluetoothSettingsActivity: +344ms
01-01 00:04:24.575   816   900 D OpenGLRenderer: endAllActiveAnimators on 0x831a6300 (RippleDrawable) with handle 0x9f2a74b0
01-01 00:04:24.578   545   702 I ActivityManager: Process com.android.bluetooth (pid 1543) has died
01-01 00:04:24.578   545   545 D BluetoothManagerService: BluetoothServiceConnection, disconnected: com.android.bluetooth.btservice.AdapterService
01-01 00:04:24.578   545   702 D ActivityManager: cleanUpApplicationRecord -- 1543
01-01 00:04:24.579   545   565 E BluetoothManagerService: MESSAGE_BLUETOOTH_SERVICE_DISCONNECTED(1)
01-01 00:04:24.579   545   702 W ActivityManager: Scheduling restart of crashed service com.android.bluetooth/.gatt.GattService in 1000ms
01-01 00:04:24.579   545   565 D BluetoothManagerService: Broadcasting onBluetoothServiceDown() to 4 receivers.
01-01 00:04:24.579   545   702 W ActivityManager: Scheduling restart of crashed service com.android.bluetooth/.btservice.AdapterService in 1000ms
01-01 00:04:24.579   545   565 D BluetoothAdapter: onBluetoothServiceDown: android.bluetooth.IBluetooth$Stub$Proxy@58a1812
01-01 00:04:24.580   666   767 D BluetoothAdapter: onBluetoothServiceDown: android.bluetooth.IBluetooth$Stub$Proxy@7f3da00
01-01 00:04:24.580   741  1443 D BluetoothAdapter: onBluetoothServiceDown: android.bluetooth.IBluetooth$Stub$Proxy@d241cdf
01-01 00:04:24.581   816   827 D BluetoothAdapter: onBluetoothServiceDown: android.bluetooth.IBluetooth$Stub$Proxy@31fdcaf
01-01 00:04:24.779   545   565 D BluetoothManagerService: MESSAGE_RESTART_BLUETOOTH_SERVICE
01-01 00:04:24.801   545   565 I ActivityManager: Start proc 1576:com.android.bluetooth/1002 for service com.android.bluetooth/.btservice.AdapterService
01-01 00:04:25.003  1576  1576 D AdapterServiceConfig: Adding HeadsetService
01-01 00:04:25.003  1576  1576 D AdapterServiceConfig: Adding A2dpService
01-01 00:04:25.003  1576  1576 D AdapterServiceConfig: Adding A2dpSinkService
01-01 00:04:25.003  1576  1576 D AdapterServiceConfig: Adding HidService
01-01 00:04:25.003  1576  1576 D AdapterServiceConfig: Adding HealthService
01-01 00:04:25.004  1576  1576 D AdapterServiceConfig: Adding PanService
01-01 00:04:25.005  1576  1576 D AdapterServiceConfig: Adding GattService
01-01 00:04:25.005  1576  1576 D AdapterServiceConfig: Adding BluetoothMapService
01-01 00:04:25.005  1576  1576 D AdapterServiceConfig: Adding AvrcpControllerService
01-01 00:04:25.137  1576  1576 D BluetoothAdapterService: onCreate()
01-01 00:04:25.143  1576  1576 D BluetoothAdapterState: make() - Creating AdapterState
01-01 00:04:25.154  1576  1576 I bt_btif : init
01-01 00:04:25.154  1576  1590 I BluetoothAdapterState: Entering OffState
01-01 00:04:25.154  1576  1591 W bt_osi_thread: run_thread: thread id 1591, thread name stack_manager started
01-01 00:04:25.155  1576  1591 I bt_stack_manager: event_init_stack is initializing the stack
01-01 00:04:25.155  1576  1591 I bt_core_module: module_init Initializing module "osi_module"
01-01 00:04:25.155  1576  1591 I bt_core_module: module_init Initialized module "osi_module"
01-01 00:04:25.155  1576  1591 I bt_core_module: module_init Initializing module "bt_utils_module"
01-01 00:04:25.155  1576  1591 I bt_core_module: module_init Initialized module "bt_utils_module"
01-01 00:04:25.156  1576  1591 I bt_core_module: module_init Initializing module "btif_config_module"
01-01 00:04:25.157  1576  1594 W bt_osi_thread: run_thread: thread id 1594, thread name alarm_default_ca started
01-01 00:04:25.158  1576  1595 W bt_osi_thread: run_thread: thread id 1595, thread name alarm_dispatcher started
01-01 00:04:25.158  1576  1591 I bt_core_module: module_init Initializetype=1400 audit(265.240:138): avc: denied { open } for pid=1576 comm="hci_thread" path="/dev/bus/usb/001/003" dev="tmpfs" ino=9400 scontext=u:r:bluetooth:s0 tcontext=u:object_r:usb_device:s0 tclass=chr_file permissive=1
d module "btif_config_module"
01-01 00:04:25.158  1576  1591 I bt_core_module: module_init Initializing module "interop_module"
01-01 00:04:25.159  1576  1591 I bt_core_module: module_init Initialized module "interop_module"
01-01 00:04:25.159  1576  1591 I bt_core_module: module_init Initializing module "stack_config_module"
01-01 00:04:25.159  1576  1591 I bt_stack_config: init attempt to load stack conf from /etc/bluetooth/bt_stack.conf
01-01 00:04:25.160  1576  1591 I bt_core_module: module_init Initialized module "stack_config_module"
01-01 00:04:25.163  1576  1596 W bt_osi_thread: run_thread: thread id 1596, thread name bt_jni_workqueue started
01-01 00:04:25.164  1576  1591 I bt_stack_manager: event_init_stack finished
01-01 00:04:25.164  1576  1576 I bt_osi_wakelock: wakelock_set_os_callouts set to non-native
01-01 00:04:25.164  1576  1576 I bt_btif : get_profile_interface socket
01-01 00:04:25.170  1576  1596 D BluetoothAdapterProperties: Address is:22:22:CC:C2:E0:88
01-01 00:04:25.172  1576  1596 D BluetoothAdapterProperties: Name is: iMX6
01-01 00:04:25.172   545   545 D BluetoothManagerService: Bluetooth Adapter name changed to iMX6
01-01 00:04:25.172  1576  1576 I bt_btif : get_profile_interface sdp
01-01 00:04:25.173   545   545 D BluetoothManagerService: Stored Bluetooth name: iMX6
01-01 00:04:25.184  1576  1576 D BluetoothAdapterService: setAdapterService() - set to: null
01-01 00:04:25.184  1576  1576 D BluetoothAdapterService: onBind()
01-01 00:04:25.185   545   545 D BluetoothManagerService: BluetoothServiceConnection: com.android.bluetooth.btservice.AdapterService
01-01 00:04:25.186   545   565 D BluetoothManagerService: MESSAGE_BLUETOOTH_SERVICE_CONNECTED: 1
01-01 00:04:25.187  1576  1587 I bt_btif : config_hci_snoop_log
01-01 00:04:25.190   545   565 D BluetoothManagerService: Broadcasting onBluetoothServiceUp() to 5 receivers.
01-01 00:04:25.190   545   565 D BluetoothAdapter: onBluetoothServiceUp: android.bluetooth.IBluetooth$Stub$Proxy@d13c8b1
01-01 00:04:25.190   666   681 D BluetoothAdapter: onBluetoothServiceUp: android.bluetooth.IBluetooth$Stub$Proxy@b400239
01-01 00:04:25.190   741   752 D BluetoothAdapter: onBluetoothServiceUp: android.bluetooth.IBluetooth$Stub$Proxy@ca66d2c
01-01 00:04:25.191   816   833 D BluetoothAdapter: onBluetoothServiceUp: android.bluetooth.IBluetooth$Stub$Proxy@fb75c74
01-01 00:04:25.191  1576  1587 D BluetoothAdapter: onBluetoothServiceUp: com.android.bluetooth.btservice.AdapterService$AdapterServiceBinder@e5843c
01-01 00:04:25.192  1576  1588 D BluetoothAdapterService: enable() - Enable called with quiet mode status =  false
01-01 00:04:25.192  1576  1590 D BluetoothAdapterState: Current state: OFF, message: 0
01-01 00:04:25.193  1576  1590 D BluetoothAdapterProperties: Setting state to 14
01-01 00:04:25.193  1576  1590 I BluetoothAdapterState: Bluetooth adapter state changed: 10-> 14
01-01 00:04:25.193  1576  1590 D BluetoothAdapterService: updateAdapterState() - Broadcasting state to 1 receivers.
01-01 00:04:25.193   545   565 D BluetoothManagerService: MESSAGE_BLUETOOTH_STATE_CHANGE: OFF > BLE_TURNING_ON
01-01 00:04:25.194   545   565 D BluetoothManagerService: Sending BLE State Change: OFF > BLE_TURNING_ON
01-01 00:04:25.194  1576  1590 D BluetoothAdapterService: BleOnProcessStart()
01-01 00:04:25.198  1576  1590 D BluetoothAdapterService: BleOnProcessStart() - Make Bond State Machine
01-01 00:04:25.200  1576  1590 D BluetoothBondStateMachine: make
01-01 00:04:25.204  1576  1598 I BluetoothBondStateMachine: StableState(): Entering Off State
01-01 00:04:25.205  1576  1590 D BluetoothAdapterService: setProfileServiceState() - Starting service com.android.bluetooth.gatt.GattService
01-01 00:04:25.209  1576  1590 I BluetoothAdapterState: Entering PendingCommandState
01-01 00:04:25.210  1576  1576 I BtGatt.JNI: classInitNative(L922): classInitNative: Success!
01-01 00:04:25.222  1576  1576 D BtGatt.DebugUtils: handleDebugAction() action=null
01-01 00:04:25.222  1576  1576 D BluetoothAdapterService: getAdapterService() - returning com.android.bluetooth.btservice.AdapterService@50d1209
01-01 00:04:25.223  1576  1576 D BtGatt.GattService: Received start request. Starting profile...
01-01 00:04:25.223  1576  1576 D BtGatt.GattService: start()
01-01 00:04:25.223  1576  1576 I bt_btif : get_profile_interface gatt
01-01 00:04:25.224  1576  1576 D BluetoothAdapterService: getAdapterService() - returning com.android.bluetooth.btservice.AdapterService@50d1209
01-01 00:04:25.224  1576  1576 D BtGatt.AdvertiseManager: advertise manager created
01-01 00:04:25.235  1576  1576 D BluetoothAdapterService: getAdapterService() - returning com.android.bluetooth.btservice.AdapterService@50d1209
01-01 00:04:25.235  1576  1576 D BluetoothAdapterService: handleMessage() - Message: 1
01-01 00:04:25.235  1576  1576 D BluetoothAdapterService: handleMessage() - MESSAGE_PROFILE_SERVICE_STATE_CHANGED
01-01 00:04:25.235  1576  1576 D BluetoothAdapterService: processProfileServiceStateChanged() serviceName=com.android.bluetooth.gatt.GattService, state=12, doUpdate=true
01-01 00:04:25.236  1576  1576 V BluetoothAdapterState: isTurningOff()=false
01-01 00:04:25.236  1576  1576 V BluetoothAdapterState: isTurningOn()=false
01-01 00:04:25.236  1576  1576 V BluetoothAdapterState: isBleTurningOn()=true
01-01 00:04:25.236  1576  1576 V BluetoothAdapterState: isBleTurningOff()=false
01-01 00:04:25.238  1576  1576 D BluetoothAdapterService: processProfileServiceStateChanged() - serviceName=com.android.bluetooth.gatt.GattService isTurningOn=false isTurningOff=false isBleTurningOn=true isBleTurningOff=false
01-01 00:04:25.238  1576  1576 D BluetoothAdapterService: GattService is started
01-01 00:04:25.238  1576  1590 D BluetoothAdapterState: Current state: PENDING_COMMAND, message: 4
01-01 00:04:25.240  1576  1590 I bt_btif : enable: start restricted = 0
