01-01 00:00:12.178   356   416 D libEGL  : loaded /system/lib/egl/libGLESv1_CM_VIVANTE.so
01-01 00:00:12.340   356   416 D libEGL  : loaded /system/lib/egl/libGLESv2_VIVANTE.so
01-01 00:00:12.521   272   272 I ServiceManager: Waiting for service media.camera.proxy...
01-01 00:00:12.982   356   416 I display : GPUManager exists
01-01 00:00:13.100   271   330 W BatteryNotifier: batterystats service unavailable!
01-01 00:00:14.294   270   270 D ICU     : No timezone override file found: /data/misc/zoneinfo/current/icu/icu_tzdata.dat
01-01 00:00:14.707   270   270 E memtrack: Couldn't load memtrack module (No such file or directory)
01-01 00:00:14.707   270   270 E android.os.Debug: failed to load memtrack module: -2
01-01 00:00:14.711   270   270 I Radio-JNI: register_android_hardware_Radio DONE
01-01 00:00:14.745   282   282 V NatController: runCmd(/system/bin/iptables -w -F natctrl_FORWARD) res=0
01-01 00:00:14.751   270   270 I SamplingProfilerIntegration: Profiling disabled.
01-01 00:00:14.751   270   270 D Zygote  : begin preload
01-01 00:00:14.751   270   270 I Zygote  : Installing ICU cache reference pinning...
01-01 00:00:14.768   270   270 I Zygote  : Preloading ICU data...
01-01 00:00:14.781   282   282 V NatController: runCmd(/system/bin/ip6tables -w -F natctrl_FORWARD) res=0
01-01 00:00:14.809   282   282 V NatController: runCmd(/system/bin/iptables -w -A natctrl_FORWARD -j DROP) res=0
01-01 00:00:14.840   282   282 V NatController: runCmd(/system/bin/iptables -w -t nat -F natctrl_nat_POSTROUTING) res=0
01-01 00:00:14.867   282   282 V NatController: runCmd(/system/bin/ip6tables -w -t raw -F natctrl_raw_PREROUTING) res=0
01-01 00:00:14.900   282   282 V NatController: runCmd(/system/bin/iptables -w -F natctrl_tether_counters) res=1
01-01 00:00:14.924   282   282 V NatController: runCmd(/system/bin/ip6tables -w -F natctrl_tether_counters) res=1
01-01 00:00:14.949   282   282 V NatController: runCmd(/system/bin/iptables -w -X natctrl_tether_counters) res=1
01-01 00:00:14.977   282   282 V NatController: runCmd(/system/bin/ip6tables -w -X natctrl_tether_counters) res=1
01-01 00:00:14.985   270   270 I Zygote  : Preloading classes...
01-01 00:00:14.996   270   270 W Zygote  : Class not found for preloading: [Landroid.view.Display$ColorTransform;
01-01 00:00:15.010   282   282 V NatController: runCmd(/system/bin/iptables -w -N natctrl_tether_counters) res=0
01-01 00:00:15.039   282   282 V NatController: runCmd(/system/bin/ip6tables -w -N natctrl_tether_counters) res=0
01-01 00:00:15.070   282   282 V NatController: runCmd(/system/bin/iptables -w -t mangle -A natctrl_mangle_FORWARD -p tcp --tcp-flags SYN SYN -j TCPMSS --clamp-mss-to-pmtu) res=0
01-01 00:00:15.450   282   282 E Netd    : cannot find interface dummy0
01-01 00:00:15.457   282   282 D MDnsDS  : MDnsSdListener::Hander starting up
01-01 00:00:15.459   282   540 D MDnsDS  : MDnsSdListener starting to monitor
01-01 00:00:15.460   282   540 D MDnsDS  : Going to poll with pollCount 1
01-01 00:00:15.811   270   270 E Typeface: Error mapping font file /system/fonts/DroidSansFallback.ttf
01-01 00:00:16.386   270   270 I art     : Thread[1,tid=270,Native,Thread*=0xacc85400,peer=0x12c060d0,"main"] recursive attempt to load library "/system/lib/libmedia_jni.so"
01-01 00:00:16.387   270   270 D MtpDeviceJNI: register_android_mtp_MtpDevice
01-01 00:00:16.389   270   270 I art     : Thread[1,tid=270,Native,Thread*=0xacc85400,peer=0x12c060d0,"main"] recursive attempt to load library "/system/lib/libmedia_jni.so"
01-01 00:00:16.390   270   270 I art     : Thread[1,tid=270,Native,Thread*=0xacc85400,peer=0x12c060d0,"main"] recursive attempt to load library "/system/lib/libmedia_jni.so"
01-01 00:00:16.742   270   270 W Zygote  : Class not found for preloading: android.view.Display$ColorTransform
01-01 00:00:16.742   270   270 W Zygote  : Class not found for preloading: android.view.Display$ColorTransform$1
01-01 00:00:17.025   270   270 I System  : Loaded time zone names for "" in 105ms (100ms in ICU)
01-01 00:00:17.086   270   270 I System  : Loaded time zone names for "en_US" in 60ms (55ms in ICU)
01-01 00:00:17.154   270   270 I Zygote  : ...preloaded 4158 classes in 2168ms.
01-01 00:00:17.154   270   270 I art     : VMRuntime.preloadDexCaches starting
01-01 00:00:17.447   270   270 I art     : VMRuntime.preloadDexCaches strings total=284392 before=39790 after=39790
01-01 00:00:17.448   270   270 I art     : VMRuntime.preloadDexCaches types total=23616 before=7880 after=7908
01-01 00:00:17.448   270   270 I art     : VMRuntime.preloadDexCaches fields total=112271 before=40953 after=41170
01-01 00:00:17.448   270   270 I art     : VMRuntime.preloadDexCaches methods total=197813 before=82503 after=83069
01-01 00:00:17.448   270   270 I art     : VMRuntime.preloadDexCaches finished
01-01 00:00:17.449   270   270 I Zygote  : Preloading resources...
01-01 00:00:17.609   270   270 W Resources: Preloaded drawable resource #0x108025c (android:drawable/dialog_background_material) that varies with configuration!!
01-01 00:00:17.611   270   270 W Resources: Preloaded drawable resource #0x1080298 (android:drawable/editbox_dropdown_background_dark) that varies with configuration!!
01-01 00:00:17.627   270   270 W Resources: Preloaded color resource #0x10600ea (android:color/material_grey_800) that varies with configuration!!
01-01 00:00:17.628   270   270 W Resources: Preloaded drawable resource #0x10802c9 (android:drawable/floating_popup_background_dark) that varies with configuration!!
01-01 00:00:17.669   270   270 W Resources: Preloaded drawable resource #0x108030b (android:drawable/ic_clear_disabled) that varies with configuration!!
01-01 00:00:17.670   270   270 W Resources: Preloaded drawable resource #0x1080310 (android:drawable/ic_clear_normal) that varies with configuration!!
01-01 00:00:17.674   270   270 W Resources: Preloaded drawable resource #0x1080359 (android:drawable/ic_go) that varies with configuration!!
01-01 00:00:17.682   270   270 W Resources: Preloaded drawable resource #0x1080038 (android:drawable/ic_menu_close_clear_cancel) that varies with configuration!!
01-01 00:00:17.686   270   270 W Resources: Preloaded drawable resource #0x1080045 (android:drawable/ic_menu_more) that varies with configuration!!
01-01 00:00:17.702   270   270 W Resources: Preloaded drawable resource #0x10804eb (android:drawable/menu_background_fill_parent_width) that varies with configuration!!
01-01 00:00:17.772   270   270 W Resources: Preloaded drawable resource #0x1080783 (android:drawable/text_edit_paste_window) that varies with configuration!!
01-01 00:00:17.777   270   270 W Resources: Preloaded drawable resource #0x1080096 (android:drawable/toast_frame) that varies with configuration!!
01-01 00:00:17.777   270   270 I Zygote  : ...preloaded 114 resources in 328ms.
01-01 00:00:17.787   270   270 W Resources: Preloaded color resource #0x1060114 (android:color/background_cache_hint_selector_material_dark) that varies with configuration!!
01-01 00:00:17.788   270   270 W Resources: Preloaded color resource #0x1060119 (android:color/btn_default_material_dark) that varies with configuration!!
01-01 00:00:17.792   270   270 I Zygote  : ...preloaded 41 resources in 15ms.
01-01 00:00:17.802   270   270 D libEGL  : loaded /system/lib/egl/libEGL_VIVANTE.so
01-01 00:00:17.826   270   270 D libEGL  : loaded /system/lib/egl/libGLESv1_CM_VIVANTE.so
01-01 00:00:17.973   270   270 D libEGL  : loaded /system/lib/egl/libGLESv2_VIVANTE.so
01-01 00:00:18.087   270   270 I Zygote  : Preloading shared libraries...
01-01 00:00:18.125   270   270 I Zygote  : Uninstalled ICU cache reference pinning...
01-01 00:00:18.128   270   270 I Zygote  : Installed AndroidKeyStoreProvider in 3ms.
01-01 00:00:18.178   270   270 I Zygote  : Warmed up JCA providers in 49ms.
01-01 00:00:18.178   270   270 D Zygote  : end preload
01-01 00:00:18.178   270   270 I art     : Starting a blocking GC Explicit
01-01 00:00:18.207   270   270 I art     : Explicit concurrent mark sweep GC freed 4676(244KB) AllocSpace objects, 0(0B) LOS objects, 39% free, 2MB/3MB, paused 429us total 27.369ms
01-01 00:00:18.210   270   270 I art     : Starting a blocking GC Explicit
01-01 00:00:18.235   270   270 I art     : Explicit concurrent mark sweep GC freed 65(2312B) AllocSpace objects, 0(0B) LOS objects, 39% free, 2MB/3MB, paused 418us total 25.332ms
01-01 00:00:18.280   270   503 I art     : Starting a blocking GC HeapTrim
01-01 00:00:18.284   270   270 I art     : Starting a blocking GC Background
01-01 00:00:18.410   269   269 I obd     : type=1400 audit(0.0:35): avc: denied { write } for path="socket:[10838]" dev="sockfs" ino=10838 scontext=u:r:obd:s0 tcontext=u:r:obd:s0 tclass=socket permissive=1
01-01 00:00:18.415   270   270 I Zygote  : System server process 548 has been created
01-01 00:00:18.419   270   270 I Zygote  : Accepting command socket connections
01-01 00:00:18.450   548   548 I InstallerConnection: connecting...
01-01 00:00:18.453   274   274 I         : new connection
01-01 00:00:18.558   548   548 I InstallerConnection: disconnecting...
01-01 00:00:18.559   274   274 E         : eof
01-01 00:00:18.559   274   274 E         : failed to read size
01-01 00:00:18.559   274   274 I         : closing connection
01-01 00:00:18.718   548   548 W SystemServer: System clock is before 1970; setting to 1970.
01-01 00:00:18.723   548   548 I SystemServer: Entered the Android system server!
01-01 00:00:18.963   548   548 I SystemServiceManager: Starting com.android.server.pm.Installer
01-01 00:00:19.001   548   548 I Installer: Waiting for installd to be ready.
01-01 00:00:19.001   548   548 I InstallerConnection: connecting...
01-01 00:00:19.002   274   274 I         : new connection
01-01 00:00:19.003   548   548 I SystemServiceManager: Starting com.android.server.am.ActivityManagerService$Lifecycle
01-01 00:00:19.061   548   548 I ActivityManager: Memory class: 128
01-01 00:00:19.124   548   548 D BatteryStatsImpl: Reading daily items from /data/system/batterystats-daily.xml
01-01 00:00:19.282   548   548 I AppOps  : No existing app ops /data/system/appops.xml; starting empty
01-01 00:00:19.358   548   548 I IntentFirewall: Read new rules (A:0 B:0 S:0)
01-01 00:00:19.374   548   548 D AppOps  : AppOpsService published
01-01 00:00:19.375   548   548 I SystemServiceManager: Starting com.android.server.power.PowerManagerService
01-01 00:00:19.392   548   548 E SWITCHPROFILE: setprop: sys.interactive = active 
01-01 00:00:19.393   548   548 W libsuspend: Error writing 'on' to /sys/power/state: Invalid argument
01-01 00:00:19.393   548   548 I libsuspend: Selected wakeup count
01-01 00:00:19.393   548   571 I SWITCHPROFILE: Switchprofile thread received GOV_INTERACTIVE from Power HAL
01-01 00:00:19.397   548   548 I SystemServiceManager: Starting com.android.server.lights.LightsService
01-01 00:00:19.401   548   548 I lights  : max backlight file is /sys/class/backlight/backlight/max_brightness
01-01 00:00:19.401   548   548 I lights  : backlight brightness file is /sys/class/backlight/backlight/brightness
01-01 00:00:19.402   548   548 I SystemServiceManager: Starting com.android.server.display.DisplayManagerService
01-01 00:00:19.407   548   548 I SystemServiceManager: Starting phase 100
01-01 00:00:19.432   548   568 I DisplayManagerService: Display device added: DisplayDeviceInfo{"Built-in Screen": uniqueId="local:0", 800 x 480, modeId 1, defaultModeId 1, supportedModes [{id=1, width=800, height=480, fps=59.993}], colorMode 0, supportedColorModes [0], HdrCapabilities android.view.Display$HdrCapabilities@a69d6308, density 160, 160.0 x 160.421 dpi, appVsyncOff 1000000, presDeadline 16668611, touch INTERNAL, rotation 0, type BUILT_IN, state UNKNOWN, FLAG_DEFAULT_DISPLAY, FLAG_ROTATES_WITH_CONTENT, FLAG_SECURE, FLAG_SUPPORTS_PROTECTED_BUFFERS}
01-01 00:00:19.433   265   265 D SurfaceFlinger: Set power mode=2, type=0 flinger=0xafeb2000
01-01 00:00:19.433   265   265 D SurfaceFlinger: Screen type=0 is already mode=2
01-01 00:00:19.435   548   548 I SystemServer: StartPackageManagerService
01-01 00:00:19.435   548   568 I DisplayManagerService: Display device changed state: "Built-in Screen", ON
01-01 00:00:19.440   548   571 E SWITCHPROFILE: setprop: sys.interactive = active 
01-01 00:00:19.441   548   571 E SWITCHPROFILE: Could not open cpu gov:/sys/devices/system/cpu/cpufreq/interactive/boostpulse
01-01 00:00:19.459   548   548 W FileUtils: Failed to chmod(/data/system/packages.list): android.system.ErrnoException: chmod failed: ENOENT (No such file or directory)
01-01 00:00:19.464   548   548 W SystemConfig: No directory /system/etc/sysconfig, skipping
01-01 00:00:19.540   548   548 D SELinuxMMAC: Using policy file /system/etc/security/mac_permissions.xml
01-01 00:00:19.544   548   548 I PackageManager: No settings file; creating initial state
01-01 00:00:19.578   548   548 E art     : DexFile_getDexOptNeeded file '/system/framework/org.apache.http.legacy.jar' does not exist
01-01 00:00:19.579   548   548 W PackageManager: Library not found: /system/framework/org.apache.http.legacy.jar
01-01 00:00:19.586   548   548 D PackageManager: No files in app dir /vendor/overlay
01-01 00:00:19.593   548   548 W PackageManager: Failed to parse /system/framework/arm: Missing base APK in /system/framework/arm
01-01 00:00:19.664   548   548 I PackageManager: /system/framework/framework-res.apk changed; collecting certs
01-01 00:00:20.616   548   548 W PackageManager: Failed to parse /system/framework/oat: Missing base APK in /system/framework/oat
01-01 00:00:20.643   548   548 I PackageManager: /system/priv-app/BackupRestoreConfirmation changed; collecting certs
01-01 00:00:20.669   548   548 I PackageManager: /system/priv-app/BleClient changed; collecting certs
01-01 00:00:20.690   548   548 I PackageManager: /system/priv-app/BleServerEmulator changed; collecting certs
01-01 00:00:20.710   548   548 I PackageManager: /system/priv-app/BlockedNumberProvider changed; collecting certs
01-01 00:00:20.716   548   548 I PackageManager: New shared user android.uid.shared: id=10003
01-01 00:00:20.733   548   548 I PackageManager: /system/priv-app/CalendarProvider changed; collecting certs
01-01 00:00:20.740   548   548 I PackageManager: New shared user android.uid.calendar: id=10004
01-01 00:00:20.750   548   548 I PackageManager: /system/priv-app/CallLogBackup changed; collecting certs
01-01 00:00:20.767   548   548 I PackageManager: /system/priv-app/CarrierConfig changed; collecting certs
01-01 00:00:20.804   548   548 I PackageManager: /system/priv-app/CellBroadcastReceiver changed; collecting certs
01-01 00:00:20.979   548   548 W PackageParser: No actions in intent filter at /system/priv-app/Contacts/Contacts.apk Binary XML file line #409
01-01 00:00:20.984   548   548 I PackageManager: /system/priv-app/Contacts changed; collecting certs
01-01 00:00:21.152   548   548 I PackageManager: /system/priv-app/ContactsProvider changed; collecting certs
01-01 00:00:21.174   548   548 I PackageManager: /system/priv-app/CtsShimPrivPrebuilt changed; collecting certs
01-01 00:00:21.188   548   548 I PackageManager: /system/priv-app/DefaultContainerService changed; collecting certs
01-01 00:00:21.302   548   548 W PackageParser: No actions in intent filter at /system/priv-app/Dialer/Dialer.apk Binary XML file line #186
01-01 00:00:21.306   548   548 I PackageManager: /system/priv-app/Dialer changed; collecting certs
01-01 00:00:21.522   548   548 I PackageManager: /system/priv-app/DocumentsUI changed; collecting certs
01-01 00:00:21.578   548   548 I PackageManager: /system/priv-app/DownloadProvider changed; collecting certs
01-01 00:00:21.591   548   548 I PackageManager: New shared user android.media: id=10012
01-01 00:00:21.594   548   548 W PackageManager: Permission android.permission.DOWNLOAD_WITHOUT_NOTIFICATION from package com.android.providers.downloads in an unknown group android.permission-group.NETWORK
01-01 00:00:21.652   548   548 I PackageManager: /system/priv-app/EmergencyInfo changed; collecting certs
01-01 00:00:21.730   548   548 I PackageManager: New shared user com.android.emergency.uid: id=10013
01-01 00:00:21.748   548   548 I PackageManager: /system/priv-app/ExtServices changed; collecting certs
01-01 00:00:21.764   548   548 I PackageManager: /system/priv-app/ExternalStorageProvider changed; collecting certs
01-01 00:00:21.781   548   548 I PackageManager: /system/priv-app/FusedLocation changed; collecting certs
01-01 00:00:21.804   548   548 I PackageManager: /system/priv-app/InputDevices changed; collecting certs
01-01 00:00:21.846   548   548 I PackageManager: /system/priv-app/Launcher2 changed; collecting certs
01-01 00:00:22.035   548   548 W PackageManager: Permission com.android.launcher.permission.PRELOAD_WORKSPACE from package com.android.launcher in an unknown group android.permission-group.SYSTEM_TOOLS
01-01 00:00:22.035   548   548 W PackageManager: Permission com.android.launcher.permission.INSTALL_SHORTCUT from package com.android.launcher in an unknown group android.permission-group.SYSTEM_TOOLS
01-01 00:00:22.035   548   548 W PackageManager: Permission com.android.launcher.permission.UNINSTALL_SHORTCUT from package com.android.launcher in an unknown group android.permission-group.SYSTEM_TOOLS
01-01 00:00:22.035   548   548 W PackageManager: Permission com.android.launcher.permission.READ_SETTINGS from package com.android.launcher in an unknown group android.permission-group.SYSTEM_TOOLS
01-01 00:00:22.035   548   548 W PackageManager: Permission com.android.launcher.permission.WRITE_SETTINGS from package com.android.launcher in an unknown group android.permission-group.SYSTEM_TOOLS
01-01 00:00:22.072   548   548 I PackageManager: /system/priv-app/ManagedProvisioning changed; collecting certs
01-01 00:00:22.109   548   548 I PackageManager: /system/priv-app/MediaProvider changed; collecting certs
01-01 00:00:22.126   548   548 I PackageManager: /system/priv-app/MmsService changed; collecting certs
01-01 00:00:22.143   548   548 I PackageManager: /system/priv-app/MtpDocumentsProvider changed; collecting certs
01-01 00:00:22.165   548   548 I PackageManager: /system/priv-app/MusicFX changed; collecting certs
01-01 00:00:22.180   548   548 I PackageManager: /system/priv-app/OneTimeInitializer changed; collecting certs
01-01 00:00:22.267   548   548 I PackageManager: /system/priv-app/PackageInstaller changed; collecting certs
01-01 00:00:22.393   548   548 I PackageManager: /system/priv-app/Provision changed; collecting certs
01-01 00:00:22.410   548   548 I PackageManager: /system/priv-app/ProxyHandler changed; collecting certs
01-01 00:00:22.597   548   548 W PackageParser: Ignoring duplicate uses-permissions/uses-permissions-sdk-m: android.permission.USE_CREDENTIALS in package: com.android.settings at: Binary XML file line #56
01-01 00:00:22.597   548   548 W PackageParser: Ignoring duplicate uses-permissions/uses-permissions-sdk-m: android.permission.READ_SYNC_SETTINGS in package: com.android.settings at: Binary XML file line #61
01-01 00:00:22.597   548   548 W PackageParser: Ignoring duplicate uses-permissions/uses-permissions-sdk-m: android.permission.WRITE_SYNC_SETTINGS in package: com.android.settings at: Binary XML file line #62
01-01 00:00:22.716   548   548 I PackageManager: /system/priv-app/Settings changed; collecting certs
01-01 00:00:23.533   548   548 I PackageManager: /system/priv-app/SettingsProvider changed; collecting certs
01-01 00:00:23.551   548   548 I PackageManager: /system/priv-app/SharedStorageBackup changed; collecting certs
01-01 00:00:23.572   548   548 W PackageParser: Ignoring duplicate uses-permissions/uses-permissions-sdk-m: android.permission.INSTALL_GRANT_RUNTIME_PERMISSIONS in package: com.android.shell at: Binary XML file line #103
01-01 00:00:23.575   548   548 I PackageManager: /system/priv-app/Shell changed; collecting certs
01-01 00:00:23.594   548   548 I PackageManager: /system/priv-app/StatementService changed; collecting certs
01-01 00:00:23.658   548   548 I PackageManager: /system/priv-app/StorageManager changed; collecting certs
01-01 00:00:23.851   548   548 W PackageParser: Ignoring duplicate uses-permissions/uses-permissions-sdk-m: android.permission.CONFIGURE_WIFI_DISPLAY in package: com.android.systemui at: Binary XML file line #123
01-01 00:00:23.877   548   548 I PackageManager: /system/priv-app/SystemUI changed; collecting certs
01-01 00:00:24.125   548   548 I PackageManager: New shared user android.uid.systemui: id=10026
01-01 00:00:24.241   548   548 I PackageManager: /system/priv-app/TeleService changed; collecting certs
01-01 00:00:24.457   548   548 I PackageManager: /system/priv-app/Telecom changed; collecting certs
01-01 00:00:24.548   548   548 I PackageManager: /system/priv-app/TelephonyProvider changed; collecting certs
01-01 00:00:24.577   548   548 I PackageManager: /system/priv-app/UjetLauncher changed; collecting certs
01-01 00:00:24.673   548   548 I PackageManager: /system/priv-app/VpnDialogs changed; collecting certs
01-01 00:00:24.691   548   548 I PackageManager: /system/priv-app/WallpaperCropper changed; collecting certs
01-01 00:00:24.709   548   548 I PackageManager: /system/app/A2dpSinkApp changed; collecting certs
01-01 00:00:24.734   548   548 I PackageManager: /system/app/BasicDreams changed; collecting certs
01-01 00:00:24.768   548   548 W PackageParser: Ignoring duplicate uses-permissions/uses-permissions-sdk-m: android.permission.READ_CONTACTS in package: com.android.bluetooth at: Binary XML file line #61
01-01 00:00:24.777   548   548 W PackageParser: No actions in intent filter at /system/app/Bluetooth/Bluetooth.apk Binary XML file line #222
01-01 00:00:24.782   548   548 I PackageManager: /system/app/Bluetooth changed; collecting certs
01-01 00:00:24.819   548   548 I PackageManager: /system/app/BluetoothMidiService changed; collecting certs
01-01 00:00:24.833   548   548 I PackageManager: /system/app/BookmarkProvider changed; collecting certs
01-01 00:00:24.850   548   548 I PackageManager: /system/app/Browser2 changed; collecting certs
01-01 00:00:24.867   548   548 I PackageManager: /system/app/CactusPlayer changed; collecting certs
01-01 00:00:24.925   548   548 I PackageManager: /system/app/Calendar changed; collecting certs
01-01 00:00:24.990   548   548 W PackageManager: Non-privileged app; cap priority to 0; package: com.android.calendar activity: com.android.calendar.GoogleCalendarUriIntentFilter origPrio: 50
01-01 00:00:25.045   548   548 I PackageManager: /system/app/Camera2 changed; collecting certs
01-01 00:00:25.314   548   548 I PackageManager: /system/app/CaptivePortalLogin changed; collecting certs
01-01 00:00:25.340   548   548 I PackageManager: /system/app/CertInstaller changed; collecting certs
01-01 00:00:25.363   548   548 I PackageManager: /system/app/CtsShimPrebuilt changed; collecting certs
01-01 00:00:25.369   548   548 W PackageManager: Non-privileged app; cap priority to 0; package: com.android.cts.ctsshim activity: com.android.cts.ctsshim.InstallPriority origPrio: 100
01-01 00:00:25.369   548   548 W PackageManager: Non-privileged app; cap priority to 0; package: com.android.cts.ctsshim activity: com.android.cts.ctsshim.InstallPriority origPrio: 100
01-01 00:00:25.369   548   548 W PackageManager: Non-privileged app; cap priority to 0; package: com.android.cts.ctsshim activity: com.android.cts.ctsshim.InstallPriority origPrio: 100
01-01 00:00:25.369   548   548 W PackageManager: Non-privileged app; cap priority to 0; package: com.android.cts.ctsshim activity: com.android.cts.ctsshim.InstallPriority origPrio: 100
01-01 00:00:25.369   548   548 W PackageManager: Non-privileged app; cap priority to 0; package: com.android.cts.ctsshim activity: com.android.cts.ctsshim.InstallPriority origPrio: 100
01-01 00:00:25.379   548   548 I PackageManager: /system/app/CubeLiveWallpapers changed; collecting certs
01-01 00:00:25.468   548   548 I PackageManager: /system/app/DeskClock changed; collecting certs
01-01 00:00:25.586   548   548 I PackageManager: /system/app/DownloadProviderUi changed; collecting certs
01-01 00:00:25.608   548   548 I PackageManager: /system/app/EasterEgg changed; collecting certs
01-01 00:00:25.677   548   548 W PackageParser: Ignoring duplicate uses-permissions/uses-permissions-sdk-m: android.permission.WRITE_CONTACTS in package: com.android.email at: Binary XML file line #40
01-01 00:00:25.711   548   548 I PackageManager: /system/app/Email changed; collecting certs
01-01 00:00:25.865   548   548 I PackageManager: /system/app/ExactCalculator changed; collecting certs
01-01 00:00:25.885   548   548 I PackageManager: /system/app/ExtShared changed; collecting certs
01-01 00:00:25.901   548   548 I PackageManager: /system/app/FSLOta changed; collecting certs
01-01 00:00:25.961   548   548 W PackageParser: Unknown element under <application>: permission at /system/app/Gallery2/Gallery2.apk Binary XML file line #253
01-01 00:00:25.961   548   548 W PackageParser: Unknown element under <application>: permission at /system/app/Gallery2/Gallery2.apk Binary XML file line #256
01-01 00:00:25.966   548   548 I PackageManager: /system/app/Gallery2 changed; collecting certs
01-01 00:00:26.162   548   548 I PackageManager: /system/app/HTMLViewer changed; collecting certs
01-01 00:00:26.177   548   548 I PackageManager: /system/app/HUDCore changed; collecting certs
01-01 00:00:26.196   548   548 I PackageManager: /system/app/KeyChain changed; collecting certs
01-01 00:00:26.303   548   548 I PackageManager: /system/app/LatinIME changed; collecting certs
01-01 00:00:26.779   548   548 I PackageManager: /system/app/LiveWallpapersPicker changed; collecting certs
01-01 00:00:26.835   548   548 I PackageManager: /system/app/Music changed; collecting certs
01-01 00:00:26.869   548   548 I PackageManager: /system/app/OBD changed; collecting certs
01-01 00:00:26.883   548   548 I PackageManager: /system/app/PacProcessor changed; collecting certs
01-01 00:00:26.899   548   548 I PackageManager: /system/app/PicoTts changed; collecting certs
01-01 00:00:26.915   548   548 I PackageManager: /system/app/PrintRecommendationService changed; collecting certs
01-01 00:00:26.941   548   548 I PackageManager: /system/app/PrintSpooler changed; collecting certs
01-01 00:00:26.973   548   548 I PackageManager: /system/app/QuickSearchBox changed; collecting certs
01-01 00:00:27.000   548   548 I PackageManager: /system/app/SoundRecorder changed; collecting certs
01-01 00:00:27.020   548   548 I PackageManager: /system/app/UserDictionaryProvider changed; collecting certs
01-01 00:00:27.033   548   548 I PackageManager: /system/app/WallpaperBackup changed; collecting certs
01-01 00:00:27.061   548   548 I PackageManager: /system/app/WfdSink changed; collecting certs
01-01 00:00:27.083   548   548 I PackageManager: /system/app/ethernet changed; collecting certs
01-01 00:00:27.118   548   548 I PackageManager: /system/app/webview changed; collecting certs
01-01 00:00:28.236   548   548 D PackageManager: No files in app dir /system/vendor/app
01-01 00:00:28.237   548   548 D PackageManager: No files in app dir /oem/app
01-01 00:00:28.239   548   548 D PackageManager: No files in app dir /data/app
01-01 00:00:28.239   548   548 D PackageManager: No files in app dir /data/app-private
01-01 00:00:28.240   548   548 D PackageManager: No files in app dir /data/app-ephemeral
01-01 00:00:28.242   548   548 W PackageManager: Protected action; cap priority to 0; package: com.android.cts.priv.ctsshim activity: com.android.cts.priv.ctsshim.InstallPriority origPrio: 100
01-01 00:00:28.242   548   548 W PackageManager: Protected action; cap priority to 0; package: com.android.cts.priv.ctsshim activity: com.android.cts.priv.ctsshim.InstallPriority origPrio: 100
01-01 00:00:28.242   548   548 W PackageManager: Protected action; cap priority to 0; package: com.android.cts.priv.ctsshim activity: com.android.cts.priv.ctsshim.InstallPriority origPrio: 100
01-01 00:00:28.242   548   548 W PackageManager: Protected action; cap priority to 0; package: com.android.cts.priv.ctsshim activity: com.android.cts.priv.ctsshim.InstallPriority origPrio: 100
01-01 00:00:28.242   548   548 W PackageManager: Protected action; cap priority to 0; package: com.android.packageinstaller activity: com.android.packageinstaller.PackageInstallerActivity origPrio: 1
01-01 00:00:28.243   548   548 W PackageManager: Package com.android.gallery3d desires unavailable shared library com.google.android.media.effects; ignoring!
01-01 00:00:28.243   548   548 W PackageManager: Package com.android.gallery3d desires unavailable shared library com.google.android.media.effects; ignoring!
01-01 00:00:28.243   548   548 I PackageManager: Adjusting ABI for com.android.providers.downloads.ui to armeabi-v7a (requirer=com.android.mtp, scannedPackage=null)
01-01 00:00:28.244   548   548 I PackageManager: Adjusting ABI for com.android.providers.media to armeabi-v7a (requirer=com.android.mtp, scannedPackage=null)
01-01 00:00:28.245   548   548 I PackageManager: Adjusting ABI for com.android.providers.downloads to armeabi-v7a (requirer=com.android.mtp, scannedPackage=null)
01-01 00:00:28.246   548   548 I PackageManager: Adjusting ABI for com.android.keychain to armeabi-v7a (requirer=android, scannedPackage=null)
01-01 00:00:28.247   548   548 I PackageManager: Adjusting ABI for com.android.inputdevices to armeabi-v7a (requirer=android, scannedPackage=null)
01-01 00:00:28.248   548   548 I PackageManager: Adjusting ABI for com.android.settings to armeabi-v7a (requirer=android, scannedPackage=null)
01-01 00:00:28.248   548   548 I PackageManager: Adjusting ABI for com.android.providers.settings to armeabi-v7a (requirer=android, scannedPackage=null)
01-01 00:00:28.249   548   548 I PackageManager: Adjusting ABI for com.android.server.telecom to armeabi-v7a (requirer=android, scannedPackage=null)
01-01 00:00:28.250   548   548 I PackageManager: Adjusting ABI for com.android.location.fused to armeabi-v7a (requirer=android, scannedPackage=null)
01-01 00:00:28.251   548   548 I PackageManager: Adjusting ABI for com.fsl.android.ota to armeabi-v7a (requirer=android, scannedPackage=null)
01-01 00:00:28.252   548   548 I PackageManager: Adjusting ABI for com.android.wallpaperbackup to armeabi-v7a (requirer=android, scannedPackage=null)
01-01 00:00:28.252   548   548 I PackageManager: Adjusting ABI for com.freescale.a2dpsinkapp to armeabi-v7a (requirer=android, scannedPackage=null)
01-01 00:00:28.253   548   548 I PackageManager: Adjusting ABI for com.freescale.wfdsink to armeabi-v7a (requirer=android, scannedPackage=null)
01-01 00:00:28.254   548   548 I PackageManager: Adjusting ABI for com.fsl.ethernet to armeabi-v7a (requirer=android, scannedPackage=null)
01-01 00:00:28.257   548   548 I PackageManager: Time to scan packages: 8.707 seconds
01-01 00:00:28.258   548   548 W PackageManager: Unknown permission com.google.android.googleapps.permission.GOOGLE_AUTH in package com.android.providers.calendar
01-01 00:00:28.258   548   548 W PackageManager: Unknown permission com.google.android.googleapps.permission.GOOGLE_AUTH.cl in package com.android.providers.calendar
01-01 00:00:28.259   548   548 W PackageManager: Not granting permission android.permission.GLOBAL_SEARCH to package com.android.quicksearchbox (protectionLevel=18 flags=0x3808be45)
01-01 00:00:28.261   548   548 W PackageManager: Not granting permission android.permission.BIND_WALLPAPER to package com.android.camera2 (protectionLevel=18 flags=0x3058bc45)
01-01 00:00:28.262   548   548 W PackageManager: Unknown permission com.google.android.googleapps.permission.GOOGLE_AUTH.mail in package com.android.calendar
01-01 00:00:28.263   548   548 W PackageManager: Not granting permission android.permission.WRITE_MEDIA_STORAGE to package com.android.gallery3d (protectionLevel=18 flags=0x3858bc45)
01-01 00:00:28.264   548   548 W PackageManager: Unknown permission com.google.android.permission.INSTALL_WEARABLE_PACKAGES in package com.android.packageinstaller
01-01 00:00:28.264   548   548 W PackageManager: Not granting permission android.permission.DELETE_PACKAGES to package com.svox.pico (protectionLevel=18 flags=0x3808be45)
01-01 00:00:28.264   548   548 W PackageManager: Unknown permission android.permission.RUN_INSTRUMENTATION in package org.chromium.webview_shell
01-01 00:00:28.266   548   548 W PackageManager: Unknown permission com.google.android.googleapps.permission.GOOGLE_AUTH in package com.android.settings
01-01 00:00:28.269   548   548 W PackageManager: Unknown permission com.android.smspush.WAPPUSH_MANAGER_BIND in package com.android.phone
01-01 00:00:28.274   548   548 W PackageManager: Unknown permission android.permission.ACCESS_ALL_EXTERNAL_STORAGE in package com.freescale.wfdsink
01-01 00:00:28.276   548   548 W PackageManager: Unknown permission com.google.android.gallery3d.permission.GALLERY_PROVIDER in package com.android.bluetooth
01-01 00:00:28.277   548   548 V PackageManager: reconcileAppsData for null u0 0x3
01-01 00:00:28.282   274   274 I SELinux : SELinux: Loaded file_contexts contexts from /file_contexts.bin.
01-01 00:00:28.283   274   274 D installd: Detected label change from u:object_r:system_data_file:s0 to u:object_r:app_data_file:s0:c512,c768 at /data/data/com.android.cts.priv.ctsshim; running recursive restorecon
01-01 00:00:28.287   274   274 D installd: Detected label change from u:object_r:system_data_file:s0 to u:object_r:app_data_file:s0:c512,c768 at /data/user_de/0/com.android.cts.priv.ctsshim; running recursive restorecon
01-01 00:00:28.293   274   274 D installd: Detected label change from u:object_r:system_data_file:s0 to u:object_r:app_data_file:s0:c512,c768 at /data/data/com.freescale.bleserver; running recursive restorecon
01-01 00:00:28.297   274   274 D installd: Detected label change from u:object_r:system_data_file:s0 to u:object_r:app_data_file:s0:c512,c768 at /data/user_de/0/com.freescale.bleserver; running recursive restorecon
01-01 00:00:28.302   274   274 D installd: Detected label change from u:object_r:system_data_file:s0 to u:object_r:app_data_file:s0:c512,c768 at /data/data/com.example.android.livecubes; running recursive restorecon
01-01 00:00:28.306   274   274 D installd: Detected label change from u:object_r:system_data_file:s0 to u:object_r:app_data_file:s0:c512,c768 at /data/user_de/0/com.example.android.livecubes; running recursive restorecon
01-01 00:00:28.312   274   274 D installd: Detected label change from u:object_r:system_data_file:s0 to u:object_r:radio_data_file:s0 at /data/data/com.android.providers.telephony; running recursive restorecon
01-01 00:00:28.316   274   274 D installd: Detected label change from u:object_r:system_data_file:s0 to u:object_r:radio_data_file:s0 at /data/user_de/0/com.android.providers.telephony; running recursive restorecon
01-01 00:00:28.318   274   274 W installd: Requested default storage /data/user_de/0/com.android.providers.telephony is not active; migrating from /data/data/com.android.providers.telephony
01-01 00:00:28.320   274   274 D installd: Detected label change from u:object_r:system_data_file:s0 to u:object_r:radio_data_file:s0 at /data/data/com.android.providers.telephony; running recursive restorecon
01-01 00:00:28.326   274   274 D installd: Detected label change from u:object_r:system_data_file:s0 to u:object_r:system_app_data_file:s0 at /data/data/com.fsl.ethernet; running recursive restorecon
01-01 00:00:28.329   274   274 D installd: Detected label change from u:object_r:system_data_file:s0 to u:object_r:system_app_data_file:s0 at /data/user_de/0/com.fsl.ethernet; running recursive restorecon
01-01 00:00:28.336   274   274 D installd: Detected label change from u:object_r:system_data_file:s0 to u:object_r:app_data_file:s0:c512,c768 at /data/data/com.android.providers.calendar; running recursive restorecon
01-01 00:00:28.339   274   274 D installd: Detected label change from u:object_r:system_data_file:s0 to u:object_r:app_data_file:s0:c512,c768 at /data/user_de/0/com.android.providers.calendar; running recursive restorecon
01-01 00:00:28.345   274   274 D installd: Detected label change from u:object_r:system_data_file:s0 to u:object_r:app_data_file:s0:c512,c768 at /data/data/com.android.providers.media; running recursive restorecon
01-01 00:00:28.348   274   274 D installd: Detected label change from u:object_r:system_data_file:s0 to u:object_r:app_data_file:s0:c512,c768 at /data/user_de/0/com.android.providers.media; running recursive restorecon
01-01 00:00:28.355   274   274 D installd: Detected label change from u:object_r:system_data_file:s0 to u:object_r:app_data_file:s0:c512,c768 at /data/data/com.android.wallpapercropper; running recursive restorecon
01-01 00:00:28.359   274   274 D installd: Detected label change from u:object_r:system_data_file:s0 to u:object_r:app_data_file:s0:c512,c768 at /data/user_de/0/com.android.wallpapercropper; running recursive restorecon
01-01 00:00:28.365   274   274 D installd: Detected label change from u:object_r:system_data_file:s0 to u:object_r:app_data_file:s0:c512,c768 at /data/data/com.android.launcher; running recursive restorecon
01-01 00:00:28.368   274   274 D installd: Detected label change from u:object_r:system_data_file:s0 to u:object_r:app_data_file:s0:c512,c768 at /data/user_de/0/com.android.launcher; running recursive restorecon
01-01 00:00:28.374   274   274 D installd: Detected label change from u:object_r:system_data_file:s0 to u:object_r:app_data_file:s0:c512,c768 at /data/data/com.android.documentsui; running recursive restorecon
01-01 00:00:28.377   274   274 D installd: Detected label change from u:object_r:system_data_file:s0 to u:object_r:app_data_file:s0:c512,c768 at /data/user_de/0/com.android.documentsui; running recursive restorecon
01-01 00:00:28.383   274   274 D installd: Detected label change from u:object_r:system_data_file:s0 to u:object_r:app_data_file:s0:c512,c768 at /data/data/com.android.externalstorage; running recursive restorecon
01-01 00:00:28.386   274   274 D installd: Detected label change from u:object_r:system_data_file:s0 to u:object_r:app_data_file:s0:c512,c768 at /data/user_de/0/com.android.externalstorage; running recursive restorecon
01-01 00:00:28.392   274   274 D installd: Detected label change from u:object_r:system_data_file:s0 to u:object_r:app_data_file:s0:c512,c768 at /data/data/com.android.htmlviewer; running recursive restorecon
01-01 00:00:28.395   274   274 D installd: Detected label change from u:object_r:system_data_file:s0 to u:object_r:app_data_file:s0:c512,c768 at /data/user_de/0/com.android.htmlviewer; running recursive restorecon
01-01 00:00:28.402   274   274 D installd: Detected label change from u:object_r:system_data_file:s0 to u:object_r:app_data_file:s0:c512,c768 at /data/data/com.android.quicksearchbox; running recursive restorecon
01-01 00:00:28.407   274   274 D installd: Detected label change from u:object_r:system_data_file:s0 to u:object_r:app_data_file:s0:c512,c768 at /data/user_de/0/com.android.quicksearchbox; running recursive restorecon
01-01 00:00:28.413   274   274 D installd: Detected label change from u:object_r:system_data_file:s0 to u:object_r:radio_data_file:s0 at /data/data/com.android.mms.service; running recursive restorecon
01-01 00:00:28.416   274   274 D installd: Detected label change from u:object_r:system_data_file:s0 to u:object_r:radio_data_file:s0 at /data/user_de/0/com.android.mms.service; running recursive restorecon
01-01 00:00:28.422   274   274 D installd: Detected label change from u:object_r:system_data_file:s0 to u:object_r:app_data_file:s0:c512,c768 at /data/data/com.embitel.core; running recursive restorecon
01-01 00:00:28.425   274   274 D installd: Detected label change from u:object_r:system_data_file:s0 to u:object_r:app_data_file:s0:c512,c768 at /data/user_de/0/com.embitel.core; running recursive restorecon
01-01 00:00:28.431   274   274 D installd: Detected label change from u:object_r:system_data_file:s0 to u:object_r:app_data_file:s0:c512,c768 at /data/data/com.android.providers.downloads; running recursive restorecon
01-01 00:00:28.434   274   274 D installd: Detected label change from u:object_r:system_data_file:s0 to u:object_r:app_data_file:s0:c512,c768 at /data/user_de/0/com.android.providers.downloads; running recursive restorecon
01-01 00:00:28.441   274   274 D installd: Detected label change from u:object_r:system_data_file:s0 to u:object_r:app_data_file:s0:c512,c768 at /data/data/com.embitel.ujetlauncher; running recursive restorecon
01-01 00:00:28.444   274   274 D installd: Detected label change from u:object_r:system_data_file:s0 to u:object_r:app_data_file:s0:c512,c768 at /data/user_de/0/com.embitel.ujetlauncher; running recursive restorecon
01-01 00:00:28.450   274   274 D installd: Detected label change from u:object_r:system_data_file:s0 to u:object_r:app_data_file:s0:c512,c768 at /data/data/com.android.soundrecorder; running recursive restorecon
01-01 00:00:28.453   274   274 D installd: Detected label change from u:object_r:system_data_file:s0 to u:object_r:app_data_file:s0:c512,c768 at /data/user_de/0/com.android.soundrecorder; running recursive restorecon
01-01 00:00:28.459   274   274 D installd: Detected label change from u:object_r:system_data_file:s0 to u:object_r:app_data_file:s0:c512,c768 at /data/data/com.android.defcontainer; running recursive restorecon
01-01 00:00:28.462   274   274 D installd: Detected label change from u:object_r:system_data_file:s0 to u:object_r:app_data_file:s0:c512,c768 at /data/user_de/0/com.android.defcontainer; running recursive restorecon
01-01 00:00:28.465   274   274 W installd: Requested default storage /data/user_de/0/com.android.defcontainer is not active; migrating from /data/data/com.android.defcontainer
01-01 00:00:28.467   274   274 D installd: Detected label change from u:object_r:system_data_file:s0 to u:object_r:app_data_file:s0:c512,c768 at /data/data/com.android.defcontainer; running recursive restorecon
01-01 00:00:28.472   274   274 D installd: Detected label change from u:object_r:system_data_file:s0 to u:object_r:app_data_file:s0:c512,c768 at /data/data/com.android.providers.downloads.ui; running recursive restorecon
01-01 00:00:28.475   274   274 D installd: Detected label change from u:object_r:system_data_file:s0 to u:object_r:app_data_file:s0:c512,c768 at /data/user_de/0/com.android.providers.downloads.ui; running recursive restorecon
01-01 00:00:28.483   274   274 D installd: Detected label change from u:object_r:system_data_file:s0 to u:object_r:app_data_file:s0:c512,c768 at /data/data/com.android.pacprocessor; running recursive restorecon
01-01 00:00:28.487   274   274 D installd: Detected label change from u:object_r:system_data_file:s0 to u:object_r:app_data_file:s0:c512,c768 at /data/user_de/0/com.android.pacprocessor; running recursive restorecon
01-01 00:00:28.495   274   274 D installd: Detected label change from u:object_r:system_data_file:s0 to u:object_r:app_data_file:s0:c512,c768 at /data/data/com.android.certinstaller; running recursive restorecon
01-01 00:00:28.499   274   274 D installd: Detected label change from u:object_r:system_data_file:s0 to u:object_r:app_data_file:s0:c512,c768 at /data/user_de/0/com.android.certinstaller; running recursive restorecon
01-01 00:00:28.505   274   274 D installd: Detected label change from u:object_r:system_data_file:s0 to u:object_r:app_data_file:s0:c512,c768 at /data/data/com.android.carrierconfig; running recursive restorecon
01-01 00:00:28.508   274   274 D installd: Detected label change from u:object_r:system_data_file:s0 to u:object_r:app_data_file:s0:c512,c768 at /data/user_de/0/com.android.carrierconfig; running recursive restorecon
01-01 00:00:28.514   274   274 D installd: Detected label change from u:object_r:system_data_file:s0 to u:object_r:system_app_data_file:s0 at /data/data/android; running recursive restorecon
01-01 00:00:28.516   274   274 D installd: Detected label change from u:object_r:system_data_file:s0 to u:object_r:system_app_data_file:s0 at /data/user_de/0/android; running recursive restorecon
01-01 00:00:28.519   274   274 W installd: Requested default storage /data/user_de/0/android is not active; migrating from /data/data/android
01-01 00:00:28.521   274   274 D installd: Detected label change from u:object_r:system_data_file:s0 to u:object_r:system_app_data_file:s0 at /data/data/android; running recursive restorecon
01-01 00:00:28.526   274   274 D installd: Detected label change from u:object_r:system_data_file:s0 to u:object_r:app_data_file:s0:c512,c768 at /data/data/com.android.contacts; running recursive restorecon
01-01 00:00:28.529   274   274 D installd: Detected label change from u:object_r:system_data_file:s0 to u:object_r:app_data_file:s0:c512,c768 at /data/user_de/0/com.android.contacts; running recursive restorecon
01-01 00:00:28.536   274   274 D installd: Detected label change from u:object_r:system_data_file:s0 to u:object_r:app_data_file:s0:c512,c768 at /data/data/com.android.camera2; running recursive restorecon
01-01 00:00:28.539   274   274 D installd: Detected label change from u:object_r:system_data_file:s0 to u:object_r:app_data_file:s0:c512,c768 at /data/user_de/0/com.android.camera2; running recursive restorecon
01-01 00:00:28.546   274   274 D installd: Detected label change from u:object_r:system_data_file:s0 to u:object_r:app_data_file:s0:c512,c768 at /data/data/com.android.egg; running recursive restorecon
01-01 00:00:28.549   274   274 D installd: Detected label change from u:object_r:system_data_file:s0 to u:object_r:app_data_file:s0:c512,c768 at /data/user_de/0/com.android.egg; running recursive restorecon
01-01 00:00:28.556   274   274 D installd: Detected label change from u:object_r:system_data_file:s0 to u:object_r:app_data_file:s0:c512,c768 at /data/data/com.android.mtp; running recursive restorecon
01-01 00:00:28.559   274   274 D installd: Detected label change from u:object_r:system_data_file:s0 to u:object_r:app_data_file:s0:c512,c768 at /data/user_de/0/com.android.mtp; running recursive restorecon
01-01 00:00:28.567   274   274 D installd: Detected label change from u:object_r:system_data_file:s0 to u:object_r:app_data_file:s0:c512,c768 at /data/data/com.android.backupconfirm; running recursive restorecon
01-01 00:00:28.571   274   274 D installd: Detected label change from u:object_r:system_data_file:s0 to u:object_r:app_data_file:s0:c512,c768 at /data/user_de/0/com.android.backupconfirm; running recursive restorecon
01-01 00:00:28.578   274   274 D installd: Detected label change from u:object_r:system_data_file:s0 to u:object_r:app_data_file:s0:c512,c768 at /data/data/com.android.provision; running recursive restorecon
01-01 00:00:28.581   274   274 D installd: Detected label change from u:object_r:system_data_file:s0 to u:object_r:app_data_file:s0:c512,c768 at /data/user_de/0/com.android.provision; running recursive restorecon
01-01 00:00:28.588   274   274 D installd: Detected label change from u:object_r:system_data_file:s0 to u:object_r:app_data_file:s0:c512,c768 at /data/data/com.android.statementservice; running recursive restorecon
01-01 00:00:28.591   274   274 D installd: Detected label change from u:object_r:system_data_file:s0 to u:object_r:app_data_file:s0:c512,c768 at /data/user_de/0/com.android.statementservice; running recursive restorecon
01-01 00:00:28.597   274   274 D installd: Detected label change from u:object_r:system_data_file:s0 to u:object_r:app_data_file:s0:c512,c768 at /data/data/com.android.calendar; running recursive restorecon
01-01 00:00:28.601   274   274 D installd: Detected label change from u:object_r:system_data_file:s0 to u:object_r:app_data_file:s0:c512,c768 at /data/user_de/0/com.android.calendar; running recursive restorecon
01-01 00:00:28.607   274   274 D installd: Detected label change from u:object_r:system_data_file:s0 to u:object_r:system_app_data_file:s0 at /data/data/com.android.providers.settings; running recursive restorecon
01-01 00:00:28.610   274   274 D installd: Detected label change from u:object_r:system_data_file:s0 to u:object_r:system_app_data_file:s0 at /data/user_de/0/com.android.providers.settings; running recursive restorecon
01-01 00:00:28.613   274   274 W installd: Requested default storage /data/user_de/0/com.android.providers.settings is not active; migrating from /data/data/com.android.providers.settings
01-01 00:00:28.615   274   274 D installd: Detected label change from u:object_r:system_data_file:s0 to u:object_r:system_app_data_file:s0 at /data/data/com.android.providers.settings; running recursive restorecon
01-01 00:00:28.620   274   274 D installd: Detected label change from u:object_r:system_data_file:s0 to u:object_r:app_data_file:s0:c512,c768 at /data/data/com.android.sharedstoragebackup; running recursive restorecon
01-01 00:00:28.624   274   274 D installd: Detected label change from u:object_r:system_data_file:s0 to u:object_r:app_data_file:s0:c512,c768 at /data/user_de/0/com.android.sharedstoragebackup; running recursive restorecon
01-01 00:00:28.630   274   274 D installd: Detected label change from u:object_r:system_data_file:s0 to u:object_r:app_data_file:s0:c512,c768 at /data/data/com.android.printspooler; running recursive restorecon
01-01 00:00:28.633   274   274 D installd: Detected label change from u:object_r:system_data_file:s0 to u:object_r:app_data_file:s0:c512,c768 at /data/user_de/0/com.android.printspooler; running recursive restorecon
01-01 00:00:28.641   274   274 D installd: Detected label change from u:object_r:system_data_file:s0 to u:object_r:app_data_file:s0:c512,c768 at /data/data/com.android.dreams.basic; running recursive restorecon
