01-01 00:00:36.792   633   702 I BinaryDictionaryFileDumper: reinitializeClientRecordInDictionaryContentProvider() : Insert DictionaryInfo : Id = 'main:fr' : Locale=fr : Version=54
01-01 00:00:36.798   279   279 I MediaPlayerService: MediaPlayerService::getOMX
01-01 00:00:36.799   279   279 I OMXClient: MuxOMX ctor
01-01 00:00:36.800   276   298 I OMXMaster: makeComponentInstance(OMX.Freescale.std.video_decoder.soft_hevc.sw-based) in mediacodec process
01-01 00:00:36.822   548   797 I Telecom : Telecom: Non-call EVENT: AUDIO_ROUTE, Entering state QuiescentEarpieceRoute
01-01 00:00:36.837   548   798 I Telecom : CallAudioModeStateMachine: Message received: null.: TS.init->CAMSM.pM_1@AAA_0
01-01 00:00:36.860   548   799 E ActivityThread: Failed to find provider info for call_log
01-01 00:00:36.861   548   548 D BluetoothManagerService: Trying to bind to profile: 1, while Bluetooth was disabled
01-01 00:00:36.882   548   548 I Telecom : Class: TelecomSystem.INSTANCE being set
01-01 00:00:36.883   548   548 W ContextImpl: Calling a method in the system process without a qualified user: android.app.ContextImpl.startService:1357 android.content.ContextWrapper.startService:613 com.android.server.telecom.components.TelecomService.initializeTelecomSystem:186 com.android.server.telecom.components.TelecomService.onBind:62 android.app.ActivityThread.handleBindService:3219 
01-01 00:00:36.887   548   548 D BluetoothManagerService: Bluetooth Adapter name changed to TORADEX-MX6DQ
01-01 00:00:36.888   548   548 D BluetoothManagerService: Stored Bluetooth name: TORADEX-MX6DQ
01-01 00:00:36.888   548   548 D BluetoothManagerService: BluetoothServiceConnection: com.android.bluetooth.btservice.AdapterService
01-01 00:00:36.888   548   567 D BluetoothManagerService: MESSAGE_BLUETOOTH_SERVICE_CONNECTED: 1
01-01 00:00:36.890   548   567 D BluetoothManagerService: MESSAGE_GET_NAME_AND_ADDRESS
01-01 00:00:36.906   548   548 W System  : ClassLoader referenced unknown path: /system/priv-app/FusedLocation/lib/arm
01-01 00:00:36.909   548   548 D ApplicationLoaders: ignored Vulkan layer search path /system/priv-app/FusedLocation/lib/arm:/system/priv-app/FusedLocation/FusedLocation.apk!/lib/armeabi-v7a:/system/lib:/vendor/lib for namespace 0xaf7b0150
01-01 00:00:36.921   548   567 D BluetoothManagerService: Stored Bluetooth name: TORADEX-MX6DQ
01-01 00:00:36.921   548   567 D BluetoothManagerService: Stored Bluetoothaddress: 74:DA:38:D6:32:39
01-01 00:00:36.922   548   567 D BluetoothManagerService: unbindAndFinish(): android.bluetooth.IBluetooth$Stub$Proxy@ded5150 mBinding = false mUnbinding = false
01-01 00:00:36.960   548   548 V WiredAccessoryManager: init()
01-01 00:00:36.962   548   548 V WiredAccessoryManager: state_cable  0
01-01 00:00:36.972   756   756 D CryptKeeper: Disabling component ComponentInfo{com.android.settings/com.android.settings.CryptKeeper}
01-01 00:00:36.974   548   761 I WindowManager: Screen frozen for +1s60ms due to AppWindowToken{d8d3dd1 token=Token{e11a45b ActivityRecord{b10076a u0 com.android.settings/.CryptKeeper t1}}}
01-01 00:00:36.980   548   557 I art     : Background partial concurrent mark sweep GC freed 18001(1095KB) AllocSpace objects, 7(140KB) LOS objects, 33% free, 5MB/7MB, paused 12.582ms total 176.038ms
01-01 00:00:37.005   618   618 D BluetoothAdapterService: onUnbind() - calling cleanup
01-01 00:00:37.005   618   618 D BluetoothAdapterService: cleanup()
01-01 00:00:37.025   271   605 D BlueZ   : external/bluetooth/bluez/android/hal-audio.c:audio_set_mic_mute() 
01-01 00:00:37.033   548   788 I ActivityManager: START u0 {act=android.intent.action.MAIN cat=[android.intent.category.HOME] flg=0x10000100 cmp=com.android.settings/.FallbackHome} from uid 0 on display 0
01-01 00:00:37.047   548   548 W VibratorService: Tried to stop vibrating but there is no vibrator device.
01-01 00:00:37.055   618   618 W BluetoothSdpJni: Cleaning up Bluetooth SDP object
01-01 00:00:37.056   618   618 D BluetoothAdapterService: cleanup() - Cleaning up adapter native
01-01 00:00:37.056   618   618 D BlueZ   : external/bluetooth/bluez/android/hal-bluetooth.c:cleanup() 
01-01 00:00:37.056   674   674 I bluetoothd: IPC: command socket closed
01-01 00:00:37.056   674   674 I bluetoothd: Switching controller off
01-01 00:00:37.057   674   674 I bluetoothd: Stopping SDP server
01-01 00:00:37.057   674   674 I bluetoothd: Exit
01-01 00:00:37.063   548   788 I ActivityManager: Start proc 802:com.android.settings/1000 for activity com.android.settings/.FallbackHome
01-01 00:00:37.083   618   689 D BlueZ   : external/bluetooth/bluez/android/hal-ipc.c:notification_handler() exit
01-01 00:00:37.085   548   548 D ConditionProviders.SCP: onSubscribe condition://android/schedule?days=1.2.3.4.5&start=22.0&end=7.0&exitAtAlarm=false
01-01 00:00:37.086   548   548 D ConditionProviders.SCP: setRegistered true
01-01 00:00:37.088   548   548 D ConditionProviders.SCP: notifyCondition condition://android/schedule?days=1.2.3.4.5&start=22.0&end=7.0&exitAtAlarm=false STATE_TRUE reason=meetsSchedule
01-01 00:00:37.090   548   548 D ConditionProviders.SCP: Scheduling evaluate for Thu Jan 01 07:00:00 GMT+00:00 1970 (25200000), in +6h59m22s913ms, now=Thu Jan 01 00:00:37 GMT+00:00 1970 (37087)
01-01 00:00:37.091   548   548 D ConditionProviders.SCP: onSubscribe condition://android/schedule?days=6.7&start=23.30&end=10.0&exitAtAlarm=false
01-01 00:00:37.093   548   548 D ConditionProviders.SCP: notifyCondition condition://android/schedule?days=6.7&start=23.30&end=10.0&exitAtAlarm=false STATE_FALSE reason=!meetsSchedule
01-01 00:00:37.093   548   631 I StatusBarManagerService: registerStatusBar bar=com.android.internal.statusbar.IStatusBar$Stub$Proxy@74cd98
01-01 00:00:37.094   548   548 D ConditionProviders.SCP: notifyCondition condition://android/schedule?days=1.2.3.4.5&start=22.0&end=7.0&exitAtAlarm=false STATE_TRUE reason=meetsSchedule
01-01 00:00:37.096   548   548 D ConditionProviders.SCP: Scheduling evaluate for Thu Jan 01 07:00:00 GMT+00:00 1970 (25200000), in +6h59m22s908ms, now=Thu Jan 01 00:00:37 GMT+00:00 1970 (37092)
01-01 00:00:37.101   548   548 I Telecom : WiredHeadsetManager: ACTION_HEADSET_PLUG event, plugged in: false, : WHC.oADA@AAE
01-01 00:00:37.122   548   548 I ActivityManager: user 0 is still locked. Cannot load recents
01-01 00:00:37.170   548   560 I SyncManager: Got SyncJobService instance.
01-01 00:00:37.171   633   702 I BinaryDictionaryFileDumper: reinitializeClientRecordInDictionaryContentProvider() : Insert DictionaryInfo : Id = 'main:it' : Locale=it : Version=54
01-01 00:00:37.191   548   548 I DefaultPermGrantPolicy: Granting permissions to default dialer app for user:0
01-01 00:00:37.248   618   618 I BluetoothServiceJni: cleanupNative: return from cleanup
01-01 00:00:37.259   276   731 E OMXNodeInstance: getParameter(114000a:Freescale.std._decoder.soft_hevc.sw-based, ParamVideoProfileLevelQuerySupported(0x600000f)) ERROR: UnsupportedIndex(0x8000101a)
01-01 00:00:37.260   618   618 I art     : System.exit called, status: 0
01-01 00:00:37.260   618   618 I AndroidRuntime: VM exiting with result code 0, cleanup skipped.
01-01 00:00:37.286   279   279 I MediaPlayerService: MediaPlayerService::getOMX
01-01 00:00:37.287   279   279 I OMXClient: MuxOMX ctor
01-01 00:00:37.287   276   276 I OMXMaster: makeComponentInstance(OMX.Freescale.std.video_decoder.wmv.sw-based) in mediacodec process
01-01 00:00:37.467   276   276 I OMXPlayer: Can't open library: lib_WMV789_dec_v2_arm11_elinux.so
01-01 00:00:37.467   276   276 I OMXPlayer: dlopen failed: library "lib_WMV789_dec_v2_arm11_elinux.so" not found
01-01 00:00:37.468   276   276 I OMXPlayer: LEVEL: 1 FUNCTION: ConstructComponent LINE: 574
01-01 00:00:37.468   276   276 I OMXPlayer: Can't initialize component.
01-01 00:00:37.468   276   276 I OMXPlayer: LEVEL: 1 FUNCTION: OMX_GetHandle LINE: 498
01-01 00:00:37.468   276   276 I OMXPlayer: Load and call entry function fail.
01-01 00:00:37.468   276   276 E OMX     : FAILED to allocate omx component 'OMX.Freescale.std.video_decoder.wmv.sw-based' err=ComponentNotFound(0x80001003)
01-01 00:00:37.470   279   279 I MediaPlayerService: MediaPlayerService::getOMX
01-01 00:00:37.472   279   279 I OMXClient: MuxOMX ctor
01-01 00:00:37.472   276   298 I OMXMaster: makeComponentInstance(OMX.Freescale.std.video_decoder.wmv9.hw-based) in mediacodec process
01-01 00:00:37.472   276   298 E OMX     : FAILED to allocate omx component 'OMX.Freescale.std.video_decoder.wmv9.hw-based' err=InvalidComponentName(0x80001002)
01-01 00:00:37.474   279   279 I MediaPlayerService: MediaPlayerService::getOMX
01-01 00:00:37.475   279   279 I OMXClient: MuxOMX ctor
01-01 00:00:37.475   276   731 I OMXMaster: makeComponentInstance(OMX.Freescale.std.video_decoder.rv.hw-based) in mediacodec process
01-01 00:00:37.492   276   276 E OMXNodeInstance: getParameter(114000b:Freescale.std._decoder.rv.hw-based, ParamVideoProfileLevelQuerySupported(0x600000f)) ERROR: UnsupportedIndex(0x8000101a)
01-01 00:00:37.511   279   279 I MediaPlayerService: MediaPlayerService::getOMX
01-01 00:00:37.512   279   279 I OMXClient: MuxOMX ctor
01-01 00:00:37.512   276   731 I OMXMaster: makeComponentInstance(OMX.Freescale.std.video_decoder.divx.hw-based) in mediacodec process
01-01 00:00:37.529   276   298 E OMXNodeInstance: getParameter(114000c:Freescale.std._decoder.divx.hw-based, ParamVideoProfileLevelQuerySupported(0x600000f)) ERROR: UnsupportedIndex(0x8000101a)
01-01 00:00:37.554   279   279 I MediaPlayerService: MediaPlayerService::getOMX
01-01 00:00:37.555   279   279 I OMXClient: MuxOMX ctor
01-01 00:00:37.555   276   276 I OMXMaster: makeComponentInstance(OMX.Freescale.std.video_decoder.div4.hw-based) in mediacodec process
01-01 00:00:37.572   276   731 E OMXNodeInstance: getParameter(114000d:Freescale.std._decoder.div4.hw-based, ParamVideoProfileLevelQuerySupported(0x600000f)) ERROR: UnsupportedIndex(0x8000101a)
01-01 00:00:37.591   279   279 I MediaPlayerService: MediaPlayerService::getOMX
01-01 00:00:37.592   279   279 I OMXClient: MuxOMX ctor
01-01 00:00:37.593   276   276 I OMXMaster: makeComponentInstance(OMX.Freescale.std.video_decoder.div3.hw-based) in mediacodec process
01-01 00:00:37.621   276   731 E OMXNodeInstance: getParameter(114000e:Freescale.std._decoder.div3.hw-based, ParamVideoProfileLevelQuerySupported(0x600000f)) ERROR: UnsupportedIndex(0x8000101a)
01-01 00:00:37.660   548   558 W ActivityManager: Slow operation: 484ms so far, now at attachApplicationLocked: after mServices.attachApplicationLocked
01-01 00:00:37.667   548   559 I ActivityManager: Process com.android.bluetooth (pid 618) has died
01-01 00:00:37.667   548   559 D ActivityManager: cleanUpApplicationRecord -- 618
01-01 00:00:37.668   633   702 I BinaryDictionaryFileDumper: reinitializeClientRecordInDictionaryContentProvider() : Insert DictionaryInfo : Id = 'main:ru' : Locale=ru : Version=54
01-01 00:00:37.672   279   279 I MediaPlayerService: MediaPlayerService::getOMX
01-01 00:00:37.676   548   602 E ActivityThread: Failed to find provider info for com.android.calendar
01-01 00:00:37.677   279   279 I OMXClient: MuxOMX ctor
01-01 00:00:37.677   276   298 I OMXMaster: makeComponentInstance(OMX.Freescale.std.video_decoder.xvid.hw-based) in mediacodec process
01-01 00:00:37.687   548   602 E ActivityThread: Failed to find provider info for com.android.calendar
01-01 00:00:37.692   548   548 I Telecom : PhoneAccountRegistrar: SimCallManager queried, returning: null: TSI.gSCM@AAM
01-01 00:00:37.694   276   276 E OMXNodeInstance: getParameter(114000f:Freescale.std._decoder.xvid.hw-based, ParamVideoProfileLevelQuerySupported(0x600000f)) ERROR: UnsupportedIndex(0x8000101a)
01-01 00:00:37.698   802   802 W System  : ClassLoader referenced unknown path: /system/priv-app/Settings/lib/arm
01-01 00:00:37.716   279   279 I MediaPlayerService: MediaPlayerService::getOMX
01-01 00:00:37.717   279   279 I OMXClient: MuxOMX ctor
01-01 00:00:37.717   276   731 I OMXMaster: makeComponentInstance(OMX.Freescale.std.video_decoder.mjpeg.hw-based) in mediacodec process
01-01 00:00:37.748   276   298 E OMXNodeInstance: getParameter(1140010:Freescale.std._decoder.mjpeg.hw-based, ParamVideoProfileLevelQuerySupported(0x600000f)) ERROR: UnsupportedIndex(0x8000101a)
01-01 00:00:37.754   633   702 I BinaryDictionaryFileDumper: reinitializeClientRecordInDictionaryContentProvider() : Insert DictionaryInfo : Id = 'main:en_us' : Locale=en_US : Version=-1
01-01 00:00:37.780   743   743 D TelephonyProvider: dbh.onCreate:+ db=SQLiteDatabase: /data/user_de/0/com.android.providers.telephony/databases/telephony.db
01-01 00:00:37.780   743   743 D TelephonyProvider: dbh.createSimInfoTable:+
01-01 00:00:37.785   743   743 D TelephonyProvider: dbh.createSimInfoTable:-
01-01 00:00:37.785   743   743 D TelephonyProvider: dbh.createCarriersTable: carriers
01-01 00:00:37.792   279   279 I MediaPlayerService: MediaPlayerService::getOMX
01-01 00:00:37.793   279   279 I OMXClient: MuxOMX ctor
01-01 00:00:37.793   276   276 I OMXMaster: makeComponentInstance(OMX.Freescale.std.video_decoder.sorenson.sw-based) in mediacodec process
01-01 00:00:37.803   276   731 E OMXNodeInstance: getParameter(1140011:Freescale.std._decoder.sorenson.sw-based, ParamVideoProfileLevelQuerySupported(0x600000f)) ERROR: UnsupportedIndex(0x8000101a)
01-01 00:00:37.809   633   702 W BinaryDictionaryFileDumper: Missing metadata.json resource
01-01 00:00:37.817   548   548 I FusedLocation: engine started (com.android.location.fused)
01-01 00:00:37.832   279   279 I MediaPlayerService: MediaPlayerService::getOMX
01-01 00:00:37.833   279   279 I OMXClient: MuxOMX ctor
01-01 00:00:37.833   276   298 I OMXMaster: makeComponentInstance(OMX.Freescale.std.audio_decoder.ac3.sw-based) in mediacodec process
01-01 00:00:37.835   743   743 D TelephonyProvider: dbh.createCarriersTable:-
01-01 00:00:37.837   743   743 D TelephonyProvider: No APNs in OEM image = /oem/telephony/apns-conf.xml Load APNs from system image
01-01 00:00:37.837   743   743 D TelephonyProvider: No APNs in OEM image = /data/misc/apns-conf.xml Load APNs from system image
01-01 00:00:37.837   743   743 D TelephonyProvider: confFile = /system/etc/apns-conf.xml
01-01 00:00:37.839   276   298 I OMXPlayer: Can't open library: lib_ac3d_wrap_arm11_elinux_android.so
01-01 00:00:37.839   276   298 I OMXPlayer: dlopen failed: library "lib_ac3d_wrap_arm11_elinux_android.so" not found
01-01 00:00:37.839   276   298 I OMXPlayer: LEVEL: 1 FUNCTION: CreateDecoderInterface LINE: 293
01-01 00:00:37.839   276   298 I OMXPlayer: Fail to open Decoder library for )¦³
01-01 00:00:37.839   276   298 I OMXPlayer: LEVEL: 1 FUNCTION: CreateDecoderInterface LINE: 332
01-01 00:00:37.839   276   298 I OMXPlayer: UniaDecoder::CreateDecoderInterface ret=-2147479549
01-01 00:00:37.840   276   298 I OMXPlayer: LEVEL: 1 FUNCTION: ConstructComponent LINE: 574
01-01 00:00:37.840   276   298 I OMXPlayer: Can't initialize component.
01-01 00:00:37.840   276   298 I OMXPlayer: LEVEL: 1 FUNCTION: OMX_GetHandle LINE: 498
01-01 00:00:37.840   276   298 I OMXPlayer: Load and call entry function fail.
01-01 00:00:37.840   276   298 E OMX     : FAILED to allocate omx component 'OMX.Freescale.std.audio_decoder.ac3.sw-based' err=ComponentNotFound(0x80001003)
01-01 00:00:37.842   279   279 I MediaPlayerService: MediaPlayerService::getOMX
01-01 00:00:37.843   279   279 I OMXClient: MuxOMX ctor
01-01 00:00:37.843   661   683 W art     : Suspending all threads took: 7.656ms
01-01 00:00:37.843   276   276 I OMXMaster: makeComponentInstance(OMX.Freescale.std.audio_decoder.ec3.sw-based) in mediacodec process
01-01 00:00:37.847   276   276 I OMXPlayer: Unia -> EC3
01-01 00:00:37.848   276   276 I OMXPlayer: Can't open library: lib_ddpd_wrap_arm12_elinux_android.so
01-01 00:00:37.848   276   276 I OMXPlayer: dlopen failed: library "lib_ddpd_wrap_arm12_elinux_android.so" not found
01-01 00:00:37.848   276   276 I OMXPlayer: LEVEL: 1 FUNCTION: CreateDecoderInterface LINE: 293
01-01 00:00:37.848   276   276 I OMXPlayer: Fail to open Decoder library for ]“	³
01-01 00:00:37.848   276   276 I OMXPlayer: LEVEL: 1 FUNCTION: CreateDecoderInterface LINE: 332
01-01 00:00:37.848   276   276 I OMXPlayer: UniaDecoder::CreateDecoderInterface ret=-2147479549
01-01 00:00:37.852   633   702 I LatinIME:LogUtils: Dictionary info: dictionary = main:en ; version = 54 ; date = 1414726273
01-01 00:00:37.860   276   276 I OMXPlayer: LEVEL: 1 FUNCTION: ConstructComponent LINE: 574
01-01 00:00:37.861   276   276 I OMXPlayer: Can't initialize component.
01-01 00:00:37.861   276   276 I OMXPlayer: LEVEL: 1 FUNCTION: OMX_GetHandle LINE: 498
01-01 00:00:37.861   276   276 I OMXPlayer: Load and call entry function fail.
01-01 00:00:37.861   276   276 E OMX     : FAILED to allocate omx component 'OMX.Freescale.std.audio_decoder.ec3.sw-based' err=ComponentNotFound(0x80001003)
01-01 00:00:37.863   279   279 I MediaPlayerService: MediaPlayerService::getOMX
01-01 00:00:37.865   279   279 I OMXClient: MuxOMX ctor
01-01 00:00:37.866   276   731 I OMXMaster: makeComponentInstance(OMX.Freescale.std.audio_decoder.wma.sw-based) in mediacodec process
01-01 00:00:37.869   661   683 I art     : Background sticky concurrent mark sweep GC freed 9528(904KB) AllocSpace objects, 2(40KB) LOS objects, 33% free, 2MB/3MB, paused 13.125ms total 142.129ms
01-01 00:00:37.871   276   731 I OMXPlayer: Can't open library: lib_wma10d_wrap_arm12_elinux_android.so
01-01 00:00:37.871   276   731 I OMXPlayer: dlopen failed: library "lib_wma10d_wrap_arm12_elinux_android.so" not found
01-01 00:00:37.871   276   731 I OMXPlayer: LEVEL: 1 FUNCTION: CreateDecoderInterface LINE: 293
01-01 00:00:37.871   276   731 I OMXPlayer: Fail to open Decoder library for !5	³
01-01 00:00:37.871   276   731 I OMXPlayer: LEVEL: 1 FUNCTION: CreateDecoderInterface LINE: 332
01-01 00:00:37.871   276   731 I OMXPlayer: UniaDecoder::CreateDecoderInterface ret=-2147479549
01-01 00:00:37.875   276   731 I OMXPlayer: LEVEL: 1 FUNCTION: ConstructComponent LINE: 574
01-01 00:00:37.875   276   731 I OMXPlayer: Can't initialize component.
01-01 00:00:37.875   276   731 I OMXPlayer: LEVEL: 1 FUNCTION: OMX_GetHandle LINE: 498
01-01 00:00:37.875   276   731 I OMXPlayer: Load and call entry function fail.
01-01 00:00:37.875   276   731 E OMX     : FAILED to allocate omx component 'OMX.Freescale.std.audio_decoder.wma.sw-based' err=ComponentNotFound(0x80001003)
01-01 00:00:37.877   279   279 I MediaPlayerService: MediaPlayerService::getOMX
01-01 00:00:37.877   279   279 I OMXClient: MuxOMX ctor
01-01 00:00:37.878   276   298 I OMXMaster: makeComponentInstance(OMX.Freescale.std.audio_decoder.flac.sw-based) in mediacodec process
01-01 00:00:37.905   633   702 I LatinIME:LogUtils: Dictionary info: dictionary = main:en ; version = 54 ; date = 1414726273
01-01 00:00:37.910   802   802 I display : GPUManager exists
01-01 00:00:37.914   279   279 I MediaPlayerService: MediaPlayerService::getOMX
01-01 00:00:37.915   279   279 I OMXClient: MuxOMX ctor
01-01 00:00:37.916   276   276 I OMXMaster: makeComponentInstance(OMX.Freescale.std.audio_decoder.mp3.sw-based) in mediacodec process
01-01 00:00:37.936   743   743 D TelephonyProvider: Checksum for /system/etc/apns-conf.xml is 1215094405
01-01 00:00:37.940   279   279 I MediaPlayerService: MediaPlayerService::getOMX
01-01 00:00:37.942   279   279 I OMXClient: MuxOMX ctor
01-01 00:00:37.942   276   298 I OMXMaster: makeComponentInstance(OMX.Freescale.std.audio_decoder.amr.sw-based) in mediacodec process
01-01 00:00:37.944   743   743 D TelephonyProvider: dbh.onCreate:- db=SQLiteDatabase: /data/user_de/0/com.android.providers.telephony/databases/telephony.db
01-01 00:00:37.963   633   702 I LatinIME:LogUtils: Dictionary info: dictionary = main:en ; version = 54 ; date = 1414726273
01-01 00:00:37.979   279   279 I MediaPlayerService: MediaPlayerService::getOMX
01-01 00:00:37.979   279   279 I OMXClient: MuxOMX ctor
01-01 00:00:37.980   276   731 I OMXMaster: makeComponentInstance(OMX.Freescale.std.audio_decoder.amrwb.sw-based) in mediacodec process
01-01 00:00:37.988   743   743 D TelephonyProvider: dbh.onOpen: ok, queried table=siminfo
01-01 00:00:37.989   743   743 D TelephonyProvider: dbh.onOpen: ok, queried table=carriers
01-01 00:00:37.993   633   702 I LatinIME:LogUtils: Dictionary info: dictionary = main:en ; version = 54 ; date = 1414726273
01-01 00:00:38.002   279   279 I MediaPlayerService: MediaPlayerService::getOMX
01-01 00:00:38.003   743   743 D TelephonyProvider: onCreate: build id changed from  to 2.0.0-rfp-rc6
01-01 00:00:38.003   279   279 I OMXClient: MuxOMX ctor
01-01 00:00:38.003   276   276 I OMXMaster: makeComponentInstance(OMX.Freescale.std.audio_decoder.aac.sw-based) in mediacodec process
01-01 00:00:38.003   743   743 D TelephonyProvider: No APNs in OEM image = /oem/telephony/apns-conf.xml Load APNs from system image
01-01 00:00:38.004   743   743 D TelephonyProvider: No APNs in OEM image = /data/misc/apns-conf.xml Load APNs from system image
01-01 00:00:38.007   743   743 D TelephonyProvider: Checksum for /system/etc/apns-conf.xml is 1215094405
01-01 00:00:38.007   743   743 D TelephonyProvider: newChecksum: 1215094405
01-01 00:00:38.007   743   743 D TelephonyProvider: oldChecksum: 1215094405
01-01 00:00:38.008   743   743 D TelephonyProvider: Skipping apn db update since apn-conf has not changed.
01-01 00:00:38.009   276   276 I OMXPlayer: Can't open library: lib_aacplusd_wrap_arm12_elinux_android.so
01-01 00:00:38.009   276   276 I OMXPlayer: dlopen failed: library "lib_aacplusd_wrap_arm12_elinux_android.so" not found
01-01 00:00:38.011   633   702 I LatinIME:LogUtils: Dictionary info: dictionary = main:en ; version = 54 ; date = 1414726273
01-01 00:00:38.033   633   702 I LatinIME:LogUtils: Dictionary info: dictionary = main:en ; version = 54 ; date = 1414726273
01-01 00:00:38.035   279   279 I MediaPlayerService: MediaPlayerService::getOMX
01-01 00:00:38.036   279   279 I OMXClient: MuxOMX ctor
01-01 00:00:38.037   276   298 I OMXMaster: makeComponentInstance(OMX.Freescale.std.audio_decoder.ra.sw-based) in mediacodec process
01-01 00:00:38.042   276   298 I OMXPlayer: Unia -> REAL
01-01 00:00:38.043   276   298 I OMXPlayer: Can't open library: lib_realad_wrap_arm11_elinux_android.so
01-01 00:00:38.043   276   298 I OMXPlayer: dlopen failed: library "lib_realad_wrap_arm11_elinux_android.so" not found
01-01 00:00:38.043   276   298 I OMXPlayer: LEVEL: 1 FUNCTION: CreateDecoderInterface LINE: 293
01-01 00:00:38.043   276   298 I OMXPlayer: Fail to open Decoder library for DÓ³
01-01 00:00:38.043   276   298 I OMXPlayer: LEVEL: 1 FUNCTION: CreateDecoderInterface LINE: 332
01-01 00:00:38.043   276   298 I OMXPlayer: UniaDecoder::CreateDecoderInterface ret=-2147479549
01-01 00:00:38.043   276   298 I OMXPlayer: LEVEL: 1 FUNCTION: ConstructComponent LINE: 574
01-01 00:00:38.043   276   298 I OMXPlayer: Can't initialize component.
01-01 00:00:38.044   276   298 I OMXPlayer: LEVEL: 1 FUNCTION: OMX_GetHandle LINE: 498
01-01 00:00:38.044   276   298 I OMXPlayer: Load and call entry function fail.
01-01 00:00:38.044   276   298 E OMX     : FAILED to allocate omx component 'OMX.Freescale.std.audio_decoder.ra.sw-based' err=ComponentNotFound(0x80001003)
01-01 00:00:38.047   279   279 I MediaPlayerService: MediaPlayerService::getOMX
01-01 00:00:38.049   279   279 I OMXClient: MuxOMX ctor
01-01 00:00:38.049   276   276 I OMXMaster: makeComponentInstance(OMX.Freescale.std.audio_decoder.ape.sw-based) in mediacodec process
01-01 00:00:38.059   633   702 I LatinIME:LogUtils: Dictionary info: dictionary = main:en ; version = 54 ; date = 1414726273
01-01 00:00:38.141   279   279 I MediaPlayerService: MediaPlayerService::getOMX
01-01 00:00:38.142   279   279 I OMXClient: MuxOMX ctor
01-01 00:00:38.142   276   298 I OMXMaster: makeComponentInstance(OMX.google.mpeg4.decoder) in mediacodec process
01-01 00:00:38.162   276   276 E OMXNodeInstance: getExtensionIndex(1140018:google.mpeg4.decoder, OMX.google.android.index.configureVideoTunnelMode) ERROR: UnsupportedIndex(0x8000101a)
01-01 00:00:38.162   276   276 W OMXNodeInstance: [1140018:google.mpeg4.decoder] component does not support metadata mode; using fallback
01-01 00:00:38.170   633   702 I LatinIME:LogUtils: Dictionary info: dictionary = main:en ; version = 54 ; date = 1414726273
01-01 00:00:38.176   279   279 I MediaPlayerService: MediaPlayerService::getOMX
01-01 00:00:38.177   279   279 I OMXClient: MuxOMX ctor
01-01 00:00:38.177   276   298 I OMXMaster: makeComponentInstance(OMX.google.h263.decoder) in mediacodec process
01-01 00:00:38.184   276   731 E OMXNodeInstance: getExtensionIndex(1140019:google.h263.decoder, OMX.google.android.index.configureVideoTunnelMode) ERROR: UnsupportedIndex(0x8000101a)
01-01 00:00:38.185   276   731 W OMXNodeInstance: [1140019:google.h263.decoder] component does not support metadata mode; using fallback
01-01 00:00:38.187   279   279 I MediaPlayerService: MediaPlayerService::getOMX
01-01 00:00:38.188   279   279 I OMXClient: MuxOMX ctor
01-01 00:00:38.189   276   298 I OMXMaster: makeComponentInstance(OMX.google.h264.decoder) in mediacodec process
01-01 00:00:38.219   279   279 W ACodec  : [OMX.google.h264.decoder] stopping checking profiles after 32: 2/8000
01-01 00:00:38.219   743   753 I art     : Background sticky concurrent mark sweep GC freed 35554(1906KB) AllocSpace objects, 3(60KB) LOS objects, 59% free, 1600KB/3MB, paused 7.438ms total 67.903ms
01-01 00:00:38.221   276   731 E OMXNodeInstance: getExtensionIndex(114001a:google.h264.decoder, OMX.google.android.index.configureVideoTunnelMode) ERROR: UnsupportedIndex(0x8000101a)
01-01 00:00:38.221   276   731 W OMXNodeInstance: [114001a:google.h264.decoder] component does not support metadata mode; using fallback
01-01 00:00:38.224   279   279 I MediaPlayerService: MediaPlayerService::getOMX
01-01 00:00:38.225   279   279 I OMXClient: MuxOMX ctor
01-01 00:00:38.225   276   731 I OMXMaster: makeComponentInstance(OMX.google.hevc.decoder) in mediacodec process
01-01 00:00:38.259   661   661 W System  : ClassLoader referenced unknown path: 
01-01 00:00:38.261   276   276 E OMXNodeInstance: getExtensionIndex(114001b:google.hevc.decoder, OMX.google.android.index.configureVideoTunnelMode) ERROR: UnsupportedIndex(0x8000101a)
01-01 00:00:38.262   661   661 D ApplicationLoaders: ignored Vulkan layer search path /system/app/Camera2/lib/arm:/system/app/Camera2/Camera2.apk!/lib/armeabi-v7a:/system/lib:/vendor/lib for namespace 0xaf8a0090
01-01 00:00:38.262   276   731 W OMXNodeInstance: [114001b:google.hevc.decoder] component does not support metadata mode; using fallback
01-01 00:00:38.265   279   279 I MediaPlayerService: MediaPlayerService::getOMX
01-01 00:00:38.267   279   279 I OMXClient: MuxOMX ctor
01-01 00:00:38.268   276   298 I OMXMaster: makeComponentInstance(OMX.google.vp8.decoder) in mediacodec process
01-01 00:00:38.286   276   298 E OMXNodeInstance: getExtensionIndex(114001c:google.vp8.decoder, OMX.google.android.index.configureVideoTunnelMode) ERROR: UnsupportedIndex(0x8000101a)
01-01 00:00:38.286   276   731 W OMXNodeInstance: [114001c:google.vp8.decoder] component does not support metadata mode; using fallback
01-01 00:00:38.293   279   279 I MediaPlayerService: MediaPlayerService::getOMX
01-01 00:00:38.294   279   279 I OMXClient: MuxOMX ctor
01-01 00:00:38.294   276   276 I OMXMaster: makeComponentInstance(OMX.google.vp9.decoder) in mediacodec process
01-01 00:00:38.302   276   731 E OMXNodeInstance: getExtensionIndex(114001d:google.vp9.decoder, OMX.google.android.index.configureVideoTunnelMode) ERROR: UnsupportedIndex(0x8000101a)
01-01 00:00:38.302   276   276 W OMXNodeInstance: [114001d:google.vp9.decoder] component does not support metadata mode; using fallback
01-01 00:00:38.306   279   279 I MediaPlayerService: MediaPlayerService::getOMX
01-01 00:00:38.307   279   279 I OMXClient: MuxOMX ctor
01-01 00:00:38.307   276   298 I OMXMaster: makeComponentInstance(OMX.google.h263.encoder) in mediacodec process
01-01 00:00:38.317   276   298 I SoftMPEG4Encoder: Construct SoftMPEG4Encoder
01-01 00:00:38.337   279   279 W ACodec  : do not know color format 0x7f000789 = 2130708361
01-01 00:00:38.338   276   276 E OMXNodeInstance: getConfig(114001e:google.h263.encoder, ConfigAndroidIntraRefresh(0x6f60000a)) ERROR: Undefined(0x80001001)
01-01 00:00:38.343   279   279 I MediaPlayerService: MediaPlayerService::getOMX
01-01 00:00:38.345   279   279 I OMXClient: MuxOMX ctor
01-01 00:00:38.346   276   276 I OMXMaster: makeComponentInstance(OMX.google.h264.encoder) in mediacodec process
01-01 00:00:38.374   548   561 W ActivityManager: Slow operation: 60ms so far, now at startProcess: returned from zygote!
01-01 00:00:38.374   548   561 W ActivityManager: Slow operation: 60ms so far, now at startProcess: done updating battery stats
01-01 00:00:38.375   548   561 W ActivityManager: Slow operation: 61ms so far, now at startProcess: building log message
01-01 00:00:38.375   548   561 I ActivityManager: Start proc 921:com.android.cellbroadcastreceiver/u0a6 for broadcast com.android.cellbroadcastreceiver/.CellBroadcastReceiver
01-01 00:00:38.375   548   561 W ActivityManager: Slow operation: 61ms so far, now at startProcess: starting to update pids map
01-01 00:00:38.376   548   561 W ActivityManager: Slow operation: 61ms so far, now at startProcess: done updating pids map
01-01 00:00:38.376   548   561 W ActivityManager: Slow operation: 62ms so far, now at startProcess: done starting proc!
01-01 00:00:38.418   279   279 W ACodec  : do not know color format 0x7f000789 = 2130708361
01-01 00:00:38.429   279   279 I MediaPlayerService: MediaPlayerService::getOMX
01-01 00:00:38.431   279   279 I OMXClient: MuxOMX ctor
01-01 00:00:38.432   276   276 I OMXMaster: makeComponentInstance(OMX.google.mpeg4.encoder) in mediacodec process
01-01 00:00:38.438   276   276 I SoftMPEG4Encoder: Construct SoftMPEG4Encoder
01-01 00:00:38.458   279   279 W ACodec  : do not know color format 0x7f000789 = 2130708361
01-01 00:00:38.460   276   731 E OMXNodeInstance: getConfig(1140020:google.mpeg4.encoder, ConfigAndroidIntraRefresh(0x6f60000a)) ERROR: Undefined(0x80001001)
01-01 00:00:38.466   279   279 I MediaPlayerService: MediaPlayerService::getOMX
01-01 00:00:38.468   279   279 I OMXClient: MuxOMX ctor
01-01 00:00:38.468   276   731 I OMXMaster: makeComponentInstance(OMX.google.vp8.encoder) in mediacodec process
01-01 00:00:38.514   279   279 W ACodec  : do not know color format 0x7f000789 = 2130708361
01-01 00:00:38.515   276   298 E OMXNodeInstance: getConfig(1140021:google.vp8.encoder, ConfigAndroidIntraRefresh(0x6f60000a)) ERROR: Undefined(0x80001001)
01-01 00:00:38.528   279   279 I MediaPlayerService: MediaPlayerService::getOMX
01-01 00:00:38.529   279   279 I OMXClient: MuxOMX ctor
01-01 00:00:38.529   276   298 I OMXMaster: makeComponentInstance(OMX.google.mp3.decoder) in mediacodec process
01-01 00:00:38.554   279   279 I MediaPlayerService: MediaPlayerService::getOMX
01-01 00:00:38.555   279   279 I OMXClient: MuxOMX ctor
01-01 00:00:38.556   276   276 I OMXMaster: makeComponentInstance(OMX.google.amrnb.decoder) in mediacodec process
01-01 00:00:38.584   279   279 I MediaPlayerService: MediaPlayerService::getOMX
01-01 00:00:38.595   279   279 I OMXClient: MuxOMX ctor
01-01 00:00:38.596   276   276 I OMXMaster: makeComponentInstance(OMX.google.amrwb.decoder) in mediacodec process
01-01 00:00:38.626   279   279 I MediaPlayerService: MediaPlayerService::getOMX
01-01 00:00:38.627   279   279 I OMXClient: MuxOMX ctor
01-01 00:00:38.628   276   298 I OMXMaster: makeComponentInstance(OMX.google.aac.decoder) in mediacodec process
01-01 00:00:38.671   279   279 I MediaPlayerService: MediaPlayerService::getOMX
01-01 00:00:38.674   279   279 I OMXClient: MuxOMX ctor
01-01 00:00:38.675   276   276 I OMXMaster: makeComponentInstance(OMX.google.g711.alaw.decoder) in mediacodec process
01-01 00:00:38.706   279   279 I MediaPlayerService: MediaPlayerService::getOMX
01-01 00:00:38.708   279   279 I OMXClient: MuxOMX ctor
01-01 00:00:38.708   276   731 I OMXMaster: makeComponentInstance(OMX.google.g711.mlaw.decoder) in mediacodec process
01-01 00:00:38.732   279   279 I MediaPlayerService: MediaPlayerService::getOMX
01-01 00:00:38.735   279   279 I OMXClient: MuxOMX ctor
01-01 00:00:38.736   276   276 I OMXMaster: makeComponentInstance(OMX.google.vorbis.decoder) in mediacodec process
01-01 00:00:38.757   279   279 I MediaPlayerService: MediaPlayerService::getOMX
01-01 00:00:38.764   279   279 I OMXClient: MuxOMX ctor
01-01 00:00:38.765   276   276 I OMXMaster: makeComponentInstance(OMX.google.opus.decoder) in mediacodec process
01-01 00:00:38.768   921   921 W System  : ClassLoader referenced unknown path: /system/priv-app/CellBroadcastReceiver/lib/arm
01-01 00:00:38.805   279   279 I MediaPlayerService: MediaPlayerService::getOMX
01-01 00:00:38.811   279   279 I OMXClient: MuxOMX ctor
01-01 00:00:38.813   276   298 I OMXMaster: makeComponentInstance(OMX.google.raw.decoder) in mediacodec process
01-01 00:00:38.838   279   279 I MediaPlayerService: MediaPlayerService::getOMX
01-01 00:00:38.840   279   279 I OMXClient: MuxOMX ctor
01-01 00:00:38.841   276   731 I OMXMaster: makeComponentInstance(OMX.google.aac.encoder) in mediacodec process
01-01 00:00:38.850   269   269 I obd     : type=1400 audit(0.0:38): avc: denied { write } for path="socket:[10838]" dev="sockfs" ino=10838 scontext=u:r:obd:s0 tcontext=u:r:obd:s0 tclass=socket permissive=1
01-01 00:00:38.854   661   683 I art     : Background partial concurrent mark sweep GC freed 4786(666KB) AllocSpace objects, 0(0B) LOS objects, 39% free, 3MB/5MB, paused 3.631ms total 196.106ms
01-01 00:00:38.870   743   743 W SystemConfig: No directory /system/etc/sysconfig, skipping
01-01 00:00:38.875   279   279 I MediaPlayerService: MediaPlayerService::getOMX
01-01 00:00:38.876   279   279 I OMXClient: MuxOMX ctor
01-01 00:00:38.876   276   731 I OMXMaster: makeComponentInstance(OMX.google.amrnb.encoder) in mediacodec process
01-01 00:00:38.895   279   279 I MediaPlayerService: MediaPlayerService::getOMX
01-01 00:00:38.897   279   279 I OMXClient: MuxOMX ctor
01-01 00:00:38.897   276   298 I OMXMaster: makeComponentInstance(OMX.google.amrwb.encoder) in mediacodec process
01-01 00:00:38.918   279   279 I MediaPlayerService: MediaPlayerService::getOMX
01-01 00:00:38.919   279   279 I OMXClient: MuxOMX ctor
01-01 00:00:38.919   276   276 I OMXMaster: makeComponentInstance(OMX.google.flac.encoder) in mediacodec process
01-01 00:00:38.930   921   921 D CellBroadcastReceiver: onReceive Intent { act=android.intent.action.SIM_STATE_CHANGED flg=0x4000010 cmp=com.android.cellbroadcastreceiver/.CellBroadcastReceiver (has extras) }
01-01 00:00:38.941   279   279 I MediaPlayerService: MediaPlayerService::getOMX
01-01 00:00:38.942   279   279 I OMXClient: MuxOMX ctor
01-01 00:00:38.963   743   743 D PhoneSwitcherNetworkRequstListener: Registering NetworkFactory
01-01 00:00:38.964   548   596 D ConnectivityService: Got NetworkFactory Messenger for PhoneSwitcherNetworkRequstListener
01-01 00:00:38.967   661   661 D LocalBluetoothProfileManager: Adding local MAP profile
01-01 00:00:38.969   279   279 I MediaPlayerService: MediaPlayerService::getOMX
01-01 00:00:38.973   661   661 D BluetoothMap: Create BluetoothMap proxy object
01-01 00:00:38.974   279   279 I OMXClient: MuxOMX ctor
01-01 00:00:38.975   279   279 W MediaCodecList: unable to open media codecs configuration xml file: /data/misc/media/media_codecs_profiling_results.xml
01-01 00:00:38.977   279   326 I MediaPlayerService: MediaPlayerService::getOMX
01-01 00:00:38.977   279   698 I MediaPlayerService: MediaPlayerService::getOMX
01-01 00:00:38.981   661   710 I OMXClient: MuxOMX ctor
01-01 00:00:38.981   548   673 I OMXClient: MuxOMX ctor
01-01 00:00:38.981   548   596 D ConnectivityService: Got NetworkFactory Messenger for TelephonyNetworkFactory[0]
01-01 00:00:38.986   276   731 I OMXMaster: makeComponentInstance(OMX.google.vorbis.decoder) in mediacodec process
01-01 00:00:38.990   276   276 I OMXMaster: makeComponentInstance(OMX.google.vorbis.decoder) in mediacodec process
01-01 00:00:39.004   661   661 D LocalBluetoothProfileManager: LocalBluetoothProfileManager construction complete
01-01 00:00:39.054   743   979 E ActivityThread: Failed to find provider info for com.android.contacts
01-01 00:00:39.054   743   979 W CallerInfoCache: cursor is null
01-01 00:00:39.091   743   743 D CarrierConfigLoader: CarrierConfigLoader has started
01-01 00:00:39.118   548   788 D BluetoothManagerService: Trying to bind to profile: 1, while Bluetooth was disabled
01-01 00:00:39.125   661   661 I CameraManagerGlobal: Connecting to camera service
01-01 00:00:39.137   279   721 I MediaPlayerService: MediaPlayerService::getOMX
01-01 00:00:39.142   548   981 I OMXClient: MuxOMX ctor
01-01 00:00:39.149   276   276 I OMXMaster: makeComponentInstance(OMX.google.vorbis.decoder) in mediacodec process
01-01 00:00:39.184   279   698 I MediaPlayerService: MediaPlayerService::getOMX
01-01 00:00:39.187   661   985 I OMXClient: MuxOMX ctor
01-01 00:00:39.191   743   743 I Telephony: TtyManager: updateUiTtyMode -1 -> 0
01-01 00:00:39.193   276   978 I OMXMaster: makeComponentInstance(OMX.google.vorbis.decoder) in mediacodec process
01-01 00:00:39.293   743   743 D PhoneSwitcherNetworkRequstListener: got request NetworkRequest [ REQUEST id=1, [ Capabilities: INTERNET&NOT_RESTRICTED&TRUSTED&NOT_VPN] ] with score 0
01-01 00:00:39.300   743   743 D TelephonyDebugService: TelephonyDebugService()
01-01 00:00:39.304   743   743 D CarrierConfigLoader: mHandler: 12 phoneId: 0
01-01 00:00:39.304   743   743 D CarrierConfigLoader: Build fingerprint changed. old: null new: Android/toradex_apalis6q/toradex_apalis6q:7.1.2/2.0.0-rfp-rc6/20170930:user/release-keys
01-01 00:00:39.341   743   743 E PhoneInterfaceManager: [PhoneIntfMgr] getIccId: No UICC
01-01 00:00:39.348   279   698 I MediaPlayerService: MediaPlayerService::getOMX
01-01 00:00:39.351   548   991 I OMXClient: MuxOMX ctor
01-01 00:00:39.356   276   298 I OMXMaster: makeComponentInstance(OMX.google.vorbis.decoder) in mediacodec process
01-01 00:00:39.406   548   631 W Telecom : : registerPhoneAccount not allowed on non-voice capable device.: TSI.rPA@AAc
01-01 00:00:39.420   743   743 I Telephony: AccountEntry: Registered phoneAccount: [[ ] PhoneAccount: ComponentInfo{com.android.phone/com.android.services.telephony.TelephonyConnectionService}, [e0184adedf913b076626646d3f52c3b49c39ad6d], UserHandle{0} Capabilities: CallProvider MultiUser PlaceEmerg SimSub  Audio Routes: BESW Schemes: tel voicemail  Extras: null GroupId: [da39a3ee5e6b4b0d3255bfef95601890afd80709]] with handle: ComponentInfo{com.android.phone/com.android.services.telephony.TelephonyConnectionService}, [e0184adedf913b076626646d3f52c3b49c39ad6d], UserHandle{0}
01-01 00:00:39.427   743   743 I Telephony: PstnIncomingCallNotifier: Registering: Handler (com.android.internal.telephony.GsmCdmaPhone) {f8b9e6f}
01-01 00:00:39.433   279   829 I MediaPlayerService: MediaPlayerService::getOMX
01-01 00:00:39.436   661   994 I OMXClient: MuxOMX ctor
01-01 00:00:39.446   276   978 I OMXMaster: makeComponentInstance(OMX.google.vorbis.decoder) in mediacodec process
01-01 00:00:39.491   743   743 E PhoneInterfaceManager: [PhoneIntfMgr] getIccId: No UICC
01-01 00:00:39.520   548   631 W Telecom : : registerPhoneAccount not allowed on non-voice capable device.: TSI.rPA@AAo
01-01 00:00:39.545   661   997 E ActivityThread: Failed to find provider info for com.android.contacts
01-01 00:00:39.547   661   733 D OpenGLRenderer: profile bars disabled
01-01 00:00:39.548   661   733 D OpenGLRenderer: ambientRatio = 1.50
01-01 00:00:39.581   661   661 D PhoneStatusBar: disable: < EXPAND* icons alerts system_info BACK* HOME* RECENT* clock SEARCH* quick_settings >
01-01 00:00:39.612   279   698 I MediaPlayerService: MediaPlayerService::getOMX
01-01 00:00:39.615   548   998 I OMXClient: MuxOMX ctor
01-01 00:00:39.619   276   731 I OMXMaster: makeComponentInstance(OMX.google.vorbis.decoder) in mediacodec process
01-01 00:00:39.660   548   568 W WindowManager: App freeze timeout expired.
01-01 00:00:39.667   548   568 W WindowManager: Force clearing freeze: AppWindowToken{ad0885f token=Token{2687cb9 ActivityRecord{9dfae80 u0 com.android.settings/.FallbackHome t2}}}
01-01 00:00:39.745   661   661 D PhoneStatusBar: heads up is enabled
01-01 00:00:39.750   279   829 I MediaPlayerService: MediaPlayerService::getOMX
01-01 00:00:39.752   548  1001 I OMXClient: MuxOMX ctor
01-01 00:00:39.758   276   298 I OMXMaster: makeComponentInstance(OMX.google.vorbis.decoder) in mediacodec process
01-01 00:00:39.767   661   661 D StatusBar: user hasn't seen notification about hidden notifications
01-01 00:00:39.768   661   661 D StatusBar: insecure lockscreen, skipping notification
01-01 00:00:39.798   548   557 I art     : Background partial concurrent mark sweep GC freed 24471(1658KB) AllocSpace objects, 14(280KB) LOS objects, 33% free, 4MB/7MB, paused 2.836ms total 143.762ms
01-01 00:00:39.813   548   631 I ActivityManager: user 0 is still locked. Cannot load recents
01-01 00:00:39.897   661   661 I Choreographer: Skipped 65 frames!  The application may be doing too much work on its main thread.
01-01 00:00:39.922   661   661 D ViewRootImpl[StatusBar]: changeCanvasOpacity: opaque=true
01-01 00:00:39.944   279   279 I MediaPlayerService: MediaPlayerService::getOMX
01-01 00:00:39.946   548  1004 I OMXClient: MuxOMX ctor
01-01 00:00:39.958   276   731 I OMXMaster: makeComponentInstance(OMX.google.vorbis.decoder) in mediacodec process
01-01 00:00:39.963   802   870 I OpenGLRenderer: Initialized EGL, version 1.4
01-01 00:00:39.963   802   870 D OpenGLRenderer: Swap behavior 2
01-01 00:00:39.988   921   921 D CellBroadcastReceiver: onReceive Intent { act=android.intent.action.SERVICE_STATE flg=0x10 cmp=com.android.cellbroadcastreceiver/.CellBroadcastReceiver (has extras) }
01-01 00:00:39.988   921   921 D CellBroadcastReceiver: Intent: android.intent.action.SERVICE_STATE
01-01 00:00:39.992   921   921 D CellBroadcastReceiver: Service state changed! 1 Full: 1 1 voice home data home null null null null null null  Unknown Unknown CSS not supported -1 -1 RoamInd=-1 DefRoamInd=-1 EmergOnly=false IsDataRoamingFromRegistration=false IsUsingCarrierAggregation=false Current state=-1
01-01 00:00:40.072   661   683 I art     : Background partial concurrent mark sweep GC freed 4095(240KB) AllocSpace objects, 0(0B) LOS objects, 40% free, 11MB/18MB, paused 3.778ms total 170.626ms
01-01 00:00:40.091   548   568 I WindowManager: Screen frozen for +2s883ms due to Window{922c07f u0 KeyguardScrim}
01-01 00:00:40.109   548   568 I ActivityManager: Displayed com.android.settings/.FallbackHome: +3s71ms (total +4s320ms)
01-01 00:00:40.111   548   561 V KeyguardServiceDelegate: *** Keyguard started
01-01 00:00:40.111   548   561 W KeyguardServiceDelegate: onScreenTurningOn(): no keyguard service!
01-01 00:00:40.113   265   787 I SurfaceFlinger: Boot is finished (31304 ms)
01-01 00:00:40.133   271   271 W audio_hw_primary: set parameters A2dpSuspended=false
01-01 00:00:40.133   271   271 D BlueZ   : external/bluetooth/bluez/android/hal-audio.c:audio_set_parameters() 
01-01 00:00:40.220   661   733 I OpenGLRenderer: Initialized EGL, version 1.4
01-01 00:00:40.221   661   733 D OpenGLRenderer: Swap behavior 2
01-01 00:00:40.318   548   591 D WifiService: New client listening to asynchronous messages
01-01 00:00:40.354   661   661 W KeyguardUpdateMonitor: invalid subId in handleSimStateChange()
01-01 00:00:40.464   548   562 V KeyguardServiceDelegate: *** Keyguard connected (yay!)
01-01 00:00:40.483   661   661 W KeyguardUpdateMonitor: invalid subId in handleServiceStateChange()
01-01 00:00:40.604   548   761 V KeyguardServiceDelegate: **** SHOWN CALLED ****
01-01 00:00:40.605   548   559 I ActivityManager: user 0 is still locked. Cannot load recents
01-01 00:00:40.608   661   661 W FingerprintManager: isFingerprintHardwareDetected(): Service not connected!
01-01 00:00:40.661   548   562 W InputMethodManagerService: Starting input on non-focused client android.view.inputmethod.InputMethodManager$1@e44afd9 (uid=1000 pid=548)
01-01 00:00:40.753   274   274 E         : Unable to unlink boot marker at /data//dalvik-cache/arm/.booting, error=No such file or directory
01-01 00:00:40.754   548   568 W ActivityManager: Unable to mark boot complete for abi: armeabi-v7a (Failed to execute markbootcomplete [arm]: -1)
01-01 00:00:40.755   661   661 D PhoneStatusBar: disable: < expand* icons alerts system_info back* home* recent* clock search* quick_settings >
01-01 00:00:40.757   548   568 I SystemServiceManager: Starting phase 1000
01-01 00:00:40.797   548   568 I ActivityManager: Start proc 1010:android.ext.services/u0a14 for on-hold
01-01 00:00:40.800   548   568 D ActivityManager: Finishing user boot 0
01-01 00:00:40.803   548   568 D CryptdConnector: SND -> {3 cryptfs prepare_user_storage ! 0 0 2}
01-01 00:00:40.804   253   258 D vold    : e4crypt_prepare_user_storage for volume null, user 0, serial 0, flags 2
01-01 00:00:40.805   253   258 D vold    : Preparing: /data/system_ce/0
01-01 00:00:40.805   253   258 D vold    : Preparing: /data/misc_ce/0
01-01 00:00:40.806   253   258 D vold    : Preparing: /data/media/0
01-01 00:00:40.806   253   258 D vold    : Preparing: /data/data
01-01 00:00:40.806   548   585 D CryptdConnector: RCV <- {200 3 Command succeeded}
01-01 00:00:40.808   548   568 V UserManagerService: Found /data/user/0 with serial number 0
01-01 00:00:40.809   548   568 V UserManagerService: Found /data/system_ce/0 with serial number -1
01-01 00:00:40.809   548   568 D UserManagerService: Serial number missing on /data/system_ce/0; assuming current is valid
01-01 00:00:40.811   548   568 V PackageManager: reconcileAppsData for null u0 0x2
01-01 00:00:40.868  1016  1016 I bootstat: Service started: /system/bin/bootstat --record_boot_complete 
01-01 00:00:40.868  1016  1016 E bootstat: Failed to read /data/misc/bootstat/last_boot_time_utc: No such file or directory
01-01 00:00:40.870  1016  1016 E bootstat: Failed to parse boot time record: /data/misc/bootstat/last_boot_time_utc
01-01 00:00:40.871  1016  1016 E bootstat: Failed to read /data/misc/bootstat/build_date: No such file or directory
01-01 00:00:40.871  1016  1016 E bootstat: Failed to parse boot time record: /data/misc/bootstat/build_date
01-01 00:00:40.872  1016  1016 E bootstat: Failed to read /data/misc/bootstat/post_decrypt_time_elapsed: No such file or directory
01-01 00:00:40.872  1016  1016 E bootstat: Failed to parse boot time record: /data/misc/bootstat/post_decrypt_time_elapsed
01-01 00:00:40.914  1027  1027 I bootstat: Service started: /system/bin/bootstat --record_boot_reason 
01-01 00:00:40.914  1027  1027 I bootstat: Unknown boot reason: 
01-01 00:00:40.953  1028  1028 I bootstat: Service started: /system/bin/bootstat --record_time_since_factory_reset 
01-01 00:00:40.954  1028  1028 I bootstat: Logging histogram: factory_reset_current_time 40
01-01 00:00:40.955  1028  1028 E bootstat: Failed to read /data/misc/bootstat/factory_reset: No such file or directory
01-01 00:00:40.955  1028  1028 E bootstat: Failed to parse boot time record: /data/misc/bootstat/factory_reset
01-01 00:00:40.995  1029  1029 I bootstat: Service started: /system/bin/bootstat -l 
01-01 00:00:40.995  1029  1029 I bootstat: Logging histogram: bootstat_mtime_matches_content 1
01-01 00:00:40.996  1029  1029 I bootstat: Logging histogram: bootstat_mtime_matches_content 1
01-01 00:00:40.997  1029  1029 I bootstat: Logging histogram: bootstat_mtime_matches_content 1
01-01 00:00:40.997  1029  1029 I bootstat: Logging histogram: bootstat_mtime_matches_content 1
01-01 00:00:40.997  1029  1029 I bootstat: Logging histogram: bootstat_mtime_matches_content 1
01-01 00:00:40.997  1029  1029 I bootstat: Logging histogram: bootstat_mtime_matches_content 1
01-01 00:00:40.997  1029  1029 I bootstat: Logging histogram: bootstat_mtime_matches_content 1
01-01 00:00:40.997  1029  1029 I bootstat: Logging histogram: ota_boot_complete_no_encryption 40
01-01 00:00:40.997  1029  1029 I bootstat: Logging histogram: factory_reset_current_time 40
01-01 00:00:40.997  1029  1029 I bootstat: Logging histogram: factory_reset 40
01-01 00:00:40.997  1029  1029 I bootstat: Logging histogram: last_boot_time_utc 40
01-01 00:00:40.998  1029  1029 I bootstat: Logging histogram: boot_reason 1
01-01 00:00:40.998  1029  1029 I bootstat: Logging histogram: build_date 1516634654
01-01 00:00:40.998  1029  1029 I bootstat: Logging histogram: ota_boot_complete 40
01-01 00:00:41.237   548   568 V PackageManager: reconcileAppsData finished 83 packages
01-01 00:00:41.238   548   592 D WIFI    : Registering NetworkFactory
01-01 00:00:41.238   548   561 D BluetoothManagerService: User 0 unlocked
01-01 00:00:41.238   548   561 D MountService: onUnlockUser 0
01-01 00:00:41.238   548   592 D WIFI_UT : Registering NetworkFactory
01-01 00:00:41.238   548   596 D ConnectivityService: Got NetworkFactory Messenger for WIFI
01-01 00:00:41.239   548   596 D ConnectivityService: Got NetworkFactory Messenger for WIFI_UT
01-01 00:00:41.239   548   561 D VoldConnector: SND -> {31 volume user_started 0}
01-01 00:00:41.239   548   592 D WIFI    : got request NetworkRequest [ REQUEST id=1, [ Capabilities: INTERNET&NOT_RESTRICTED&TRUSTED&NOT_VPN] ] with score 0
01-01 00:00:41.239   548   567 D BluetoothManagerService: MESSAGE_USER_UNLOCKED
01-01 00:00:41.239   548   592 D WIFI_UT : got request NetworkRequest [ REQUEST id=1, [ Capabilities: INTERNET&NOT_RESTRICTED&TRUSTED&NOT_VPN] ] with score 0
01-01 00:00:41.242   253   257 D vold    : Linking /storage/emulated/0 to /mnt/user/0/primary
01-01 00:00:41.243   548   584 D VoldConnector: RCV <- {200 31 Command succeeded}
