01-01 00:00:28.644   274   274 D installd: Detected label change from u:object_r:system_data_file:s0 to u:object_r:app_data_file:s0:c512,c768 at /data/user_de/0/com.android.dreams.basic; running recursive restorecon
01-01 00:00:28.652   274   274 D installd: Detected label change from u:object_r:system_data_file:s0 to u:object_r:app_data_file:s0:c512,c768 at /data/data/com.android.webview; running recursive restorecon
01-01 00:00:28.655   274   274 D installd: Detected label change from u:object_r:system_data_file:s0 to u:object_r:app_data_file:s0:c512,c768 at /data/user_de/0/com.android.webview; running recursive restorecon
01-01 00:00:28.663   274   274 D installd: Detected label change from u:object_r:system_data_file:s0 to u:object_r:system_app_data_file:s0 at /data/data/com.android.inputdevices; running recursive restorecon
01-01 00:00:28.666   274   274 D installd: Detected label change from u:object_r:system_data_file:s0 to u:object_r:system_app_data_file:s0 at /data/user_de/0/com.android.inputdevices; running recursive restorecon
01-01 00:00:28.669   274   274 W installd: Requested default storage /data/user_de/0/com.android.inputdevices is not active; migrating from /data/data/com.android.inputdevices
01-01 00:00:28.671   274   274 D installd: Detected label change from u:object_r:system_data_file:s0 to u:object_r:system_app_data_file:s0 at /data/data/com.android.inputdevices; running recursive restorecon
01-01 00:00:28.677   274   274 D installd: Detected label change from u:object_r:system_data_file:s0 to u:object_r:app_data_file:s0:c512,c768 at /data/data/com.android.musicfx; running recursive restorecon
01-01 00:00:28.680   274   274 D installd: Detected label change from u:object_r:system_data_file:s0 to u:object_r:app_data_file:s0:c512,c768 at /data/user_de/0/com.android.musicfx; running recursive restorecon
01-01 00:00:28.686   274   274 D installd: Detected label change from u:object_r:system_data_file:s0 to u:object_r:app_data_file:s0:c512,c768 at /data/data/com.android.cellbroadcastreceiver; running recursive restorecon
01-01 00:00:28.689   274   274 D installd: Detected label change from u:object_r:system_data_file:s0 to u:object_r:app_data_file:s0:c512,c768 at /data/user_de/0/com.android.cellbroadcastreceiver; running recursive restorecon
01-01 00:00:28.692   274   274 W installd: Requested default storage /data/user_de/0/com.android.cellbroadcastreceiver is not active; migrating from /data/data/com.android.cellbroadcastreceiver
01-01 00:00:28.694   274   274 D installd: Detected label change from u:object_r:system_data_file:s0 to u:object_r:app_data_file:s0:c512,c768 at /data/data/com.android.cellbroadcastreceiver; running recursive restorecon
01-01 00:00:28.699   274   274 D installd: Detected label change from u:object_r:system_data_file:s0 to u:object_r:app_data_file:s0:c512,c768 at /data/data/android.ext.shared; running recursive restorecon
01-01 00:00:28.702   274   274 D installd: Detected label change from u:object_r:system_data_file:s0 to u:object_r:app_data_file:s0:c512,c768 at /data/user_de/0/android.ext.shared; running recursive restorecon
01-01 00:00:28.704   274   274 W installd: Requested default storage /data/user_de/0/android.ext.shared is not active; migrating from /data/data/android.ext.shared
01-01 00:00:28.706   274   274 D installd: Detected label change from u:object_r:system_data_file:s0 to u:object_r:app_data_file:s0:c512,c768 at /data/data/android.ext.shared; running recursive restorecon
01-01 00:00:28.711   274   274 D installd: Detected label change from u:object_r:system_data_file:s0 to u:object_r:app_data_file:s0:c512,c768 at /data/data/com.android.onetimeinitializer; running recursive restorecon
01-01 00:00:28.714   274   274 D installd: Detected label change from u:object_r:system_data_file:s0 to u:object_r:app_data_file:s0:c512,c768 at /data/user_de/0/com.android.onetimeinitializer; running recursive restorecon
01-01 00:00:28.721   274   274 D installd: Detected label change from u:object_r:system_data_file:s0 to u:object_r:system_app_data_file:s0 at /data/data/com.android.server.telecom; running recursive restorecon
01-01 00:00:28.724   274   274 D installd: Detected label change from u:object_r:system_data_file:s0 to u:object_r:system_app_data_file:s0 at /data/user_de/0/com.android.server.telecom; running recursive restorecon
01-01 00:00:28.726   274   274 W installd: Requested default storage /data/user_de/0/com.android.server.telecom is not active; migrating from /data/data/com.android.server.telecom
01-01 00:00:28.728   274   274 D installd: Detected label change from u:object_r:system_data_file:s0 to u:object_r:system_app_data_file:s0 at /data/data/com.android.server.telecom; running recursive restorecon
01-01 00:00:28.735   274   274 D installd: Detected label change from u:object_r:system_data_file:s0 to u:object_r:system_app_data_file:s0 at /data/data/com.android.keychain; running recursive restorecon
01-01 00:00:28.738   274   274 D installd: Detected label change from u:object_r:system_data_file:s0 to u:object_r:system_app_data_file:s0 at /data/user_de/0/com.android.keychain; running recursive restorecon
01-01 00:00:28.746   274   274 D installd: Detected label change from u:object_r:system_data_file:s0 to u:object_r:app_data_file:s0:c512,c768 at /data/data/com.android.printservice.recommendation; running recursive restorecon
01-01 00:00:28.749   274   274 D installd: Detected label change from u:object_r:system_data_file:s0 to u:object_r:app_data_file:s0:c512,c768 at /data/user_de/0/com.android.printservice.recommendation; running recursive restorecon
01-01 00:00:28.756   274   274 D installd: Detected label change from u:object_r:system_data_file:s0 to u:object_r:app_data_file:s0:c512,c768 at /data/data/com.android.dialer; running recursive restorecon
01-01 00:00:28.759   274   274 D installd: Detected label change from u:object_r:system_data_file:s0 to u:object_r:app_data_file:s0:c512,c768 at /data/user_de/0/com.android.dialer; running recursive restorecon
01-01 00:00:28.766   274   274 D installd: Detected label change from u:object_r:system_data_file:s0 to u:object_r:app_data_file:s0:c512,c768 at /data/data/com.android.gallery3d; running recursive restorecon
01-01 00:00:28.769   274   274 D installd: Detected label change from u:object_r:system_data_file:s0 to u:object_r:app_data_file:s0:c512,c768 at /data/user_de/0/com.android.gallery3d; running recursive restorecon
01-01 00:00:28.777   274   274 D installd: Detected label change from u:object_r:system_data_file:s0 to u:object_r:app_data_file:s0:c512,c768 at /data/data/android.ext.services; running recursive restorecon
01-01 00:00:28.780   274   274 D installd: Detected label change from u:object_r:system_data_file:s0 to u:object_r:app_data_file:s0:c512,c768 at /data/user_de/0/android.ext.services; running recursive restorecon
01-01 00:00:28.782   274   274 W installd: Requested default storage /data/user_de/0/android.ext.services is not active; migrating from /data/data/android.ext.services
01-01 00:00:28.784   274   274 D installd: Detected label change from u:object_r:system_data_file:s0 to u:object_r:app_data_file:s0:c512,c768 at /data/data/android.ext.services; running recursive restorecon
01-01 00:00:28.789   274   274 D installd: Detected label change from u:object_r:system_data_file:s0 to u:object_r:app_data_file:s0:c512,c768 at /data/data/com.android.calllogbackup; running recursive restorecon
01-01 00:00:28.793   274   274 D installd: Detected label change from u:object_r:system_data_file:s0 to u:object_r:app_data_file:s0:c512,c768 at /data/user_de/0/com.android.calllogbackup; running recursive restorecon
01-01 00:00:28.799   274   274 D installd: Detected label change from u:object_r:system_data_file:s0 to u:object_r:app_data_file:s0:c512,c768 at /data/data/com.android.packageinstaller; running recursive restorecon
01-01 00:00:28.802   274   274 D installd: Detected label change from u:object_r:system_data_file:s0 to u:object_r:app_data_file:s0:c512,c768 at /data/user_de/0/com.android.packageinstaller; running recursive restorecon
01-01 00:00:28.804   274   274 W installd: Requested default storage /data/user_de/0/com.android.packageinstaller is not active; migrating from /data/data/com.android.packageinstaller
01-01 00:00:28.806   274   274 D installd: Detected label change from u:object_r:system_data_file:s0 to u:object_r:app_data_file:s0:c512,c768 at /data/data/com.android.packageinstaller; running recursive restorecon
01-01 00:00:28.811   274   274 D installd: Detected label change from u:object_r:system_data_file:s0 to u:object_r:app_data_file:s0:c512,c768 at /data/data/com.svox.pico; running recursive restorecon
01-01 00:00:28.815   274   274 D installd: Detected label change from u:object_r:system_data_file:s0 to u:object_r:app_data_file:s0:c512,c768 at /data/user_de/0/com.svox.pico; running recursive restorecon
01-01 00:00:28.824   274   274 D installd: Detected label change from u:object_r:system_data_file:s0 to u:object_r:app_data_file:s0:c512,c768 at /data/data/com.android.proxyhandler; running recursive restorecon
01-01 00:00:28.827   274   274 D installd: Detected label change from u:object_r:system_data_file:s0 to u:object_r:app_data_file:s0:c512,c768 at /data/user_de/0/com.android.proxyhandler; running recursive restorecon
01-01 00:00:28.830   274   274 W installd: Requested default storage /data/user_de/0/com.android.proxyhandler is not active; migrating from /data/data/com.android.proxyhandler
01-01 00:00:28.832   274   274 D installd: Detected label change from u:object_r:system_data_file:s0 to u:object_r:app_data_file:s0:c512,c768 at /data/data/com.android.proxyhandler; running recursive restorecon
01-01 00:00:28.837   274   274 D installd: Detected label change from u:object_r:system_data_file:s0 to u:object_r:app_data_file:s0:c512,c768 at /data/data/com.android.inputmethod.latin; running recursive restorecon
01-01 00:00:28.840   274   274 D installd: Detected label change from u:object_r:system_data_file:s0 to u:object_r:app_data_file:s0:c512,c768 at /data/user_de/0/com.android.inputmethod.latin; running recursive restorecon
01-01 00:00:28.843   274   274 W installd: Requested default storage /data/user_de/0/com.android.inputmethod.latin is not active; migrating from /data/data/com.android.inputmethod.latin
01-01 00:00:28.845   274   274 D installd: Detected label change from u:object_r:system_data_file:s0 to u:object_r:app_data_file:s0:c512,c768 at /data/data/com.android.inputmethod.latin; running recursive restorecon
01-01 00:00:28.851   274   274 D installd: Detected label change from u:object_r:system_data_file:s0 to u:object_r:app_data_file:s0:c512,c768 at /data/data/org.chromium.webview_shell; running recursive restorecon
01-01 00:00:28.854   274   274 D installd: Detected label change from u:object_r:system_data_file:s0 to u:object_r:app_data_file:s0:c512,c768 at /data/user_de/0/org.chromium.webview_shell; running recursive restorecon
01-01 00:00:28.861   274   274 D installd: Detected label change from u:object_r:system_data_file:s0 to u:object_r:system_app_data_file:s0 at /data/data/com.fsl.android.ota; running recursive restorecon
01-01 00:00:28.863   274   274 D installd: Detected label change from u:object_r:system_data_file:s0 to u:object_r:system_app_data_file:s0 at /data/user_de/0/com.fsl.android.ota; running recursive restorecon
01-01 00:00:28.871   274   274 D installd: Detected label change from u:object_r:system_data_file:s0 to u:object_r:app_data_file:s0:c512,c768 at /data/data/com.android.managedprovisioning; running recursive restorecon
01-01 00:00:28.874   274   274 D installd: Detected label change from u:object_r:system_data_file:s0 to u:object_r:app_data_file:s0:c512,c768 at /data/user_de/0/com.android.managedprovisioning; running recursive restorecon
01-01 00:00:28.881   274   274 D installd: Detected label change from u:object_r:system_data_file:s0 to u:object_r:app_data_file:s0:c512,c768 at /data/data/com.android.wallpaper.livepicker; running recursive restorecon
01-01 00:00:28.884   274   274 D installd: Detected label change from u:object_r:system_data_file:s0 to u:object_r:app_data_file:s0:c512,c768 at /data/user_de/0/com.android.wallpaper.livepicker; running recursive restorecon
01-01 00:00:28.890   274   274 D installd: Detected label change from u:object_r:system_data_file:s0 to u:object_r:app_data_file:s0:c512,c768 at /data/data/com.android.storagemanager; running recursive restorecon
01-01 00:00:28.893   274   274 D installd: Detected label change from u:object_r:system_data_file:s0 to u:object_r:app_data_file:s0:c512,c768 at /data/user_de/0/com.android.storagemanager; running recursive restorecon
01-01 00:00:28.901   274   274 D installd: Detected label change from u:object_r:system_data_file:s0 to u:object_r:app_data_file:s0:c512,c768 at /data/data/com.android.bookmarkprovider; running recursive restorecon
01-01 00:00:28.905   274   274 D installd: Detected label change from u:object_r:system_data_file:s0 to u:object_r:app_data_file:s0:c512,c768 at /data/user_de/0/com.android.bookmarkprovider; running recursive restorecon
01-01 00:00:28.912   274   274 D installd: Detected label change from u:object_r:system_data_file:s0 to u:object_r:system_app_data_file:s0 at /data/data/com.android.settings; running recursive restorecon
01-01 00:00:28.915   274   274 D installd: Detected label change from u:object_r:system_data_file:s0 to u:object_r:system_app_data_file:s0 at /data/user_de/0/com.android.settings; running recursive restorecon
01-01 00:00:28.917   274   274 W installd: Requested default storage /data/user_de/0/com.android.settings is not active; migrating from /data/data/com.android.settings
01-01 00:00:28.919   274   274 D installd: Detected label change from u:object_r:system_data_file:s0 to u:object_r:system_app_data_file:s0 at /data/data/com.android.settings; running recursive restorecon
01-01 00:00:28.925   274   274 D installd: Detected label change from u:object_r:system_data_file:s0 to u:object_r:system_app_data_file:s0 at /data/data/com.freescale.a2dpsinkapp; running recursive restorecon
01-01 00:00:28.928   274   274 D installd: Detected label change from u:object_r:system_data_file:s0 to u:object_r:system_app_data_file:s0 at /data/user_de/0/com.freescale.a2dpsinkapp; running recursive restorecon
01-01 00:00:28.935   274   274 D installd: Detected label change from u:object_r:system_data_file:s0 to u:object_r:app_data_file:s0:c512,c768 at /data/data/com.android.calculator2; running recursive restorecon
01-01 00:00:28.938   274   274 D installd: Detected label change from u:object_r:system_data_file:s0 to u:object_r:app_data_file:s0:c512,c768 at /data/user_de/0/com.android.calculator2; running recursive restorecon
01-01 00:00:28.945   274   274 D installd: Detected label change from u:object_r:system_data_file:s0 to u:object_r:app_data_file:s0:c512,c768 at /data/data/com.freescale.cactusplayer; running recursive restorecon
01-01 00:00:28.948   274   274 D installd: Detected label change from u:object_r:system_data_file:s0 to u:object_r:app_data_file:s0:c512,c768 at /data/user_de/0/com.freescale.cactusplayer; running recursive restorecon
01-01 00:00:28.955   274   274 D installd: Detected label change from u:object_r:system_data_file:s0 to u:object_r:app_data_file:s0:c512,c768 at /data/data/com.android.cts.ctsshim; running recursive restorecon
01-01 00:00:28.958   274   274 D installd: Detected label change from u:object_r:system_data_file:s0 to u:object_r:app_data_file:s0:c512,c768 at /data/user_de/0/com.android.cts.ctsshim; running recursive restorecon
01-01 00:00:28.964   274   274 D installd: Detected label change from u:object_r:system_data_file:s0 to u:object_r:app_data_file:s0:c512,c768 at /data/data/com.android.vpndialogs; running recursive restorecon
01-01 00:00:28.967   274   274 D installd: Detected label change from u:object_r:system_data_file:s0 to u:object_r:app_data_file:s0:c512,c768 at /data/user_de/0/com.android.vpndialogs; running recursive restorecon
01-01 00:00:28.974   274   274 D installd: Detected label change from u:object_r:system_data_file:s0 to u:object_r:app_data_file:s0:c512,c768 at /data/data/com.android.email; running recursive restorecon
01-01 00:00:28.977   274   274 D installd: Detected label change from u:object_r:system_data_file:s0 to u:object_r:app_data_file:s0:c512,c768 at /data/user_de/0/com.android.email; running recursive restorecon
01-01 00:00:28.984   274   274 D installd: Detected label change from u:object_r:system_data_file:s0 to u:object_r:app_data_file:s0:c512,c768 at /data/data/com.android.music; running recursive restorecon
01-01 00:00:28.988   274   274 D installd: Detected label change from u:object_r:system_data_file:s0 to u:object_r:app_data_file:s0:c512,c768 at /data/user_de/0/com.android.music; running recursive restorecon
01-01 00:00:28.994   274   274 D installd: Detected label change from u:object_r:system_data_file:s0 to u:object_r:radio_data_file:s0 at /data/data/com.android.phone; running recursive restorecon
01-01 00:00:28.997   274   274 D installd: Detected label change from u:object_r:system_data_file:s0 to u:object_r:radio_data_file:s0 at /data/user_de/0/com.android.phone; running recursive restorecon
01-01 00:00:28.999   274   274 W installd: Requested default storage /data/user_de/0/com.android.phone is not active; migrating from /data/data/com.android.phone
01-01 00:00:29.001   274   274 D installd: Detected label change from u:object_r:system_data_file:s0 to u:object_r:radio_data_file:s0 at /data/data/com.android.phone; running recursive restorecon
01-01 00:00:29.006   274   274 D installd: Detected label change from u:object_r:system_data_file:s0 to u:object_r:shell_data_file:s0 at /data/data/com.android.shell; running recursive restorecon
01-01 00:00:29.008   274   274 D installd: Detected label change from u:object_r:system_data_file:s0 to u:object_r:shell_data_file:s0 at /data/user_de/0/com.android.shell; running recursive restorecon
01-01 00:00:29.010   274   274 W installd: Requested default storage /data/user_de/0/com.android.shell is not active; migrating from /data/data/com.android.shell
01-01 00:00:29.012   274   274 D installd: Detected label change from u:object_r:system_data_file:s0 to u:object_r:shell_data_file:s0 at /data/data/com.android.shell; running recursive restorecon
01-01 00:00:29.017   274   274 D installd: Detected label change from u:object_r:system_data_file:s0 to u:object_r:system_app_data_file:s0 at /data/data/com.android.wallpaperbackup; running recursive restorecon
01-01 00:00:29.019   274   274 D installd: Detected label change from u:object_r:system_data_file:s0 to u:object_r:system_app_data_file:s0 at /data/user_de/0/com.android.wallpaperbackup; running recursive restorecon
01-01 00:00:29.026   274   274 D installd: Detected label change from u:object_r:system_data_file:s0 to u:object_r:app_data_file:s0:c512,c768 at /data/data/com.android.providers.blockednumber; running recursive restorecon
01-01 00:00:29.030   274   274 D installd: Detected label change from u:object_r:system_data_file:s0 to u:object_r:app_data_file:s0:c512,c768 at /data/user_de/0/com.android.providers.blockednumber; running recursive restorecon
01-01 00:00:29.032   274   274 W installd: Requested default storage /data/user_de/0/com.android.providers.blockednumber is not active; migrating from /data/data/com.android.providers.blockednumber
01-01 00:00:29.034   274   274 D installd: Detected label change from u:object_r:system_data_file:s0 to u:object_r:app_data_file:s0:c512,c768 at /data/data/com.android.providers.blockednumber; running recursive restorecon
01-01 00:00:29.039   274   274 D installd: Detected label change from u:object_r:system_data_file:s0 to u:object_r:app_data_file:s0:c512,c768 at /data/data/com.android.providers.userdictionary; running recursive restorecon
01-01 00:00:29.042   274   274 D installd: Detected label change from u:object_r:system_data_file:s0 to u:object_r:app_data_file:s0:c512,c768 at /data/user_de/0/com.android.providers.userdictionary; running recursive restorecon
01-01 00:00:29.048   274   274 D installd: Detected label change from u:object_r:system_data_file:s0 to u:object_r:app_data_file:s0:c512,c768 at /data/data/com.android.emergency; running recursive restorecon
01-01 00:00:29.051   274   274 D installd: Detected label change from u:object_r:system_data_file:s0 to u:object_r:app_data_file:s0:c512,c768 at /data/user_de/0/com.android.emergency; running recursive restorecon
01-01 00:00:29.053   274   274 W installd: Requested default storage /data/user_de/0/com.android.emergency is not active; migrating from /data/data/com.android.emergency
01-01 00:00:29.055   274   274 D installd: Detected label change from u:object_r:system_data_file:s0 to u:object_r:app_data_file:s0:c512,c768 at /data/data/com.android.emergency; running recursive restorecon
01-01 00:00:29.060   274   274 D installd: Detected label change from u:object_r:system_data_file:s0 to u:object_r:system_app_data_file:s0 at /data/data/com.android.location.fused; running recursive restorecon
01-01 00:00:29.063   274   274 D installd: Detected label change from u:object_r:system_data_file:s0 to u:object_r:system_app_data_file:s0 at /data/user_de/0/com.android.location.fused; running recursive restorecon
01-01 00:00:29.066   274   274 W installd: Requested default storage /data/user_de/0/com.android.location.fused is not active; migrating from /data/data/com.android.location.fused
01-01 00:00:29.068   274   274 D installd: Detected label change from u:object_r:system_data_file:s0 to u:object_r:system_app_data_file:s0 at /data/data/com.android.location.fused; running recursive restorecon
01-01 00:00:29.075   274   274 D installd: Detected label change from u:object_r:system_data_file:s0 to u:object_r:app_data_file:s0:c512,c768 at /data/data/com.android.deskclock; running recursive restorecon
01-01 00:00:29.078   274   274 D installd: Detected label change from u:object_r:system_data_file:s0 to u:object_r:app_data_file:s0:c512,c768 at /data/user_de/0/com.android.deskclock; running recursive restorecon
01-01 00:00:29.085   274   274 D installd: Detected label change from u:object_r:system_data_file:s0 to u:object_r:app_data_file:s0:c512,c768 at /data/data/com.android.systemui; running recursive restorecon
01-01 00:00:29.088   274   274 D installd: Detected label change from u:object_r:system_data_file:s0 to u:object_r:app_data_file:s0:c512,c768 at /data/user_de/0/com.android.systemui; running recursive restorecon
01-01 00:00:29.090   274   274 W installd: Requested default storage /data/user_de/0/com.android.systemui is not active; migrating from /data/data/com.android.systemui
01-01 00:00:29.093   274   274 D installd: Detected label change from u:object_r:system_data_file:s0 to u:object_r:app_data_file:s0:c512,c768 at /data/data/com.android.systemui; running recursive restorecon
01-01 00:00:29.097   274   274 D installd: Detected label change from u:object_r:system_data_file:s0 to u:object_r:system_app_data_file:s0 at /data/data/com.freescale.wfdsink; running recursive restorecon
01-01 00:00:29.100   274   274 D installd: Detected label change from u:object_r:system_data_file:s0 to u:object_r:system_app_data_file:s0 at /data/user_de/0/com.freescale.wfdsink; running recursive restorecon
01-01 00:00:29.108   274   274 D installd: Detected label change from u:object_r:system_data_file:s0 to u:object_r:app_data_file:s0:c512,c768 at /data/data/com.android.bluetoothmidiservice; running recursive restorecon
01-01 00:00:29.111   274   274 D installd: Detected label change from u:object_r:system_data_file:s0 to u:object_r:app_data_file:s0:c512,c768 at /data/user_de/0/com.android.bluetoothmidiservice; running recursive restorecon
01-01 00:00:29.118   274   274 D installd: Detected label change from u:object_r:system_data_file:s0 to u:object_r:app_data_file:s0:c512,c768 at /data/data/com.embitel.hud; running recursive restorecon
01-01 00:00:29.121   274   274 D installd: Detected label change from u:object_r:system_data_file:s0 to u:object_r:app_data_file:s0:c512,c768 at /data/user_de/0/com.embitel.hud; running recursive restorecon
01-01 00:00:29.127   274   274 D installd: Detected label change from u:object_r:system_data_file:s0 to u:object_r:app_data_file:s0:c512,c768 at /data/data/com.freescale.bleclient; running recursive restorecon
01-01 00:00:29.130   274   274 D installd: Detected label change from u:object_r:system_data_file:s0 to u:object_r:app_data_file:s0:c512,c768 at /data/user_de/0/com.freescale.bleclient; running recursive restorecon
01-01 00:00:29.137   274   274 D installd: Detected label change from u:object_r:system_data_file:s0 to u:object_r:bluetooth_data_file:s0 at /data/data/com.android.bluetooth; running recursive restorecon
01-01 00:00:29.140   274   274 D installd: Detected label change from u:object_r:system_data_file:s0 to u:object_r:bluetooth_data_file:s0 at /data/user_de/0/com.android.bluetooth; running recursive restorecon
01-01 00:00:29.143   274   274 W installd: Requested default storage /data/user_de/0/com.android.bluetooth is not active; migrating from /data/data/com.android.bluetooth
01-01 00:00:29.145   274   274 D installd: Detected label change from u:object_r:system_data_file:s0 to u:object_r:bluetooth_data_file:s0 at /data/data/com.android.bluetooth; running recursive restorecon
01-01 00:00:29.151   274   274 D installd: Detected label change from u:object_r:system_data_file:s0 to u:object_r:app_data_file:s0:c512,c768 at /data/data/com.android.providers.contacts; running recursive restorecon
01-01 00:00:29.155   274   274 D installd: Detected label change from u:object_r:system_data_file:s0 to u:object_r:app_data_file:s0:c512,c768 at /data/user_de/0/com.android.providers.contacts; running recursive restorecon
01-01 00:00:29.162   274   274 D installd: Detected label change from u:object_r:system_data_file:s0 to u:object_r:app_data_file:s0:c512,c768 at /data/data/com.android.captiveportallogin; running recursive restorecon
01-01 00:00:29.165   274   274 D installd: Detected label change from u:object_r:system_data_file:s0 to u:object_r:app_data_file:s0:c512,c768 at /data/user_de/0/com.android.captiveportallogin; running recursive restorecon
01-01 00:00:29.170   548   548 V PackageManager: reconcileAppsData finished 83 packages
01-01 00:00:29.876   548   548 E PackageManager: There should probably be a verifier, but, none were found
01-01 00:00:29.883   548   548 I art     : Starting a blocking GC Explicit
01-01 00:00:29.950   548   548 I art     : Explicit concurrent mark sweep GC freed 19168(1126KB) AllocSpace objects, 6(216KB) LOS objects, 33% free, 3MB/4MB, paused 1.087ms total 66.624ms
01-01 00:00:29.953   548   548 I SystemServer: StartOtaDexOptService
01-01 00:00:29.954   548   548 I SystemServer: StartUserManagerService
01-01 00:00:29.955   548   548 I SystemServiceManager: Starting com.android.server.pm.UserManagerService$LifeCycle
01-01 00:00:29.972   263   263 I lowmemorykiller: ActivityManager connected
01-01 00:00:29.975   548   548 I SystemServiceManager: Starting com.android.server.BatteryService
01-01 00:00:29.975   548   576 D SensorService: nuSensorService starting...
01-01 00:00:29.976   548   576 E SensorService: couldn't load sensors module (No such file or directory)
01-01 00:00:29.976   548   576 I SensorService: Generated new HMAC key.
01-01 00:00:29.984   548   548 I SystemServiceManager: Starting com.android.server.usage.UsageStatsService
01-01 00:00:30.010   548   548 I SystemServiceManager: Starting com.android.server.webkit.WebViewUpdateService
01-01 00:00:30.017   548   548 I SystemServer: Reading configuration...
01-01 00:00:30.017   548   548 I SystemServer: StartSchedulingPolicyService
01-01 00:00:30.018   548   548 I SystemServiceManager: Starting com.android.server.telecom.TelecomLoaderService
01-01 00:00:30.019   548   548 I SystemServer: StartTelephonyRegistry
01-01 00:00:30.025   548   548 I SystemServer: StartEntropyMixer
01-01 00:00:30.027   548   548 W EntropyMixer: No existing entropy file -- first boot?
01-01 00:00:30.029   548   548 I EntropyMixer: Added HW RNG output to entropy pool
01-01 00:00:30.029   548   548 I EntropyMixer: Writing entropy...
01-01 00:00:30.048   548   548 I SystemServer: Camera Service
01-01 00:00:30.049   548   548 I SystemServiceManager: Starting com.android.server.camera.CameraService
01-01 00:00:30.052   548   548 I SystemServer: StartAccountManagerService
01-01 00:00:30.053   548   548 I SystemServiceManager: Starting com.android.server.accounts.AccountManagerService$Lifecycle
01-01 00:00:30.066   548   548 I SystemServer: StartContentService
01-01 00:00:30.067   548   548 I SystemServiceManager: Starting com.android.server.content.ContentService$Lifecycle
01-01 00:00:30.071   548   548 I SystemServer: InstallSystemProviders
01-01 00:00:30.076   548   548 W System  : ClassLoader referenced unknown path: /system/priv-app/SettingsProvider/lib/arm
01-01 00:00:30.209   548   548 I SettingsState: No settings state /data/system/users/0/settings_system.xml
01-01 00:00:30.221   548   548 I SettingsState: No settings state /data/system/users/0/settings_secure.xml
01-01 00:00:30.224   548   548 D SettingsProvider: Generated and saved new ANDROID_ID [2122bfb1ddc983d6] for user 0
01-01 00:00:30.258   548   548 I SettingsState: No settings state /data/system/users/0/settings_global.xml
01-01 00:00:30.283   548   548 I SystemServer: StartVibratorService
01-01 00:00:30.287   548   548 E         : Vibrator file does not exist : -1
01-01 00:00:30.287   548   548 E         : Vibrator device does not exist. Cannot start vibrator
01-01 00:00:30.287   548   548 W VibratorService: Tried to stop vibrating but there is no vibrator device.
01-01 00:00:30.289   548   548 I SystemServer: StartConsumerIrService
01-01 00:00:30.290   548   548 E ConsumerIrService: Can't open consumer IR HW Module, error: -2
01-01 00:00:30.291   548   548 I SystemServer: StartAlarmManagerService
01-01 00:00:30.291   548   548 I SystemServiceManager: Starting com.android.server.AlarmManagerService
01-01 00:00:30.295   548   548 W AlarmManagerService: no wall clock RTC found
01-01 00:00:30.303   548   548 I SystemServer: InitWatchdog
01-01 00:00:30.303   548   548 I SystemServer: StartInputManagerService
01-01 00:00:30.304   548   548 I InputManager: Initializing input manager, mUseDevInputEventForAudioJack=false
01-01 00:00:30.306   548   548 I SystemServer: StartWindowManagerService
01-01 00:00:30.333   548   568 I WindowManager: No existing display settings /data/system/display_settings.xml; starting empty
01-01 00:00:30.416   548   562 V WindowManager: state_cable  false
01-01 00:00:30.422   548   548 I SystemServer: StartVrManagerService
01-01 00:00:30.422   548   548 I SystemServiceManager: Starting com.android.server.vr.VrManagerService
01-01 00:00:30.424   548   548 W VrManagerService: init_native: Could not open VR hardware module, error No such file or directory (-2).
01-01 00:00:30.429   548   548 I InputManager: Starting input manager
01-01 00:00:30.433   548   548 I SystemServiceManager: Starting com.android.server.BluetoothService
01-01 00:00:30.437   548   548 D BluetoothManagerService: Loading stored name and address
01-01 00:00:30.438   548   548 D BluetoothManagerService: Stored bluetooth Name=null,Address=null
01-01 00:00:30.438   548   548 D BluetoothManagerService: Bluetooth persisted state: 0
01-01 00:00:30.438   548   548 I SystemServer: ConnectivityMetricsLoggerService
01-01 00:00:30.439   548   548 I SystemServiceManager: Starting com.android.server.connectivity.MetricsLoggerService
01-01 00:00:30.440   548   548 I SystemServer: IpConnectivityMetrics
01-01 00:00:30.441   548   548 I SystemServiceManager: Starting com.android.server.connectivity.IpConnectivityMetrics
01-01 00:00:30.443   548   548 I SystemServer: PinnerService
01-01 00:00:30.443   548   548 I SystemServiceManager: Starting com.android.server.PinnerService
01-01 00:00:30.445   548   548 I SystemServiceManager: Starting com.android.server.InputMethodManagerService$Lifecycle
01-01 00:00:30.538   548   582 D EventHub: No input device configuration file found for device 'stmpe-ts'.
01-01 00:00:30.538   548   582 I EventHub: New device: id=1, fd=87, path='/dev/input/event0', name='stmpe-ts', classes=0x4, configuration='', keyLayout='', keyCharacterMap='', builtinKeyboard=false, wakeMechanism=EPOLLWAKEUP, usingClockIoctl=true
01-01 00:00:30.538   548   582 E EventHub: could not get driver version for /dev/input/mouse0, Not a typewriter
01-01 00:00:30.566   548   548 W System  : ClassLoader referenced unknown path: 
01-01 00:00:30.569   548   548 D ApplicationLoaders: ignored Vulkan layer search path /system/app/LatinIME/lib/arm:/system/fake-libs:/system/app/LatinIME/LatinIME.apk!/lib/armeabi-v7a:/system/lib:/vendor/lib for namespace 0xaf7b00d0
01-01 00:00:30.650   548   582 D EventHub: No input device configuration file found for device 'gpio-keys'.
01-01 00:00:30.661   548   548 W InputMethodManagerService: No IME selected. Choose the most applicable IME.
01-01 00:00:30.664   548   582 W EventHub: Unable to disable kernel key repeat for /dev/input/event1: Function not implemented
01-01 00:00:30.664   548   582 I EventHub: New device: id=2, fd=88, path='/dev/input/event1', name='gpio-keys', classes=0x1, configuration='', keyLayout='/system/usr/keylayout/Generic.kl', keyCharacterMap='/system/usr/keychars/Generic.kcm', builtinKeyboard=false, wakeMechanism=EPOLLWAKEUP, usingClockIoctl=true
01-01 00:00:30.664   548   582 E EventHub: could not get driver version for /dev/input/mice, Not a typewriter
01-01 00:00:30.665   548   548 I InputMethodManagerService: Default found, using com.android.inputmethod.latin/.LatinIME
01-01 00:00:30.665   548   557 I art     : Background sticky concurrent mark sweep GC freed 14458(798KB) AllocSpace objects, 8(160KB) LOS objects, 24% free, 3MB/4MB, paused 5.715ms total 46.399ms
01-01 00:00:30.670   548   548 I SystemServer: StartAccessibilityManagerService
01-01 00:00:30.682   548   548 I ActivityManager: Config changes=1df8 {1.0 ?mcc?mnc [en_US] ldltr sw480dp w800dp h480dp 160dpi lrg long land ?uimode ?night -touch -keyb/h/h -nav/h s.2}
01-01 00:00:30.686   548   560 I UsageStatsDatabase: Upgrading from version 0 to 3
01-01 00:00:30.687   548   560 I UsageStatsDatabase: Deleting all usage stats files
01-01 00:00:30.691   548   560 I UsageStatsService: User[0] Rollover scheduled @ 1970-01-02 00:00:30(86430682)
01-01 00:00:30.691   548   560 D UsageStatsService: Initializing defaults for system apps on user 0
01-01 00:00:30.696   548   568 I ActivityManager: Config changes=500 {1.0 ?mcc?mnc [en_US] ldltr sw480dp w752dp h456dp 160dpi lrg land ?uimode ?night -touch -keyb/h/h -nav/h s.3}
01-01 00:00:30.701   548   560 E AppIdleHistory: Unable to read app idle file for user 0
01-01 00:00:30.724   548   548 I SystemServiceManager: Starting com.android.server.MountService$Lifecycle
01-01 00:00:30.737   548   548 I SystemServiceManager: Starting com.android.server.UiModeManagerService
01-01 00:00:30.737   548   583 D MountService: Thinking about init, mSystemReady=false, mDaemonConnected=true
01-01 00:00:30.737   548   583 D MountService: Thinking about reset, mSystemReady=false, mDaemonConnected=true
01-01 00:00:30.740   548   583 D MountService: Thinking about init, mSystemReady=false, mDaemonConnected=true
01-01 00:00:30.740   548   583 D MountService: Thinking about reset, mSystemReady=false, mDaemonConnected=true
01-01 00:00:30.741   548   583 D CryptdConnector: SND -> {1 cryptfs getfield SystemLocale}
01-01 00:00:30.741   548   548 I ActivityManager: Config changes=200 {1.0 ?mcc?mnc [en_US] ldltr sw480dp w752dp h456dp 160dpi lrg land -touch -keyb/h/h -nav/h s.4}
01-01 00:00:30.743   548   585 D CryptdConnector: RCV <- {200 1 -1}
01-01 00:00:30.745   548   583 W MountService: No primary storage mounted!
01-01 00:00:30.745   548   583 D VoldConnector: SND -> {1 asec list}
01-01 00:00:30.746   548   584 D VoldConnector: RCV <- {200 1 asec operation succeeded}
01-01 00:00:30.747   548   583 I PackageManager: No secure containers found
01-01 00:00:30.748   548   583 W PackageManager: Unknown permission com.google.android.googleapps.permission.GOOGLE_AUTH in package com.android.providers.calendar
01-01 00:00:30.748   548   583 W PackageManager: Unknown permission com.google.android.googleapps.permission.GOOGLE_AUTH.cl in package com.android.providers.calendar
01-01 00:00:30.748   548   583 W PackageManager: Not granting permission android.permission.GLOBAL_SEARCH to package com.android.quicksearchbox (protectionLevel=18 flags=0x3888be45)
01-01 00:00:30.749   548   583 W PackageManager: Not granting permission android.permission.BIND_WALLPAPER to package com.android.camera2 (protectionLevel=18 flags=0x30d8bc45)
01-01 00:00:30.749   548   583 W PackageManager: Unknown permission com.google.android.googleapps.permission.GOOGLE_AUTH.mail in package com.android.calendar
01-01 00:00:30.750   548   583 W PackageManager: Not granting permission android.permission.WRITE_MEDIA_STORAGE to package com.android.gallery3d (protectionLevel=18 flags=0x38d8bc45)
01-01 00:00:30.750   548   583 W PackageManager: Unknown permission com.google.android.permission.INSTALL_WEARABLE_PACKAGES in package com.android.packageinstaller
01-01 00:00:30.751   548   583 W PackageManager: Not granting permission android.permission.DELETE_PACKAGES to package com.svox.pico (protectionLevel=18 flags=0x3888be45)
01-01 00:00:30.751   548   583 W PackageManager: Unknown permission android.permission.RUN_INSTRUMENTATION in package org.chromium.webview_shell
01-01 00:00:30.752   548   583 W PackageManager: Unknown permission com.google.android.googleapps.permission.GOOGLE_AUTH in package com.android.settings
01-01 00:00:30.753   548   583 W PackageManager: Unknown permission com.android.smspush.WAPPUSH_MANAGER_BIND in package com.android.phone
01-01 00:00:30.757   548   583 W PackageManager: Unknown permission android.permission.ACCESS_ALL_EXTERNAL_STORAGE in package com.freescale.wfdsink
01-01 00:00:30.757   548   583 W PackageManager: Unknown permission com.google.android.gallery3d.permission.GALLERY_PROVIDER in package com.android.bluetooth
01-01 00:00:30.786   548   582 I InputReader: Device added: id=-1, name='Virtual', sources=0x00000301
01-01 00:00:30.786   548   582 I InputReader: Device added: id=2, name='gpio-keys', sources=0x00000101
01-01 00:00:30.788   548   582 I InputReader:   Touch device 'stmpe-ts' could not query the properties of its associated display.  The device will be inoperable until the display size becomes available.
01-01 00:00:30.788   548   582 I InputReader: Device added: id=1, name='stmpe-ts', sources=0x00002002
01-01 00:00:30.789   548   582 I InputReader: Reconfiguring input devices.  changes=0x00000004
01-01 00:00:30.798   548   582 I InputReader: Device reconfigured: id=1, name='stmpe-ts', size 800x480, orientation 0, mode 4, display id 0
01-01 00:00:30.880   548   583 W MountService: No primary storage defined yet; hacking together a stub
01-01 00:00:30.881   548   583 W MountService: No primary storage defined yet; hacking together a stub
01-01 00:00:30.882   548   583 W MountService: No primary storage mounted!
01-01 00:00:30.882   548   583 D VoldConnector: SND -> {2 asec list}
01-01 00:00:30.884   548   584 D VoldConnector: RCV <- {200 2 asec operation succeeded}
01-01 00:00:31.920   548   548 I SystemServer: StartLockSettingsService
01-01 00:00:31.921   548   548 I SystemServiceManager: Starting com.android.server.LockSettingsService$Lifecycle
01-01 00:00:31.934   548   548 I SystemServiceManager: Starting com.android.server.PersistentDataBlockService
01-01 00:00:31.936   548   548 E PersistentDataBlockService: not able to find package 
01-01 00:00:31.936   548   548 E PersistentDataBlockService: android.content.pm.PackageManager$NameNotFoundException: 
01-01 00:00:31.936   548   548 E PersistentDataBlockService: 	at android.app.ApplicationPackageManager.getPackageUidAsUser(ApplicationPackageManager.java:256)
01-01 00:00:31.936   548   548 E PersistentDataBlockService: 	at com.android.server.PersistentDataBlockService.getAllowedUid(PersistentDataBlockService.java:105)
01-01 00:00:31.936   548   548 E PersistentDataBlockService: 	at com.android.server.PersistentDataBlockService.<init>(PersistentDataBlockService.java:96)
01-01 00:00:31.936   548   548 E PersistentDataBlockService: 	at java.lang.reflect.Constructor.newInstance0(Native Method)
01-01 00:00:31.936   548   548 E PersistentDataBlockService: 	at java.lang.reflect.Constructor.newInstance(Constructor.java:430)
01-01 00:00:31.936   548   548 E PersistentDataBlockService: 	at com.android.server.SystemServiceManager.startService(SystemServiceManager.java:93)
01-01 00:00:31.936   548   548 E PersistentDataBlockService: 	at com.android.server.SystemServer.startOtherServices(SystemServer.java:767)
01-01 00:00:31.936   548   548 E PersistentDataBlockService: 	at com.android.server.SystemServer.run(SystemServer.java:340)
01-01 00:00:31.936   548   548 E PersistentDataBlockService: 	at com.android.server.SystemServer.main(SystemServer.java:222)
01-01 00:00:31.936   548   548 E PersistentDataBlockService: 	at java.lang.reflect.Method.invoke(Native Method)
01-01 00:00:31.936   548   548 E PersistentDataBlockService: 	at com.android.internal.os.ZygoteInit$MethodAndArgsCaller.run(ZygoteInit.java:890)
01-01 00:00:31.936   548   548 E PersistentDataBlockService: 	at com.android.internal.os.ZygoteInit.main(ZygoteInit.java:780)
01-01 00:00:31.996   548   548 I SystemServiceManager: Starting com.android.server.DeviceIdleController
01-01 00:00:32.003   548   548 I SystemServiceManager: Starting com.android.server.devicepolicy.DevicePolicyManagerService$Lifecycle
01-01 00:00:32.015   548   548 I SystemServer: StartStatusBarManagerService
01-01 00:00:32.019   548   548 I SystemServer: StartClipboardService
01-01 00:00:32.023   548   548 I SystemServer: StartNetworkManagementService
01-01 00:00:32.028   548   587 I NetworkManagement: onDaemonConnected()
01-01 00:00:32.032   548   548 I SystemServiceManager: Starting com.android.server.TextServicesManagerService$Lifecycle
01-01 00:00:32.044   548   548 I SystemServer: StartNetworkScoreService
01-01 00:00:32.047   548   548 I SystemServer: StartNetworkStatsService
01-01 00:00:32.056   548   548 I SystemServer: StartNetworkPolicyManagerService
01-01 00:00:32.065   548   548 I SystemServer: No Wi-Fi NAN Service (NAN support Not Present)
01-01 00:00:32.070   548   548 I SystemServiceManager: Starting com.android.server.wifi.p2p.WifiP2pService
01-01 00:00:32.109   548   548 I WifiP2pService: Registering wifip2p
01-01 00:00:32.112   548   548 I SystemServiceManager: Starting com.android.server.wifi.WifiService
01-01 00:00:32.245   548   548 D HS20    : Passpoint is disabled
01-01 00:00:32.278   282   544 D CommandListener: Clearing all IP addresses on wlan0
01-01 00:00:32.280   548   592 D WifiApConfigStore: 2G band allowed channels are:1,6,11
01-01 00:00:32.280   548   548 E WifiLogger: no ring buffers found
01-01 00:00:32.280   548   548 E WifiLogger: Failed to start packet fate monitoring
01-01 00:00:32.282   548   592 E WifiApConfigStore: Error reading hotspot configuration java.io.FileNotFoundException: /data/misc/wifi/softap.conf (No such file or directory)
01-01 00:00:32.282   548   592 D WifiApConfigStore: Fallback to use default AP configuration
01-01 00:00:32.289   548   548 D WifiController: isAirplaneModeOn = false, isWifiEnabled = false, isScanningAvailable = false
01-01 00:00:32.292   548   548 I WifiService: Registering wifi
01-01 00:00:32.295   548   548 I SystemServiceManager: Starting com.android.server.wifi.scanner.WifiScanningService
01-01 00:00:32.295   548   548 I WifiScanningService: Creating wifiscanner
01-01 00:00:32.297   548   548 I WifiScanningService: Publishing wifiscanner
01-01 00:00:32.299   548   548 I SystemServiceManager: Starting com.android.server.wifi.RttService
01-01 00:00:32.300   548   548 I RttService: Creating rttmanager
01-01 00:00:32.301   548   548 I RttService: Starting rttmanager
01-01 00:00:32.303   548   548 I SystemServiceManager: Starting com.android.server.ethernet.EthernetService
01-01 00:00:32.304   548   548 I EthernetServiceImpl: Creating EthernetConfigStore
01-01 00:00:32.305   548   548 E IpConfigStore: Error parsing configuration: java.io.FileNotFoundException: /data/misc/ethernet/ipconfig.txt (No such file or directory)
01-01 00:00:32.305   548   548 W EthernetConfigStore: No Ethernet configuration found. Using default.
01-01 00:00:32.305   548   548 I EthernetServiceImpl: Read stored IP configuration: IP assignment: DHCP
01-01 00:00:32.305   548   548 I EthernetServiceImpl: Proxy settings: NONE
01-01 00:00:32.306   548   548 I EthernetService: Registering service ethernet
01-01 00:00:32.307   548   548 I SystemServer: StartConnectivityService
01-01 00:00:32.321   548   548 D ConnectivityService: ConnectivityService starting up
01-01 00:00:32.327   548   548 D ConnectivityService: wifiOnly=false
01-01 00:00:32.327   548   548 E ConnectivityService: Ignoring protectedNetwork 10
01-01 00:00:32.327   548   548 E ConnectivityService: Ignoring protectedNetwork 11
01-01 00:00:32.327   548   548 E ConnectivityService: Ignoring protectedNetwork 12
01-01 00:00:32.327   548   548 E ConnectivityService: Ignoring protectedNetwork 14
01-01 00:00:32.327   548   548 E ConnectivityService: Ignoring protectedNetwork 15
01-01 00:00:32.346   548   548 I SystemServer: StartNsdService
01-01 00:00:32.352   548   548 I SystemServer: StartUpdateLockService
01-01 00:00:32.355   548   548 I SystemServiceManager: Starting com.android.server.RecoverySystemService
01-01 00:00:32.358   548   548 I SystemServiceManager: Starting com.android.server.notification.NotificationManagerService
01-01 00:00:32.381   548   548 D ConditionProviders.SCP: new ScheduleConditionProvider()
01-01 00:00:32.407   548   548 I SystemServiceManager: Starting com.android.server.storage.DeviceStorageMonitorService
01-01 00:00:32.412   548   548 I SystemServer: StartLocationManagerService
01-01 00:00:32.417   548   548 I SystemServer: StartCountryDetectorService
01-01 00:00:32.419   548   548 I SystemServer: StartSearchManagerService
01-01 00:00:32.419   548   548 I SystemServiceManager: Starting com.android.server.search.SearchManagerService$Lifecycle
01-01 00:00:32.423   548   548 I SystemServiceManager: Starting com.android.server.DropBoxManagerService
01-01 00:00:32.427   548   548 I SystemServer: StartWallpaperManagerService
01-01 00:00:32.427   548   548 I SystemServiceManager: Starting com.android.server.wallpaper.WallpaperManagerService$Lifecycle
01-01 00:00:32.432   548   548 E BitmapFactory: Unable to decode stream: java.io.FileNotFoundException: /data/system/users/0/wallpaper_orig (No such file or directory)
01-01 00:00:32.432   548   548 E WallpaperManagerService: Invalid wallpaper data
01-01 00:00:32.432   548   548 E WallpaperManagerService: Unable to apply new wallpaper
01-01 00:00:32.433   548   548 W WallpaperManagerService: no current wallpaper -- first boot?
01-01 00:00:32.434   548   548 I SystemServer: StartAudioService
01-01 00:00:32.434   548   548 I SystemServiceManager: Starting com.android.server.audio.AudioService$Lifecycle
01-01 00:00:32.447   271   337 D PermissionCache: checking android.permission.MODIFY_AUDIO_SETTINGS for uid=1000 => granted (1071 us)
01-01 00:00:32.449   548   548 W TelecomManager: Telecom Service not found.
01-01 00:00:32.454   271   330 W AudioFlinger: no wake lock to update, system not ready yet
01-01 00:00:32.455   271   605 D BlueZ   : external/bluetooth/bluez/android/hal-audio.c:audio_set_mic_mute() 
01-01 00:00:32.479   548   548 I SystemServiceManager: Starting com.android.server.DockObserver
01-01 00:00:32.480   548   548 W DockObserver: This kernel does not have dock station support
01-01 00:00:32.481   548   548 I SystemServer: StartWiredAccessoryManager
01-01 00:00:32.483   548   548 W WiredAccessoryManager: This kernel does not have wired headset support
01-01 00:00:32.484   548   548 W WiredAccessoryManager: This kernel does not have usb audio support
01-01 00:00:32.484   548   548 W WiredAccessoryManager: This kernel does not have HDMI audio support
01-01 00:00:32.486   548   548 I SystemServiceManager: Starting com.android.server.usb.UsbService$Lifecycle
01-01 00:00:32.499   548   548 E UsbDeviceManager: failed to write to /sys/class/android_usb/android0/f_rndis/ethaddr
01-01 00:00:32.539   548   548 I SystemServer: StartSerialService
01-01 00:00:32.541   548   548 E HardwarePropertiesManagerService-JNI: Couldn't load thermal module (No such file or directory)
01-01 00:00:32.542   548   548 I SystemServiceManager: Starting com.android.server.twilight.TwilightService
01-01 00:00:32.544   548   548 I SystemServiceManager: Starting com.android.server.job.JobSchedulerService
01-01 00:00:32.557   548   548 I SystemServiceManager: Starting com.android.server.soundtrigger.SoundTriggerService
01-01 00:00:32.561   548   548 I SystemServiceManager: Starting com.android.server.backup.BackupManagerService$Lifecycle
01-01 00:00:32.565   548   548 I SystemServiceManager: Starting com.android.server.appwidget.AppWidgetService
01-01 00:00:32.575   548   548 I SystemServiceManager: Starting com.android.server.voiceinteraction.VoiceInteractionManagerService
01-01 00:00:32.579   548   548 I SystemServer: Gesture Launcher Service
01-01 00:00:32.580   548   548 I SystemServiceManager: Starting com.android.server.GestureLauncherService
01-01 00:00:32.580   548   548 I SystemServiceManager: Starting com.android.server.SensorNotificationService
01-01 00:00:32.581   548   548 I SystemServiceManager: Starting com.android.server.ContextHubSystemService
