01-01 00:00:41.244   548   583 D MountService: Volume emulated broadcasting mounted to UserHandle{0}
01-01 00:00:41.261   548   548 I ActivityManager: Start proc 1030:com.android.deskclock/u0a41 for broadcast com.android.deskclock/.AlarmInitReceiver
01-01 00:00:41.282   548   568 I Choreographer: Skipped 31 frames!  The application may be doing too much work on its main thread.
01-01 00:00:41.288   548   561 I SELinux : SELinux: Loaded file_contexts contexts from /file_contexts.bin.
01-01 00:00:41.288   548   548 I InputMethodManagerService: All the enabled IMEs are gone. Reset default enabled IMEs.
01-01 00:00:41.294   548   561 V BackupManagerService: No ancestral data
01-01 00:00:41.304  1010  1010 W System  : ClassLoader referenced unknown path: /system/priv-app/ExtServices/lib/arm
01-01 00:00:41.316   548   561 V BackupManagerService: Starting with transport android/com.android.internal.backup.LocalTransport
01-01 00:00:41.316   548   561 V BackupManagerService: Found transports: 1
01-01 00:00:41.320   548   561 I BackupManagerService: Backup enable apparently not migrated
01-01 00:00:41.320   548   561 I BackupManagerService: Migrating enable state false
01-01 00:00:41.322   548   561 I BackupManagerService: Backup enabled => false
01-01 00:00:41.364  1030  1030 W System  : ClassLoader referenced unknown path: /system/app/DeskClock/lib/arm
01-01 00:00:41.395   548   548 V BackupManagerService: Connected to transport ComponentInfo{android/com.android.internal.backup.LocalTransportService}
01-01 00:00:41.396   548   548 V BackupManagerService: Registering transport android/com.android.internal.backup.LocalTransportService::android/com.android.internal.backup.LocalTransport = android.app.backup.BackupTransport$TransportImpl@b496098
01-01 00:00:41.398   548   562 I ActivityManager: Config changes=20 {1.0 ?mcc?mnc [en_US] ldltr sw480dp w752dp h456dp 160dpi lrg land -touch -keyb/v/h -nav/h s.5}
01-01 00:00:41.419   548  1033 V KeyValueBackupJob: Scheduling k/v pass in 244 minutes
01-01 00:00:41.470   548   561 W AppWidgetServiceImpl: Failed to read state: java.io.FileNotFoundException: /data/system/users/0/appwidgets.xml (No such file or directory)
01-01 00:00:41.471   548   561 V AppWidgetServiceImpl: Upgrading widget database from 0 to 1
01-01 00:00:41.489   548   561 W VoiceInteractionManagerService: no available voice interaction services found for user 0
01-01 00:00:41.490   548   561 W VoiceInteractionManagerService: no available voice recognition services found for user 0
01-01 00:00:41.527   548  1047 W ResourceType: No known package when getting value for resource number 0x7f0200fc
01-01 00:00:41.527   548  1047 W ResourceType: No known package when getting value for resource number 0x7f0e03ac
01-01 00:00:41.528   548  1047 W ResourceType: No known package when getting value for resource number 0x7f0200fb
01-01 00:00:41.528   548  1047 W ResourceType: No known package when getting value for resource number 0x7f0e093c
01-01 00:00:41.529   548  1047 W ResourceType: No known package when getting value for resource number 0x7f0200fa
01-01 00:00:41.529   548  1047 W ResourceType: No known package when getting value for resource number 0x7f0e07ea
01-01 00:00:41.548   548  1047 W ResourceType: No known package when getting value for resource number 0x7f020018
01-01 00:00:41.548   548  1047 W ResourceType: No known package when getting value for resource number 0x7f0b016c
01-01 00:00:42.198   548   561 I ActivityManager: Loading recents for user 0 into memory.
01-01 00:00:42.206   548   561 I PreBootBroadcaster: Pre-boot of {com.android.managedprovisioning/com.android.managedprovisioning.PreBootListener} for user 0
01-01 00:00:42.214   548   562 I Choreographer: Skipped 48 frames!  The application may be doing too much work on its main thread.
01-01 00:00:42.244   548   548 I AccountManagerService: User 0 is unlocked - opening CE database
01-01 00:00:42.246   548   560 I ActivityManager: Start proc 1053:com.android.printspooler/u0a56 for service com.android.printspooler/.model.PrintSpoolerService
01-01 00:00:42.249   743   743 D CarrierSvcBindHelper: Received android.intent.action.USER_UNLOCKED
01-01 00:00:42.251   743   743 E PhoneInterfaceManager: [PhoneIntfMgr] getCarrierPackageNamesForIntent: No UICC
01-01 00:00:42.251   743   743 D CarrierSvcBindHelper: No carrier app for: 0
01-01 00:00:42.287   548   791 I ActivityManager: Start proc 1058:com.android.keychain/1000 for service com.android.keychain/.KeyChainService
01-01 00:00:42.327   802   802 D FallbackHome: User unlocked and real home found; let's go!
01-01 00:00:42.333   548  1045 I OpenGLRenderer: Initialized EGL, version 1.4
01-01 00:00:42.333   548  1045 D OpenGLRenderer: Swap behavior 2
01-01 00:00:42.348   802   802 W IInputConnectionWrapper: reportFullscreenMode on inexistent InputConnection
01-01 00:00:42.361   548   771 I ActivityManager: START u0 {act=android.intent.action.MAIN cat=[android.intent.category.HOME] flg=0x10000100 cmp=com.android.provision/.DefaultActivity} from uid 0 on display 0
01-01 00:00:42.365   548   548 I AccountManagerService: Creating CE database /data/system_ce/0/accounts_ce.db
01-01 00:00:42.409   548   771 I ActivityManager: Start proc 1079:com.android.provision/u0a21 for activity com.android.provision/.DefaultActivity
01-01 00:00:42.494  1058  1058 W System  : ClassLoader referenced unknown path: /system/app/KeyChain/lib/arm
01-01 00:00:42.529  1079  1079 W System  : ClassLoader referenced unknown path: /system/priv-app/Provision/lib/arm
01-01 00:00:42.601   548   548 I DevicePolicyManagerService: Set ro.device_owner property to false
01-01 00:00:42.615  1030  1030 I AlarmClock: AlarmInitReceiver android.intent.action.LOCKED_BOOT_COMPLETED
01-01 00:00:42.648   661   661 W KeyguardUpdateMonitor: invalid subId in handleSimStateChange()
01-01 00:00:42.667   548  1093 I ActivityManager: START u0 {act=android.intent.action.MAIN cat=[android.intent.category.HOME] flg=0x10000100 cmp=android/com.android.internal.app.ResolverActivity} from uid 0 on display 0
01-01 00:00:42.698   548  1093 I ActivityManager: Start proc 1099:system:ui/1000 for activity android/com.android.internal.app.ResolverActivity
01-01 00:00:42.828   548   560 I RetailDemoModeService: Deleting contents of /data/preloads
01-01 00:00:42.947  1030  1113 I AlarmClock: Alarms Table created
01-01 00:00:42.956  1030  1113 I AlarmClock: Instance table created
01-01 00:00:42.957  1030  1113 I AlarmClock: Inserting default alarms
01-01 00:00:43.064   548   788 W ActivityManager: Slow operation: 59ms so far, now at startProcess: returned from zygote!
01-01 00:00:43.064   548   788 W ActivityManager: Slow operation: 59ms so far, now at startProcess: done updating battery stats
01-01 00:00:43.064   548   788 W ActivityManager: Slow operation: 59ms so far, now at startProcess: building log message
01-01 00:00:43.064   548   788 I ActivityManager: Start proc 1117:android.process.media/u0a12 for broadcast com.android.providers.downloads/.DownloadReceiver
01-01 00:00:43.064   548   788 W ActivityManager: Slow operation: 59ms so far, now at startProcess: starting to update pids map
01-01 00:00:43.065   548   788 W ActivityManager: Slow operation: 59ms so far, now at startProcess: done updating pids map
01-01 00:00:43.065   548   788 W ActivityManager: Slow operation: 60ms so far, now at startProcess: done starting proc!
01-01 00:00:43.107  1099  1099 I display : GPUManager exists
01-01 00:00:43.137  1117  1117 W System  : ClassLoader referenced unknown path: /system/priv-app/DownloadProvider/lib/arm
01-01 00:00:43.180   269   269 I obd     : type=1400 audit(0.0:39): avc: denied { write } for path="socket:[10838]" dev="sockfs" ino=10838 scontext=u:r:obd:s0 tcontext=u:r:obd:s0 tclass=socket permissive=1
01-01 00:00:43.227  1117  1117 W System  : ClassLoader referenced unknown path: /system/priv-app/MediaProvider/lib/arm
01-01 00:00:43.240  1117  1117 D ApplicationLoaders: ignored Vulkan layer search path /system/priv-app/MediaProvider/lib/arm:/system/priv-app/MediaProvider/MediaProvider.apk!/lib/armeabi-v7a:/system/lib:/vendor/lib for namespace 0xaf8a0090
01-01 00:00:43.436  1117  1117 I DownloadManager: Upgrading downloads database from version 0 to version 110, which will destroy all old data
01-01 00:00:43.592  1117  1117 I MediaProvider: Upgrading media database from version 0 to 800, which will destroy all old data
01-01 00:00:43.833  1117  1117 D MediaProvider: Adjusting external storage paths to: /storage/emulated/0
01-01 00:00:43.930  1117  1117 E SQLiteLog: (1) no such table: album_info
01-01 00:00:44.206  1117  1117 D MediaScannerReceiver: action: android.intent.action.MEDIA_MOUNTED path: /storage/emulated/0
01-01 00:00:44.255   548   771 I ActivityManager: Start proc 1135:com.android.managedprovisioning/u0a17 for broadcast com.android.managedprovisioning/.PreBootListener
01-01 00:00:44.270   548   568 W WindowManager: Window freeze timeout expired.
01-01 00:00:44.270   548   568 W WindowManager: Force clearing orientation change: Window{9ee4a7b u0 ImmersiveModeConfirmation}
01-01 00:00:44.271   548   568 W WindowManager: Force clearing orientation change: Window{221a1a3 u0 android/com.android.internal.app.ResolverActivity}
01-01 00:00:44.271   548   568 W WindowManager: Force clearing orientation change: Window{571eabb u0 com.android.systemui.ImageWallpaper}
01-01 00:00:44.328  1135  1135 W System  : ClassLoader referenced unknown path: /system/priv-app/ManagedProvisioning/lib/arm
01-01 00:00:44.383   548   631 I PreBootBroadcaster: Pre-boot of {com.android.providers.calendar/com.android.providers.calendar.CalendarUpgradeReceiver} for user 0
01-01 00:00:44.391   921   921 D CellBroadcastReceiver: onReceive Intent { act=android.intent.action.SIM_STATE_CHANGED flg=0x4000010 cmp=com.android.cellbroadcastreceiver/.CellBroadcastReceiver (has extras) }
01-01 00:00:44.437   548  1093 I ActivityManager: Start proc 1151:com.android.providers.calendar/u0a4 for broadcast com.android.providers.calendar/.CalendarUpgradeReceiver
01-01 00:00:44.536  1151  1151 W System  : ClassLoader referenced unknown path: /system/priv-app/CalendarProvider/lib/arm
01-01 00:00:44.627  1117  1136 V MediaScanner: pruneDeadThumbnailFiles... android.content.ContentProviderClient$CursorWrapperInner@9b8c0a7
01-01 00:00:44.627  1117  1136 V MediaScanner: /pruneDeadThumbnailFiles... android.content.ContentProviderClient$CursorWrapperInner@9b8c0a7
01-01 00:00:44.717  1151  1151 I CalendarDatabaseHelper: Bootstrapping database
01-01 00:00:44.757   548   568 W WindowManager: App freeze timeout expired.
01-01 00:00:44.757   548   568 W WindowManager: Force clearing freeze: AppWindowToken{2b8fae9 token=Token{b53e5b3 ActivityRecord{c79722 u0 android/com.android.internal.app.ResolverActivity t4}}}
01-01 00:00:44.757   548   568 I WindowManager: Screen frozen for +3s294ms due to AppWindowToken{2b8fae9 token=Token{b53e5b3 ActivityRecord{c79722 u0 android/com.android.internal.app.ResolverActivity t4}}}
01-01 00:00:44.833  1151  1151 I CalendarProvider2: Created com.android.providers.calendar.CalendarAlarmManager@bd2228e(com.android.providers.calendar.CalendarProvider2@6d42aaf)
01-01 00:00:44.867  1151  1151 I CalendarUpgradeReceiver: Creating or opening calendar database
01-01 00:00:44.869   548   559 I PreBootBroadcaster: Pre-boot of {com.android.providers.contacts/com.android.providers.contacts.ContactsUpgradeReceiver} for user 0
01-01 00:00:44.916   548   559 I ActivityManager: Start proc 1167:android.process.acore/u0a3 for broadcast com.android.providers.contacts/.ContactsUpgradeReceiver
01-01 00:00:45.045  1167  1167 W System  : ClassLoader referenced unknown path: /system/priv-app/ContactsProvider/lib/arm
01-01 00:00:45.232  1167  1167 I ContactsPerf: VoicemailContentProvider.onCreate start
01-01 00:00:45.238  1167  1167 I ContactsPerf: VoicemailContentProvider.onCreate finish
01-01 00:00:45.244  1167  1167 W System  : ClassLoader referenced unknown path: /system/priv-app/BlockedNumberProvider/lib/arm
01-01 00:00:45.246  1167  1167 D ApplicationLoaders: ignored Vulkan layer search path /system/priv-app/BlockedNumberProvider/lib/arm:/system/lib:/vendor/lib for namespace 0xaf8a0090
01-01 00:00:45.262  1167  1167 W System  : ClassLoader referenced unknown path: /system/app/UserDictionaryProvider/lib/arm
01-01 00:00:45.263  1167  1167 D ApplicationLoaders: ignored Vulkan layer search path /system/app/UserDictionaryProvider/lib/arm:/system/lib:/vendor/lib for namespace 0xaf8a00d0
01-01 00:00:45.279  1167  1167 D StrictMode: StrictMode policy violation; ~duration=139 ms: android.os.StrictMode$StrictModeDiskWriteViolation: policy=65565 violation=1
01-01 00:00:45.279  1167  1167 D StrictMode: 	at android.os.StrictMode$AndroidBlockGuardPolicy.onWriteToDisk(StrictMode.java:1253)
01-01 00:00:45.279  1167  1167 D StrictMode: 	at libcore.io.BlockGuardOs.mkdir(BlockGuardOs.java:173)
01-01 00:00:45.279  1167  1167 D StrictMode: 	at android.system.Os.mkdir(Os.java:282)
01-01 00:00:45.279  1167  1167 D StrictMode: 	at android.app.ContextImpl.ensurePrivateDirExists(ContextImpl.java:514)
01-01 00:00:45.279  1167  1167 D StrictMode: 	at android.app.ContextImpl.getPreferencesDir(ContextImpl.java:468)
01-01 00:00:45.279  1167  1167 D StrictMode: 	at android.app.ContextImpl.getSharedPreferencesPath(ContextImpl.java:627)
01-01 00:00:45.279  1167  1167 D StrictMode: 	at android.app.ContextImpl.getSharedPreferences(ContextImpl.java:345)
01-01 00:00:45.279  1167  1167 D StrictMode: 	at android.content.ContextWrapper.getSharedPreferences(ContextWrapper.java:164)
01-01 00:00:45.279  1167  1167 D StrictMode: 	at android.preference.PreferenceManager.getDefaultSharedPreferences(PreferenceManager.java:487)
01-01 00:00:45.279  1167  1167 D StrictMode: 	at com.android.providers.contacts.FastScrollingIndexCache.getInstance(FastScrollingIndexCache.java:95)
01-01 00:00:45.279  1167  1167 D StrictMode: 	at com.android.providers.contacts.ContactsProvider2.initialize(ContactsProvider2.java:1573)
01-01 00:00:45.279  1167  1167 D StrictMode: 	at com.android.providers.contacts.ContactsProvider2.onCreate(ContactsProvider2.java:1548)
01-01 00:00:45.279  1167  1167 D StrictMode: 	at android.content.ContentProvider.attachInfo(ContentProvider.java:1751)
01-01 00:00:45.279  1167  1167 D StrictMode: 	at android.content.ContentProvider.attachInfo(ContentProvider.java:1726)
01-01 00:00:45.279  1167  1167 D StrictMode: 	at android.app.ActivityThread.installProvider(ActivityThread.java:5855)
01-01 00:00:45.279  1167  1167 D StrictMode: 	at android.app.ActivityThread.installContentProviders(ActivityThread.java:5447)
01-01 00:00:45.279  1167  1167 D StrictMode: 	at android.app.ActivityThread.handleBindApplication(ActivityThread.java:5386)
01-01 00:00:45.279  1167  1167 D StrictMode: 	at android.app.ActivityThread.-wrap2(ActivityThread.java)
01-01 00:00:45.279  1167  1167 D StrictMode: 	at android.app.ActivityThread$H.handleMessage(ActivityThread.java:1546)
01-01 00:00:45.279  1167  1167 D StrictMode: 	at android.os.Handler.dispatchMessage(Handler.java:102)
01-01 00:00:45.279  1167  1167 D StrictMode: 	at android.os.Looper.loop(Looper.java:154)
01-01 00:00:45.279  1167  1167 D StrictMode: 	at android.app.ActivityThread.main(ActivityThread.java:6121)
01-01 00:00:45.279  1167  1167 D StrictMode: 	at java.lang.reflect.Method.invoke(Native Method)
01-01 00:00:45.279  1167  1167 D StrictMode: 	at com.android.internal.os.ZygoteInit$MethodAndArgsCaller.run(ZygoteInit.java:890)
01-01 00:00:45.279  1167  1167 D StrictMode: 	at com.android.internal.os.ZygoteInit.main(ZygoteInit.java:780)
01-01 00:00:45.279  1167  1167 D StrictMode: StrictMode policy violation; ~duration=136 ms: android.os.StrictMode$StrictModeDiskWriteViolation: policy=65565 violation=1
01-01 00:00:45.279  1167  1167 D StrictMode: 	at android.os.StrictMode$AndroidBlockGuardPolicy.onWriteToDisk(StrictMode.java:1253)
01-01 00:00:45.279  1167  1167 D StrictMode: 	at libcore.io.BlockGuardOs.chmod(BlockGuardOs.java:73)
01-01 00:00:45.279  1167  1167 D StrictMode: 	at android.system.Os.chmod(Os.java:68)
01-01 00:00:45.279  1167  1167 D StrictMode: 	at android.app.ContextImpl.ensurePrivateDirExists(ContextImpl.java:515)
01-01 00:00:45.279  1167  1167 D StrictMode: 	at android.app.ContextImpl.getPreferencesDir(ContextImpl.java:468)
01-01 00:00:45.279  1167  1167 D StrictMode: 	at android.app.ContextImpl.getSharedPreferencesPath(ContextImpl.java:627)
01-01 00:00:45.279  1167  1167 D StrictMode: 	at android.app.ContextImpl.getSharedPreferences(ContextImpl.java:345)
01-01 00:00:45.279  1167  1167 D StrictMode: 	at android.content.ContextWrapper.getSharedPreferences(ContextWrapper.java:164)
01-01 00:00:45.279  1167  1167 D StrictMode: 	at android.preference.PreferenceManager.getDefaultSharedPreferences(PreferenceManager.java:487)
01-01 00:00:45.279  1167  1167 D StrictMode: 	at com.android.providers.contacts.FastScrollingIndexCache.getInstance(FastScrollingIndexCache.java:95)
01-01 00:00:45.279  1167  1167 D StrictMode: 	at com.android.providers.contacts.ContactsProvider2.initialize(ContactsProvider2.java:1573)
01-01 00:00:45.279  1167  1167 D StrictMode: 	at com.android.providers.contacts.ContactsProvider2.onCreate(ContactsProvider2.java:1548)
01-01 00:00:45.279  1167  1167 D StrictMode: 	at android.content.ContentProvider.attachInfo(ContentProvider.java:1751)
01-01 00:00:45.279  1167  1167 D StrictMode: 	at android.content.ContentProvider.attachInfo(ContentProvider.java:1726)
01-01 00:00:45.279  1167  1167 D StrictMode: 	at android.app.ActivityThread.installProvider(ActivityThread.java:5855)
01-01 00:00:45.279  1167  1167 D StrictMode: 	at android.app.ActivityThread.installContentProviders(ActivityThread.java:5447)
01-01 00:00:45.279  1167  1167 D StrictMode: 	at android.app.ActivityThread.handleBindApplication(ActivityThread.java:5386)
01-01 00:00:45.279  1167  1167 D StrictMode: 	at android.app.ActivityThread.-wrap2(ActivityThread.java)
01-01 00:00:45.279  1167  1167 D StrictMode: 	at android.app.ActivityThread$H.handleMessage(ActivityThread.java:1546)
01-01 00:00:45.279  1167  1167 D StrictMode: 	at android.os.Handler.dispatchMessage(Handler.java:102)
01-01 00:00:45.279  1167  1167 D StrictMode: 	at android.os.Looper.loop(Looper.java:154)
01-01 00:00:45.279  1167  1167 D StrictMode: 	at android.app.ActivityThread.main(ActivityThread.java:6121)
01-01 00:00:45.279  1167  1167 D StrictMode: 	at java.lang.reflect.Method.invoke(Native Method)
01-01 00:00:45.279  1167  1167 D StrictMode: 	at com.android.internal.os.ZygoteInit$MethodAndArgsCaller.run(ZygoteInit.java:890)
01-01 00:00:45.279  1167  1167 D StrictMode: 	at com.android.internal.os.ZygoteInit.main(ZygoteInit.java:780)
01-01 00:00:45.296  1167  1167 I ContactsUpgradeReceiver: Creating or opening contacts database
01-01 00:00:45.339  1167  1182 I ContactsDatabaseHelper: Bootstrapping database version: 1111
01-01 00:00:45.610  1167  1182 I ContactsProviderV1: Bootstrapping database legacy support
01-01 00:00:45.869  1151  1151 I CalendarProvider2: Sending notification intent: Intent { act=android.intent.action.PROVIDER_CHANGED dat=content://com.android.calendar flg=0x20000000 }
01-01 00:00:45.869  1151  1151 W ContentResolver: Failed to get type for: content://com.android.calendar (Unknown URL content://com.android.calendar)
01-01 00:00:45.989  1167  1184 I CallLogDatabaseHelper: Migrating from old tables...
01-01 00:00:45.992  1167  1184 I CallLogDatabaseHelper: Source tables don't exist.
01-01 00:00:46.146  1167  1182 I ContactLocale: AddressBook Labels [[en_US]]: [â€¦, A, B, C, D, E, F, G, H, I, J, K, L, M, N, O, P, Q, R, S, T, U, V, W, X, Y, Z, Î‘, Î’, Î“, Î”, Î•, Î–, Î—, Î˜, Î™, Îš, Î Îœ, Î, Îž, ÎŸ, Î , Î¡, Î£, Î¤, Î¥, Î¦, Î§, Î¨, Î©, â€¦, Ð, Ð‘, Ð’, Ð“, Ð”, Ð‚, Ð•, Ð„, Ð–, Ð—, Ð˜, Ð†, Ð™, Ðˆ, Ðš, Ð Ð‰, Ðœ, Ð, ÐŠ, Ðž, ÐŸ, Ð , Ð¡, Ð¢, Ð‹, Ð£, Ð¤, Ð¥, Ð¦, Ð§, Ð, Ð¨, Ð©, Ð®, Ð¯, â€¦, ×, ×‘, ×’, ×“, ×”, ×•, ×–, ×—, ×˜, ×™, × ×œ, ×ž, × , ×¡, ×¢, ×¤, ×¦, ×§, ×¨, ×©, ×ª, â€¦, Ø§, Ø¨, Øª, Ø«, Ø¬, Ø­, Ø®, Ø¯, Ø°, Ø±, Ø², Ø³, Ø´, Øµ, Ø¶, Ø·, Ø¸, Ø¹, Øº, Ù, Ù‚, Ùƒ, Ù„, Ù…, Ù†, Ù‡, Ùˆ, ÙŠ, â€¦, à¸, à¸‚, à¸ƒ, à¸„, à¸…, à¸†, à¸‡, à¸ˆ, à¸‰, à¸Š, à¸‹, à¸Œ, à¸, à¸Ž, à¸, à¸, à¸‘, à¸’, à¸“, à¸”, à¸•, à¸–, à¸—, à¸˜, à¸™, à¸š, à¸ à¸œ, à¸, à¸ž, à¸Ÿ, à¸ , à¸¡, à¸¢, à¸£, à¸¤, à¸¥, à¸¦, à¸§, à¸¨, à¸©, à¸ª, à¸«, à¸¬, à¸­, à¸®, â€¦, ã„±, ã„´, ã„·, ã„¹, ã…, ã…‚, ã……, ã…‡, ã…ˆ, ã…Š, ã…‹, ã…Œ, ã…, ã…Ž, â€¦, ã‚, ã‹, ã•, ãŸ, ãª, ã¯, ã¾, ã‚„, ã‚‰, ã‚, #, â€¦]
01-01 00:00:46.153  1167  1167 I ContactsDatabaseHelper: Bootstrapping database version: 1111
01-01 00:00:46.260  1167  1184 I CallLogDatabaseHelper: Migrating from old tables...
01-01 00:00:46.262  1167  1184 I CallLogDatabaseHelper: Source tables don't exist.
01-01 00:00:46.472  1167  1167 I ContactsProviderV1: Bootstrapping database legacy support
01-01 00:00:46.766   548   568 I art     : Starting a blocking GC Explicit
01-01 00:00:46.814  1167  1167 I ContactsProvider: Locale has changed from null to [en_US]
01-01 00:00:46.830  1167  1167 I ContactsDatabaseHelper: Switching to locale [en_US] (ICU v56.1)
01-01 00:00:46.918   548   568 I art     : Explicit concurrent mark sweep GC freed 8506(436KB) AllocSpace objects, 3(60KB) LOS objects, 33% free, 5MB/7MB, paused 2.931ms total 150.084ms
01-01 00:00:47.014   548   574 I ActivityManager:   Force finishing activity ActivityRecord{e67e82f u0 com.android.provision/.DefaultActivity t3 f}
01-01 00:00:47.014   548   574 W ActivityManager: Duplicate finish request for ActivityRecord{e67e82f u0 com.android.provision/.DefaultActivity t3 f}
01-01 00:00:47.019   548   561 E ActivityManager: Found activity ActivityRecord{e67e82f u0 com.android.provision/.DefaultActivity t3 f} in proc activity list using null instead of expected ProcessRecord{e8e3993 1079:com.android.provision/u0a21}
01-01 00:00:47.034   548   568 W art     : Before Android 4.1, method double java.util.concurrent.ThreadLocalRandom.internalNextDouble(double, double) would have incorrectly overridden the package-private method in java.util.Random
01-01 00:00:47.034   548   568 W art     : Before Android 4.1, method int java.util.concurrent.ThreadLocalRandom.internalNextInt(int, int) would have incorrectly overridden the package-private method in java.util.Random
01-01 00:00:47.035   548   568 W art     : Before Android 4.1, method long java.util.concurrent.ThreadLocalRandom.internalNextLong(long, long) would have incorrectly overridden the package-private method in java.util.Random
01-01 00:00:47.046   548   582 I InputReader: Reconfiguring input devices.  changes=0x00000010
01-01 00:00:47.063   548   582 I InputReader: Reconfiguring input devices.  changes=0x00000010
01-01 00:00:47.067   743   743 E PhoneInterfaceManager: [PhoneIntfMgr] getCarrierPackageNamesForIntent: No UICC
01-01 00:00:47.068   743   743 D CarrierSvcBindHelper: No carrier app for: 0
01-01 00:00:47.073  1167  1167 I ContactsDatabaseHelper: Locale change completed in 242ms
01-01 00:00:47.073   743   743 E PhoneInterfaceManager: [PhoneIntfMgr] getCarrierPackageNamesForIntent: No UICC
01-01 00:00:47.073   743   743 D CarrierSvcBindHelper: No carrier app for: 0
01-01 00:00:47.075  1167  1167 I ContactsDatabaseHelper: Switching to locale [en_US] (ICU v56.1)
01-01 00:00:47.126   548   560 W ResourceType: No known package when getting value for resource number 0x7f0200fc
01-01 00:00:47.126   548   560 W ResourceType: No known package when getting value for resource number 0x7f0e03ac
01-01 00:00:47.126   548   560 W ResourceType: No known package when getting value for resource number 0x7f0200fb
01-01 00:00:47.126   548   560 W ResourceType: No known package when getting value for resource number 0x7f0e093c
01-01 00:00:47.126   548   560 W ResourceType: No known package when getting value for resource number 0x7f0200fa
01-01 00:00:47.126   548   560 W ResourceType: No known package when getting value for resource number 0x7f0e07ea
01-01 00:00:47.222  1167  1182 I ContactDirectoryManager: deleted 0 stale rows which don't have any relevant directory
01-01 00:00:47.266  1167  1182 I ContactDirectoryManager: Discovered 0 contact directories in 187ms
01-01 00:00:47.272  1167  1182 I ContactsProvider: Locale has changed from null to [en_US]
01-01 00:00:47.299  1167  1167 I ContactsDatabaseHelper: Locale change completed in 224ms
01-01 00:00:47.426   548   562 I Choreographer: Skipped 306 frames!  The application may be doing too much work on its main thread.
01-01 00:00:47.444  1099  1099 I Choreographer: Skipped 264 frames!  The application may be doing too much work on its main thread.
01-01 00:00:47.454   548   568 I ActivityManager: Displayed android/com.android.internal.app.ResolverActivity: +4s778ms
01-01 00:00:47.498   548   788 I PreBootBroadcaster: Pre-boot of {com.android.providers.media/com.android.providers.media.MediaUpgradeReceiver} for user 0
01-01 00:00:47.572   548   788 W ActivityManager: Slow operation: 72ms so far, now at startProcess: returned from zygote!
01-01 00:00:47.572   548   788 W ActivityManager: Slow operation: 72ms so far, now at startProcess: done updating battery stats
01-01 00:00:47.572   548   788 W ActivityManager: Slow operation: 72ms so far, now at startProcess: building log message
01-01 00:00:47.572   548   788 I ActivityManager: Start proc 1186:com.android.calendar/u0a35 for broadcast com.android.calendar/.alerts.AlertReceiver
01-01 00:00:47.572   548   788 W ActivityManager: Slow operation: 72ms so far, now at startProcess: starting to update pids map
01-01 00:00:47.572   548   788 W ActivityManager: Slow operation: 72ms so far, now at startProcess: done updating pids map
01-01 00:00:47.572   548   788 W ActivityManager: Slow operation: 73ms so far, now at startProcess: done starting proc!
01-01 00:00:47.614  1167  1182 I ContactsFTS: Rebuild contact search index in 122ms, 0 contacts
01-01 00:00:47.701  1167  1182 I ContactsProvider: Upgrading aggregation algorithm
01-01 00:00:47.704  1167  1182 I ContactAggregator: Marked all visible contacts for aggregation: 0 raw contacts, 2 ms
01-01 00:00:47.726  1186  1186 W System  : ClassLoader referenced unknown path: /system/app/Calendar/lib/arm
01-01 00:00:47.761  1167  1182 I ContactsProvider: Aggregation algorithm upgraded for 0 raw contacts in 59ms
01-01 00:00:47.845  1186  1186 D ExtensionsFactory: No custom extensions.
01-01 00:00:47.893  1186  1186 D AlertReceiver: onReceive: a=android.intent.action.PROVIDER_CHANGED Intent { act=android.intent.action.PROVIDER_CHANGED dat=content://com.android.calendar flg=0x20000010 cmp=com.android.calendar/.alerts.AlertReceiver }
01-01 00:00:47.920  1186  1205 D AlertService: 0 Action = android.intent.action.PROVIDER_CHANGED
01-01 00:00:47.956  1117  1117 I MediaUpgradeReceiver: ---> Start upgrade of media database external.db
01-01 00:00:48.032  1117  1117 I MediaUpgradeReceiver: <--- Finished upgrade of media database external.db in 76ms
01-01 00:00:48.033   548   558 I PreBootBroadcaster: Pre-boot of {com.android.settings/com.android.settings.SettingsInitialize} for user 0
01-01 00:00:48.048   548   788 D ActivityManager: Sending BOOT_COMPLETE user #0
01-01 00:00:48.129   548  1211 E BootReceiver: Error reading /data/system/last-header.txt
01-01 00:00:48.129   548  1211 E BootReceiver: java.io.FileNotFoundException: /data/system/last-header.txt (No such file or directory)
01-01 00:00:48.129   548  1211 E BootReceiver: 	at java.io.FileInputStream.open(Native Method)
01-01 00:00:48.129   548  1211 E BootReceiver: 	at java.io.FileInputStream.<init>(FileInputStream.java:146)
01-01 00:00:48.129   548  1211 E BootReceiver: 	at android.os.FileUtils.readTextFile(FileUtils.java:263)
01-01 00:00:48.129   548  1211 E BootReceiver: 	at com.android.server.BootReceiver.getPreviousBootHeaders(BootReceiver.java:121)
01-01 00:00:48.129   548  1211 E BootReceiver: 	at com.android.server.BootReceiver.getBootHeadersToLogAndUpdate(BootReceiver.java:143)
01-01 00:00:48.129   548  1211 E BootReceiver: 	at com.android.server.BootReceiver.logBootEvents(BootReceiver.java:163)
01-01 00:00:48.129   548  1211 E BootReceiver: 	at com.android.server.BootReceiver.-wrap2(BootReceiver.java)
01-01 00:00:48.129   548  1211 E BootReceiver: 	at com.android.server.BootReceiver$1.run(BootReceiver.java:93)
01-01 00:00:48.132   548  1211 I RecoverySystem: No recovery log file
01-01 00:00:48.133   548  1211 I BootReceiver: No existing last log timestamp file /data/system/log-files.xml; starting empty
01-01 00:00:48.147   548   548 I ActivityManager: Start proc 1212:com.android.dialer/u0a10 for broadcast com.android.dialer/.calllog.CallLogReceiver
01-01 00:00:48.158   548  1211 I BootReceiver: Copying audit failures to DropBox
01-01 00:00:48.159   548  1211 I BootReceiver: Checking for fsck errors
01-01 00:00:48.181  1117  1127 I art     : HomogeneousSpaceCompact marksweep + semispace GC freed 15081(680KB) AllocSpace objects, 2(40KB) LOS objects, 24% free, 1627KB/2MB, paused 69.742ms total 69.742ms
01-01 00:00:48.243  1212  1212 W System  : ClassLoader referenced unknown path: /system/priv-app/Dialer/lib/arm
01-01 00:00:48.399  1212  1212 D ExtensionsFactory: No custom extensions.
01-01 00:00:48.407  1212  1212 I BlockedNumbersAuto: Updating state as already checked for auto-migrate.
01-01 00:00:48.441  1212  1212 I BlockedNumbersAuto: Attempting to auto-migrate.
01-01 00:00:48.488   743   743 D CarrierConfigLoader: mHandler: 13 phoneId: 0
01-01 00:00:48.488   743   743 D CarrierConfigLoader: mHandler: 7 phoneId: 0
01-01 00:00:48.489   743   743 E CarrierConfigLoader: Cannot restore config with null packageName or iccid.
01-01 00:00:48.489   743   743 D CarrierConfigLoader: Binding to com.android.carrierconfig for phone 0
01-01 00:00:48.511  1212  1232 W CountryDetector: No location permissions, not registering for location updates.
01-01 00:00:48.521   548  1093 I ActivityManager: Start proc 1233:com.android.carrierconfig/u0a5 for service com.android.carrierconfig/.DefaultCarrierConfigService
01-01 00:00:48.536  1186  1186 D AlertReceiver: onReceive: a=android.intent.action.BOOT_COMPLETED Intent { act=android.intent.action.BOOT_COMPLETED flg=0x9000010 cmp=com.android.calendar/.alerts.AlertReceiver (has extras) }
01-01 00:00:48.555  1030  1030 I AlarmClock: AlarmInitReceiver android.intent.action.BOOT_COMPLETED
01-01 00:00:48.641  1233  1233 W System  : ClassLoader referenced unknown path: /system/priv-app/CarrierConfig/lib/arm
01-01 00:00:48.643  1212  1212 I BlockedNumbersAuto: Auto-migrating: no blocked numbers.
01-01 00:00:48.669   548   631 I ActivityManager: Start proc 1249:com.android.email/u0a43 for broadcast com.android.email/.service.EmailUpgradeBroadcastReceiver
01-01 00:00:48.689  1233  1233 D DefaultCarrierConfigService: Service created
01-01 00:00:48.692   743   743 D CarrierConfigLoader: Connected to config app: com.android.carrierconfig/com.android.carrierconfig.DefaultCarrierConfigService
01-01 00:00:48.692   743   743 D CarrierConfigLoader: mHandler: 3 phoneId: 0
01-01 00:00:48.695  1233  1247 D DefaultCarrierConfigService: Config being fetched
01-01 00:00:48.698  1233  1247 D DefaultCarrierConfigService: java.io.FileNotFoundException: carrier_config_.xml
01-01 00:00:48.710   743   743 E CarrierConfigLoader: Cannot save config with null packageName or iccid.
01-01 00:00:48.713   743   743 D CarrierConfigLoader: mHandler: 5 phoneId: 0
01-01 00:00:48.715   743   743 E PhoneInterfaceManager: [PhoneIntfMgr] getCarrierPackageNamesForIntent: No UICC
01-01 00:00:48.740   548   548 I Telecom : PhoneAccountRegistrar: SimCallManager queried, returning: null: TSI.gSCMFU@AA8
01-01 00:00:48.792  1249  1249 W System  : ClassLoader referenced unknown path: /system/app/Email/lib/arm
01-01 00:00:49.017   548   761 W ActivityManager: Unable to start service Intent { act=com.android.email.EXCHANGE_INTENT pkg=com.android.exchange } U=0: not found
01-01 00:00:49.035  1249  1265 D ActivityThread: Loading provider com.android.email.provider;com.android.email.notifier: com.android.email.provider.EmailProvider
01-01 00:00:49.042  1249  1266 D ActivityThread: Loading provider com.android.email.provider;com.android.email.notifier: com.android.email.provider.EmailProvider
01-01 00:00:49.042   548   761 W ActivityManager: Unable to start service Intent { act=com.android.email.EXCHANGE_INTENT pkg=com.android.exchange } U=0: not found
01-01 00:00:49.047   548   559 W ActivityManager: Unable to start service Intent { act=com.android.email.EXCHANGE_INTENT pkg=com.android.exchange } U=0: not found
01-01 00:00:49.055  1249  1249 D ActivityThread: Loading provider com.android.email.provider;com.android.email.notifier: com.android.email.provider.EmailProvider
01-01 00:00:49.058   548   761 W ActivityManager: Unable to start service Intent { act=com.android.email.EXCHANGE_INTENT pkg=com.android.exchange } U=0: not found
01-01 00:00:49.396   548   559 W ActivityManager: Unable to start service Intent { act=com.android.mail.action.BACKUP_DATA_CHANGED pkg=com.android.email } U=0: not found
01-01 00:00:49.398   548  1093 W ActivityManager: Unable to start service Intent { act=com.android.mail.action.BACKUP_DATA_CHANGED pkg=com.android.email } U=0: not found
01-01 00:00:49.400   548   771 W ActivityManager: Unable to start service Intent { cmp=com.android.email/.service.AttachmentService } U=0: not found
01-01 00:00:49.401   548   761 W ActivityManager: Unable to start service Intent { act=com.android.mail.action.BACKUP_DATA_CHANGED pkg=com.android.email } U=0: not found
01-01 00:00:49.403   548   631 W ActivityManager: Unable to start service Intent { act=com.android.mail.action.BACKUP_DATA_CHANGED pkg=com.android.email } U=0: not found
01-01 00:00:49.405   548   558 W ActivityManager: Unable to start service Intent { act=com.android.mail.action.BACKUP_DATA_CHANGED pkg=com.android.email } U=0: not found
01-01 00:00:49.407   548   771 W ActivityManager: Unable to start service Intent { act=com.android.mail.action.BACKUP_DATA_CHANGED pkg=com.android.email } U=0: not found
01-01 00:00:49.410   548   559 W ActivityManager: Unable to start service Intent { act=com.android.mail.action.BACKUP_DATA_CHANGED pkg=com.android.email } U=0: not found
01-01 00:00:49.419  1249  1270 I Email   : Observing account changes for notifications
01-01 00:00:49.436   548   631 W ActivityManager: Unable to start service Intent { cmp=com.android.email/.service.AttachmentService } U=0: not found
01-01 00:00:49.452   548   631 W ActivityManager: Unable to start service Intent { act=com.android.email.EXCHANGE_INTENT pkg=com.android.exchange } U=0: not found
01-01 00:00:49.462   548  1093 W ActivityManager: Unable to start service Intent { cmp=com.android.email/.service.AttachmentService } U=0: not found
01-01 00:00:49.488   548   559 I ActivityManager: Start proc 1273:com.android.gallery3d/u0a46 for broadcast com.android.gallery3d/com.android.camera.DisableCameraReceiver
01-01 00:00:49.489   548   788 W ActivityManager: Unable to start service Intent { act=com.android.email.EXCHANGE_INTENT pkg=com.android.exchange } U=0: not found
01-01 00:00:49.498   548   771 W ActivityManager: Unable to start service Intent { cmp=com.android.email/.service.AttachmentService } U=0: not found
01-01 00:00:49.500  1249  1272 I Email   : Onetime initialization: 1
01-01 00:00:49.504  1249  1272 I Email   : Onetime initialization: 2
01-01 00:00:49.523  1249  1272 I Email   : Onetime initialization: completed.
01-01 00:00:49.542   548   558 W ActivityManager: Unable to start service Intent { act=com.android.email.EXCHANGE_INTENT pkg=com.android.exchange } U=0: not found
01-01 00:00:49.597   548   631 W ActivityManager: Unable to start service Intent { act=com.android.email.EXCHANGE_INTENT pkg=com.android.exchange } U=0: not found
01-01 00:00:49.608   548   788 W ActivityManager: Unable to start service Intent { act=com.android.email.EXCHANGE_INTENT pkg=com.android.exchange } U=0: not found
01-01 00:00:49.612   548   631 W ActivityManager: Unable to start service Intent { act=com.android.email.EXCHANGE_INTENT pkg=com.android.exchange } U=0: not found
01-01 00:00:49.620  1249  1249 E ActivityThread: Service com.android.email.service.EmailBroadcastProcessorService has leaked ServiceConnection com.android.emailcommon.service.ServiceProxy$ProxyConnection@7f1b36d that was originally bound here
01-01 00:00:49.620  1249  1249 E ActivityThread: android.app.ServiceConnectionLeaked: Service com.android.email.service.EmailBroadcastProcessorService has leaked ServiceConnection com.android.emailcommon.service.ServiceProxy$ProxyConnection@7f1b36d that was originally bound here
01-01 00:00:49.620  1249  1249 E ActivityThread: 	at android.app.LoadedApk$ServiceDispatcher.<init>(LoadedApk.java:1336)
01-01 00:00:49.620  1249  1249 E ActivityThread: 	at android.app.LoadedApk.getServiceDispatcher(LoadedApk.java:1231)
01-01 00:00:49.620  1249  1249 E ActivityThread: 	at android.app.ContextImpl.bindServiceCommon(ContextImpl.java:1450)
01-01 00:00:49.620  1249  1249 E ActivityThread: 	at android.app.ContextImpl.bindService(ContextImpl.java:1422)
01-01 00:00:49.620  1249  1249 E ActivityThread: 	at android.content.ContextWrapper.bindService(ContextWrapper.java:636)
01-01 00:00:49.620  1249  1249 E ActivityThread: 	at com.android.emailcommon.service.ServiceProxy.setTask(ServiceProxy.java:181)
01-01 00:00:49.620  1249  1249 E ActivityThread: 	at com.android.emailcommon.service.ServiceProxy.test(ServiceProxy.java:224)
01-01 00:00:49.620  1249  1249 E ActivityThread: 	at com.android.email.service.EmailServiceUtils.isServiceAvailable(EmailServiceUtils.java:160)
01-01 00:00:49.620  1249  1249 E ActivityThread: 	at com.android.email.provider.AccountReconciler.reconcileAccountsInternal(AccountReconciler.java:171)
01-01 00:00:49.620  1249  1249 E ActivityThread: 	at com.android.email.provider.AccountReconciler.reconcileAccounts(AccountReconciler.java:115)
01-01 00:00:49.620  1249  1249 E ActivityThread: 	at com.android.email.service.EmailBroadcastProcessorService.reconcileAndStartServices(EmailBroadcastProcessorService.java:305)
01-01 00:00:49.620  1249  1249 E ActivityThread: 	at com.android.email.service.EmailBroadcastProcessorService.onBootCompleted(EmailBroadcastProcessorService.java:295)
01-01 00:00:49.620  1249  1249 E ActivityThread: 	at com.android.email.service.EmailBroadcastProcessorService.onHandleIntent(EmailBroadcastProcessorService.java:130)
01-01 00:00:49.620  1249  1249 E ActivityThread: 	at android.app.IntentService$ServiceHandler.handleMessage(IntentService.java:68)
01-01 00:00:49.620  1249  1249 E ActivityThread: 	at android.os.Handler.dispatchMessage(Handler.java:102)
01-01 00:00:49.620  1249  1249 E ActivityThread: 	at android.os.Looper.loop(Looper.java:154)
01-01 00:00:49.620  1249  1249 E ActivityThread: 	at android.os.HandlerThread.run(HandlerThread.java:61)
01-01 00:00:49.621   548   761 W ActivityManager: Unbind failed: could not find connection for android.os.BinderProxy@b424948
01-01 00:00:49.741  1273  1273 I G:DisableCameraReceiver: no back camera
01-01 00:00:49.741  1273  1273 I G:DisableCameraReceiver: disable all camera activities
01-01 00:00:49.748   633   633 I SystemBroadcastReceiver: Boot has been completed
01-01 00:00:49.749   633   633 I SystemBroadcastReceiver: toggleAppIcon() : FLAG_SYSTEM = true
01-01 00:00:49.815   548   788 I ActivityManager: Start proc 1288:com.android.onetimeinitializer/u0a19 for broadcast com.android.onetimeinitializer/.OneTimeInitializerReceiver
01-01 00:00:49.927  1288  1288 W System  : ClassLoader referenced unknown path: /system/priv-app/OneTimeInitializer/lib/arm
01-01 00:00:49.967  1288  1288 V OneTimeInitializerRece: OneTimeInitializerReceiver.onReceive
01-01 00:00:49.985   743   743 V VvmBootCompletedRcvr: processing subId list
01-01 00:00:50.035  1288  1302 I OneTimeInitializerServ: Updating to version 1.
01-01 00:00:50.072   548   761 I ActivityManager: Start proc 1305:com.android.launcher/u0a16 for content provider com.android.launcher/com.android.launcher2.LauncherProvider
01-01 00:00:50.173  1305  1305 W System  : ClassLoader referenced unknown path: /system/priv-app/Launcher2/lib/arm
01-01 00:00:50.248   548   631 I ActivityManager: Start proc 1320:com.embitel.core/u0a52 for broadcast com.embitel.core/.obd.SystemBootReceiver
01-01 00:00:50.326  1320  1320 W System  : ClassLoader referenced unknown path: /system/app/OBD/lib/arm
01-01 00:00:50.359  1320  1320 D SystemBootReceiver: SystemBootReceiver
01-01 00:00:50.378  1320  1320 D com.embitel.core.obd.VCANCoreService: VCANCoreService
01-01 00:00:50.380  1320  1320 D com.embitel.core.obd.VCANCoreService: onStartCommand
01-01 00:00:50.390   548   559 I ActivityManager: Start proc 1336:com.embitel.hud/u0a48 for broadcast com.embitel.hud/.BootReceiver
01-01 00:00:50.409  1117  1316 I MediaProvider: Upgrading media database from version 0 to 800, which will destroy all old data
01-01 00:00:50.416  1336  1336 I art     : Late-enabling -Xcheck:jni
01-01 00:00:50.420  1320  1320 I Thread-2: type=1400 audit(0.0:40): avc: denied { write } for name="vcan" dev="tmpfs" ino=10840 scontext=u:r:untrusted_app:s0:c512,c768 tcontext=u:object_r:socket_device:s0 tclass=sock_file permissive=1
01-01 00:00:50.420  1320  1320 I Thread-2: type=1400 audit(0.0:41): avc: denied { connectto } for path="/dev/socket/vcan" scontext=u:r:untrusted_app:s0:c512,c768 tcontext=u:r:obd:s0 tclass=unix_stream_socket permissive=1
01-01 00:00:50.426  1320  1335 I com.embitel.core.obd.VCANCoreService: Trying to establish connection with obd
01-01 00:00:50.426  1320  1335 I com.embitel.core.obd.VCANCoreService: Trying to establish connection with obd
01-01 00:00:50.434   269   283 I /system/bin/obd: V-CAN local socket connected
01-01 00:00:50.451  1320  1335 I com.embitel.core.obd.VCANCoreService: Connected to OBD Stack
01-01 00:00:50.543  1336  1336 W System  : ClassLoader referenced unknown path: /system/app/HUDCore/lib/arm
01-01 00:00:50.606  1336  1336 D EventPriorityService:  Requested binding to Event Priority 
01-01 00:00:50.611  1320  1320 D DASyncConnectThread: onServiceConnected
01-01 00:00:50.615  1336  1336 D BootReceiver: Boot receiver action:android.intent.action.BOOT_COMPLETED
01-01 00:00:50.622  1336  1336 D BootReceiver: EventPriorityService already running
01-01 00:00:50.666   548  1093 I ActivityManager: Start proc 1353:com.embitel.ujetlauncher/u0a27 for broadcast com.embitel.ujetlauncher/.BootReceiver
01-01 00:00:50.710  1117  1316 D MediaProvider: Adjusting external storage paths to: /storage/emulated/0
01-01 00:00:50.768  1353  1353 W System  : ClassLoader referenced unknown path: /system/priv-app/UjetLauncher/lib/arm
01-01 00:00:50.816  1353  1353 D BootReceiver: Boot Completed
01-01 00:00:50.817  1353  1353 I Process : Sending signal. PID: 1353 SIG: 9
01-01 00:00:50.831  1117  1316 E SQLiteLog: (1) no such table: files
01-01 00:00:50.855  1117  1316 I MediaScanner: forcing rescan of /system/media/audio/alarms/Alarm_Beep_01.ogg since build fingerprint changed
01-01 00:00:50.891   548   771 I ActivityManager: Process com.embitel.ujetlauncher (pid 1353) has died
01-01 00:00:50.891   548   771 D ActivityManager: cleanUpApplicationRecord -- 1353
01-01 00:00:50.901   743   743 I VvmSimChangeReceiver: Received SIM change for invalid subscription id.
01-01 00:00:50.909  1117  1316 I MediaScanner: forcing rescan of /system/media/audio/alarms/Alarm_Beep_02.ogg since build fingerprint changed
01-01 00:00:50.948  1117  1316 I MediaScanner: forcing rescan of /system/media/audio/alarms/Alarm_Beep_03.ogg since build fingerprint changed
01-01 00:00:51.025  1117  1316 I MediaScanner: forcing rescan of /system/media/audio/alarms/Alarm_Buzzer.ogg since build fingerprint changed
01-01 00:00:51.069  1117  1316 W MediaScanner: forcing rescan of /system/media/audio/alarms/Alarm_Classic.oggsince ringtone setting didn't finish
01-01 00:00:51.110  1117  1316 W MediaProvider: Missing volume for /system; assuming invalid
01-01 00:00:51.113  1117  1316 W MediaProvider: Missing volume for /system/media; assuming invalid
01-01 00:00:51.116  1117  1316 W MediaProvider: Missing volume for /system/media/audio; assuming invalid
01-01 00:00:51.120  1117  1316 W MediaProvider: Missing volume for /system/media/audio/alarms; assuming invalid
01-01 00:00:51.162  1117  1316 W MediaProvider: Missing volume for /system/media/audio/alarms/Alarm_Beep_01.ogg; assuming invalid
01-01 00:00:51.179  1117  1316 W MediaProvider: Missing volume for /system/media/audio/alarms/Alarm_Beep_02.ogg; assuming invalid
01-01 00:00:51.184   279   326 E MetadataRetrieverClient: failed to extract an album art
01-01 00:00:51.184  1117  1316 W MediaProvider: Missing volume for /system/media/audio/alarms/Alarm_Beep_03.ogg; assuming invalid
01-01 00:00:51.190  1117  1316 W MediaProvider: Missing volume for /system/media/audio/alarms/Alarm_Buzzer.ogg; assuming invalid
01-01 00:00:51.236  1117  1316 W MediaProvider: Missing volume for /system/media/audio/alarms/Alarm_Classic.ogg; assuming invalid
01-01 00:00:51.263  1030  1030 I AlarmClock: Detected change to system default alarm ringtone; clearing caches
01-01 00:00:51.283  1117  1316 I MediaScanner: forcing rescan of /system/media/audio/alarms/Alarm_Rooster_02.ogg since build fingerprint changed
01-01 00:00:51.316  1117  1316 I MediaScanner: forcing rescan of /system/media/audio/alarms/Argon.ogg since build fingerprint changed
01-01 00:00:51.386  1117  1316 I MediaScanner: forcing rescan of /system/media/audio/alarms/Barium.ogg since build fingerprint changed
01-01 00:00:51.518  1117  1316 I MediaScanner: forcing rescan of /system/media/audio/alarms/Carbon.ogg since build fingerprint changed
01-01 00:00:51.580  1117  1316 I MediaScanner: forcing rescan of /system/media/audio/alarms/Cesium.ogg since build fingerprint changed
01-01 00:00:51.618  1117  1316 I MediaScanner: forcing rescan of /system/media/audio/alarms/Fermium.ogg since build fingerprint changed
01-01 00:00:51.683  1117  1316 I MediaScanner: forcing rescan of /system/media/audio/alarms/Hassium.ogg since build fingerprint changed
01-01 00:00:51.767  1117  1316 I MediaScanner: forcing rescan of /system/media/audio/alarms/Helium.ogg since build fingerprint changed
01-01 00:00:51.850  1117  1316 I MediaScanner: forcing rescan of /system/media/audio/alarms/Krypton.ogg since build fingerprint changed
01-01 00:00:51.946  1117  1316 I MediaScanner: forcing rescan of /system/media/audio/alarms/Neon.ogg since build fingerprint changed
01-01 00:00:52.023  1117  1316 I MediaScanner: forcing rescan of /system/media/audio/alarms/Neptunium.ogg since build fingerprint changed
01-01 00:00:52.120  1117  1316 I MediaScanner: forcing rescan of /system/media/audio/alarms/Nobelium.ogg since build fingerprint changed
01-01 00:00:52.194  1117  1316 I MediaScanner: forcing rescan of /system/media/audio/alarms/Osmium.ogg since build fingerprint changed
01-01 00:00:52.249  1117  1316 I MediaScanner: forcing rescan of /system/media/audio/alarms/Oxygen.ogg since build fingerprint changed
01-01 00:00:52.291  1117  1316 I MediaScanner: forcing rescan of /system/media/audio/alarms/Platinum.ogg since build fingerprint changed
01-01 00:00:52.356  1117  1316 I MediaScanner: forcing rescan of /system/media/audio/alarms/Plutonium.ogg since build fingerprint changed
01-01 00:00:52.427  1117  1316 I MediaScanner: forcing rescan of /system/media/audio/alarms/Promethium.ogg since build fingerprint changed
01-01 00:00:52.499  1117  1316 I MediaScanner: forcing rescan of /system/media/audio/alarms/Scandium.ogg since build fingerprint changed
01-01 00:00:52.552  1117  1316 I MediaScanner: forcing rescan of /system/media/audio/notifications/Adara.ogg since build fingerprint changed
01-01 00:00:52.579  1117  1316 I MediaScanner: forcing rescan of /system/media/audio/notifications/Aldebaran.ogg since build fingerprint changed
01-01 00:00:52.612  1117  1316 I MediaScanner: forcing rescan of /system/media/audio/notifications/Altair.ogg since build fingerprint changed
01-01 00:00:52.728  1117  1316 I MediaScanner: forcing rescan of /system/media/audio/notifications/Alya.ogg since build fingerprint changed
01-01 00:00:52.791  1117  1316 I MediaScanner: forcing rescan of /system/media/audio/notifications/Antares.ogg since build fingerprint changed
01-01 00:00:52.823  1117  1316 I MediaScanner: forcing rescan of /system/media/audio/notifications/Antimony.ogg since build fingerprint changed
01-01 00:00:52.863  1117  1316 I MediaScanner: forcing rescan of /system/media/audio/notifications/Arcturus.ogg since build fingerprint changed
01-01 00:00:52.931  1186  1205 I GlobalDismissManager: no sender configured
01-01 00:00:52.933  1186  1205 D AlertService: Beginning updateAlertNotification
01-01 00:00:52.943  1117  1316 I MediaScanner: forcing rescan of /system/media/audio/notifications/Argon.ogg since build fingerprint changed
01-01 00:00:52.961  1186  1205 D AlertService: No fired or scheduled alerts
01-01 00:00:53.006  1186  1205 D AlertService: Scheduling next alarm with AlarmScheduler. sEventReminderReceived: null
01-01 00:00:53.032  1186  1205 D AlarmScheduler: No events found starting within 1 week.
01-01 00:00:53.037  1186  1205 D AlertService: 0 Action = android.intent.action.BOOT_COMPLETED
01-01 00:00:53.041  1186  1205 D AlertService: Scheduling next alarm with AlarmScheduler. sEventReminderReceived: null
01-01 00:00:53.049  1117  1316 I MediaScanner: forcing rescan of /system/media/audio/notifications/Beat_Box_Android.ogg since build fingerprint changed
01-01 00:00:53.058  1186  1205 D AlarmScheduler: No events found starting within 1 week.
01-01 00:00:53.105  1117  1316 I MediaScanner: forcing rescan of /system/media/audio/notifications/Bellatrix.ogg since build fingerprint changed
01-01 00:00:53.136  1117  1316 I MediaScanner: forcing rescan of /system/media/audio/notifications/Beryllium.ogg since build fingerprint changed
