01-01 00:01:04.265  1334  1355 D com.embitel.core.obd.OBDDataHandler: processOBDData :: 0x61,66
01-01 00:01:04.266  1334  1355 D com.embitel.core.obd.OBDDataHandler: processOBDData :: 0x5B,37
01-01 00:01:04.266  1334  1355 D com.embitel.core.obd.OBDDataHandler: processOBDData :: 0x7A,1
01-01 00:01:04.266  1334  1355 D com.embitel.core.obd.OBDDataHandler: processOBDData :: 0x7B,2
01-01 00:01:04.266  1334  1355 D com.embitel.core.obd.OBDDataHandler: processOBDData :: 0x7C,128
01-01 00:01:04.278   262   277 I /system/bin/obd: PID: ff
01-01 00:01:04.279   262   277 I /system/bin/obd: vehicleParams.Odo (0xFF):128 
01-01 00:01:04.279  1408  1408 D Updated BATTEMP UI: Updated BATTEMP UI
01-01 00:01:04.363   262   278 I /system/bin/obd: CAN Packet: 0x0D:32,0x2F:60,0xFF:128,0x0F:113,0x5E:63,0x62:12,0x61:66,0x5B:37,0x7A:1,0x7B:2,0x7C:128
01-01 00:01:04.363   262   278 I /system/bin/obd: CAN Packet Length: 88
01-01 00:01:04.363  1334  1355 D com.embitel.core.obd.OBDDataHandler: parseOBDData :: 0x0D:32,0x2F:60,0xFF:128,0x0F:113,0x5E:63,0x62:12,0x61:66,0x5B:37,0x7A:1,0x7B:2,0x7C:128
01-01 00:01:04.363  1334  1355 D com.embitel.core.obd.OBDDataHandler: processOBDData :: 0x0D,32
01-01 00:01:04.364  1334  1355 D com.embitel.core.obd.OBDDataHandler: processOBDData :: 0x2F,60
01-01 00:01:04.365  1334  1355 D com.embitel.core.obd.OBDDataHandler: processOBDData :: 0xFF,128
01-01 00:01:04.365  1334  1355 D com.embitel.core.obd.OBDDataHandler: processOBDData :: 0x0F,113
01-01 00:01:04.365  1334  1355 D com.embitel.core.obd.OBDDataHandler: processOBDData :: 0x5E,63
01-01 00:01:04.366  1334  1355 D com.embitel.core.obd.OBDDataHandler: processOBDData :: 0x62,12
01-01 00:01:04.366  1334  1355 D com.embitel.core.obd.OBDDataHandler: processOBDData :: 0x61,66
01-01 00:01:04.366  1334  1355 D com.embitel.core.obd.OBDDataHandler: processOBDData :: 0x5B,37
01-01 00:01:04.366  1334  1355 D com.embitel.core.obd.OBDDataHandler: processOBDData :: 0x7A,1
01-01 00:01:04.366  1334  1355 D com.embitel.core.obd.OBDDataHandler: processOBDData :: 0x7B,2
01-01 00:01:04.366  1334  1355 D com.embitel.core.obd.OBDDataHandler: processOBDData :: 0x7C,128
01-01 00:01:04.373  1408  1408 D Updated BATTEMP UI: Updated BATTEMP UI
01-01 00:01:04.463   262   278 I /system/bin/obd: CAN Packet: 0x0D:32,0x2F:60,0xFF:128,0x0F:113,0x5E:63,0x62:12,0x61:66,0x5B:37,0x7A:1,0x7B:2,0x7C:128
01-01 00:01:04.463   262   278 I /system/bin/obd: CAN Packet Length: 88
01-01 00:01:04.464  1334  1355 D com.embitel.core.obd.OBDDataHandler: parseOBDData :: 0x0D:32,0x2F:60,0xFF:128,0x0F:113,0x5E:63,0x62:12,0x61:66,0x5B:37,0x7A:1,0x7B:2,0x7C:128
01-01 00:01:04.464  1334  1355 D com.embitel.core.obd.OBDDataHandler: processOBDData :: 0x0D,32
01-01 00:01:04.464  1334  1355 D com.embitel.core.obd.OBDDataHandler: processOBDData :: 0x2F,60
01-01 00:01:04.465  1334  1355 D com.embitel.core.obd.OBDDataHandler: processOBDData :: 0xFF,128
01-01 00:01:04.465  1334  1355 D com.embitel.core.obd.OBDDataHandler: processOBDData :: 0x0F,113
01-01 00:01:04.466  1334  1355 D com.embitel.core.obd.OBDDataHandler: processOBDData :: 0x5E,63
01-01 00:01:04.466  1334  1355 D com.embitel.core.obd.OBDDataHandler: processOBDData :: 0x62,12
01-01 00:01:04.466  1334  1355 D com.embitel.core.obd.OBDDataHandler: processOBDData :: 0x61,66
01-01 00:01:04.467  1334  1355 D com.embitel.core.obd.OBDDataHandler: processOBDData :: 0x5B,37
01-01 00:01:04.467  1334  1355 D com.embitel.core.obd.OBDDataHandler: processOBDData :: 0x7A,1
01-01 00:01:04.467  1334  1355 D com.embitel.core.obd.OBDDataHandler: processOBDData :: 0x7B,2
01-01 00:01:04.467  1334  1355 D com.embitel.core.obd.OBDDataHandler: processOBDData :: 0x7C,128
01-01 00:01:04.472  1408  1408 D Updated BATTEMP UI: Updated BATTEMP UI
01-01 00:01:04.475   262   277 I /system/bin/obd: PID: 2f
01-01 00:01:04.475   262   277 I /system/bin/obd: vehicleParams.FuelIntakeLevel (0x2F) :74 
01-01 00:01:04.564   262   278 I /system/bin/obd: CAN Packet: 0x0D:32,0x2F:74,0xFF:128,0x0F:113,0x5E:63,0x62:12,0x61:66,0x5B:37,0x7A:1,0x7B:2,0x7C:128
01-01 00:01:04.564   262   278 I /system/bin/obd: CAN Packet Length: 88
01-01 00:01:04.564  1334  1355 D com.embitel.core.obd.OBDDataHandler: parseOBDData :: 0x0D:32,0x2F:74,0xFF:128,0x0F:113,0x5E:63,0x62:12,0x61:66,0x5B:37,0x7A:1,0x7B:2,0x7C:128
01-01 00:01:04.564  1334  1355 D com.embitel.core.obd.OBDDataHandler: processOBDData :: 0x0D,32
01-01 00:01:04.565  1334  1355 D com.embitel.core.obd.OBDDataHandler: processOBDData :: 0x2F,74
01-01 00:01:04.566  1334  1355 D com.embitel.core.obd.OBDDataHandler: processOBDData :: 0xFF,128
01-01 00:01:04.566  1334  1355 D com.embitel.core.obd.OBDDataHandler: processOBDData :: 0x0F,113
01-01 00:01:04.566  1334  1355 D com.embitel.core.obd.OBDDataHandler: processOBDData :: 0x5E,63
01-01 00:01:04.567  1334  1355 D com.embitel.core.obd.OBDDataHandler: processOBDData :: 0x62,12
01-01 00:01:04.567  1334  1355 D com.embitel.core.obd.OBDDataHandler: processOBDData :: 0x61,66
01-01 00:01:04.567  1334  1355 D com.embitel.core.obd.OBDDataHandler: processOBDData :: 0x5B,37
01-01 00:01:04.567  1334  1355 D com.embitel.core.obd.OBDDataHandler: processOBDData :: 0x7A,1
01-01 00:01:04.567  1334  1355 D com.embitel.core.obd.OBDDataHandler: processOBDData :: 0x7B,2
01-01 00:01:04.568  1334  1355 D com.embitel.core.obd.OBDDataHandler: processOBDData :: 0x7C,128
01-01 00:01:04.572  1408  1408 D Updated BATTEMP UI: Updated BATTEMP UI
01-01 00:01:04.664   262   278 I /system/bin/obd: CAN Packet: 0x0D:32,0x2F:74,0xFF:128,0x0F:113,0x5E:63,0x62:12,0x61:66,0x5B:37,0x7A:1,0x7B:2,0x7C:128
01-01 00:01:04.664   262   278 I /system/bin/obd: CAN Packet Length: 88
01-01 00:01:04.665  1334  1355 D com.embitel.core.obd.OBDDataHandler: parseOBDData :: 0x0D:32,0x2F:74,0xFF:128,0x0F:113,0x5E:63,0x62:12,0x61:66,0x5B:37,0x7A:1,0x7B:2,0x7C:128
01-01 00:01:04.665  1334  1355 D com.embitel.core.obd.OBDDataHandler: processOBDData :: 0x0D,32
01-01 00:01:04.665  1334  1355 D com.embitel.core.obd.OBDDataHandler: processOBDData :: 0x2F,74
01-01 00:01:04.666  1334  1355 D com.embitel.core.obd.OBDDataHandler: processOBDData :: 0xFF,128
01-01 00:01:04.666  1334  1355 D com.embitel.core.obd.OBDDataHandler: processOBDData :: 0x0F,113
01-01 00:01:04.667  1334  1355 D com.embitel.core.obd.OBDDataHandler: processOBDData :: 0x5E,63
01-01 00:01:04.667  1334  1355 D com.embitel.core.obd.OBDDataHandler: processOBDData :: 0x62,12
01-01 00:01:04.667  1334  1355 D com.embitel.core.obd.OBDDataHandler: processOBDData :: 0x61,66
01-01 00:01:04.668  1334  1355 D com.embitel.core.obd.OBDDataHandler: processOBDData :: 0x5B,37
01-01 00:01:04.668  1334  1355 D com.embitel.core.obd.OBDDataHandler: processOBDData :: 0x7A,1
01-01 00:01:04.668  1334  1355 D com.embitel.core.obd.OBDDataHandler: processOBDData :: 0x7B,2
01-01 00:01:04.668  1334  1355 D com.embitel.core.obd.OBDDataHandler: processOBDData :: 0x7C,128
01-01 00:01:04.672  1408  1408 D Updated BATTEMP UI: Updated BATTEMP UI
01-01 00:01:04.675   262   277 I /system/bin/obd: PID: 5e
01-01 00:01:04.675   262   277 I /system/bin/obd: vehicleParams.EngFuelRate (0x5E) :12 
01-01 00:01:04.765   262   278 I /system/bin/obd: CAN Packet: 0x0D:32,0x2F:74,0xFF:128,0x0F:113,0x5E:12,0x62:12,0x61:66,0x5B:37,0x7A:1,0x7B:2,0x7C:128
01-01 00:01:04.765   262   278 I /system/bin/obd: CAN Packet Length: 88
01-01 00:01:04.765  1334  1355 D com.embitel.core.obd.OBDDataHandler: parseOBDData :: 0x0D:32,0x2F:74,0xFF:128,0x0F:113,0x5E:12,0x62:12,0x61:66,0x5B:37,0x7A:1,0x7B:2,0x7C:128
01-01 00:01:04.765  1334  1355 D com.embitel.core.obd.OBDDataHandler: processOBDData :: 0x0D,32
01-01 00:01:04.766  1334  1355 D com.embitel.core.obd.OBDDataHandler: processOBDData :: 0x2F,74
01-01 00:01:04.766  1334  1355 D com.embitel.core.obd.OBDDataHandler: processOBDData :: 0xFF,128
01-01 00:01:04.767  1334  1355 D com.embitel.core.obd.OBDDataHandler: processOBDData :: 0x0F,113
01-01 00:01:04.767  1334  1355 D com.embitel.core.obd.OBDDataHandler: processOBDData :: 0x5E,12
01-01 00:01:04.768  1334  1355 D com.embitel.core.obd.OBDDataHandler: processOBDData :: 0x62,12
01-01 00:01:04.768  1334  1355 D com.embitel.core.obd.OBDDataHandler: processOBDData :: 0x61,66
01-01 00:01:04.768  1334  1355 D com.embitel.core.obd.OBDDataHandler: processOBDData :: 0x5B,37
01-01 00:01:04.768  1334  1355 D com.embitel.core.obd.OBDDataHandler: processOBDData :: 0x7A,1
01-01 00:01:04.769  1334  1355 D com.embitel.core.obd.OBDDataHandler: processOBDData :: 0x7B,2
01-01 00:01:04.769  1334  1355 D com.embitel.core.obd.OBDDataHandler: processOBDData :: 0x7C,128
01-01 00:01:04.772  1408  1408 D Updated BATTEMP UI: Updated BATTEMP UI
01-01 00:01:04.865   262   278 I /system/bin/obd: CAN Packet: 0x0D:32,0x2F:74,0xFF:128,0x0F:113,0x5E:12,0x62:12,0x61:66,0x5B:37,0x7A:1,0x7B:2,0x7C:128
01-01 00:01:04.865   262   278 I /system/bin/obd: CAN Packet Length: 88
01-01 00:01:04.866  1334  1355 D com.embitel.core.obd.OBDDataHandler: parseOBDData :: 0x0D:32,0x2F:74,0xFF:128,0x0F:113,0x5E:12,0x62:12,0x61:66,0x5B:37,0x7A:1,0x7B:2,0x7C:128
01-01 00:01:04.866  1334  1355 D com.embitel.core.obd.OBDDataHandler: processOBDData :: 0x0D,32
01-01 00:01:04.866  1334  1355 D com.embitel.core.obd.OBDDataHandler: processOBDData :: 0x2F,74
01-01 00:01:04.867  1334  1355 D com.embitel.core.obd.OBDDataHandler: processOBDData :: 0xFF,128
01-01 00:01:04.867  1334  1355 D com.embitel.core.obd.OBDDataHandler: processOBDData :: 0x0F,113
01-01 00:01:04.868  1334  1355 D com.embitel.core.obd.OBDDataHandler: processOBDData :: 0x5E,12
01-01 00:01:04.868  1334  1355 D com.embitel.core.obd.OBDDataHandler: processOBDData :: 0x62,12
01-01 00:01:04.868  1334  1355 D com.embitel.core.obd.OBDDataHandler: processOBDData :: 0x61,66
01-01 00:01:04.869  1334  1355 D com.embitel.core.obd.OBDDataHandler: processOBDData :: 0x5B,37
01-01 00:01:04.869  1334  1355 D com.embitel.core.obd.OBDDataHandler: processOBDData :: 0x7A,1
01-01 00:01:04.869  1334  1355 D com.embitel.core.obd.OBDDataHandler: processOBDData :: 0x7B,2
01-01 00:01:04.869  1334  1355 D com.embitel.core.obd.OBDDataHandler: processOBDData :: 0x7C,128
01-01 00:01:04.874   262   277 I /system/bin/obd: PID: 62
01-01 00:01:04.874   262   277 I /system/bin/obd: vehicleParams.DriverDemandEngTorque (0x62) :55 
01-01 00:01:04.889  1408  1408 D Updated BATTEMP UI: Updated BATTEMP UI
01-01 00:01:04.966   262   278 I /system/bin/obd: CAN Packet: 0x0D:32,0x2F:74,0xFF:128,0x0F:113,0x5E:12,0x62:55,0x61:66,0x5B:37,0x7A:1,0x7B:2,0x7C:128
01-01 00:01:04.966   262   278 I /system/bin/obd: CAN Packet Length: 88
01-01 00:01:04.966  1334  1355 D com.embitel.core.obd.OBDDataHandler: parseOBDData :: 0x0D:32,0x2F:74,0xFF:128,0x0F:113,0x5E:12,0x62:55,0x61:66,0x5B:37,0x7A:1,0x7B:2,0x7C:128
01-01 00:01:04.966  1334  1355 D com.embitel.core.obd.OBDDataHandler: processOBDData :: 0x0D,32
01-01 00:01:04.967  1334  1355 D com.embitel.core.obd.OBDDataHandler: processOBDData :: 0x2F,74
01-01 00:01:04.968  1334  1355 D com.embitel.core.obd.OBDDataHandler: processOBDData :: 0xFF,128
01-01 00:01:04.968  1334  1355 D com.embitel.core.obd.OBDDataHandler: processOBDData :: 0x0F,113
01-01 00:01:04.968  1334  1355 D com.embitel.core.obd.OBDDataHandler: processOBDData :: 0x5E,12
01-01 00:01:04.969  1334  1355 D com.embitel.core.obd.OBDDataHandler: processOBDData :: 0x62,55
01-01 00:01:04.969  1334  1355 D com.embitel.core.obd.OBDDataHandler: processOBDData :: 0x61,66
01-01 00:01:04.969  1334  1355 D com.embitel.core.obd.OBDDataHandler: processOBDData :: 0x5B,37
01-01 00:01:04.969  1334  1355 D com.embitel.core.obd.OBDDataHandler: processOBDData :: 0x7A,1
01-01 00:01:04.969  1334  1355 D com.embitel.core.obd.OBDDataHandler: processOBDData :: 0x7B,2
01-01 00:01:04.970  1334  1355 D com.embitel.core.obd.OBDDataHandler: processOBDData :: 0x7C,128
01-01 00:01:04.989  1408  1408 D Updated BATTEMP UI: Updated BATTEMP UI
01-01 00:01:05.066   262   278 I /system/bin/obd: CAN Packet: 0x0D:32,0x2F:74,0xFF:128,0x0F:113,0x5E:12,0x62:55,0x61:66,0x5B:37,0x7A:1,0x7B:2,0x7C:128
01-01 00:01:05.066   262   278 I /system/bin/obd: CAN Packet Length: 88
01-01 00:01:05.067  1334  1355 D com.embitel.core.obd.OBDDataHandler: parseOBDData :: 0x0D:32,0x2F:74,0xFF:128,0x0F:113,0x5E:12,0x62:55,0x61:66,0x5B:37,0x7A:1,0x7B:2,0x7C:128
01-01 00:01:05.067  1334  1355 D com.embitel.core.obd.OBDDataHandler: processOBDData :: 0x0D,32
01-01 00:01:05.067  1334  1355 D com.embitel.core.obd.OBDDataHandler: processOBDData :: 0x2F,74
01-01 00:01:05.068  1334  1355 D com.embitel.core.obd.OBDDataHandler: processOBDData :: 0xFF,128
01-01 00:01:05.068  1334  1355 D com.embitel.core.obd.OBDDataHandler: processOBDData :: 0x0F,113
01-01 00:01:05.069  1334  1355 D com.embitel.core.obd.OBDDataHandler: processOBDData :: 0x5E,12
01-01 00:01:05.069  1334  1355 D com.embitel.core.obd.OBDDataHandler: processOBDData :: 0x62,55
01-01 00:01:05.069  1334  1355 D com.embitel.core.obd.OBDDataHandler: processOBDData :: 0x61,66
01-01 00:01:05.070  1334  1355 D com.embitel.core.obd.OBDDataHandler: processOBDData :: 0x5B,37
01-01 00:01:05.070  1334  1355 D com.embitel.core.obd.OBDDataHandler: processOBDData :: 0x7A,1
01-01 00:01:05.070  1334  1355 D com.embitel.core.obd.OBDDataHandler: processOBDData :: 0x7B,2
01-01 00:01:05.070  1334  1355 D com.embitel.core.obd.OBDDataHandler: processOBDData :: 0x7C,128
01-01 00:01:05.075   262   277 I /system/bin/obd: PID: f
01-01 00:01:05.075   262   277 I /system/bin/obd: vehicleParams.IntakeAirTemp (0x0F) :40 
01-01 00:01:05.089  1408  1408 D Updated BATTEMP UI: Updated BATTEMP UI
01-01 00:01:05.167   262   278 I /system/bin/obd: CAN Packet: 0x0D:32,0x2F:74,0xFF:128,0x0F:40,0x5E:12,0x62:55,0x61:66,0x5B:37,0x7A:1,0x7B:2,0x7C:128
01-01 00:01:05.167   262   278 I /system/bin/obd: CAN Packet Length: 87
01-01 00:01:05.167  1334  1355 D com.embitel.core.obd.OBDDataHandler: parseOBDData :: 0x0D:32,0x2F:74,0xFF:128,0x0F:40,0x5E:12,0x62:55,0x61:66,0x5B:37,0x7A:1,0x7B:2,0x7C:128
01-01 00:01:05.167  1334  1355 D com.embitel.core.obd.OBDDataHandler: processOBDData :: 0x0D,32
01-01 00:01:05.168  1334  1355 D com.embitel.core.obd.OBDDataHandler: processOBDData :: 0x2F,74
01-01 00:01:05.169  1334  1355 D com.embitel.core.obd.OBDDataHandler: processOBDData :: 0xFF,128
01-01 00:01:05.169  1334  1355 D com.embitel.core.obd.OBDDataHandler: processOBDData :: 0x0F,40
01-01 00:01:05.169  1334  1355 D com.embitel.core.obd.OBDDataHandler: processOBDData :: 0x5E,12
01-01 00:01:05.170  1334  1355 D com.embitel.core.obd.OBDDataHandler: processOBDData :: 0x62,55
01-01 00:01:05.170  1334  1355 D com.embitel.core.obd.OBDDataHandler: processOBDData :: 0x61,66
01-01 00:01:05.171  1334  1355 D com.embitel.core.obd.OBDDataHandler: processOBDData :: 0x5B,37
01-01 00:01:05.171  1334  1355 D com.embitel.core.obd.OBDDataHandler: processOBDData :: 0x7A,1
01-01 00:01:05.171  1334  1355 D com.embitel.core.obd.OBDDataHandler: processOBDData :: 0x7B,2
01-01 00:01:05.171  1334  1355 D com.embitel.core.obd.OBDDataHandler: processOBDData :: 0x7C,128
01-01 00:01:05.189  1408  1408 D Updated BATTEMP UI: Updated BATTEMP UI
01-01 00:01:05.267   262   278 I /system/bin/obd: CAN Packet: 0x0D:32,0x2F:74,0xFF:128,0x0F:40,0x5E:12,0x62:55,0x61:66,0x5B:37,0x7A:1,0x7B:2,0x7C:128
01-01 00:01:05.267   262   278 I /system/bin/obd: CAN Packet Length: 87
01-01 00:01:05.267  1334  1355 D com.embitel.core.obd.OBDDataHandler: parseOBDData :: 0x0D:32,0x2F:74,0xFF:128,0x0F:40,0x5E:12,0x62:55,0x61:66,0x5B:37,0x7A:1,0x7B:2,0x7C:128
01-01 00:01:05.268  1334  1355 D com.embitel.core.obd.OBDDataHandler: processOBDData :: 0x0D,32
01-01 00:01:05.268  1334  1355 D com.embitel.core.obd.OBDDataHandler: processOBDData :: 0x2F,74
01-01 00:01:05.269  1334  1355 D com.embitel.core.obd.OBDDataHandler: processOBDData :: 0xFF,128
01-01 00:01:05.269  1334  1355 D com.embitel.core.obd.OBDDataHandler: processOBDData :: 0x0F,40
01-01 00:01:05.269  1334  1355 D com.embitel.core.obd.OBDDataHandler: processOBDData :: 0x5E,12
01-01 00:01:05.270  1334  1355 D com.embitel.core.obd.OBDDataHandler: processOBDData :: 0x62,55
01-01 00:01:05.270  1334  1355 D com.embitel.core.obd.OBDDataHandler: processOBDData :: 0x61,66
01-01 00:01:05.270  1334  1355 D com.embitel.core.obd.OBDDataHandler: processOBDData :: 0x5B,37
01-01 00:01:05.271  1334  1355 D com.embitel.core.obd.OBDDataHandler: processOBDData :: 0x7A,1
01-01 00:01:05.271  1334  1355 D com.embitel.core.obd.OBDDataHandler: processOBDData :: 0x7B,2
01-01 00:01:05.271  1334  1355 D com.embitel.core.obd.OBDDataHandler: processOBDData :: 0x7C,128
01-01 00:01:05.275   262   277 I /system/bin/obd: PID: 61
01-01 00:01:05.275   262   277 I /system/bin/obd: vehicleParams.ActualEngTorque (0x61) :28 
01-01 00:01:05.290  1408  1408 D Updated BATTEMP UI: Updated BATTEMP UI
01-01 00:01:05.368   262   278 I /system/bin/obd: CAN Packet: 0x0D:32,0x2F:74,0xFF:128,0x0F:40,0x5E:12,0x62:55,0x61:28,0x5B:37,0x7A:1,0x7B:2,0x7C:128
01-01 00:01:05.368   262   278 I /system/bin/obd: CAN Packet Length: 87
01-01 00:01:05.368  1334  1355 D com.embitel.core.obd.OBDDataHandler: parseOBDData :: 0x0D:32,0x2F:74,0xFF:128,0x0F:40,0x5E:12,0x62:55,0x61:28,0x5B:37,0x7A:1,0x7B:2,0x7C:128
01-01 00:01:05.368  1334  1355 D com.embitel.core.obd.OBDDataHandler: processOBDData :: 0x0D,32
01-01 00:01:05.369  1334  1355 D com.embitel.core.obd.OBDDataHandler: processOBDData :: 0x2F,74
01-01 00:01:05.369  1334  1355 D com.embitel.core.obd.OBDDataHandler: processOBDData :: 0xFF,128
01-01 00:01:05.370  1334  1355 D com.embitel.core.obd.OBDDataHandler: processOBDData :: 0x0F,40
01-01 00:01:05.370  1334  1355 D com.embitel.core.obd.OBDDataHandler: processOBDData :: 0x5E,12
01-01 00:01:05.370  1334  1355 D com.embitel.core.obd.OBDDataHandler: processOBDData :: 0x62,55
01-01 00:01:05.371  1334  1355 D com.embitel.core.obd.OBDDataHandler: processOBDData :: 0x61,28
01-01 00:01:05.371  1334  1355 D com.embitel.core.obd.OBDDataHandler: processOBDData :: 0x5B,37
01-01 00:01:05.371  1334  1355 D com.embitel.core.obd.OBDDataHandler: processOBDData :: 0x7A,1
01-01 00:01:05.371  1334  1355 D com.embitel.core.obd.OBDDataHandler: processOBDData :: 0x7B,2
01-01 00:01:05.371  1334  1355 D com.embitel.core.obd.OBDDataHandler: processOBDData :: 0x7C,128
01-01 00:01:05.389  1408  1408 D Updated BATTEMP UI: Updated BATTEMP UI
01-01 00:01:05.468   262   278 I /system/bin/obd: CAN Packet: 0x0D:32,0x2F:74,0xFF:128,0x0F:40,0x5E:12,0x62:55,0x61:28,0x5B:37,0x7A:1,0x7B:2,0x7C:128
01-01 00:01:05.468   262   278 I /system/bin/obd: CAN Packet Length: 87
01-01 00:01:05.468  1334  1355 D com.embitel.core.obd.OBDDataHandler: parseOBDData :: 0x0D:32,0x2F:74,0xFF:128,0x0F:40,0x5E:12,0x62:55,0x61:28,0x5B:37,0x7A:1,0x7B:2,0x7C:128
01-01 00:01:05.469  1334  1355 D com.embitel.core.obd.OBDDataHandler: processOBDData :: 0x0D,32
01-01 00:01:05.469  1334  1355 D com.embitel.core.obd.OBDDataHandler: processOBDData :: 0x2F,74
01-01 00:01:05.470  1334  1355 D com.embitel.core.obd.OBDDataHandler: processOBDData :: 0xFF,128
01-01 00:01:05.470  1334  1355 D com.embitel.core.obd.OBDDataHandler: processOBDData :: 0x0F,40
01-01 00:01:05.470  1334  1355 D com.embitel.core.obd.OBDDataHandler: processOBDData :: 0x5E,12
01-01 00:01:05.471  1334  1355 D com.embitel.core.obd.OBDDataHandler: processOBDData :: 0x62,55
01-01 00:01:05.471  1334  1355 D com.embitel.core.obd.OBDDataHandler: processOBDData :: 0x61,28
01-01 00:01:05.471  1334  1355 D com.embitel.core.obd.OBDDataHandler: processOBDData :: 0x5B,37
01-01 00:01:05.471  1334  1355 D com.embitel.core.obd.OBDDataHandler: processOBDData :: 0x7A,1
01-01 00:01:05.472  1334  1355 D com.embitel.core.obd.OBDDataHandler: processOBDData :: 0x7B,2
01-01 00:01:05.472  1334  1355 D com.embitel.core.obd.OBDDataHandler: processOBDData :: 0x7C,128
01-01 00:01:05.474   262   277 I /system/bin/obd: PID: 5b
01-01 00:01:05.474   262   277 I /system/bin/obd: vehicleParams.BatteryCharge (0x5B) :37 
01-01 00:01:05.489  1408  1408 D Updated BATTEMP UI: Updated BATTEMP UI
01-01 00:01:05.569   262   278 I /system/bin/obd: CAN Packet: 0x0D:32,0x2F:74,0xFF:128,0x0F:40,0x5E:12,0x62:55,0x61:28,0x5B:37,0x7A:1,0x7B:2,0x7C:128
01-01 00:01:05.569   262   278 I /system/bin/obd: CAN Packet Length: 87
01-01 00:01:05.569  1334  1355 D com.embitel.core.obd.OBDDataHandler: parseOBDData :: 0x0D:32,0x2F:74,0xFF:128,0x0F:40,0x5E:12,0x62:55,0x61:28,0x5B:37,0x7A:1,0x7B:2,0x7C:128
01-01 00:01:05.569  1334  1355 D com.embitel.core.obd.OBDDataHandler: processOBDData :: 0x0D,32
01-01 00:01:05.570  1334  1355 D com.embitel.core.obd.OBDDataHandler: processOBDData :: 0x2F,74
01-01 00:01:05.570  1334  1355 D com.embitel.core.obd.OBDDataHandler: processOBDData :: 0xFF,128
01-01 00:01:05.571  1334  1355 D com.embitel.core.obd.OBDDataHandler: processOBDData :: 0x0F,40
01-01 00:01:05.571  1334  1355 D com.embitel.core.obd.OBDDataHandler: processOBDData :: 0x5E,12
01-01 00:01:05.571  1334  1355 D com.embitel.core.obd.OBDDataHandler: processOBDData :: 0x62,55
01-01 00:01:05.572  1334  1355 D com.embitel.core.obd.OBDDataHandler: processOBDData :: 0x61,28
01-01 00:01:05.572  1334  1355 D com.embitel.core.obd.OBDDataHandler: processOBDData :: 0x5B,37
01-01 00:01:05.572  1334  1355 D com.embitel.core.obd.OBDDataHandler: processOBDData :: 0x7A,1
01-01 00:01:05.572  1334  1355 D com.embitel.core.obd.OBDDataHandler: processOBDData :: 0x7B,2
01-01 00:01:05.572  1334  1355 D com.embitel.core.obd.OBDDataHandler: processOBDData :: 0x7C,128
01-01 00:01:05.589  1408  1408 D Updated BATTEMP UI: Updated BATTEMP UI
01-01 00:01:05.669   262   278 I /system/bin/obd: CAN Packet: 0x0D:32,0x2F:74,0xFF:128,0x0F:40,0x5E:12,0x62:55,0x61:28,0x5B:37,0x7A:1,0x7B:2,0x7C:128
01-01 00:01:05.669   262   278 I /system/bin/obd: CAN Packet Length: 87
01-01 00:01:05.669  1334  1355 D com.embitel.core.obd.OBDDataHandler: parseOBDData :: 0x0D:32,0x2F:74,0xFF:128,0x0F:40,0x5E:12,0x62:55,0x61:28,0x5B:37,0x7A:1,0x7B:2,0x7C:128
01-01 00:01:05.669  1334  1355 D com.embitel.core.obd.OBDDataHandler: processOBDData :: 0x0D,32
01-01 00:01:05.670  1334  1355 D com.embitel.core.obd.OBDDataHandler: processOBDData :: 0x2F,74
01-01 00:01:05.671  1334  1355 D com.embitel.core.obd.OBDDataHandler: processOBDData :: 0xFF,128
01-01 00:01:05.671  1334  1355 D com.embitel.core.obd.OBDDataHandler: processOBDData :: 0x0F,40
01-01 00:01:05.671  1334  1355 D com.embitel.core.obd.OBDDataHandler: processOBDData :: 0x5E,12
01-01 00:01:05.672  1334  1355 D com.embitel.core.obd.OBDDataHandler: processOBDData :: 0x62,55
01-01 00:01:05.672  1334  1355 D com.embitel.core.obd.OBDDataHandler: processOBDData :: 0x61,28
01-01 00:01:05.672  1334  1355 D com.embitel.core.obd.OBDDataHandler: processOBDData :: 0x5B,37
01-01 00:01:05.672  1334  1355 D com.embitel.core.obd.OBDDataHandler: processOBDData :: 0x7A,1
01-01 00:01:05.672  1334  1355 D com.embitel.core.obd.OBDDataHandler: processOBDData :: 0x7B,2
01-01 00:01:05.672  1334  1355 D com.embitel.core.obd.OBDDataHandler: processOBDData :: 0x7C,128
01-01 00:01:05.675   262   277 I /system/bin/obd: PID: 7a
01-01 00:01:05.675   262   277 I /system/bin/obd: vehicleParams.GearIndicator (0x7A) :1 
01-01 00:01:05.689  1408  1408 D Updated BATTEMP UI: Updated BATTEMP UI
01-01 00:01:05.769   262   278 I /system/bin/obd: CAN Packet: 0x0D:32,0x2F:74,0xFF:128,0x0F:40,0x5E:12,0x62:55,0x61:28,0x5B:37,0x7A:1,0x7B:2,0x7C:128
01-01 00:01:05.770   262   278 I /system/bin/obd: CAN Packet Length: 87
01-01 00:01:05.770  1334  1355 D com.embitel.core.obd.OBDDataHandler: parseOBDData :: 0x0D:32,0x2F:74,0xFF:128,0x0F:40,0x5E:12,0x62:55,0x61:28,0x5B:37,0x7A:1,0x7B:2,0x7C:128
01-01 00:01:05.770  1334  1355 D com.embitel.core.obd.OBDDataHandler: processOBDData :: 0x0D,32
01-01 00:01:05.771  1334  1355 D com.embitel.core.obd.OBDDataHandler: processOBDData :: 0x2F,74
01-01 00:01:05.771  1334  1355 D com.embitel.core.obd.OBDDataHandler: processOBDData :: 0xFF,128
01-01 00:01:05.772  1334  1355 D com.embitel.core.obd.OBDDataHandler: processOBDData :: 0x0F,40
01-01 00:01:05.772  1334  1355 D com.embitel.core.obd.OBDDataHandler: processOBDData :: 0x5E,12
01-01 00:01:05.772  1334  1355 D com.embitel.core.obd.OBDDataHandler: processOBDData :: 0x62,55
01-01 00:01:05.773  1334  1355 D com.embitel.core.obd.OBDDataHandler: processOBDData :: 0x61,28
01-01 00:01:05.773  1334  1355 D com.embitel.core.obd.OBDDataHandler: processOBDData :: 0x5B,37
01-01 00:01:05.773  1334  1355 D com.embitel.core.obd.OBDDataHandler: processOBDData :: 0x7A,1
01-01 00:01:05.773  1334  1355 D com.embitel.core.obd.OBDDataHandler: processOBDData :: 0x7B,2
01-01 00:01:05.773  1334  1355 D com.embitel.core.obd.OBDDataHandler: processOBDData :: 0x7C,128
01-01 00:01:05.789  1408  1408 D Updated BATTEMP UI: Updated BATTEMP UI
01-01 00:01:05.870   262   278 I /system/bin/obd: CAN Packet: 0x0D:32,0x2F:74,0xFF:128,0x0F:40,0x5E:12,0x62:55,0x61:28,0x5B:37,0x7A:1,0x7B:2,0x7C:128
01-01 00:01:05.870   262   278 I /system/bin/obd: CAN Packet Length: 87
01-01 00:01:05.870  1334  1355 D com.embitel.core.obd.OBDDataHandler: parseOBDData :: 0x0D:32,0x2F:74,0xFF:128,0x0F:40,0x5E:12,0x62:55,0x61:28,0x5B:37,0x7A:1,0x7B:2,0x7C:128
01-01 00:01:05.870  1334  1355 D com.embitel.core.obd.OBDDataHandler: processOBDData :: 0x0D,32
01-01 00:01:05.871  1334  1355 D com.embitel.core.obd.OBDDataHandler: processOBDData :: 0x2F,74
01-01 00:01:05.871  1334  1355 D com.embitel.core.obd.OBDDataHandler: processOBDData :: 0xFF,128
01-01 00:01:05.872  1334  1355 D com.embitel.core.obd.OBDDataHandler: processOBDData :: 0x0F,40
01-01 00:01:05.872  1334  1355 D com.embitel.core.obd.OBDDataHandler: processOBDData :: 0x5E,12
01-01 00:01:05.873  1334  1355 D com.embitel.core.obd.OBDDataHandler: processOBDData :: 0x62,55
01-01 00:01:05.873  1334  1355 D com.embitel.core.obd.OBDDataHandler: processOBDData :: 0x61,28
01-01 00:01:05.873  1334  1355 D com.embitel.core.obd.OBDDataHandler: processOBDData :: 0x5B,37
01-01 00:01:05.873  1334  1355 D com.embitel.core.obd.OBDDataHandler: processOBDData :: 0x7A,1
01-01 00:01:05.873  1334  1355 D com.embitel.core.obd.OBDDataHandler: processOBDData :: 0x7B,2
01-01 00:01:05.873  1334  1355 D com.embitel.core.obd.OBDDataHandler: processOBDData :: 0x7C,128
01-01 00:01:05.874   262   277 I /system/bin/obd: PID: 7b
01-01 00:01:05.875   262   277 I /system/bin/obd: vehicleParams.VehicleRange (0x7B) :2 
01-01 00:01:05.889  1408  1408 D Updated BATTEMP UI: Updated BATTEMP UI
01-01 00:01:05.970   262   278 I /system/bin/obd: CAN Packet: 0x0D:32,0x2F:74,0xFF:128,0x0F:40,0x5E:12,0x62:55,0x61:28,0x5B:37,0x7A:1,0x7B:2,0x7C:128
01-01 00:01:05.971   262   278 I /system/bin/obd: CAN Packet Length: 87
01-01 00:01:05.971  1334  1355 D com.embitel.core.obd.OBDDataHandler: parseOBDData :: 0x0D:32,0x2F:74,0xFF:128,0x0F:40,0x5E:12,0x62:55,0x61:28,0x5B:37,0x7A:1,0x7B:2,0x7C:128
01-01 00:01:05.971  1334  1355 D com.embitel.core.obd.OBDDataHandler: processOBDData :: 0x0D,32
01-01 00:01:05.971  1334  1355 D com.embitel.core.obd.OBDDataHandler: processOBDData :: 0x2F,74
01-01 00:01:05.972  1334  1355 D com.embitel.core.obd.OBDDataHandler: processOBDData :: 0xFF,128
01-01 00:01:05.972  1334  1355 D com.embitel.core.obd.OBDDataHandler: processOBDData :: 0x0F,40
01-01 00:01:05.973  1334  1355 D com.embitel.core.obd.OBDDataHandler: processOBDData :: 0x5E,12
01-01 00:01:05.973  1334  1355 D com.embitel.core.obd.OBDDataHandler: processOBDData :: 0x62,55
01-01 00:01:05.973  1334  1355 D com.embitel.core.obd.OBDDataHandler: processOBDData :: 0x61,28
01-01 00:01:05.974  1334  1355 D com.embitel.core.obd.OBDDataHandler: processOBDData :: 0x5B,37
01-01 00:01:05.974  1334  1355 D com.embitel.core.obd.OBDDataHandler: processOBDData :: 0x7A,1
01-01 00:01:05.974  1334  1355 D com.embitel.core.obd.OBDDataHandler: processOBDData :: 0x7B,2
01-01 00:01:05.974  1334  1355 D com.embitel.core.obd.OBDDataHandler: processOBDData :: 0x7C,128
01-01 00:01:05.995  1408  1408 D Updated BATTEMP UI: Updated BATTEMP UI
01-01 00:01:06.071   262   278 I /system/bin/obd: CAN Packet: 0x0D:32,0x2F:74,0xFF:128,0x0F:40,0x5E:12,0x62:55,0x61:28,0x5B:37,0x7A:1,0x7B:2,0x7C:128
01-01 00:01:06.071   262   278 I /system/bin/obd: CAN Packet Length: 87
01-01 00:01:06.071  1334  1355 D com.embitel.core.obd.OBDDataHandler: parseOBDData :: 0x0D:32,0x2F:74,0xFF:128,0x0F:40,0x5E:12,0x62:55,0x61:28,0x5B:37,0x7A:1,0x7B:2,0x7C:128
01-01 00:01:06.071  1334  1355 D com.embitel.core.obd.OBDDataHandler: processOBDData :: 0x0D,32
01-01 00:01:06.072  1334  1355 D com.embitel.core.obd.OBDDataHandler: processOBDData :: 0x2F,74
01-01 00:01:06.073  1334  1355 D com.embitel.core.obd.OBDDataHandler: processOBDData :: 0xFF,128
01-01 00:01:06.073  1334  1355 D com.embitel.core.obd.OBDDataHandler: processOBDData :: 0x0F,40
01-01 00:01:06.073  1334  1355 D com.embitel.core.obd.OBDDataHandler: processOBDData :: 0x5E,12
01-01 00:01:06.074  1334  1355 D com.embitel.core.obd.OBDDataHandler: processOBDData :: 0x62,55
01-01 00:01:06.074  1334  1355 D com.embitel.core.obd.OBDDataHandler: processOBDData :: 0x61,28
01-01 00:01:06.074  1334  1355 D com.embitel.core.obd.OBDDataHandler: processOBDData :: 0x5B,37
01-01 00:01:06.074  1334  1355 D com.embitel.core.obd.OBDDataHandler: processOBDData :: 0x7A,1
01-01 00:01:06.074   262   277 I /system/bin/obd: PID: 7c
01-01 00:01:06.074  1334  1355 D com.embitel.core.obd.OBDDataHandler: processOBDData :: 0x7B,2
01-01 00:01:06.075  1334  1355 D com.embitel.core.obd.OBDDataHandler: processOBDData :: 0x7C,128
01-01 00:01:06.075   262   277 I /system/bin/obd: vehicleParams.Lights (0x7C) :128 
01-01 00:01:06.090  1408  1408 D Updated BATTEMP UI: Updated BATTEMP UI
01-01 00:01:06.171   262   278 I /system/bin/obd: CAN Packet: 0x0D:32,0x2F:74,0xFF:128,0x0F:40,0x5E:12,0x62:55,0x61:28,0x5B:37,0x7A:1,0x7B:2,0x7C:128
01-01 00:01:06.172   262   278 I /system/bin/obd: CAN Packet Length: 87
01-01 00:01:06.172  1334  1355 D com.embitel.core.obd.OBDDataHandler: parseOBDData :: 0x0D:32,0x2F:74,0xFF:128,0x0F:40,0x5E:12,0x62:55,0x61:28,0x5B:37,0x7A:1,0x7B:2,0x7C:128
01-01 00:01:06.172  1334  1355 D com.embitel.core.obd.OBDDataHandler: processOBDData :: 0x0D,32
01-01 00:01:06.172  1334  1355 D com.embitel.core.obd.OBDDataHandler: processOBDData :: 0x2F,74
01-01 00:01:06.173  1334  1355 D com.embitel.core.obd.OBDDataHandler: processOBDData :: 0xFF,128
01-01 00:01:06.174  1334  1355 D com.embitel.core.obd.OBDDataHandler: processOBDData :: 0x0F,40
01-01 00:01:06.174  1334  1355 D com.embitel.core.obd.OBDDataHandler: processOBDData :: 0x5E,12
01-01 00:01:06.174  1334  1355 D com.embitel.core.obd.OBDDataHandler: processOBDData :: 0x62,55
01-01 00:01:06.175  1334  1355 D com.embitel.core.obd.OBDDataHandler: processOBDData :: 0x61,28
01-01 00:01:06.175  1334  1355 D com.embitel.core.obd.OBDDataHandler: processOBDData :: 0x5B,37
01-01 00:01:06.175  1334  1355 D com.embitel.core.obd.OBDDataHandler: processOBDData :: 0x7A,1
01-01 00:01:06.175  1334  1355 D com.embitel.core.obd.OBDDataHandler: processOBDData :: 0x7B,2
01-01 00:01:06.175  1334  1355 D com.embitel.core.obd.OBDDataHandler: processOBDData :: 0x7C,128
01-01 00:01:06.189  1408  1408 D Updated BATTEMP UI: Updated BATTEMP UI
01-01 00:01:06.272   262   278 I /system/bin/obd: CAN Packet: 0x0D:32,0x2F:74,0xFF:128,0x0F:40,0x5E:12,0x62:55,0x61:28,0x5B:37,0x7A:1,0x7B:2,0x7C:128
01-01 00:01:06.272   262   278 I /system/bin/obd: CAN Packet Length: 87
01-01 00:01:06.272  1334  1355 D com.embitel.core.obd.OBDDataHandler: parseOBDData :: 0x0D:32,0x2F:74,0xFF:128,0x0F:40,0x5E:12,0x62:55,0x61:28,0x5B:37,0x7A:1,0x7B:2,0x7C:128
01-01 00:01:06.272  1334  1355 D com.embitel.core.obd.OBDDataHandler: processOBDData :: 0x0D,32
01-01 00:01:06.273  1334  1355 D com.embitel.core.obd.OBDDataHandler: processOBDData :: 0x2F,74
01-01 00:01:06.273  1334  1355 D com.embitel.core.obd.OBDDataHandler: processOBDData :: 0xFF,128
01-01 00:01:06.274  1334  1355 D com.embitel.core.obd.OBDDataHandler: processOBDData :: 0x0F,40
01-01 00:01:06.274  1334  1355 D com.embitel.core.obd.OBDDataHandler: processOBDData :: 0x5E,12
01-01 00:01:06.274   262   277 I /system/bin/obd: PID: d
01-01 00:01:06.275  1334  1355 D com.embitel.core.obd.OBDDataHandler: processOBDData :: 0x62,55
01-01 00:01:06.275   262   277 I /system/bin/obd: vehicleParams.VehSpd (0x0D) :17 
01-01 00:01:06.275  1334  1355 D com.embitel.core.obd.OBDDataHandler: processOBDData :: 0x61,28
01-01 00:01:06.275  1334  1355 D com.embitel.core.obd.OBDDataHandler: processOBDData :: 0x5B,37
01-01 00:01:06.275  1334  1355 D com.embitel.core.obd.OBDDataHandler: processOBDData :: 0x7A,1
01-01 00:01:06.275  1334  1355 D com.embitel.core.obd.OBDDataHandler: processOBDData :: 0x7B,2
01-01 00:01:06.275  1334  1355 D com.embitel.core.obd.OBDDataHandler: processOBDData :: 0x7C,128
01-01 00:01:06.289  1408  1408 D Updated BATTEMP UI: Updated BATTEMP UI
01-01 00:01:06.372   262   278 I /system/bin/obd: CAN Packet: 0x0D:17,0x2F:74,0xFF:128,0x0F:40,0x5E:12,0x62:55,0x61:28,0x5B:37,0x7A:1,0x7B:2,0x7C:128
01-01 00:01:06.372   262   278 I /system/bin/obd: CAN Packet Length: 87
01-01 00:01:06.373  1334  1355 D com.embitel.core.obd.OBDDataHandler: parseOBDData :: 0x0D:17,0x2F:74,0xFF:128,0x0F:40,0x5E:12,0x62:55,0x61:28,0x5B:37,0x7A:1,0x7B:2,0x7C:128
01-01 00:01:06.373  1334  1355 D com.embitel.core.obd.OBDDataHandler: processOBDData :: 0x0D,17
01-01 00:01:06.373  1334  1355 D com.embitel.core.obd.OBDDataHandler: processOBDData :: 0x2F,74
01-01 00:01:06.374  1334  1355 D com.embitel.core.obd.OBDDataHandler: processOBDData :: 0xFF,128
01-01 00:01:06.374  1334  1355 D com.embitel.core.obd.OBDDataHandler: processOBDData :: 0x0F,40
01-01 00:01:06.375  1334  1355 D com.embitel.core.obd.OBDDataHandler: processOBDData :: 0x5E,12
01-01 00:01:06.375  1334  1355 D com.embitel.core.obd.OBDDataHandler: processOBDData :: 0x62,55
01-01 00:01:06.375  1334  1355 D com.embitel.core.obd.OBDDataHandler: processOBDData :: 0x61,28
01-01 00:01:06.376  1334  1355 D com.embitel.core.obd.OBDDataHandler: processOBDData :: 0x5B,37
01-01 00:01:06.376  1334  1355 D com.embitel.core.obd.OBDDataHandler: processOBDData :: 0x7A,1
01-01 00:01:06.376  1334  1355 D com.embitel.core.obd.OBDDataHandler: processOBDData :: 0x7B,2
01-01 00:01:06.376  1334  1355 D com.embitel.core.obd.OBDDataHandler: processOBDData :: 0x7C,128
01-01 00:01:06.389  1408  1408 D Updated BATTEMP UI: Updated BATTEMP UI
01-01 00:01:06.473   262   278 I /system/bin/obd: CAN Packet: 0x0D:17,0x2F:74,0xFF:128,0x0F:40,0x5E:12,0x62:55,0x61:28,0x5B:37,0x7A:1,0x7B:2,0x7C:128
01-01 00:01:06.473   262   278 I /system/bin/obd: CAN Packet Length: 87
01-01 00:01:06.473  1334  1355 D com.embitel.core.obd.OBDDataHandler: parseOBDData :: 0x0D:17,0x2F:74,0xFF:128,0x0F:40,0x5E:12,0x62:55,0x61:28,0x5B:37,0x7A:1,0x7B:2,0x7C:128
01-01 00:01:06.473  1334  1355 D com.embitel.core.obd.OBDDataHandler: processOBDData :: 0x0D,17
01-01 00:01:06.474  1334  1355 D com.embitel.core.obd.OBDDataHandler: processOBDData :: 0x2F,74
01-01 00:01:06.474  1334  1355 D com.embitel.core.obd.OBDDataHandler: processOBDData :: 0xFF,128
01-01 00:01:06.475   262   277 I /system/bin/obd: PID: ff
01-01 00:01:06.475  1334  1355 D com.embitel.core.obd.OBDDataHandler: processOBDData :: 0x0F,40
01-01 00:01:06.475   262   277 I /system/bin/obd: vehicleParams.Odo (0xFF):80 
01-01 00:01:06.475  1334  1355 D com.embitel.core.obd.OBDDataHandler: processOBDData :: 0x5E,12
01-01 00:01:06.476  1334  1355 D com.embitel.core.obd.OBDDataHandler: processOBDData :: 0x62,55
01-01 00:01:06.476  1334  1355 D com.embitel.core.obd.OBDDataHandler: processOBDData :: 0x61,28
01-01 00:01:06.476  1334  1355 D com.embitel.core.obd.OBDDataHandler: processOBDData :: 0x5B,37
01-01 00:01:06.476  1334  1355 D com.embitel.core.obd.OBDDataHandler: processOBDData :: 0x7A,1
01-01 00:01:06.476  1334  1355 D com.embitel.core.obd.OBDDataHandler: processOBDData :: 0x7B,2
01-01 00:01:06.477  1334  1355 D com.embitel.core.obd.OBDDataHandler: processOBDData :: 0x7C,128
01-01 00:01:06.489  1408  1408 D Updated BATTEMP UI: Updated BATTEMP UI
01-01 00:01:06.573   262   278 I /system/bin/obd: CAN Packet: 0x0D:17,0x2F:74,0xFF:80,0x0F:40,0x5E:12,0x62:55,0x61:28,0x5B:37,0x7A:1,0x7B:2,0x7C:128
01-01 00:01:06.573   262   278 I /system/bin/obd: CAN Packet Length: 86
01-01 00:01:06.574  1334  1355 D com.embitel.core.obd.OBDDataHandler: parseOBDData :: 0x0D:17,0x2F:74,0xFF:80,0x0F:40,0x5E:12,0x62:55,0x61:28,0x5B:37,0x7A:1,0x7B:2,0x7C:128
01-01 00:01:06.574  1334  1355 D com.embitel.core.obd.OBDDataHandler: processOBDData :: 0x0D,17
01-01 00:01:06.574  1334  1355 D com.embitel.core.obd.OBDDataHandler: processOBDData :: 0x2F,74
01-01 00:01:06.575  1334  1355 D com.embitel.core.obd.OBDDataHandler: processOBDData :: 0xFF,80
01-01 00:01:06.575  1334  1355 D com.embitel.core.obd.OBDDataHandler: processOBDData :: 0x0F,40
01-01 00:01:06.576  1334  1355 D com.embitel.core.obd.OBDDataHandler: processOBDData :: 0x5E,12
01-01 00:01:06.576  1334  1355 D com.embitel.core.obd.OBDDataHandler: processOBDData :: 0x62,55
01-01 00:01:06.577  1334  1355 D com.embitel.core.obd.OBDDataHandler: processOBDData :: 0x61,28
01-01 00:01:06.577  1334  1355 D com.embitel.core.obd.OBDDataHandler: processOBDData :: 0x5B,37
01-01 00:01:06.577  1334  1355 D com.embitel.core.obd.OBDDataHandler: processOBDData :: 0x7A,1
01-01 00:01:06.577  1334  1355 D com.embitel.core.obd.OBDDataHandler: processOBDData :: 0x7B,2
01-01 00:01:06.577  1334  1355 D com.embitel.core.obd.OBDDataHandler: processOBDData :: 0x7C,128
01-01 00:01:06.589  1408  1408 D Updated BATTEMP UI: Updated BATTEMP UI
01-01 00:01:06.674   262   278 I /system/bin/obd: CAN Packet: 0x0D:17,0x2F:74,0xFF:80,0x0F:40,0x5E:12,0x62:55,0x61:28,0x5B:37,0x7A:1,0x7B:2,0x7C:128
01-01 00:01:06.674   262   278 I /system/bin/obd: CAN Packet Length: 86
01-01 00:01:06.674  1334  1355 D com.embitel.core.obd.OBDDataHandler: parseOBDData :: 0x0D:17,0x2F:74,0xFF:80,0x0F:40,0x5E:12,0x62:55,0x61:28,0x5B:37,0x7A:1,0x7B:2,0x7C:128
01-01 00:01:06.674  1334  1355 D com.embitel.core.obd.OBDDataHandler: processOBDData :: 0x0D,17
01-01 00:01:06.674   262   277 I /system/bin/obd: PID: 2f
01-01 00:01:06.675   262   277 I /system/bin/obd: vehicleParams.FuelIntakeLevel (0x2F) :60 
01-01 00:01:06.675  1334  1355 D com.embitel.core.obd.OBDDataHandler: processOBDData :: 0x2F,74
01-01 00:01:06.676  1334  1355 D com.embitel.core.obd.OBDDataHandler: processOBDData :: 0xFF,80
01-01 00:01:06.676  1334  1355 D com.embitel.core.obd.OBDDataHandler: processOBDData :: 0x0F,40
01-01 00:01:06.676  1334  1355 D com.embitel.core.obd.OBDDataHandler: processOBDData :: 0x5E,12
01-01 00:01:06.677  1334  1355 D com.embitel.core.obd.OBDDataHandler: processOBDData :: 0x62,55
01-01 00:01:06.677  1334  1355 D com.embitel.core.obd.OBDDataHandler: processOBDData :: 0x61,28
01-01 00:01:06.677  1334  1355 D com.embitel.core.obd.OBDDataHandler: processOBDData :: 0x5B,37
01-01 00:01:06.678  1334  1355 D com.embitel.core.obd.OBDDataHandler: processOBDData :: 0x7A,1
01-01 00:01:06.678  1334  1355 D com.embitel.core.obd.OBDDataHandler: processOBDData :: 0x7B,2
01-01 00:01:06.678  1334  1355 D com.embitel.core.obd.OBDDataHandler: processOBDData :: 0x7C,128
01-01 00:01:06.689  1408  1408 D Updated BATTEMP UI: Updated BATTEMP UI
01-01 00:01:06.774   262   278 I /system/bin/obd: CAN Packet: 0x0D:17,0x2F:60,0xFF:80,0x0F:40,0x5E:12,0x62:55,0x61:28,0x5B:37,0x7A:1,0x7B:2,0x7C:128
01-01 00:01:06.774   262   278 I /system/bin/obd: CAN Packet Length: 86
01-01 00:01:06.775  1334  1355 D com.embitel.core.obd.OBDDataHandler: parseOBDData :: 0x0D:17,0x2F:60,0xFF:80,0x0F:40,0x5E:12,0x62:55,0x61:28,0x5B:37,0x7A:1,0x7B:2,0x7C:128
01-01 00:01:06.775  1334  1355 D com.embitel.core.obd.OBDDataHandler: processOBDData :: 0x0D,17
01-01 00:01:06.775  1334  1355 D com.embitel.core.obd.OBDDataHandler: processOBDData :: 0x2F,60
01-01 00:01:06.776  1334  1355 D com.embitel.core.obd.OBDDataHandler: processOBDData :: 0xFF,80
01-01 00:01:06.776  1334  1355 D com.embitel.core.obd.OBDDataHandler: processOBDData :: 0x0F,40
01-01 00:01:06.777  1334  1355 D com.embitel.core.obd.OBDDataHandler: processOBDData :: 0x5E,12
01-01 00:01:06.777  1334  1355 D com.embitel.core.obd.OBDDataHandler: processOBDData :: 0x62,55
01-01 00:01:06.777  1334  1355 D com.embitel.core.obd.OBDDataHandler: processOBDData :: 0x61,28
01-01 00:01:06.778  1334  1355 D com.embitel.core.obd.OBDDataHandler: processOBDData :: 0x5B,37
01-01 00:01:06.778  1334  1355 D com.embitel.core.obd.OBDDataHandler: processOBDData :: 0x7A,1
01-01 00:01:06.778  1334  1355 D com.embitel.core.obd.OBDDataHandler: processOBDData :: 0x7B,2
01-01 00:01:06.778  1334  1355 D com.embitel.core.obd.OBDDataHandler: processOBDData :: 0x7C,128
01-01 00:01:06.789  1408  1408 D Updated BATTEMP UI: Updated BATTEMP UI
01-01 00:01:06.875   262   277 I /system/bin/obd: PID: 5e
01-01 00:01:06.875   262   277 I /system/bin/obd: vehicleParams.EngFuelRate (0x5E) :63 
01-01 00:01:06.875   262   278 I /system/bin/obd: CAN Packet: 0x0D:17,0x2F:60,0xFF:80,0x0F:40,0x5E:63,0x62:55,0x61:28,0x5B:37,0x7A:1,0x7B:2,0x7C:128
01-01 00:01:06.875   262   278 I /system/bin/obd: CAN Packet Length: 86
01-01 00:01:06.876  1334  1355 D com.embitel.core.obd.OBDDataHandler: parseOBDData :: 0x0D:17,0x2F:60,0xFF:80,0x0F:40,0x5E:63,0x62:55,0x61:28,0x5B:37,0x7A:1,0x7B:2,0x7C:128
01-01 00:01:06.877  1334  1355 D com.embitel.core.obd.OBDDataHandler: processOBDData :: 0x0D,17
01-01 00:01:06.877   536   549 I ActivityManager: Waited long enough for: ServiceRecord{3daf225 u0 com.android.calendar/.alerts.InitAlarmsService}
01-01 00:01:06.877  1334  1355 D com.embitel.core.obd.OBDDataHandler: processOBDData :: 0x2F,60
01-01 00:01:06.878  1334  1355 D com.embitel.core.obd.OBDDataHandler: processOBDData :: 0xFF,80
01-01 00:01:06.878  1334  1355 D com.embitel.core.obd.OBDDataHandler: processOBDData :: 0x0F,40
01-01 00:01:06.878  1334  1355 D com.embitel.core.obd.OBDDataHandler: processOBDData :: 0x5E,63
01-01 00:01:06.879  1334  1355 D com.embitel.core.obd.OBDDataHandler: processOBDData :: 0x62,55
01-01 00:01:06.879  1334  1355 D com.embitel.core.obd.OBDDataHandler: processOBDData :: 0x61,28
01-01 00:01:06.880  1334  1355 D com.embitel.core.obd.OBDDataHandler: processOBDData :: 0x5B,37
01-01 00:01:06.880  1334  1355 D com.embitel.core.obd.OBDDataHandler: processOBDData :: 0x7A,1
01-01 00:01:06.880  1334  1355 D com.embitel.core.obd.OBDDataHandler: processOBDData :: 0x7B,2
01-01 00:01:06.880  1334  1355 D com.embitel.core.obd.OBDDataHandler: processOBDData :: 0x7C,128
01-01 00:01:06.889  1408  1408 D Updated BATTEMP UI: Updated BATTEMP UI
01-01 00:01:06.975   262   278 I /system/bin/obd: CAN Packet: 0x0D:17,0x2F:60,0xFF:80,0x0F:40,0x5E:63,0x62:55,0x61:28,0x5B:37,0x7A:1,0x7B:2,0x7C:128
01-01 00:01:06.976   262   278 I /system/bin/obd: CAN Packet Length: 86
01-01 00:01:06.976  1334  1355 D com.embitel.core.obd.OBDDataHandler: parseOBDData :: 0x0D:17,0x2F:60,0xFF:80,0x0F:40,0x5E:63,0x62:55,0x61:28,0x5B:37,0x7A:1,0x7B:2,0x7C:128
01-01 00:01:06.976  1334  1355 D com.embitel.core.obd.OBDDataHandler: processOBDData :: 0x0D,17
01-01 00:01:06.976  1334  1355 D com.embitel.core.obd.OBDDataHandler: processOBDData :: 0x2F,60
01-01 00:01:06.977  1334  1355 D com.embitel.core.obd.OBDDataHandler: processOBDData :: 0xFF,80
01-01 00:01:06.977  1334  1355 D com.embitel.core.obd.OBDDataHandler: processOBDData :: 0x0F,40
01-01 00:01:06.978  1334  1355 D com.embitel.core.obd.OBDDataHandler: processOBDData :: 0x5E,63
01-01 00:01:06.978  1334  1355 D com.embitel.core.obd.OBDDataHandler: processOBDData :: 0x62,55
01-01 00:01:06.978  1334  1355 D com.embitel.core.obd.OBDDataHandler: processOBDData :: 0x61,28
01-01 00:01:06.979  1334  1355 D com.embitel.core.obd.OBDDataHandler: processOBDData :: 0x5B,37
01-01 00:01:06.979  1334  1355 D com.embitel.core.obd.OBDDataHandler: processOBDData :: 0x7A,1
01-01 00:01:06.979  1334  1355 D com.embitel.core.obd.OBDDataHandler: processOBDData :: 0x7B,2
01-01 00:01:06.979  1334  1355 D com.embitel.core.obd.OBDDataHandler: processOBDData :: 0x7C,128
01-01 00:01:06.989  1408  1408 D Updated BATTEMP UI: Updated BATTEMP UI
01-01 00:01:07.075   262   277 I /system/bin/obd: PID: 62
01-01 00:01:07.075   262   277 I /system/bin/obd: vehicleParams.DriverDemandEngTorque (0x62) :12 
01-01 00:01:07.076   262   278 I /system/bin/obd: CAN Packet: 0x0D:17,0x2F:60,0xFF:80,0x0F:40,0x5E:63,0x62:12,0x61:28,0x5B:37,0x7A:1,0x7B:2,0x7C:128
01-01 00:01:07.076   262   278 I /system/bin/obd: CAN Packet Length: 86
01-01 00:01:07.076  1334  1355 D com.embitel.core.obd.OBDDataHandler: parseOBDData :: 0x0D:17,0x2F:60,0xFF:80,0x0F:40,0x5E:63,0x62:12,0x61:28,0x5B:37,0x7A:1,0x7B:2,0x7C:128
01-01 00:01:07.076  1334  1355 D com.embitel.core.obd.OBDDataHandler: processOBDData :: 0x0D,17
01-01 00:01:07.077  1334  1355 D com.embitel.core.obd.OBDDataHandler: processOBDData :: 0x2F,60
01-01 00:01:07.078  1334  1355 D com.embitel.core.obd.OBDDataHandler: processOBDData :: 0xFF,80
01-01 00:01:07.078  1334  1355 D com.embitel.core.obd.OBDDataHandler: processOBDData :: 0x0F,40
01-01 00:01:07.078  1334  1355 D com.embitel.core.obd.OBDDataHandler: processOBDData :: 0x5E,63
01-01 00:01:07.079  1334  1355 D com.embitel.core.obd.OBDDataHandler: processOBDData :: 0x62,12
01-01 00:01:07.079  1334  1355 D com.embitel.core.obd.OBDDataHandler: processOBDData :: 0x61,28
01-01 00:01:07.079  1334  1355 D com.embitel.core.obd.OBDDataHandler: processOBDData :: 0x5B,37
01-01 00:01:07.079  1334  1355 D com.embitel.core.obd.OBDDataHandler: processOBDData :: 0x7A,1
01-01 00:01:07.079  1334  1355 D com.embitel.core.obd.OBDDataHandler: processOBDData :: 0x7B,2
01-01 00:01:07.080  1334  1355 D com.embitel.core.obd.OBDDataHandler: processOBDData :: 0x7C,128
01-01 00:01:07.089  1408  1408 D Updated BATTEMP UI: Updated BATTEMP UI
01-01 00:01:07.176   262   278 I /system/bin/obd: CAN Packet: 0x0D:17,0x2F:60,0xFF:80,0x0F:40,0x5E:63,0x62:12,0x61:28,0x5B:37,0x7A:1,0x7B:2,0x7C:128
01-01 00:01:07.176   262   278 I /system/bin/obd: CAN Packet Length: 86
01-01 00:01:07.177  1334  1355 D com.embitel.core.obd.OBDDataHandler: parseOBDData :: 0x0D:17,0x2F:60,0xFF:80,0x0F:40,0x5E:63,0x62:12,0x61:28,0x5B:37,0x7A:1,0x7B:2,0x7C:128
01-01 00:01:07.177  1334  1355 D com.embitel.core.obd.OBDDataHandler: processOBDData :: 0x0D,17
01-01 00:01:07.177  1334  1355 D com.embitel.core.obd.OBDDataHandler: processOBDData :: 0x2F,60
01-01 00:01:07.178  1334  1355 D com.embitel.core.obd.OBDDataHandler: processOBDData :: 0xFF,80
01-01 00:01:07.178  1334  1355 D com.embitel.core.obd.OBDDataHandler: processOBDData :: 0x0F,40
01-01 00:01:07.179  1334  1355 D com.embitel.core.obd.OBDDataHandler: processOBDData :: 0x5E,63
01-01 00:01:07.179  1334  1355 D com.embitel.core.obd.OBDDataHandler: processOBDData :: 0x62,12
01-01 00:01:07.179  1334  1355 D com.embitel.core.obd.OBDDataHandler: processOBDData :: 0x61,28
01-01 00:01:07.180  1334  1355 D com.embitel.core.obd.OBDDataHandler: processOBDData :: 0x5B,37
01-01 00:01:07.180  1334  1355 D com.embitel.core.obd.OBDDataHandler: processOBDData :: 0x7A,1
01-01 00:01:07.180  1334  1355 D com.embitel.core.obd.OBDDataHandler: processOBDData :: 0x7B,2
01-01 00:01:07.180  1334  1355 D com.embitel.core.obd.OBDDataHandler: processOBDData :: 0x7C,128
01-01 00:01:07.196  1408  1408 D Updated BATTEMP UI: Updated BATTEMP UI
01-01 00:01:07.275   262   277 I /system/bin/obd: PID: f
01-01 00:01:07.275   262   277 I /system/bin/obd: vehicleParams.IntakeAirTemp (0x0F) :113 
01-01 00:01:07.277   262   278 I /system/bin/obd: CAN Packet: 0x0D:17,0x2F:60,0xFF:80,0x0F:113,0x5E:63,0x62:12,0x61:28,0x5B:37,0x7A:1,0x7B:2,0x7C:128
01-01 00:01:07.277   262   278 I /system/bin/obd: CAN Packet Length: 87
01-01 00:01:07.277  1334  1355 D com.embitel.core.obd.OBDDataHandler: parseOBDData :: 0x0D:17,0x2F:60,0xFF:80,0x0F:113,0x5E:63,0x62:12,0x61:28,0x5B:37,0x7A:1,0x7B:2,0x7C:128
01-01 00:01:07.277  1334  1355 D com.embitel.core.obd.OBDDataHandler: processOBDData :: 0x0D,17
01-01 00:01:07.278  1334  1355 D com.embitel.core.obd.OBDDataHandler: processOBDData :: 0x2F,60
01-01 00:01:07.278  1334  1355 D com.embitel.core.obd.OBDDataHandler: processOBDData :: 0xFF,80
01-01 00:01:07.279  1334  1355 D com.embitel.core.obd.OBDDataHandler: processOBDData :: 0x0F,113
01-01 00:01:07.279  1334  1355 D com.embitel.core.obd.OBDDataHandler: processOBDData :: 0x5E,63
01-01 00:01:07.279  1334  1355 D com.embitel.core.obd.OBDDataHandler: processOBDData :: 0x62,12
01-01 00:01:07.280  1334  1355 D com.embitel.core.obd.OBDDataHandler: processOBDData :: 0x61,28
01-01 00:01:07.280  1334  1355 D com.embitel.core.obd.OBDDataHandler: processOBDData :: 0x5B,37
01-01 00:01:07.280  1334  1355 D com.embitel.core.obd.OBDDataHandler: processOBDData :: 0x7A,1
01-01 00:01:07.280  1334  1355 D com.embitel.core.obd.OBDDataHandler: processOBDData :: 0x7B,2
01-01 00:01:07.280  1334  1355 D com.embitel.core.obd.OBDDataHandler: processOBDData :: 0x7C,128
01-01 00:01:07.289  1408  1408 D Updated BATTEMP UI: Updated BATTEMP UI
01-01 00:01:07.377   262   278 I /system/bin/obd: CAN Packet: 0x0D:17,0x2F:60,0xFF:80,0x0F:113,0x5E:63,0x62:12,0x61:28,0x5B:37,0x7A:1,0x7B:2,0x7C:128
01-01 00:01:07.377   262   278 I /system/bin/obd: CAN Packet Length: 87
01-01 00:01:07.378  1334  1355 D com.embitel.core.obd.OBDDataHandler: parseOBDData :: 0x0D:17,0x2F:60,0xFF:80,0x0F:113,0x5E:63,0x62:12,0x61:28,0x5B:37,0x7A:1,0x7B:2,0x7C:128
01-01 00:01:07.378  1334  1355 D com.embitel.core.obd.OBDDataHandler: processOBDData :: 0x0D,17
01-01 00:01:07.378  1334  1355 D com.embitel.core.obd.OBDDataHandler: processOBDData :: 0x2F,60
01-01 00:01:07.379  1334  1355 D com.embitel.core.obd.OBDDataHandler: processOBDData :: 0xFF,80
01-01 00:01:07.379  1334  1355 D com.embitel.core.obd.OBDDataHandler: processOBDData :: 0x0F,113
01-01 00:01:07.379  1334  1355 D com.embitel.core.obd.OBDDataHandler: processOBDData :: 0x5E,63
01-01 00:01:07.380  1334  1355 D com.embitel.core.obd.OBDDataHandler: processOBDData :: 0x62,12
01-01 00:01:07.380  1334  1355 D com.embitel.core.obd.OBDDataHandler: processOBDData :: 0x61,28
01-01 00:01:07.381  1334  1355 D com.embitel.core.obd.OBDDataHandler: processOBDData :: 0x5B,37
