01-01 00:00:56.705  1334  1355 D com.embitel.core.obd.OBDDataHandler: processOBDData :: 0x5E,63
01-01 00:00:56.705  1334  1355 D com.embitel.core.obd.OBDDataHandler: processOBDData :: 0x62,12
01-01 00:00:56.705  1334  1355 D com.embitel.core.obd.OBDDataHandler: processOBDData :: 0x61,66
01-01 00:00:56.705  1334  1355 D com.embitel.core.obd.OBDDataHandler: processOBDData :: 0x5B,37
01-01 00:00:56.705  1334  1355 D com.embitel.core.obd.OBDDataHandler: processOBDData :: 0x7A,1
01-01 00:00:56.705  1334  1355 D com.embitel.core.obd.OBDDataHandler: processOBDData :: 0x7B,2
01-01 00:00:56.705  1334  1355 D com.embitel.core.obd.OBDDataHandler: processOBDData :: 0x7C,128
01-01 00:00:56.712  1122  1318 I MediaScanner: forcing rescan of /system/media/audio/ringtones/MidEvilJaunt.ogg since build fingerprint changed
01-01 00:00:56.737  1122  1318 I MediaScanner: forcing rescan of /system/media/audio/ringtones/MildlyAlarming.ogg since build fingerprint changed
01-01 00:00:56.767  1122  1318 I MediaScanner: forcing rescan of /system/media/audio/ringtones/Nairobi.ogg since build fingerprint changed
01-01 00:00:56.798  1122  1318 I MediaScanner: forcing rescan of /system/media/audio/ringtones/Nassau.ogg since build fingerprint changed
01-01 00:00:56.805   262   278 I /system/bin/obd: CAN Packet: 0x0D:17,0x2F:60,0xFF:80,0x0F:113,0x5E:63,0x62:12,0x61:66,0x5B:37,0x7A:1,0x7B:2,0x7C:128
01-01 00:00:56.805   262   278 I /system/bin/obd: CAN Packet Length: 87
01-01 00:00:56.805  1334  1355 D com.embitel.core.obd.OBDDataHandler: parseOBDData :: 0x0D:17,0x2F:60,0xFF:80,0x0F:113,0x5E:63,0x62:12,0x61:66,0x5B:37,0x7A:1,0x7B:2,0x7C:128
01-01 00:00:56.805  1334  1355 D com.embitel.core.obd.OBDDataHandler: processOBDData :: 0x0D,17
01-01 00:00:56.805  1334  1355 D com.embitel.core.obd.OBDDataHandler: processOBDData :: 0x2F,60
01-01 00:00:56.805  1334  1355 D com.embitel.core.obd.OBDDataHandler: processOBDData :: 0xFF,80
01-01 00:00:56.805  1334  1355 D com.embitel.core.obd.OBDDataHandler: processOBDData :: 0x0F,113
01-01 00:00:56.805  1334  1355 D com.embitel.core.obd.OBDDataHandler: processOBDData :: 0x5E,63
01-01 00:00:56.805  1334  1355 D com.embitel.core.obd.OBDDataHandler: processOBDData :: 0x62,12
01-01 00:00:56.806  1334  1355 D com.embitel.core.obd.OBDDataHandler: processOBDData :: 0x61,66
01-01 00:00:56.806  1334  1355 D com.embitel.core.obd.OBDDataHandler: processOBDData :: 0x5B,37
01-01 00:00:56.806  1334  1355 D com.embitel.core.obd.OBDDataHandler: processOBDData :: 0x7A,1
01-01 00:00:56.806  1334  1355 D com.embitel.core.obd.OBDDataHandler: processOBDData :: 0x7B,2
01-01 00:00:56.806  1334  1355 D com.embitel.core.obd.OBDDataHandler: processOBDData :: 0x7C,128
01-01 00:00:56.828  1122  1318 I MediaScanner: forcing rescan of /system/media/audio/ringtones/NewPlayer.ogg since build fingerprint changed
01-01 00:00:56.851  1122  1318 I MediaScanner: forcing rescan of /system/media/audio/ringtones/No_Limits.ogg since build fingerprint changed
01-01 00:00:56.874   262   277 I /system/bin/obd: PID: d
01-01 00:00:56.874   262   277 I /system/bin/obd: vehicleParams.VehSpd (0x0D) :32 
01-01 00:00:56.877  1122  1318 I MediaScanner: forcing rescan of /system/media/audio/ringtones/Noises1.ogg since build fingerprint changed
01-01 00:00:56.905   262   278 I /system/bin/obd: CAN Packet: 0x0D:32,0x2F:60,0xFF:80,0x0F:113,0x5E:63,0x62:12,0x61:66,0x5B:37,0x7A:1,0x7B:2,0x7C:128
01-01 00:00:56.905   262   278 I /system/bin/obd: CAN Packet Length: 87
01-01 00:00:56.906  1334  1355 D com.embitel.core.obd.OBDDataHandler: parseOBDData :: 0x0D:32,0x2F:60,0xFF:80,0x0F:113,0x5E:63,0x62:12,0x61:66,0x5B:37,0x7A:1,0x7B:2,0x7C:128
01-01 00:00:56.906  1334  1355 D com.embitel.core.obd.OBDDataHandler: processOBDData :: 0x0D,32
01-01 00:00:56.906  1334  1355 D com.embitel.core.obd.OBDDataHandler: processOBDData :: 0x2F,60
01-01 00:00:56.906  1334  1355 D com.embitel.core.obd.OBDDataHandler: processOBDData :: 0xFF,80
01-01 00:00:56.906  1334  1355 D com.embitel.core.obd.OBDDataHandler: processOBDData :: 0x0F,113
01-01 00:00:56.906  1334  1355 D com.embitel.core.obd.OBDDataHandler: processOBDData :: 0x5E,63
01-01 00:00:56.906  1334  1355 D com.embitel.core.obd.OBDDataHandler: processOBDData :: 0x62,12
01-01 00:00:56.906  1334  1355 D com.embitel.core.obd.OBDDataHandler: processOBDData :: 0x61,66
01-01 00:00:56.906  1334  1355 D com.embitel.core.obd.OBDDataHandler: processOBDData :: 0x5B,37
01-01 00:00:56.906  1334  1355 D com.embitel.core.obd.OBDDataHandler: processOBDData :: 0x7A,1
01-01 00:00:56.907  1334  1355 D com.embitel.core.obd.OBDDataHandler: processOBDData :: 0x7B,2
01-01 00:00:56.907  1334  1355 D com.embitel.core.obd.OBDDataHandler: processOBDData :: 0x7C,128
01-01 00:00:56.913  1122  1318 I MediaScanner: forcing rescan of /system/media/audio/ringtones/Noises2.ogg since build fingerprint changed
01-01 00:00:56.942  1122  1318 I MediaScanner: forcing rescan of /system/media/audio/ringtones/Noises3.ogg since build fingerprint changed
01-01 00:00:56.968  1122  1318 I MediaScanner: forcing rescan of /system/media/audio/ringtones/OrganDub.ogg since build fingerprint changed
01-01 00:00:56.995  1122  1318 I MediaScanner: forcing rescan of /system/media/audio/ringtones/Orion.ogg since build fingerprint changed
01-01 00:00:57.006   262   278 I /system/bin/obd: CAN Packet: 0x0D:32,0x2F:60,0xFF:80,0x0F:113,0x5E:63,0x62:12,0x61:66,0x5B:37,0x7A:1,0x7B:2,0x7C:128
01-01 00:00:57.006   262   278 I /system/bin/obd: CAN Packet Length: 87
01-01 00:00:57.006  1334  1355 D com.embitel.core.obd.OBDDataHandler: parseOBDData :: 0x0D:32,0x2F:60,0xFF:80,0x0F:113,0x5E:63,0x62:12,0x61:66,0x5B:37,0x7A:1,0x7B:2,0x7C:128
01-01 00:00:57.006  1334  1355 D com.embitel.core.obd.OBDDataHandler: processOBDData :: 0x0D,32
01-01 00:00:57.006  1334  1355 D com.embitel.core.obd.OBDDataHandler: processOBDData :: 0x2F,60
01-01 00:00:57.006  1334  1355 D com.embitel.core.obd.OBDDataHandler: processOBDData :: 0xFF,80
01-01 00:00:57.006  1334  1355 D com.embitel.core.obd.OBDDataHandler: processOBDData :: 0x0F,113
01-01 00:00:57.007  1334  1355 D com.embitel.core.obd.OBDDataHandler: processOBDData :: 0x5E,63
01-01 00:00:57.007  1334  1355 D com.embitel.core.obd.OBDDataHandler: processOBDData :: 0x62,12
01-01 00:00:57.007  1334  1355 D com.embitel.core.obd.OBDDataHandler: processOBDData :: 0x61,66
01-01 00:00:57.007  1334  1355 D com.embitel.core.obd.OBDDataHandler: processOBDData :: 0x5B,37
01-01 00:00:57.007  1334  1355 D com.embitel.core.obd.OBDDataHandler: processOBDData :: 0x7A,1
01-01 00:00:57.007  1334  1355 D com.embitel.core.obd.OBDDataHandler: processOBDData :: 0x7B,2
01-01 00:00:57.007  1334  1355 D com.embitel.core.obd.OBDDataHandler: processOBDData :: 0x7C,128
01-01 00:00:57.031  1122  1318 I MediaScanner: forcing rescan of /system/media/audio/ringtones/PERSEUS.ogg since build fingerprint changed
01-01 00:00:57.054   536   571 I InputReader: Reconfiguring input devices.  changes=0x00000010
01-01 00:00:57.062   536   571 I InputReader: Reconfiguring input devices.  changes=0x00000010
01-01 00:00:57.063   734   734 E PhoneInterfaceManager: [PhoneIntfMgr] getCarrierPackageNamesForIntent: No UICC
01-01 00:00:57.064   734   734 D CarrierSvcBindHelper: No carrier app for: 0
01-01 00:00:57.073   536   571 I InputReader: Reconfiguring input devices.  changes=0x00000010
01-01 00:00:57.075   262   277 I /system/bin/obd: PID: ff
01-01 00:00:57.075   262   277 I /system/bin/obd: vehicleParams.Odo (0xFF):128 
01-01 00:00:57.080   734   734 E PhoneInterfaceManager: [PhoneIntfMgr] getCarrierPackageNamesForIntent: No UICC
01-01 00:00:57.080   734   734 D CarrierSvcBindHelper: No carrier app for: 0
01-01 00:00:57.107   262   278 I /system/bin/obd: CAN Packet: 0x0D:32,0x2F:60,0xFF:128,0x0F:113,0x5E:63,0x62:12,0x61:66,0x5B:37,0x7A:1,0x7B:2,0x7C:128
01-01 00:00:57.107   262   278 I /system/bin/obd: CAN Packet Length: 88
01-01 00:00:57.108  1334  1355 D com.embitel.core.obd.OBDDataHandler: parseOBDData :: 0x0D:32,0x2F:60,0xFF:128,0x0F:113,0x5E:63,0x62:12,0x61:66,0x5B:37,0x7A:1,0x7B:2,0x7C:128
01-01 00:00:57.108  1334  1355 D com.embitel.core.obd.OBDDataHandler: processOBDData :: 0x0D,32
01-01 00:00:57.108  1334  1355 D com.embitel.core.obd.OBDDataHandler: processOBDData :: 0x2F,60
01-01 00:00:57.108  1334  1355 D com.embitel.core.obd.OBDDataHandler: processOBDData :: 0xFF,128
01-01 00:00:57.108  1334  1355 D com.embitel.core.obd.OBDDataHandler: processOBDData :: 0x0F,113
01-01 00:00:57.108  1334  1355 D com.embitel.core.obd.OBDDataHandler: processOBDData :: 0x5E,63
01-01 00:00:57.109  1334  1355 D com.embitel.core.obd.OBDDataHandler: processOBDData :: 0x62,12
01-01 00:00:57.109  1334  1355 D com.embitel.core.obd.OBDDataHandler: processOBDData :: 0x61,66
01-01 00:00:57.109  1334  1355 D com.embitel.core.obd.OBDDataHandler: processOBDData :: 0x5B,37
01-01 00:00:57.109  1334  1355 D com.embitel.core.obd.OBDDataHandler: processOBDData :: 0x7A,1
01-01 00:00:57.109  1334  1355 D com.embitel.core.obd.OBDDataHandler: processOBDData :: 0x7B,2
01-01 00:00:57.109  1334  1355 D com.embitel.core.obd.OBDDataHandler: processOBDData :: 0x7C,128
01-01 00:00:57.110   734   734 E PhoneInterfaceManager: [PhoneIntfMgr] getCarrierPackageNamesForIntent: No UICC
01-01 00:00:57.110   734   734 D CarrierSvcBindHelper: No carrier app for: 0
01-01 00:00:57.125   536   571 E EventHub: could not get driver version for /dev/input/mouse1, Not a typewriter
01-01 00:00:57.145   536   631 D UsbHostManager: Added device UsbDevice[mName=/dev/bus/usb/001/003,mVendorId=16700,mProductId=12314,mClass=0,mSubclass=0,mProtocol=0,mManufacturerName=PixArt,mProductName=Dell MS116 USB Optical Mouse,mVersion=2.0,mSerialNumber=null,mConfigurations=[
01-01 00:00:57.145   536   631 D UsbHostManager: UsbConfiguration[mId=1,mName=null,mAttributes=160,mMaxPower=50,mInterfaces=[
01-01 00:00:57.145   536   631 D UsbHostManager: UsbInterface[mId=0,mAlternateSetting=0,mName=null,mClass=3,mSubclass=1,mProtocol=2,mEndpoints=[
01-01 00:00:57.145   536   631 D UsbHostManager: UsbEndpoint[mAddress=129,mAttributes=3,mMaxPacketSize=4,mInterval=10]]]]
01-01 00:00:57.146   536   631 W ContextImpl: Calling a method in the system process without a qualified user: android.app.ContextImpl.sendBroadcast:877 com.android.server.usb.UsbSettingsManager.deviceAttached:739 com.android.server.usb.UsbHostManager.endUsbDeviceAdded:225 com.android.server.usb.UsbHostManager.monitorUsbHostBus:-2 com.android.server.usb.UsbHostManager.-wrap0:-1 
01-01 00:00:57.158   734   734 E PhoneInterfaceManager: [PhoneIntfMgr] getCarrierPackageNamesForIntent: No UICC
01-01 00:00:57.158   734   734 D CarrierSvcBindHelper: No carrier app for: 0
01-01 00:00:57.174   734   734 E PhoneInterfaceManager: [PhoneIntfMgr] getCarrierPackageNamesForIntent: No UICC
01-01 00:00:57.174   734   734 D CarrierSvcBindHelper: No carrier app for: 0
01-01 00:00:57.200   536   549 I ActivityManager: Start proc 1386:com.android.mtp/u0a12 for broadcast com.android.mtp/.UsbIntentReceiver
01-01 00:00:57.200   536   549 W ActivityManager: Slow operation: 51ms so far, now at startProcess: starting to update pids map
01-01 00:00:57.200   536   549 W ActivityManager: Slow operation: 51ms so far, now at startProcess: done updating pids map
01-01 00:00:57.200   536   549 W ActivityManager: Slow operation: 51ms so far, now at startProcess: done starting proc!
01-01 00:00:57.208   262   278 I /system/bin/obd: CAN Packet: 0x0D:32,0x2F:60,0xFF:128,0x0F:113,0x5E:63,0x62:12,0x61:66,0x5B:37,0x7A:1,0x7B:2,0x7C:128
01-01 00:00:57.209   262   278 I /system/bin/obd: CAN Packet Length: 88
01-01 00:00:57.209  1334  1355 D com.embitel.core.obd.OBDDataHandler: parseOBDData :: 0x0D:32,0x2F:60,0xFF:128,0x0F:113,0x5E:63,0x62:12,0x61:66,0x5B:37,0x7A:1,0x7B:2,0x7C:128
01-01 00:00:57.209  1334  1355 D com.embitel.core.obd.OBDDataHandler: processOBDData :: 0x0D,32
01-01 00:00:57.209  1334  1355 D com.embitel.core.obd.OBDDataHandler: processOBDData :: 0x2F,60
01-01 00:00:57.209  1334  1355 D com.embitel.core.obd.OBDDataHandler: processOBDData :: 0xFF,128
01-01 00:00:57.209  1334  1355 D com.embitel.core.obd.OBDDataHandler: processOBDData :: 0x0F,113
01-01 00:00:57.210  1334  1355 D com.embitel.core.obd.OBDDataHandler: processOBDData :: 0x5E,63
01-01 00:00:57.210  1334  1355 D com.embitel.core.obd.OBDDataHandler: processOBDData :: 0x62,12
01-01 00:00:57.210  1334  1355 D com.embitel.core.obd.OBDDataHandler: processOBDData :: 0x61,66
01-01 00:00:57.210  1334  1355 D com.embitel.core.obd.OBDDataHandler: processOBDData :: 0x5B,37
01-01 00:00:57.210  1334  1355 D com.embitel.core.obd.OBDDataHandler: processOBDData :: 0x7A,1
01-01 00:00:57.210  1334  1355 D com.embitel.core.obd.OBDDataHandler: processOBDData :: 0x7B,2
01-01 00:00:57.211  1334  1355 D com.embitel.core.obd.OBDDataHandler: processOBDData :: 0x7C,128
01-01 00:00:57.221   536   571 D EventHub: No input device configuration file found for device 'PixArt Dell MS116 USB Optical Mouse'.
01-01 00:00:57.221   536   571 I EventHub: New device: id=3, fd=197, path='/dev/input/event2', name='PixArt Dell MS116 USB Optical Mouse', classes=0x80000008, configuration='', keyLayout='', keyCharacterMap='', builtinKeyboard=false, wakeMechanism=EPOLLWAKEUP, usingClockIoctl=true
01-01 00:00:57.221   536   571 I InputReader: Device added: id=3, name='PixArt Dell MS116 USB Optical Mouse', sources=0x00002002
01-01 00:00:57.223   536   571 I InputReader: Reconfiguring input devices.  changes=0x00000010
01-01 00:00:57.274   262   277 I /system/bin/obd: PID: 2f
01-01 00:00:57.274   262   277 I /system/bin/obd: vehicleParams.FuelIntakeLevel (0x2F) :74 
01-01 00:00:57.301  1122  1318 I MediaScanner: forcing rescan of /system/media/audio/ringtones/Paradise_Island.ogg since build fingerprint changed
01-01 00:00:57.309   262   278 I /system/bin/obd: CAN Packet: 0x0D:32,0x2F:74,0xFF:128,0x0F:113,0x5E:63,0x62:12,0x61:66,0x5B:37,0x7A:1,0x7B:2,0x7C:128
01-01 00:00:57.310   262   278 I /system/bin/obd: CAN Packet Length: 88
01-01 00:00:57.310  1334  1355 D com.embitel.core.obd.OBDDataHandler: parseOBDData :: 0x0D:32,0x2F:74,0xFF:128,0x0F:113,0x5E:63,0x62:12,0x61:66,0x5B:37,0x7A:1,0x7B:2,0x7C:128
01-01 00:00:57.310  1334  1355 D com.embitel.core.obd.OBDDataHandler: processOBDData :: 0x0D,32
01-01 00:00:57.310  1334  1355 D com.embitel.core.obd.OBDDataHandler: processOBDData :: 0x2F,74
01-01 00:00:57.310  1334  1355 D com.embitel.core.obd.OBDDataHandler: processOBDData :: 0xFF,128
01-01 00:00:57.310  1334  1355 D com.embitel.core.obd.OBDDataHandler: processOBDData :: 0x0F,113
01-01 00:00:57.310  1334  1355 D com.embitel.core.obd.OBDDataHandler: processOBDData :: 0x5E,63
01-01 00:00:57.310  1334  1355 D com.embitel.core.obd.OBDDataHandler: processOBDData :: 0x62,12
01-01 00:00:57.310  1334  1355 D com.embitel.core.obd.OBDDataHandler: processOBDData :: 0x61,66
01-01 00:00:57.311  1334  1355 D com.embitel.core.obd.OBDDataHandler: processOBDData :: 0x5B,37
01-01 00:00:57.311  1334  1355 D com.embitel.core.obd.OBDDataHandler: processOBDData :: 0x7A,1
01-01 00:00:57.311  1334  1355 D com.embitel.core.obd.OBDDataHandler: processOBDData :: 0x7B,2
01-01 00:00:57.311  1334  1355 D com.embitel.core.obd.OBDDataHandler: processOBDData :: 0x7C,128
01-01 00:00:57.347  1319  1363 W Launcher.Model: Nobody to tell about the new app.  Launcher is probably loading.
01-01 00:00:57.377   536   548 W ResourceType: No known package when getting value for resource number 0x7f0200fc
01-01 00:00:57.377   536   548 W ResourceType: No known package when getting value for resource number 0x7f0e03ac
01-01 00:00:57.378   536   548 W ResourceType: No known package when getting value for resource number 0x7f0200fb
01-01 00:00:57.378   536   548 W ResourceType: No known package when getting value for resource number 0x7f0e093c
01-01 00:00:57.378   536   548 W ResourceType: No known package when getting value for resource number 0x7f0200fa
01-01 00:00:57.378   536   548 W ResourceType: No known package when getting value for resource number 0x7f0e07ea
01-01 00:00:57.391  1319  1363 W Launcher.Model: Nobody to tell about the new app.  Launcher is probably loading.
01-01 00:00:57.394  1319  1363 W Launcher.Model: Nobody to tell about the new app.  Launcher is probably loading.
01-01 00:00:57.410   262   278 I /system/bin/obd: CAN Packet: 0x0D:32,0x2F:74,0xFF:128,0x0F:113,0x5E:63,0x62:12,0x61:66,0x5B:37,0x7A:1,0x7B:2,0x7C:128
01-01 00:00:57.410   262   278 I /system/bin/obd: CAN Packet Length: 88
01-01 00:00:57.411  1334  1355 D com.embitel.core.obd.OBDDataHandler: parseOBDData :: 0x0D:32,0x2F:74,0xFF:128,0x0F:113,0x5E:63,0x62:12,0x61:66,0x5B:37,0x7A:1,0x7B:2,0x7C:128
01-01 00:00:57.412  1334  1355 D com.embitel.core.obd.OBDDataHandler: processOBDData :: 0x0D,32
01-01 00:00:57.413  1334  1355 D com.embitel.core.obd.OBDDataHandler: processOBDData :: 0x2F,74
01-01 00:00:57.413  1334  1355 D com.embitel.core.obd.OBDDataHandler: processOBDData :: 0xFF,128
01-01 00:00:57.414  1334  1355 D com.embitel.core.obd.OBDDataHandler: processOBDData :: 0x0F,113
01-01 00:00:57.414  1334  1355 D com.embitel.core.obd.OBDDataHandler: processOBDData :: 0x5E,63
01-01 00:00:57.414  1334  1355 D com.embitel.core.obd.OBDDataHandler: processOBDData :: 0x62,12
01-01 00:00:57.414  1334  1355 D com.embitel.core.obd.OBDDataHandler: processOBDData :: 0x61,66
01-01 00:00:57.414  1334  1355 D com.embitel.core.obd.OBDDataHandler: processOBDData :: 0x5B,37
01-01 00:00:57.414  1334  1355 D com.embitel.core.obd.OBDDataHandler: processOBDData :: 0x7A,1
01-01 00:00:57.414  1334  1355 D com.embitel.core.obd.OBDDataHandler: processOBDData :: 0x7B,2
01-01 00:00:57.414  1334  1355 D com.embitel.core.obd.OBDDataHandler: processOBDData :: 0x7C,128
01-01 00:00:57.377   262   262 I obd     : type=1400 audit(0.0:46): avc: denied { write } for path="socket:[9862]" dev="sockfs" ino=9862 scontext=u:r:obd:s0 tcontext=u:r:obd:s0 tclass=socket permissive=1
01-01 00:00:57.474   262   277 I /system/bin/obd: PID: 5e
01-01 00:00:57.475   262   277 I /system/bin/obd: vehicleParams.EngFuelRate (0x5E) :12 
01-01 00:00:57.467   262   262 I obd     : type=1400 audit(0.0:47): avc: denied { read } for path="socket:[9862]" dev="sockfs" ino=9862 scontext=u:r:obd:s0 tcontext=u:r:obd:s0 tclass=socket permissive=1
01-01 00:00:57.503  1319  1363 W Launcher.Model: Nobody to tell about the new app.  Launcher is probably loading.
01-01 00:00:57.513   262   278 I /system/bin/obd: CAN Packet: 0x0D:32,0x2F:74,0xFF:128,0x0F:113,0x5E:12,0x62:12,0x61:66,0x5B:37,0x7A:1,0x7B:2,0x7C:128
01-01 00:00:57.513   262   278 I /system/bin/obd: CAN Packet Length: 88
01-01 00:00:57.514  1334  1355 D com.embitel.core.obd.OBDDataHandler: parseOBDData :: 0x0D:32,0x2F:74,0xFF:128,0x0F:113,0x5E:12,0x62:12,0x61:66,0x5B:37,0x7A:1,0x7B:2,0x7C:128
01-01 00:00:57.516  1334  1355 D com.embitel.core.obd.OBDDataHandler: processOBDData :: 0x0D,32
01-01 00:00:57.516  1334  1355 D com.embitel.core.obd.OBDDataHandler: processOBDData :: 0x2F,74
01-01 00:00:57.516  1334  1355 D com.embitel.core.obd.OBDDataHandler: processOBDData :: 0xFF,128
01-01 00:00:57.516  1334  1355 D com.embitel.core.obd.OBDDataHandler: processOBDData :: 0x0F,113
01-01 00:00:57.516  1334  1355 D com.embitel.core.obd.OBDDataHandler: processOBDData :: 0x5E,12
01-01 00:00:57.516  1334  1355 D com.embitel.core.obd.OBDDataHandler: processOBDData :: 0x62,12
01-01 00:00:57.516  1334  1355 D com.embitel.core.obd.OBDDataHandler: processOBDData :: 0x61,66
01-01 00:00:57.516  1334  1355 D com.embitel.core.obd.OBDDataHandler: processOBDData :: 0x5B,37
01-01 00:00:57.516  1334  1355 D com.embitel.core.obd.OBDDataHandler: processOBDData :: 0x7A,1
01-01 00:00:57.516  1334  1355 D com.embitel.core.obd.OBDDataHandler: processOBDData :: 0x7B,2
01-01 00:00:57.516  1334  1355 D com.embitel.core.obd.OBDDataHandler: processOBDData :: 0x7C,128
01-01 00:00:57.536  1319  1363 W Launcher.Model: Nobody to tell about the new app.  Launcher is probably loading.
01-01 00:00:57.606  1122  1318 I MediaScanner: forcing rescan of /system/media/audio/ringtones/Pegasus.ogg since build fingerprint changed
01-01 00:00:57.614   262   278 I /system/bin/obd: CAN Packet: 0x0D:32,0x2F:74,0xFF:128,0x0F:113,0x5E:12,0x62:12,0x61:66,0x5B:37,0x7A:1,0x7B:2,0x7C:128
01-01 00:00:57.614   262   278 I /system/bin/obd: CAN Packet Length: 88
01-01 00:00:57.616  1334  1355 D com.embitel.core.obd.OBDDataHandler: parseOBDData :: 0x0D:32,0x2F:74,0xFF:128,0x0F:113,0x5E:12,0x62:12,0x61:66,0x5B:37,0x7A:1,0x7B:2,0x7C:128
01-01 00:00:57.616  1334  1355 D com.embitel.core.obd.OBDDataHandler: processOBDData :: 0x0D,32
01-01 00:00:57.616  1334  1355 D com.embitel.core.obd.OBDDataHandler: processOBDData :: 0x2F,74
01-01 00:00:57.616  1334  1355 D com.embitel.core.obd.OBDDataHandler: processOBDData :: 0xFF,128
01-01 00:00:57.616  1334  1355 D com.embitel.core.obd.OBDDataHandler: processOBDData :: 0x0F,113
01-01 00:00:57.617  1334  1355 D com.embitel.core.obd.OBDDataHandler: processOBDData :: 0x5E,12
01-01 00:00:57.617  1334  1355 D com.embitel.core.obd.OBDDataHandler: processOBDData :: 0x62,12
01-01 00:00:57.617  1334  1355 D com.embitel.core.obd.OBDDataHandler: processOBDData :: 0x61,66
01-01 00:00:57.617  1334  1355 D com.embitel.core.obd.OBDDataHandler: processOBDData :: 0x5B,37
01-01 00:00:57.617  1334  1355 D com.embitel.core.obd.OBDDataHandler: processOBDData :: 0x7A,1
01-01 00:00:57.617  1334  1355 D com.embitel.core.obd.OBDDataHandler: processOBDData :: 0x7B,2
01-01 00:00:57.617  1334  1355 D com.embitel.core.obd.OBDDataHandler: processOBDData :: 0x7C,128
01-01 00:00:57.632   536   547 D VoldConnector: SND -> {32 appfuse mount 10012 1386 MtpDocumentsProvider}
01-01 00:00:57.643   536   573 D VoldConnector: RCV <- {200 32 AppFuse command succeeded}
01-01 00:00:57.674   262   277 I /system/bin/obd: PID: 62
01-01 00:00:57.674   262   277 I /system/bin/obd: vehicleParams.DriverDemandEngTorque (0x62) :55 
01-01 00:00:57.698  1122  1318 I MediaScanner: forcing rescan of /system/media/audio/ringtones/Perseus.ogg since build fingerprint changed
01-01 00:00:57.714   262   278 I /system/bin/obd: CAN Packet: 0x0D:32,0x2F:74,0xFF:128,0x0F:113,0x5E:12,0x62:55,0x61:66,0x5B:37,0x7A:1,0x7B:2,0x7C:128
01-01 00:00:57.714   262   278 I /system/bin/obd: CAN Packet Length: 88
01-01 00:00:57.715  1334  1355 D com.embitel.core.obd.OBDDataHandler: parseOBDData :: 0x0D:32,0x2F:74,0xFF:128,0x0F:113,0x5E:12,0x62:55,0x61:66,0x5B:37,0x7A:1,0x7B:2,0x7C:128
01-01 00:00:57.715  1334  1355 D com.embitel.core.obd.OBDDataHandler: processOBDData :: 0x0D,32
01-01 00:00:57.715  1334  1355 D com.embitel.core.obd.OBDDataHandler: processOBDData :: 0x2F,74
01-01 00:00:57.715  1334  1355 D com.embitel.core.obd.OBDDataHandler: processOBDData :: 0xFF,128
01-01 00:00:57.715  1334  1355 D com.embitel.core.obd.OBDDataHandler: processOBDData :: 0x0F,113
01-01 00:00:57.715  1334  1355 D com.embitel.core.obd.OBDDataHandler: processOBDData :: 0x5E,12
01-01 00:00:57.715  1334  1355 D com.embitel.core.obd.OBDDataHandler: processOBDData :: 0x62,55
01-01 00:00:57.715  1334  1355 D com.embitel.core.obd.OBDDataHandler: processOBDData :: 0x61,66
01-01 00:00:57.715  1334  1355 D com.embitel.core.obd.OBDDataHandler: processOBDData :: 0x5B,37
01-01 00:00:57.715  1334  1355 D com.embitel.core.obd.OBDDataHandler: processOBDData :: 0x7A,1
01-01 00:00:57.716  1334  1355 D com.embitel.core.obd.OBDDataHandler: processOBDData :: 0x7B,2
01-01 00:00:57.716  1334  1355 D com.embitel.core.obd.OBDDataHandler: processOBDData :: 0x7C,128
01-01 00:00:57.786  1122  1318 I MediaScanner: forcing rescan of /system/media/audio/ringtones/Playa.ogg since build fingerprint changed
01-01 00:00:57.815   262   278 I /system/bin/obd: CAN Packet: 0x0D:32,0x2F:74,0xFF:128,0x0F:113,0x5E:12,0x62:55,0x61:66,0x5B:37,0x7A:1,0x7B:2,0x7C:128
01-01 00:00:57.815   262   278 I /system/bin/obd: CAN Packet Length: 88
01-01 00:00:57.815  1334  1355 D com.embitel.core.obd.OBDDataHandler: parseOBDData :: 0x0D:32,0x2F:74,0xFF:128,0x0F:113,0x5E:12,0x62:55,0x61:66,0x5B:37,0x7A:1,0x7B:2,0x7C:128
01-01 00:00:57.815  1334  1355 D com.embitel.core.obd.OBDDataHandler: processOBDData :: 0x0D,32
01-01 00:00:57.815  1334  1355 D com.embitel.core.obd.OBDDataHandler: processOBDData :: 0x2F,74
01-01 00:00:57.816  1334  1355 D com.embitel.core.obd.OBDDataHandler: processOBDData :: 0xFF,128
01-01 00:00:57.816  1334  1355 D com.embitel.core.obd.OBDDataHandler: processOBDData :: 0x0F,113
01-01 00:00:57.816  1334  1355 D com.embitel.core.obd.OBDDataHandler: processOBDData :: 0x5E,12
01-01 00:00:57.816  1334  1355 D com.embitel.core.obd.OBDDataHandler: processOBDData :: 0x62,55
01-01 00:00:57.816  1334  1355 D com.embitel.core.obd.OBDDataHandler: processOBDData :: 0x61,66
01-01 00:00:57.816  1334  1355 D com.embitel.core.obd.OBDDataHandler: processOBDData :: 0x5B,37
01-01 00:00:57.816  1334  1355 D com.embitel.core.obd.OBDDataHandler: processOBDData :: 0x7A,1
01-01 00:00:57.816  1334  1355 D com.embitel.core.obd.OBDDataHandler: processOBDData :: 0x7B,2
01-01 00:00:57.816  1334  1355 D com.embitel.core.obd.OBDDataHandler: processOBDData :: 0x7C,128
01-01 00:00:57.838  1122  1318 I MediaScanner: forcing rescan of /system/media/audio/ringtones/Pyxis.ogg since build fingerprint changed
01-01 00:00:57.874   262   277 I /system/bin/obd: PID: f
01-01 00:00:57.875   262   277 I /system/bin/obd: vehicleParams.IntakeAirTemp (0x0F) :40 
01-01 00:00:57.876  1122  1318 I MediaScanner: forcing rescan of /system/media/audio/ringtones/Rasalas.ogg since build fingerprint changed
01-01 00:00:57.915   262   278 I /system/bin/obd: CAN Packet: 0x0D:32,0x2F:74,0xFF:128,0x0F:40,0x5E:12,0x62:55,0x61:66,0x5B:37,0x7A:1,0x7B:2,0x7C:128
01-01 00:00:57.915   262   278 I /system/bin/obd: CAN Packet Length: 87
01-01 00:00:57.916  1334  1355 D com.embitel.core.obd.OBDDataHandler: parseOBDData :: 0x0D:32,0x2F:74,0xFF:128,0x0F:40,0x5E:12,0x62:55,0x61:66,0x5B:37,0x7A:1,0x7B:2,0x7C:128
01-01 00:00:57.916  1334  1355 D com.embitel.core.obd.OBDDataHandler: processOBDData :: 0x0D,32
01-01 00:00:57.916  1334  1355 D com.embitel.core.obd.OBDDataHandler: processOBDData :: 0x2F,74
01-01 00:00:57.916  1334  1355 D com.embitel.core.obd.OBDDataHandler: processOBDData :: 0xFF,128
01-01 00:00:57.916  1334  1355 D com.embitel.core.obd.OBDDataHandler: processOBDData :: 0x0F,40
01-01 00:00:57.916  1334  1355 D com.embitel.core.obd.OBDDataHandler: processOBDData :: 0x5E,12
01-01 00:00:57.916  1334  1355 D com.embitel.core.obd.OBDDataHandler: processOBDData :: 0x62,55
01-01 00:00:57.916  1334  1355 D com.embitel.core.obd.OBDDataHandler: processOBDData :: 0x61,66
01-01 00:00:57.916  1334  1355 D com.embitel.core.obd.OBDDataHandler: processOBDData :: 0x5B,37
01-01 00:00:57.916  1334  1355 D com.embitel.core.obd.OBDDataHandler: processOBDData :: 0x7A,1
01-01 00:00:57.916  1334  1355 D com.embitel.core.obd.OBDDataHandler: processOBDData :: 0x7B,2
01-01 00:00:57.917  1334  1355 D com.embitel.core.obd.OBDDataHandler: processOBDData :: 0x7C,128
01-01 00:00:57.965  1122  1318 I MediaScanner: forcing rescan of /system/media/audio/ringtones/Revelation.ogg since build fingerprint changed
01-01 00:00:58.016   262   278 I /system/bin/obd: CAN Packet: 0x0D:32,0x2F:74,0xFF:128,0x0F:40,0x5E:12,0x62:55,0x61:66,0x5B:37,0x7A:1,0x7B:2,0x7C:128
01-01 00:00:58.016   262   278 I /system/bin/obd: CAN Packet Length: 87
01-01 00:00:58.018  1334  1355 D com.embitel.core.obd.OBDDataHandler: parseOBDData :: 0x0D:32,0x2F:74,0xFF:128,0x0F:40,0x5E:12,0x62:55,0x61:66,0x5B:37,0x7A:1,0x7B:2,0x7C:128
01-01 00:00:58.018  1334  1355 D com.embitel.core.obd.OBDDataHandler: processOBDData :: 0x0D,32
01-01 00:00:58.018  1334  1355 D com.embitel.core.obd.OBDDataHandler: processOBDData :: 0x2F,74
01-01 00:00:58.018  1334  1355 D com.embitel.core.obd.OBDDataHandler: processOBDData :: 0xFF,128
01-01 00:00:58.018  1334  1355 D com.embitel.core.obd.OBDDataHandler: processOBDData :: 0x0F,40
01-01 00:00:58.019  1334  1355 D com.embitel.core.obd.OBDDataHandler: processOBDData :: 0x5E,12
01-01 00:00:58.019  1334  1355 D com.embitel.core.obd.OBDDataHandler: processOBDData :: 0x62,55
01-01 00:00:58.019  1334  1355 D com.embitel.core.obd.OBDDataHandler: processOBDData :: 0x61,66
01-01 00:00:58.019  1334  1355 D com.embitel.core.obd.OBDDataHandler: processOBDData :: 0x5B,37
01-01 00:00:58.019  1334  1355 D com.embitel.core.obd.OBDDataHandler: processOBDData :: 0x7A,1
01-01 00:00:58.019  1334  1355 D com.embitel.core.obd.OBDDataHandler: processOBDData :: 0x7B,2
01-01 00:00:58.019  1334  1355 D com.embitel.core.obd.OBDDataHandler: processOBDData :: 0x7C,128
01-01 00:00:58.020  1122  1318 I MediaScanner: forcing rescan of /system/media/audio/ringtones/Rigel.ogg since build fingerprint changed
01-01 00:00:58.064  1122  1318 I MediaScanner: forcing rescan of /system/media/audio/ringtones/Ring_Classic_02.ogg since build fingerprint changed
01-01 00:00:58.074   262   277 I /system/bin/obd: PID: 61
01-01 00:00:58.074   262   277 I /system/bin/obd: vehicleParams.ActualEngTorque (0x61) :28 
01-01 00:00:58.099  1122  1318 I MediaScanner: forcing rescan of /system/media/audio/ringtones/Ring_Digital_02.ogg since build fingerprint changed
01-01 00:00:58.116   262   278 I /system/bin/obd: CAN Packet: 0x0D:32,0x2F:74,0xFF:128,0x0F:40,0x5E:12,0x62:55,0x61:28,0x5B:37,0x7A:1,0x7B:2,0x7C:128
01-01 00:00:58.117   262   278 I /system/bin/obd: CAN Packet Length: 87
01-01 00:00:58.117  1334  1355 D com.embitel.core.obd.OBDDataHandler: parseOBDData :: 0x0D:32,0x2F:74,0xFF:128,0x0F:40,0x5E:12,0x62:55,0x61:28,0x5B:37,0x7A:1,0x7B:2,0x7C:128
01-01 00:00:58.117  1334  1355 D com.embitel.core.obd.OBDDataHandler: processOBDData :: 0x0D,32
01-01 00:00:58.117  1334  1355 D com.embitel.core.obd.OBDDataHandler: processOBDData :: 0x2F,74
01-01 00:00:58.117  1334  1355 D com.embitel.core.obd.OBDDataHandler: processOBDData :: 0xFF,128
01-01 00:00:58.117  1334  1355 D com.embitel.core.obd.OBDDataHandler: processOBDData :: 0x0F,40
01-01 00:00:58.117  1334  1355 D com.embitel.core.obd.OBDDataHandler: processOBDData :: 0x5E,12
01-01 00:00:58.117  1334  1355 D com.embitel.core.obd.OBDDataHandler: processOBDData :: 0x62,55
01-01 00:00:58.117  1334  1355 D com.embitel.core.obd.OBDDataHandler: processOBDData :: 0x61,28
01-01 00:00:58.117  1334  1355 D com.embitel.core.obd.OBDDataHandler: processOBDData :: 0x5B,37
01-01 00:00:58.117  1334  1355 D com.embitel.core.obd.OBDDataHandler: processOBDData :: 0x7A,1
01-01 00:00:58.118  1334  1355 D com.embitel.core.obd.OBDDataHandler: processOBDData :: 0x7B,2
01-01 00:00:58.118  1334  1355 D com.embitel.core.obd.OBDDataHandler: processOBDData :: 0x7C,128
01-01 00:00:58.124  1122  1318 I MediaScanner: forcing rescan of /system/media/audio/ringtones/Ring_Synth_02.ogg since build fingerprint changed
01-01 00:00:58.160  1122  1318 I MediaScanner: forcing rescan of /system/media/audio/ringtones/Ring_Synth_04.ogg since build fingerprint changed
01-01 00:00:58.194  1122  1318 I MediaScanner: forcing rescan of /system/media/audio/ringtones/Road_Trip.ogg since build fingerprint changed
01-01 00:00:58.217   262   278 I /system/bin/obd: CAN Packet: 0x0D:32,0x2F:74,0xFF:128,0x0F:40,0x5E:12,0x62:55,0x61:28,0x5B:37,0x7A:1,0x7B:2,0x7C:128
01-01 00:00:58.217   262   278 I /system/bin/obd: CAN Packet Length: 87
01-01 00:00:58.218  1334  1355 D com.embitel.core.obd.OBDDataHandler: parseOBDData :: 0x0D:32,0x2F:74,0xFF:128,0x0F:40,0x5E:12,0x62:55,0x61:28,0x5B:37,0x7A:1,0x7B:2,0x7C:128
01-01 00:00:58.218  1334  1355 D com.embitel.core.obd.OBDDataHandler: processOBDData :: 0x0D,32
01-01 00:00:58.218  1334  1355 D com.embitel.core.obd.OBDDataHandler: processOBDData :: 0x2F,74
01-01 00:00:58.218  1334  1355 D com.embitel.core.obd.OBDDataHandler: processOBDData :: 0xFF,128
01-01 00:00:58.218  1334  1355 D com.embitel.core.obd.OBDDataHandler: processOBDData :: 0x0F,40
01-01 00:00:58.218  1334  1355 D com.embitel.core.obd.OBDDataHandler: processOBDData :: 0x5E,12
01-01 00:00:58.218  1334  1355 D com.embitel.core.obd.OBDDataHandler: processOBDData :: 0x62,55
01-01 00:00:58.218  1334  1355 D com.embitel.core.obd.OBDDataHandler: processOBDData :: 0x61,28
01-01 00:00:58.218  1334  1355 D com.embitel.core.obd.OBDDataHandler: processOBDData :: 0x5B,37
01-01 00:00:58.218  1334  1355 D com.embitel.core.obd.OBDDataHandler: processOBDData :: 0x7A,1
01-01 00:00:58.218  1334  1355 D com.embitel.core.obd.OBDDataHandler: processOBDData :: 0x7B,2
01-01 00:00:58.218  1334  1355 D com.embitel.core.obd.OBDDataHandler: processOBDData :: 0x7C,128
01-01 00:00:58.242  1122  1318 I MediaScanner: forcing rescan of /system/media/audio/ringtones/RomancingTheTone.ogg since build fingerprint changed
01-01 00:00:58.274   262   277 I /system/bin/obd: PID: 5b
01-01 00:00:58.274   262   277 I /system/bin/obd: vehicleParams.BatteryCharge (0x5B) :37 
01-01 00:00:58.275  1122  1318 I MediaScanner: forcing rescan of /system/media/audio/ringtones/Safari.ogg since build fingerprint changed
01-01 00:00:58.315  1122  1318 I MediaScanner: forcing rescan of /system/media/audio/ringtones/Savannah.ogg since build fingerprint changed
01-01 00:00:58.318   262   278 I /system/bin/obd: CAN Packet: 0x0D:32,0x2F:74,0xFF:128,0x0F:40,0x5E:12,0x62:55,0x61:28,0x5B:37,0x7A:1,0x7B:2,0x7C:128
01-01 00:00:58.318   262   278 I /system/bin/obd: CAN Packet Length: 87
01-01 00:00:58.319  1334  1355 D com.embitel.core.obd.OBDDataHandler: parseOBDData :: 0x0D:32,0x2F:74,0xFF:128,0x0F:40,0x5E:12,0x62:55,0x61:28,0x5B:37,0x7A:1,0x7B:2,0x7C:128
01-01 00:00:58.319  1334  1355 D com.embitel.core.obd.OBDDataHandler: processOBDData :: 0x0D,32
01-01 00:00:58.319  1334  1355 D com.embitel.core.obd.OBDDataHandler: processOBDData :: 0x2F,74
01-01 00:00:58.319  1334  1355 D com.embitel.core.obd.OBDDataHandler: processOBDData :: 0xFF,128
01-01 00:00:58.319  1334  1355 D com.embitel.core.obd.OBDDataHandler: processOBDData :: 0x0F,40
01-01 00:00:58.319  1334  1355 D com.embitel.core.obd.OBDDataHandler: processOBDData :: 0x5E,12
01-01 00:00:58.319  1334  1355 D com.embitel.core.obd.OBDDataHandler: processOBDData :: 0x62,55
01-01 00:00:58.319  1334  1355 D com.embitel.core.obd.OBDDataHandler: processOBDData :: 0x61,28
01-01 00:00:58.319  1334  1355 D com.embitel.core.obd.OBDDataHandler: processOBDData :: 0x5B,37
01-01 00:00:58.319  1334  1355 D com.embitel.core.obd.OBDDataHandler: processOBDData :: 0x7A,1
01-01 00:00:58.319  1334  1355 D com.embitel.core.obd.OBDDataHandler: processOBDData :: 0x7B,2
01-01 00:00:58.319  1334  1355 D com.embitel.core.obd.OBDDataHandler: processOBDData :: 0x7C,128
01-01 00:00:58.361  1122  1318 I MediaScanner: forcing rescan of /system/media/audio/ringtones/Scarabaeus.ogg since build fingerprint changed
01-01 00:00:58.419   262   278 I /system/bin/obd: CAN Packet: 0x0D:32,0x2F:74,0xFF:128,0x0F:40,0x5E:12,0x62:55,0x61:28,0x5B:37,0x7A:1,0x7B:2,0x7C:128
01-01 00:00:58.419   262   278 I /system/bin/obd: CAN Packet Length: 87
01-01 00:00:58.419  1334  1355 D com.embitel.core.obd.OBDDataHandler: parseOBDData :: 0x0D:32,0x2F:74,0xFF:128,0x0F:40,0x5E:12,0x62:55,0x61:28,0x5B:37,0x7A:1,0x7B:2,0x7C:128
01-01 00:00:58.419  1334  1355 D com.embitel.core.obd.OBDDataHandler: processOBDData :: 0x0D,32
01-01 00:00:58.419  1334  1355 D com.embitel.core.obd.OBDDataHandler: processOBDData :: 0x2F,74
01-01 00:00:58.419  1334  1355 D com.embitel.core.obd.OBDDataHandler: processOBDData :: 0xFF,128
01-01 00:00:58.419  1334  1355 D com.embitel.core.obd.OBDDataHandler: processOBDData :: 0x0F,40
01-01 00:00:58.419  1334  1355 D com.embitel.core.obd.OBDDataHandler: processOBDData :: 0x5E,12
01-01 00:00:58.420  1334  1355 D com.embitel.core.obd.OBDDataHandler: processOBDData :: 0x62,55
01-01 00:00:58.420  1334  1355 D com.embitel.core.obd.OBDDataHandler: processOBDData :: 0x61,28
01-01 00:00:58.420  1334  1355 D com.embitel.core.obd.OBDDataHandler: processOBDData :: 0x5B,37
01-01 00:00:58.420  1334  1355 D com.embitel.core.obd.OBDDataHandler: processOBDData :: 0x7A,1
01-01 00:00:58.420  1334  1355 D com.embitel.core.obd.OBDDataHandler: processOBDData :: 0x7B,2
01-01 00:00:58.420  1334  1355 D com.embitel.core.obd.OBDDataHandler: processOBDData :: 0x7C,128
01-01 00:00:58.428  1122  1318 I MediaScanner: forcing rescan of /system/media/audio/ringtones/Sceptrum.ogg since build fingerprint changed
01-01 00:00:58.474   262   277 I /system/bin/obd: PID: 7a
01-01 00:00:58.474   262   277 I /system/bin/obd: vehicleParams.GearIndicator (0x7A) :1 
01-01 00:00:58.507  1122  1318 I MediaScanner: forcing rescan of /system/media/audio/ringtones/Seville.ogg since build fingerprint changed
01-01 00:00:58.519   262   278 I /system/bin/obd: CAN Packet: 0x0D:32,0x2F:74,0xFF:128,0x0F:40,0x5E:12,0x62:55,0x61:28,0x5B:37,0x7A:1,0x7B:2,0x7C:128
01-01 00:00:58.519   262   278 I /system/bin/obd: CAN Packet Length: 87
01-01 00:00:58.520  1334  1355 D com.embitel.core.obd.OBDDataHandler: parseOBDData :: 0x0D:32,0x2F:74,0xFF:128,0x0F:40,0x5E:12,0x62:55,0x61:28,0x5B:37,0x7A:1,0x7B:2,0x7C:128
01-01 00:00:58.520  1334  1355 D com.embitel.core.obd.OBDDataHandler: processOBDData :: 0x0D,32
01-01 00:00:58.520  1334  1355 D com.embitel.core.obd.OBDDataHandler: processOBDData :: 0x2F,74
01-01 00:00:58.520  1334  1355 D com.embitel.core.obd.OBDDataHandler: processOBDData :: 0xFF,128
01-01 00:00:58.520  1334  1355 D com.embitel.core.obd.OBDDataHandler: processOBDData :: 0x0F,40
01-01 00:00:58.520  1334  1355 D com.embitel.core.obd.OBDDataHandler: processOBDData :: 0x5E,12
01-01 00:00:58.520  1334  1355 D com.embitel.core.obd.OBDDataHandler: processOBDData :: 0x62,55
01-01 00:00:58.520  1334  1355 D com.embitel.core.obd.OBDDataHandler: processOBDData :: 0x61,28
01-01 00:00:58.520  1334  1355 D com.embitel.core.obd.OBDDataHandler: processOBDData :: 0x5B,37
01-01 00:00:58.520  1334  1355 D com.embitel.core.obd.OBDDataHandler: processOBDData :: 0x7A,1
01-01 00:00:58.520  1334  1355 D com.embitel.core.obd.OBDDataHandler: processOBDData :: 0x7B,2
01-01 00:00:58.520  1334  1355 D com.embitel.core.obd.OBDDataHandler: processOBDData :: 0x7C,128
01-01 00:00:58.588  1122  1318 I MediaScanner: forcing rescan of /system/media/audio/ringtones/Shes_All_That.ogg since build fingerprint changed
01-01 00:00:58.620   262   278 I /system/bin/obd: CAN Packet: 0x0D:32,0x2F:74,0xFF:128,0x0F:40,0x5E:12,0x62:55,0x61:28,0x5B:37,0x7A:1,0x7B:2,0x7C:128
01-01 00:00:58.620   262   278 I /system/bin/obd: CAN Packet Length: 87
01-01 00:00:58.621  1334  1355 D com.embitel.core.obd.OBDDataHandler: parseOBDData :: 0x0D:32,0x2F:74,0xFF:128,0x0F:40,0x5E:12,0x62:55,0x61:28,0x5B:37,0x7A:1,0x7B:2,0x7C:128
01-01 00:00:58.621  1334  1355 D com.embitel.core.obd.OBDDataHandler: processOBDData :: 0x0D,32
01-01 00:00:58.621  1334  1355 D com.embitel.core.obd.OBDDataHandler: processOBDData :: 0x2F,74
01-01 00:00:58.621  1334  1355 D com.embitel.core.obd.OBDDataHandler: processOBDData :: 0xFF,128
01-01 00:00:58.621  1334  1355 D com.embitel.core.obd.OBDDataHandler: processOBDData :: 0x0F,40
01-01 00:00:58.621  1334  1355 D com.embitel.core.obd.OBDDataHandler: processOBDData :: 0x5E,12
01-01 00:00:58.621  1334  1355 D com.embitel.core.obd.OBDDataHandler: processOBDData :: 0x62,55
01-01 00:00:58.621  1334  1355 D com.embitel.core.obd.OBDDataHandler: processOBDData :: 0x61,28
01-01 00:00:58.621  1334  1355 D com.embitel.core.obd.OBDDataHandler: processOBDData :: 0x5B,37
01-01 00:00:58.621  1334  1355 D com.embitel.core.obd.OBDDataHandler: processOBDData :: 0x7A,1
01-01 00:00:58.621  1334  1355 D com.embitel.core.obd.OBDDataHandler: processOBDData :: 0x7B,2
01-01 00:00:58.621  1334  1355 D com.embitel.core.obd.OBDDataHandler: processOBDData :: 0x7C,128
01-01 00:00:58.634  1122  1318 I MediaScanner: forcing rescan of /system/media/audio/ringtones/SilkyWay.ogg since build fingerprint changed
01-01 00:00:58.665  1122  1318 I MediaScanner: forcing rescan of /system/media/audio/ringtones/SitarVsSitar.ogg since build fingerprint changed
01-01 00:00:58.674   262   277 I /system/bin/obd: PID: 7b
01-01 00:00:58.674   262   277 I /system/bin/obd: vehicleParams.VehicleRange (0x7B) :2 
01-01 00:00:58.692  1122  1318 I MediaScanner: forcing rescan of /system/media/audio/ringtones/Solarium.ogg since build fingerprint changed
01-01 00:00:58.721   262   278 I /system/bin/obd: CAN Packet: 0x0D:32,0x2F:74,0xFF:128,0x0F:40,0x5E:12,0x62:55,0x61:28,0x5B:37,0x7A:1,0x7B:2,0x7C:128
01-01 00:00:58.721   262   278 I /system/bin/obd: CAN Packet Length: 87
01-01 00:00:58.721  1334  1355 D com.embitel.core.obd.OBDDataHandler: parseOBDData :: 0x0D:32,0x2F:74,0xFF:128,0x0F:40,0x5E:12,0x62:55,0x61:28,0x5B:37,0x7A:1,0x7B:2,0x7C:128
01-01 00:00:58.721  1334  1355 D com.embitel.core.obd.OBDDataHandler: processOBDData :: 0x0D,32
01-01 00:00:58.721  1334  1355 D com.embitel.core.obd.OBDDataHandler: processOBDData :: 0x2F,74
01-01 00:00:58.721  1334  1355 D com.embitel.core.obd.OBDDataHandler: processOBDData :: 0xFF,128
01-01 00:00:58.721  1334  1355 D com.embitel.core.obd.OBDDataHandler: processOBDData :: 0x0F,40
01-01 00:00:58.721  1334  1355 D com.embitel.core.obd.OBDDataHandler: processOBDData :: 0x5E,12
01-01 00:00:58.722  1334  1355 D com.embitel.core.obd.OBDDataHandler: processOBDData :: 0x62,55
01-01 00:00:58.722  1334  1355 D com.embitel.core.obd.OBDDataHandler: processOBDData :: 0x61,28
01-01 00:00:58.722  1334  1355 D com.embitel.core.obd.OBDDataHandler: processOBDData :: 0x5B,37
01-01 00:00:58.722  1334  1355 D com.embitel.core.obd.OBDDataHandler: processOBDData :: 0x7A,1
01-01 00:00:58.722  1334  1355 D com.embitel.core.obd.OBDDataHandler: processOBDData :: 0x7B,2
01-01 00:00:58.722  1334  1355 D com.embitel.core.obd.OBDDataHandler: processOBDData :: 0x7C,128
01-01 00:00:58.736  1122  1318 I MediaScanner: forcing rescan of /system/media/audio/ringtones/SpringyJalopy.ogg since build fingerprint changed
01-01 00:00:58.763  1122  1318 I MediaScanner: forcing rescan of /system/media/audio/ringtones/Steppin_Out.ogg since build fingerprint changed
01-01 00:00:58.791  1122  1318 I MediaScanner: forcing rescan of /system/media/audio/ringtones/Terminated.ogg since build fingerprint changed
01-01 00:00:58.821   262   278 I /system/bin/obd: CAN Packet: 0x0D:32,0x2F:74,0xFF:128,0x0F:40,0x5E:12,0x62:55,0x61:28,0x5B:37,0x7A:1,0x7B:2,0x7C:128
01-01 00:00:58.821   262   278 I /system/bin/obd: CAN Packet Length: 87
01-01 00:00:58.822  1334  1355 D com.embitel.core.obd.OBDDataHandler: parseOBDData :: 0x0D:32,0x2F:74,0xFF:128,0x0F:40,0x5E:12,0x62:55,0x61:28,0x5B:37,0x7A:1,0x7B:2,0x7C:128
01-01 00:00:58.822  1334  1355 D com.embitel.core.obd.OBDDataHandler: processOBDData :: 0x0D,32
01-01 00:00:58.822  1334  1355 D com.embitel.core.obd.OBDDataHandler: processOBDData :: 0x2F,74
01-01 00:00:58.822  1334  1355 D com.embitel.core.obd.OBDDataHandler: processOBDData :: 0xFF,128
01-01 00:00:58.823  1334  1355 D com.embitel.core.obd.OBDDataHandler: processOBDData :: 0x0F,40
01-01 00:00:58.823  1334  1355 D com.embitel.core.obd.OBDDataHandler: processOBDData :: 0x5E,12
01-01 00:00:58.823  1334  1355 D com.embitel.core.obd.OBDDataHandler: processOBDData :: 0x62,55
01-01 00:00:58.823  1334  1355 D com.embitel.core.obd.OBDDataHandler: processOBDData :: 0x61,28
01-01 00:00:58.823  1334  1355 D com.embitel.core.obd.OBDDataHandler: processOBDData :: 0x5B,37
01-01 00:00:58.823  1334  1355 D com.embitel.core.obd.OBDDataHandler: processOBDData :: 0x7A,1
01-01 00:00:58.823  1334  1355 D com.embitel.core.obd.OBDDataHandler: processOBDData :: 0x7B,2
01-01 00:00:58.823  1334  1355 D com.embitel.core.obd.OBDDataHandler: processOBDData :: 0x7C,128
01-01 00:00:58.825  1122  1318 I MediaScanner: forcing rescan of /system/media/audio/ringtones/Testudo.ogg since build fingerprint changed
01-01 00:00:58.871  1122  1318 I MediaScanner: forcing rescan of /system/media/audio/ringtones/Themos.ogg since build fingerprint changed
01-01 00:00:58.874   262   277 I /system/bin/obd: PID: 7c
01-01 00:00:58.874   262   277 I /system/bin/obd: vehicleParams.Lights (0x7C) :128 
01-01 00:00:58.922   262   278 I /system/bin/obd: CAN Packet: 0x0D:32,0x2F:74,0xFF:128,0x0F:40,0x5E:12,0x62:55,0x61:28,0x5B:37,0x7A:1,0x7B:2,0x7C:128
01-01 00:00:58.922   262   278 I /system/bin/obd: CAN Packet Length: 87
01-01 00:00:58.922  1334  1355 D com.embitel.core.obd.OBDDataHandler: parseOBDData :: 0x0D:32,0x2F:74,0xFF:128,0x0F:40,0x5E:12,0x62:55,0x61:28,0x5B:37,0x7A:1,0x7B:2,0x7C:128
01-01 00:00:58.922  1334  1355 D com.embitel.core.obd.OBDDataHandler: processOBDData :: 0x0D,32
01-01 00:00:58.922  1334  1355 D com.embitel.core.obd.OBDDataHandler: processOBDData :: 0x2F,74
01-01 00:00:58.922  1334  1355 D com.embitel.core.obd.OBDDataHandler: processOBDData :: 0xFF,128
01-01 00:00:58.922  1334  1355 D com.embitel.core.obd.OBDDataHandler: processOBDData :: 0x0F,40
01-01 00:00:58.922  1334  1355 D com.embitel.core.obd.OBDDataHandler: processOBDData :: 0x5E,12
01-01 00:00:58.923  1334  1355 D com.embitel.core.obd.OBDDataHandler: processOBDData :: 0x62,55
01-01 00:00:58.923  1334  1355 D com.embitel.core.obd.OBDDataHandler: processOBDData :: 0x61,28
01-01 00:00:58.923  1334  1355 D com.embitel.core.obd.OBDDataHandler: processOBDData :: 0x5B,37
01-01 00:00:58.923  1334  1355 D com.embitel.core.obd.OBDDataHandler: processOBDData :: 0x7A,1
01-01 00:00:58.923  1334  1355 D com.embitel.core.obd.OBDDataHandler: processOBDData :: 0x7B,2
01-01 00:00:58.923  1334  1355 D com.embitel.core.obd.OBDDataHandler: processOBDData :: 0x7C,128
01-01 00:00:58.941  1122  1318 I MediaScanner: forcing rescan of /system/media/audio/ringtones/Third_Eye.ogg since build fingerprint changed
01-01 00:00:58.975  1122  1318 I MediaScanner: forcing rescan of /system/media/audio/ringtones/Thunderfoot.ogg since build fingerprint changed
01-01 00:00:59.015  1122  1318 I MediaScanner: forcing rescan of /system/media/audio/ringtones/TwirlAway.ogg since build fingerprint changed
01-01 00:00:59.023   262   278 I /system/bin/obd: CAN Packet: 0x0D:32,0x2F:74,0xFF:128,0x0F:40,0x5E:12,0x62:55,0x61:28,0x5B:37,0x7A:1,0x7B:2,0x7C:128
01-01 00:00:59.023   262   278 I /system/bin/obd: CAN Packet Length: 87
01-01 00:00:59.023  1334  1355 D com.embitel.core.obd.OBDDataHandler: parseOBDData :: 0x0D:32,0x2F:74,0xFF:128,0x0F:40,0x5E:12,0x62:55,0x61:28,0x5B:37,0x7A:1,0x7B:2,0x7C:128
01-01 00:00:59.023  1334  1355 D com.embitel.core.obd.OBDDataHandler: processOBDData :: 0x0D,32
01-01 00:00:59.023  1334  1355 D com.embitel.core.obd.OBDDataHandler: processOBDData :: 0x2F,74
01-01 00:00:59.023  1334  1355 D com.embitel.core.obd.OBDDataHandler: processOBDData :: 0xFF,128
01-01 00:00:59.024  1334  1355 D com.embitel.core.obd.OBDDataHandler: processOBDData :: 0x0F,40
01-01 00:00:59.024  1334  1355 D com.embitel.core.obd.OBDDataHandler: processOBDData :: 0x5E,12
01-01 00:00:59.024  1334  1355 D com.embitel.core.obd.OBDDataHandler: processOBDData :: 0x62,55
01-01 00:00:59.024  1334  1355 D com.embitel.core.obd.OBDDataHandler: processOBDData :: 0x61,28
01-01 00:00:59.024  1334  1355 D com.embitel.core.obd.OBDDataHandler: processOBDData :: 0x5B,37
01-01 00:00:59.024  1334  1355 D com.embitel.core.obd.OBDDataHandler: processOBDData :: 0x7A,1
01-01 00:00:59.024  1334  1355 D com.embitel.core.obd.OBDDataHandler: processOBDData :: 0x7B,2
01-01 00:00:59.024  1334  1355 D com.embitel.core.obd.OBDDataHandler: processOBDData :: 0x7C,128
01-01 00:00:59.049  1122  1318 I MediaScanner: forcing rescan of /system/media/audio/ringtones/URSAMINOR.ogg since build fingerprint changed
01-01 00:00:59.074   262   277 I /system/bin/obd: PID: d
01-01 00:00:59.074   262   277 I /system/bin/obd: vehicleParams.VehSpd (0x0D) :17 
01-01 00:00:59.110  1122  1318 I MediaScanner: forcing rescan of /system/media/audio/ringtones/UrsaMinor.ogg since build fingerprint changed
01-01 00:00:59.126   262   278 I /system/bin/obd: CAN Packet: 0x0D:17,0x2F:74,0xFF:128,0x0F:40,0x5E:12,0x62:55,0x61:28,0x5B:37,0x7A:1,0x7B:2,0x7C:128
01-01 00:00:59.127   262   278 I /system/bin/obd: CAN Packet Length: 87
01-01 00:00:59.130  1334  1355 D com.embitel.core.obd.OBDDataHandler: parseOBDData :: 0x0D:17,0x2F:74,0xFF:128,0x0F:40,0x5E:12,0x62:55,0x61:28,0x5B:37,0x7A:1,0x7B:2,0x7C:128
01-01 00:00:59.130  1334  1355 D com.embitel.core.obd.OBDDataHandler: processOBDData :: 0x0D,17
01-01 00:00:59.130  1334  1355 D com.embitel.core.obd.OBDDataHandler: processOBDData :: 0x2F,74
01-01 00:00:59.131  1334  1355 D com.embitel.core.obd.OBDDataHandler: processOBDData :: 0xFF,128
01-01 00:00:59.131  1334  1355 D com.embitel.core.obd.OBDDataHandler: processOBDData :: 0x0F,40
01-01 00:00:59.131  1334  1355 D com.embitel.core.obd.OBDDataHandler: processOBDData :: 0x5E,12
01-01 00:00:59.131  1334  1355 D com.embitel.core.obd.OBDDataHandler: processOBDData :: 0x62,55
01-01 00:00:59.131  1334  1355 D com.embitel.core.obd.OBDDataHandler: processOBDData :: 0x61,28
01-01 00:00:59.131  1334  1355 D com.embitel.core.obd.OBDDataHandler: processOBDData :: 0x5B,37
01-01 00:00:59.131  1334  1355 D com.embitel.core.obd.OBDDataHandler: processOBDData :: 0x7A,1
01-01 00:00:59.131  1334  1355 D com.embitel.core.obd.OBDDataHandler: processOBDData :: 0x7B,2
01-01 00:00:59.131  1334  1355 D com.embitel.core.obd.OBDDataHandler: processOBDData :: 0x7C,128
01-01 00:00:59.197  1122  1318 I MediaScanner: forcing rescan of /system/media/audio/ringtones/VeryAlarmed.ogg since build fingerprint changed
01-01 00:00:59.227   262   278 I /system/bin/obd: CAN Packet: 0x0D:17,0x2F:74,0xFF:128,0x0F:40,0x5E:12,0x62:55,0x61:28,0x5B:37,0x7A:1,0x7B:2,0x7C:128
01-01 00:00:59.227   262   278 I /system/bin/obd: CAN Packet Length: 87
01-01 00:00:59.227  1334  1355 D com.embitel.core.obd.OBDDataHandler: parseOBDData :: 0x0D:17,0x2F:74,0xFF:128,0x0F:40,0x5E:12,0x62:55,0x61:28,0x5B:37,0x7A:1,0x7B:2,0x7C:128
01-01 00:00:59.228  1334  1355 D com.embitel.core.obd.OBDDataHandler: processOBDData :: 0x0D,17
01-01 00:00:59.228  1334  1355 D com.embitel.core.obd.OBDDataHandler: processOBDData :: 0x2F,74
01-01 00:00:59.228  1334  1355 D com.embitel.core.obd.OBDDataHandler: processOBDData :: 0xFF,128
01-01 00:00:59.228  1334  1355 D com.embitel.core.obd.OBDDataHandler: processOBDData :: 0x0F,40
