01-01 00:01:01.346   262   278 I /system/bin/obd: CAN Packet Length: 88
01-01 00:01:01.346  1334  1355 D com.embitel.core.obd.OBDDataHandler: parseOBDData :: 0x0D:32,0x2F:74,0xFF:128,0x0F:113,0x5E:12,0x62:55,0x61:66,0x5B:37,0x7A:1,0x7B:2,0x7C:128
01-01 00:01:01.346  1334  1355 D com.embitel.core.obd.OBDDataHandler: processOBDData :: 0x0D,32
01-01 00:01:01.346  1334  1355 D com.embitel.core.obd.OBDDataHandler: processOBDData :: 0x2F,74
01-01 00:01:01.346  1334  1355 D com.embitel.core.obd.OBDDataHandler: processOBDData :: 0xFF,128
01-01 00:01:01.346  1334  1355 D com.embitel.core.obd.OBDDataHandler: processOBDData :: 0x0F,113
01-01 00:01:01.346  1334  1355 D com.embitel.core.obd.OBDDataHandler: processOBDData :: 0x5E,12
01-01 00:01:01.347  1334  1355 D com.embitel.core.obd.OBDDataHandler: processOBDData :: 0x62,55
01-01 00:01:01.347  1334  1355 D com.embitel.core.obd.OBDDataHandler: processOBDData :: 0x61,66
01-01 00:01:01.347  1334  1355 D com.embitel.core.obd.OBDDataHandler: processOBDData :: 0x5B,37
01-01 00:01:01.347  1334  1355 D com.embitel.core.obd.OBDDataHandler: processOBDData :: 0x7A,1
01-01 00:01:01.347  1334  1355 D com.embitel.core.obd.OBDDataHandler: processOBDData :: 0x7B,2
01-01 00:01:01.347  1334  1355 D com.embitel.core.obd.OBDDataHandler: processOBDData :: 0x7C,128
01-01 00:01:01.350  1122  1318 W MediaProvider: Missing volume for /system/media/audio/ui/WirelessChargingStarted.ogg; assuming invalid
01-01 00:01:01.354  1122  1318 W MediaProvider: Missing volume for /system/media/audio/ui/camera_click.ogg; assuming invalid
01-01 00:01:01.359  1122  1318 W MediaProvider: Missing volume for /system/media/audio/ui/camera_focus.ogg; assuming invalid
01-01 00:01:01.446   262   278 I /system/bin/obd: CAN Packet: 0x0D:32,0x2F:74,0xFF:128,0x0F:113,0x5E:12,0x62:55,0x61:66,0x5B:37,0x7A:1,0x7B:2,0x7C:128
01-01 00:01:01.446   262   278 I /system/bin/obd: CAN Packet Length: 88
01-01 00:01:01.447  1334  1355 D com.embitel.core.obd.OBDDataHandler: parseOBDData :: 0x0D:32,0x2F:74,0xFF:128,0x0F:113,0x5E:12,0x62:55,0x61:66,0x5B:37,0x7A:1,0x7B:2,0x7C:128
01-01 00:01:01.447  1334  1355 D com.embitel.core.obd.OBDDataHandler: processOBDData :: 0x0D,32
01-01 00:01:01.447  1334  1355 D com.embitel.core.obd.OBDDataHandler: processOBDData :: 0x2F,74
01-01 00:01:01.449  1334  1355 D com.embitel.core.obd.OBDDataHandler: processOBDData :: 0xFF,128
01-01 00:01:01.450  1334  1355 D com.embitel.core.obd.OBDDataHandler: processOBDData :: 0x0F,113
01-01 00:01:01.450  1334  1355 D com.embitel.core.obd.OBDDataHandler: processOBDData :: 0x5E,12
01-01 00:01:01.450  1334  1355 D com.embitel.core.obd.OBDDataHandler: processOBDData :: 0x62,55
01-01 00:01:01.450  1334  1355 D com.embitel.core.obd.OBDDataHandler: processOBDData :: 0x61,66
01-01 00:01:01.450  1334  1355 D com.embitel.core.obd.OBDDataHandler: processOBDData :: 0x5B,37
01-01 00:01:01.450  1334  1355 D com.embitel.core.obd.OBDDataHandler: processOBDData :: 0x7A,1
01-01 00:01:01.450  1334  1355 D com.embitel.core.obd.OBDDataHandler: processOBDData :: 0x7B,2
01-01 00:01:01.450  1334  1355 D com.embitel.core.obd.OBDDataHandler: processOBDData :: 0x7C,128
01-01 00:01:01.474   262   277 I /system/bin/obd: PID: f
01-01 00:01:01.474   262   277 I /system/bin/obd: vehicleParams.IntakeAirTemp (0x0F) :40 
01-01 00:01:01.492  1122  1318 V MediaScanner: pruneDeadThumbnailFiles... android.content.ContentProviderClient$CursorWrapperInner@41b4e4d
01-01 00:01:01.493  1122  1318 V MediaScanner: /pruneDeadThumbnailFiles... android.content.ContentProviderClient$CursorWrapperInner@41b4e4d
01-01 00:01:01.547   262   278 I /system/bin/obd: CAN Packet: 0x0D:32,0x2F:74,0xFF:128,0x0F:40,0x5E:12,0x62:55,0x61:66,0x5B:37,0x7A:1,0x7B:2,0x7C:128
01-01 00:01:01.547   262   278 I /system/bin/obd: CAN Packet Length: 87
01-01 00:01:01.547  1334  1355 D com.embitel.core.obd.OBDDataHandler: parseOBDData :: 0x0D:32,0x2F:74,0xFF:128,0x0F:40,0x5E:12,0x62:55,0x61:66,0x5B:37,0x7A:1,0x7B:2,0x7C:128
01-01 00:01:01.547  1334  1355 D com.embitel.core.obd.OBDDataHandler: processOBDData :: 0x0D,32
01-01 00:01:01.547  1334  1355 D com.embitel.core.obd.OBDDataHandler: processOBDData :: 0x2F,74
01-01 00:01:01.548  1334  1355 D com.embitel.core.obd.OBDDataHandler: processOBDData :: 0xFF,128
01-01 00:01:01.548  1334  1355 D com.embitel.core.obd.OBDDataHandler: processOBDData :: 0x0F,40
01-01 00:01:01.548  1334  1355 D com.embitel.core.obd.OBDDataHandler: processOBDData :: 0x5E,12
01-01 00:01:01.548  1334  1355 D com.embitel.core.obd.OBDDataHandler: processOBDData :: 0x62,55
01-01 00:01:01.548  1334  1355 D com.embitel.core.obd.OBDDataHandler: processOBDData :: 0x61,66
01-01 00:01:01.548  1334  1355 D com.embitel.core.obd.OBDDataHandler: processOBDData :: 0x5B,37
01-01 00:01:01.548  1334  1355 D com.embitel.core.obd.OBDDataHandler: processOBDData :: 0x7A,1
01-01 00:01:01.548  1334  1355 D com.embitel.core.obd.OBDDataHandler: processOBDData :: 0x7B,2
01-01 00:01:01.548  1334  1355 D com.embitel.core.obd.OBDDataHandler: processOBDData :: 0x7C,128
01-01 00:01:01.572   658   716 I vol.Events: writeEvent level_changed STREAM_MUSIC 10
01-01 00:01:01.601   536   556 I Choreographer: Skipped 38 frames!  The application may be doing too much work on its main thread.
01-01 00:01:01.605   658   658 I Choreographer: Skipped 38 frames!  The application may be doing too much work on its main thread.
01-01 00:01:01.640   258   258 E display : composeLayer: invalid srect or drect
01-01 00:01:01.647   262   278 I /system/bin/obd: CAN Packet: 0x0D:32,0x2F:74,0xFF:128,0x0F:40,0x5E:12,0x62:55,0x61:66,0x5B:37,0x7A:1,0x7B:2,0x7C:128
01-01 00:01:01.647   262   278 I /system/bin/obd: CAN Packet Length: 87
01-01 00:01:01.648  1334  1355 D com.embitel.core.obd.OBDDataHandler: parseOBDData :: 0x0D:32,0x2F:74,0xFF:128,0x0F:40,0x5E:12,0x62:55,0x61:66,0x5B:37,0x7A:1,0x7B:2,0x7C:128
01-01 00:01:01.648  1334  1355 D com.embitel.core.obd.OBDDataHandler: processOBDData :: 0x0D,32
01-01 00:01:01.648  1334  1355 D com.embitel.core.obd.OBDDataHandler: processOBDData :: 0x2F,74
01-01 00:01:01.648  1334  1355 D com.embitel.core.obd.OBDDataHandler: processOBDData :: 0xFF,128
01-01 00:01:01.648  1334  1355 D com.embitel.core.obd.OBDDataHandler: processOBDData :: 0x0F,40
01-01 00:01:01.648  1334  1355 D com.embitel.core.obd.OBDDataHandler: processOBDData :: 0x5E,12
01-01 00:01:01.648  1334  1355 D com.embitel.core.obd.OBDDataHandler: processOBDData :: 0x62,55
01-01 00:01:01.648  1334  1355 D com.embitel.core.obd.OBDDataHandler: processOBDData :: 0x61,66
01-01 00:01:01.648  1334  1355 D com.embitel.core.obd.OBDDataHandler: processOBDData :: 0x5B,37
01-01 00:01:01.648  1334  1355 D com.embitel.core.obd.OBDDataHandler: processOBDData :: 0x7A,1
01-01 00:01:01.648  1334  1355 D com.embitel.core.obd.OBDDataHandler: processOBDData :: 0x7B,2
01-01 00:01:01.648  1334  1355 D com.embitel.core.obd.OBDDataHandler: processOBDData :: 0x7C,128
01-01 00:01:01.674   262   277 I /system/bin/obd: PID: 61
01-01 00:01:01.674   262   277 I /system/bin/obd: vehicleParams.ActualEngTorque (0x61) :28 
01-01 00:01:01.698  1408  1408 I display : GPUManager exists
01-01 00:01:01.748   262   278 I /system/bin/obd: CAN Packet: 0x0D:32,0x2F:74,0xFF:128,0x0F:40,0x5E:12,0x62:55,0x61:28,0x5B:37,0x7A:1,0x7B:2,0x7C:128
01-01 00:01:01.748   262   278 I /system/bin/obd: CAN Packet Length: 87
01-01 00:01:01.749  1334  1355 D com.embitel.core.obd.OBDDataHandler: parseOBDData :: 0x0D:32,0x2F:74,0xFF:128,0x0F:40,0x5E:12,0x62:55,0x61:28,0x5B:37,0x7A:1,0x7B:2,0x7C:128
01-01 00:01:01.749  1334  1355 D com.embitel.core.obd.OBDDataHandler: processOBDData :: 0x0D,32
01-01 00:01:01.749  1334  1355 D com.embitel.core.obd.OBDDataHandler: processOBDData :: 0x2F,74
01-01 00:01:01.749  1334  1355 D com.embitel.core.obd.OBDDataHandler: processOBDData :: 0xFF,128
01-01 00:01:01.749  1334  1355 D com.embitel.core.obd.OBDDataHandler: processOBDData :: 0x0F,40
01-01 00:01:01.749  1334  1355 D com.embitel.core.obd.OBDDataHandler: processOBDData :: 0x5E,12
01-01 00:01:01.749  1334  1355 D com.embitel.core.obd.OBDDataHandler: processOBDData :: 0x62,55
01-01 00:01:01.749  1334  1355 D com.embitel.core.obd.OBDDataHandler: processOBDData :: 0x61,28
01-01 00:01:01.749  1334  1355 D com.embitel.core.obd.OBDDataHandler: processOBDData :: 0x5B,37
01-01 00:01:01.749  1334  1355 D com.embitel.core.obd.OBDDataHandler: processOBDData :: 0x7A,1
01-01 00:01:01.749  1334  1355 D com.embitel.core.obd.OBDDataHandler: processOBDData :: 0x7B,2
01-01 00:01:01.750  1334  1355 D com.embitel.core.obd.OBDDataHandler: processOBDData :: 0x7C,128
01-01 00:01:01.754  1408  1423 D 	Producer: Producer received eventAction: ATTACH
01-01 00:01:01.754  1408  1423 D 	Producer: Module: 2130968586
01-01 00:01:01.754  1408  1423 D 	Producer: Run in navigation: false
01-01 00:01:01.754  1408  1423 D 	Producer: Configuaration: 0
01-01 00:01:01.755  1408  1423 D 	Producer: 	Producer added event
01-01 00:01:01.755  1408  1422 E 			Consumer: take(): ATTACHModule id 2130968586
01-01 00:01:01.755  1408  1422 E com.embitel.ujetlauncher.view.main.Launcher: onNewEvent Action: ATTACH
01-01 00:01:01.755  1408  1422 E com.embitel.ujetlauncher.view.main.Launcher: Module: 2130968586
01-01 00:01:01.755  1408  1422 E com.embitel.ujetlauncher.view.main.Launcher: Run in navigation: false
01-01 00:01:01.755  1408  1422 E com.embitel.ujetlauncher.view.main.Launcher: Configuaration: 0
01-01 00:01:01.757  1408  1422 E 			Consumer: Waiting for event completion notification
01-01 00:01:01.768  1408  1427 I OpenGLRenderer: Initialized EGL, version 1.4
01-01 00:01:01.768  1408  1427 D OpenGLRenderer: Swap behavior 2
01-01 00:01:01.848   262   278 I /system/bin/obd: CAN Packet: 0x0D:32,0x2F:74,0xFF:128,0x0F:40,0x5E:12,0x62:55,0x61:28,0x5B:37,0x7A:1,0x7B:2,0x7C:128
01-01 00:01:01.849   262   278 I /system/bin/obd: CAN Packet Length: 87
01-01 00:01:01.849  1334  1355 D com.embitel.core.obd.OBDDataHandler: parseOBDData :: 0x0D:32,0x2F:74,0xFF:128,0x0F:40,0x5E:12,0x62:55,0x61:28,0x5B:37,0x7A:1,0x7B:2,0x7C:128
01-01 00:01:01.849  1334  1355 D com.embitel.core.obd.OBDDataHandler: processOBDData :: 0x0D,32
01-01 00:01:01.849  1334  1355 D com.embitel.core.obd.OBDDataHandler: processOBDData :: 0x2F,74
01-01 00:01:01.849  1334  1355 D com.embitel.core.obd.OBDDataHandler: processOBDData :: 0xFF,128
01-01 00:01:01.849  1334  1355 D com.embitel.core.obd.OBDDataHandler: processOBDData :: 0x0F,40
01-01 00:01:01.849  1334  1355 D com.embitel.core.obd.OBDDataHandler: processOBDData :: 0x5E,12
01-01 00:01:01.849  1334  1355 D com.embitel.core.obd.OBDDataHandler: processOBDData :: 0x62,55
01-01 00:01:01.849  1334  1355 D com.embitel.core.obd.OBDDataHandler: processOBDData :: 0x61,28
01-01 00:01:01.850  1334  1355 D com.embitel.core.obd.OBDDataHandler: processOBDData :: 0x5B,37
01-01 00:01:01.850  1334  1355 D com.embitel.core.obd.OBDDataHandler: processOBDData :: 0x7A,1
01-01 00:01:01.850  1334  1355 D com.embitel.core.obd.OBDDataHandler: processOBDData :: 0x7B,2
01-01 00:01:01.850  1334  1355 D com.embitel.core.obd.OBDDataHandler: processOBDData :: 0x7C,128
01-01 00:01:01.874   262   277 I /system/bin/obd: PID: 5b
01-01 00:01:01.874   262   277 I /system/bin/obd: vehicleParams.BatteryCharge (0x5B) :37 
01-01 00:01:01.917  1408  1408 D LauncherApp: On GoingEvent: 2130968586
01-01 00:01:01.918  1408  1408 D com.embitel.ujetlauncher.model.BaseModel: Create view for resId 2130968586
01-01 00:01:01.923  1408  1408 D com.embitel.ujetlauncher.controller.LayoutManager: addView: view has no parrent
01-01 00:01:01.923  1408  1408 D com.embitel.ujetlauncher.controller.LayoutManager: LEFT FULL_SCREEN 2130968586
01-01 00:01:01.924  1408  1408 D com.embitel.ujetlauncher.controller.LayoutManager: Resize view
01-01 00:01:01.924  1408  1408 D com.embitel.ujetlauncher.controller.LayoutManager: Resize view
01-01 00:01:01.924  1408  1408 D LauncherApp: Transition listner Active : false
01-01 00:01:01.924  1408  1408 E 			Consumer: notifyThread(): continue execution
01-01 00:01:01.924  1408  1422 E 			Consumer: Waiting for new event
01-01 00:01:01.924   536   556 I ActivityManager: Displayed com.embitel.ujetlauncher/.view.main.Launcher: +1s313ms (total +22s491ms)
01-01 00:01:01.929  1334  1334 D com.embitel.core.obd.VCANCoreService:  Request Binding for OBD Data 
01-01 00:01:01.949   262   278 I /system/bin/obd: CAN Packet: 0x0D:32,0x2F:74,0xFF:128,0x0F:40,0x5E:12,0x62:55,0x61:28,0x5B:37,0x7A:1,0x7B:2,0x7C:128
01-01 00:01:01.949   262   278 I /system/bin/obd: CAN Packet Length: 87
01-01 00:01:01.950  1334  1355 D com.embitel.core.obd.OBDDataHandler: parseOBDData :: 0x0D:32,0x2F:74,0xFF:128,0x0F:40,0x5E:12,0x62:55,0x61:28,0x5B:37,0x7A:1,0x7B:2,0x7C:128
01-01 00:01:01.950  1334  1355 D com.embitel.core.obd.OBDDataHandler: processOBDData :: 0x0D,32
01-01 00:01:01.950  1334  1355 D com.embitel.core.obd.OBDDataHandler: processOBDData :: 0x2F,74
01-01 00:01:01.950  1334  1355 D com.embitel.core.obd.OBDDataHandler: processOBDData :: 0xFF,128
01-01 00:01:01.950  1334  1355 D com.embitel.core.obd.OBDDataHandler: processOBDData :: 0x0F,40
01-01 00:01:01.950  1334  1355 D com.embitel.core.obd.OBDDataHandler: processOBDData :: 0x5E,12
01-01 00:01:01.950  1334  1355 D com.embitel.core.obd.OBDDataHandler: processOBDData :: 0x62,55
01-01 00:01:01.950  1334  1355 D com.embitel.core.obd.OBDDataHandler: processOBDData :: 0x61,28
01-01 00:01:01.950  1334  1355 D com.embitel.core.obd.OBDDataHandler: processOBDData :: 0x5B,37
01-01 00:01:01.950  1334  1355 D com.embitel.core.obd.OBDDataHandler: processOBDData :: 0x7A,1
01-01 00:01:01.950  1334  1355 D com.embitel.core.obd.OBDDataHandler: processOBDData :: 0x7B,2
01-01 00:01:01.950  1334  1355 D com.embitel.core.obd.OBDDataHandler: processOBDData :: 0x7C,128
01-01 00:01:02.050   262   278 I /system/bin/obd: CAN Packet: 0x0D:32,0x2F:74,0xFF:128,0x0F:40,0x5E:12,0x62:55,0x61:28,0x5B:37,0x7A:1,0x7B:2,0x7C:128
01-01 00:01:02.050   262   278 I /system/bin/obd: CAN Packet Length: 87
01-01 00:01:02.050  1334  1355 D com.embitel.core.obd.OBDDataHandler: parseOBDData :: 0x0D:32,0x2F:74,0xFF:128,0x0F:40,0x5E:12,0x62:55,0x61:28,0x5B:37,0x7A:1,0x7B:2,0x7C:128
01-01 00:01:02.050  1334  1355 D com.embitel.core.obd.OBDDataHandler: processOBDData :: 0x0D,32
01-01 00:01:02.050  1334  1355 D com.embitel.core.obd.OBDDataHandler: processOBDData :: 0x2F,74
01-01 00:01:02.051  1334  1355 D com.embitel.core.obd.OBDDataHandler: processOBDData :: 0xFF,128
01-01 00:01:02.051  1334  1355 D com.embitel.core.obd.OBDDataHandler: processOBDData :: 0x0F,40
01-01 00:01:02.051  1334  1355 D com.embitel.core.obd.OBDDataHandler: processOBDData :: 0x5E,12
01-01 00:01:02.051  1334  1355 D com.embitel.core.obd.OBDDataHandler: processOBDData :: 0x62,55
01-01 00:01:02.051  1334  1355 D com.embitel.core.obd.OBDDataHandler: processOBDData :: 0x61,28
01-01 00:01:02.051  1334  1355 D com.embitel.core.obd.OBDDataHandler: processOBDData :: 0x5B,37
01-01 00:01:02.051  1334  1355 D com.embitel.core.obd.OBDDataHandler: processOBDData :: 0x7A,1
01-01 00:01:02.051  1334  1355 D com.embitel.core.obd.OBDDataHandler: processOBDData :: 0x7B,2
01-01 00:01:02.051  1334  1355 D com.embitel.core.obd.OBDDataHandler: processOBDData :: 0x7C,128
01-01 00:01:02.057  1408  1408 D SpadeFragment: Resume spade fragment view: notified event completion
01-01 00:01:02.074   262   277 I /system/bin/obd: PID: 7a
01-01 00:01:02.074   262   277 I /system/bin/obd: vehicleParams.GearIndicator (0x7A) :1 
01-01 00:01:02.150   262   278 I /system/bin/obd: CAN Packet: 0x0D:32,0x2F:74,0xFF:128,0x0F:40,0x5E:12,0x62:55,0x61:28,0x5B:37,0x7A:1,0x7B:2,0x7C:128
01-01 00:01:02.150   262   278 I /system/bin/obd: CAN Packet Length: 87
01-01 00:01:02.151  1334  1355 D com.embitel.core.obd.OBDDataHandler: parseOBDData :: 0x0D:32,0x2F:74,0xFF:128,0x0F:40,0x5E:12,0x62:55,0x61:28,0x5B:37,0x7A:1,0x7B:2,0x7C:128
01-01 00:01:02.151  1334  1355 D com.embitel.core.obd.OBDDataHandler: processOBDData :: 0x0D,32
01-01 00:01:02.153  1334  1355 D com.embitel.core.obd.OBDDataHandler: processOBDData :: 0x2F,74
01-01 00:01:02.153  1334  1355 D com.embitel.core.obd.OBDDataHandler: processOBDData :: 0xFF,128
01-01 00:01:02.154  1334  1355 D com.embitel.core.obd.OBDDataHandler: processOBDData :: 0x0F,40
01-01 00:01:02.154  1334  1355 D com.embitel.core.obd.OBDDataHandler: processOBDData :: 0x5E,12
01-01 00:01:02.155  1334  1355 D com.embitel.core.obd.OBDDataHandler: processOBDData :: 0x62,55
01-01 00:01:02.155  1334  1355 D com.embitel.core.obd.OBDDataHandler: processOBDData :: 0x61,28
01-01 00:01:02.155  1334  1355 D com.embitel.core.obd.OBDDataHandler: processOBDData :: 0x5B,37
01-01 00:01:02.155  1334  1355 D com.embitel.core.obd.OBDDataHandler: processOBDData :: 0x7A,1
01-01 00:01:02.155  1334  1355 D com.embitel.core.obd.OBDDataHandler: processOBDData :: 0x7B,2
01-01 00:01:02.156  1334  1355 D com.embitel.core.obd.OBDDataHandler: processOBDData :: 0x7C,128
01-01 00:01:02.251   262   278 I /system/bin/obd: CAN Packet: 0x0D:32,0x2F:74,0xFF:128,0x0F:40,0x5E:12,0x62:55,0x61:28,0x5B:37,0x7A:1,0x7B:2,0x7C:128
01-01 00:01:02.251   262   278 I /system/bin/obd: CAN Packet Length: 87
01-01 00:01:02.251  1334  1355 D com.embitel.core.obd.OBDDataHandler: parseOBDData :: 0x0D:32,0x2F:74,0xFF:128,0x0F:40,0x5E:12,0x62:55,0x61:28,0x5B:37,0x7A:1,0x7B:2,0x7C:128
01-01 00:01:02.252  1334  1355 D com.embitel.core.obd.OBDDataHandler: processOBDData :: 0x0D,32
01-01 00:01:02.252  1334  1355 D com.embitel.core.obd.OBDDataHandler: processOBDData :: 0x2F,74
01-01 00:01:02.253  1334  1355 D com.embitel.core.obd.OBDDataHandler: processOBDData :: 0xFF,128
01-01 00:01:02.253  1334  1355 D com.embitel.core.obd.OBDDataHandler: processOBDData :: 0x0F,40
01-01 00:01:02.253  1334  1355 D com.embitel.core.obd.OBDDataHandler: processOBDData :: 0x5E,12
01-01 00:01:02.253  1334  1355 D com.embitel.core.obd.OBDDataHandler: processOBDData :: 0x62,55
01-01 00:01:02.254  1334  1355 D com.embitel.core.obd.OBDDataHandler: processOBDData :: 0x61,28
01-01 00:01:02.254  1334  1355 D com.embitel.core.obd.OBDDataHandler: processOBDData :: 0x5B,37
01-01 00:01:02.254  1334  1355 D com.embitel.core.obd.OBDDataHandler: processOBDData :: 0x7A,1
01-01 00:01:02.254  1334  1355 D com.embitel.core.obd.OBDDataHandler: processOBDData :: 0x7B,2
01-01 00:01:02.254  1334  1355 D com.embitel.core.obd.OBDDataHandler: processOBDData :: 0x7C,128
01-01 00:01:02.274   262   277 I /system/bin/obd: PID: 7b
01-01 00:01:02.274   262   277 I /system/bin/obd: vehicleParams.VehicleRange (0x7B) :2 
01-01 00:01:02.352   262   278 I /system/bin/obd: CAN Packet: 0x0D:32,0x2F:74,0xFF:128,0x0F:40,0x5E:12,0x62:55,0x61:28,0x5B:37,0x7A:1,0x7B:2,0x7C:128
01-01 00:01:02.352   262   278 I /system/bin/obd: CAN Packet Length: 87
01-01 00:01:02.352  1334  1355 D com.embitel.core.obd.OBDDataHandler: parseOBDData :: 0x0D:32,0x2F:74,0xFF:128,0x0F:40,0x5E:12,0x62:55,0x61:28,0x5B:37,0x7A:1,0x7B:2,0x7C:128
01-01 00:01:02.352  1334  1355 D com.embitel.core.obd.OBDDataHandler: processOBDData :: 0x0D,32
01-01 00:01:02.353  1334  1355 D com.embitel.core.obd.OBDDataHandler: processOBDData :: 0x2F,74
01-01 00:01:02.353  1334  1355 D com.embitel.core.obd.OBDDataHandler: processOBDData :: 0xFF,128
01-01 00:01:02.353  1334  1355 D com.embitel.core.obd.OBDDataHandler: processOBDData :: 0x0F,40
01-01 00:01:02.354  1334  1355 D com.embitel.core.obd.OBDDataHandler: processOBDData :: 0x5E,12
01-01 00:01:02.354  1334  1355 D com.embitel.core.obd.OBDDataHandler: processOBDData :: 0x62,55
01-01 00:01:02.354  1334  1355 D com.embitel.core.obd.OBDDataHandler: processOBDData :: 0x61,28
01-01 00:01:02.355  1334  1355 D com.embitel.core.obd.OBDDataHandler: processOBDData :: 0x5B,37
01-01 00:01:02.355  1334  1355 D com.embitel.core.obd.OBDDataHandler: processOBDData :: 0x7A,1
01-01 00:01:02.355  1334  1355 D com.embitel.core.obd.OBDDataHandler: processOBDData :: 0x7B,2
01-01 00:01:02.355  1334  1355 D com.embitel.core.obd.OBDDataHandler: processOBDData :: 0x7C,128
01-01 00:01:02.452   262   278 I /system/bin/obd: CAN Packet: 0x0D:32,0x2F:74,0xFF:128,0x0F:40,0x5E:12,0x62:55,0x61:28,0x5B:37,0x7A:1,0x7B:2,0x7C:128
01-01 00:01:02.452   262   278 I /system/bin/obd: CAN Packet Length: 87
01-01 00:01:02.453  1334  1355 D com.embitel.core.obd.OBDDataHandler: parseOBDData :: 0x0D:32,0x2F:74,0xFF:128,0x0F:40,0x5E:12,0x62:55,0x61:28,0x5B:37,0x7A:1,0x7B:2,0x7C:128
01-01 00:01:02.453  1334  1355 D com.embitel.core.obd.OBDDataHandler: processOBDData :: 0x0D,32
01-01 00:01:02.453  1334  1355 D com.embitel.core.obd.OBDDataHandler: processOBDData :: 0x2F,74
01-01 00:01:02.454  1334  1355 D com.embitel.core.obd.OBDDataHandler: processOBDData :: 0xFF,128
01-01 00:01:02.454  1334  1355 D com.embitel.core.obd.OBDDataHandler: processOBDData :: 0x0F,40
01-01 00:01:02.455  1334  1355 D com.embitel.core.obd.OBDDataHandler: processOBDData :: 0x5E,12
01-01 00:01:02.455  1334  1355 D com.embitel.core.obd.OBDDataHandler: processOBDData :: 0x62,55
01-01 00:01:02.455  1334  1355 D com.embitel.core.obd.OBDDataHandler: processOBDData :: 0x61,28
01-01 00:01:02.456  1334  1355 D com.embitel.core.obd.OBDDataHandler: processOBDData :: 0x5B,37
01-01 00:01:02.456  1334  1355 D com.embitel.core.obd.OBDDataHandler: processOBDData :: 0x7A,1
01-01 00:01:02.456  1334  1355 D com.embitel.core.obd.OBDDataHandler: processOBDData :: 0x7B,2
01-01 00:01:02.456  1334  1355 D com.embitel.core.obd.OBDDataHandler: processOBDData :: 0x7C,128
01-01 00:01:02.474   262   277 I /system/bin/obd: PID: 7c
01-01 00:01:02.475   262   277 I /system/bin/obd: vehicleParams.Lights (0x7C) :128 
01-01 00:01:02.553   262   278 I /system/bin/obd: CAN Packet: 0x0D:32,0x2F:74,0xFF:128,0x0F:40,0x5E:12,0x62:55,0x61:28,0x5B:37,0x7A:1,0x7B:2,0x7C:128
01-01 00:01:02.553   262   278 I /system/bin/obd: CAN Packet Length: 87
01-01 00:01:02.553  1334  1355 D com.embitel.core.obd.OBDDataHandler: parseOBDData :: 0x0D:32,0x2F:74,0xFF:128,0x0F:40,0x5E:12,0x62:55,0x61:28,0x5B:37,0x7A:1,0x7B:2,0x7C:128
01-01 00:01:02.553  1334  1355 D com.embitel.core.obd.OBDDataHandler: processOBDData :: 0x0D,32
01-01 00:01:02.554  1334  1355 D com.embitel.core.obd.OBDDataHandler: processOBDData :: 0x2F,74
01-01 00:01:02.554  1334  1355 D com.embitel.core.obd.OBDDataHandler: processOBDData :: 0xFF,128
01-01 00:01:02.555  1334  1355 D com.embitel.core.obd.OBDDataHandler: processOBDData :: 0x0F,40
01-01 00:01:02.555  1334  1355 D com.embitel.core.obd.OBDDataHandler: processOBDData :: 0x5E,12
01-01 00:01:02.555  1334  1355 D com.embitel.core.obd.OBDDataHandler: processOBDData :: 0x62,55
01-01 00:01:02.556  1334  1355 D com.embitel.core.obd.OBDDataHandler: processOBDData :: 0x61,28
01-01 00:01:02.556  1334  1355 D com.embitel.core.obd.OBDDataHandler: processOBDData :: 0x5B,37
01-01 00:01:02.556  1334  1355 D com.embitel.core.obd.OBDDataHandler: processOBDData :: 0x7A,1
01-01 00:01:02.556  1334  1355 D com.embitel.core.obd.OBDDataHandler: processOBDData :: 0x7B,2
01-01 00:01:02.556  1334  1355 D com.embitel.core.obd.OBDDataHandler: processOBDData :: 0x7C,128
01-01 00:01:02.653   262   278 I /system/bin/obd: CAN Packet: 0x0D:32,0x2F:74,0xFF:128,0x0F:40,0x5E:12,0x62:55,0x61:28,0x5B:37,0x7A:1,0x7B:2,0x7C:128
01-01 00:01:02.653   262   278 I /system/bin/obd: CAN Packet Length: 87
01-01 00:01:02.654  1334  1355 D com.embitel.core.obd.OBDDataHandler: parseOBDData :: 0x0D:32,0x2F:74,0xFF:128,0x0F:40,0x5E:12,0x62:55,0x61:28,0x5B:37,0x7A:1,0x7B:2,0x7C:128
01-01 00:01:02.654  1334  1355 D com.embitel.core.obd.OBDDataHandler: processOBDData :: 0x0D,32
01-01 00:01:02.654  1334  1355 D com.embitel.core.obd.OBDDataHandler: processOBDData :: 0x2F,74
01-01 00:01:02.655  1334  1355 D com.embitel.core.obd.OBDDataHandler: processOBDData :: 0xFF,128
01-01 00:01:02.655  1334  1355 D com.embitel.core.obd.OBDDataHandler: processOBDData :: 0x0F,40
01-01 00:01:02.656  1334  1355 D com.embitel.core.obd.OBDDataHandler: processOBDData :: 0x5E,12
01-01 00:01:02.656  1334  1355 D com.embitel.core.obd.OBDDataHandler: processOBDData :: 0x62,55
01-01 00:01:02.656  1334  1355 D com.embitel.core.obd.OBDDataHandler: processOBDData :: 0x61,28
01-01 00:01:02.657  1334  1355 D com.embitel.core.obd.OBDDataHandler: processOBDData :: 0x5B,37
01-01 00:01:02.657  1334  1355 D com.embitel.core.obd.OBDDataHandler: processOBDData :: 0x7A,1
01-01 00:01:02.657  1334  1355 D com.embitel.core.obd.OBDDataHandler: processOBDData :: 0x7B,2
01-01 00:01:02.657  1334  1355 D com.embitel.core.obd.OBDDataHandler: processOBDData :: 0x7C,128
01-01 00:01:02.674   262   277 I /system/bin/obd: PID: d
01-01 00:01:02.675   262   277 I /system/bin/obd: vehicleParams.VehSpd (0x0D) :17 
01-01 00:01:02.754   262   278 I /system/bin/obd: CAN Packet: 0x0D:17,0x2F:74,0xFF:128,0x0F:40,0x5E:12,0x62:55,0x61:28,0x5B:37,0x7A:1,0x7B:2,0x7C:128
01-01 00:01:02.754   262   278 I /system/bin/obd: CAN Packet Length: 87
01-01 00:01:02.754  1334  1355 D com.embitel.core.obd.OBDDataHandler: parseOBDData :: 0x0D:17,0x2F:74,0xFF:128,0x0F:40,0x5E:12,0x62:55,0x61:28,0x5B:37,0x7A:1,0x7B:2,0x7C:128
01-01 00:01:02.754  1334  1355 D com.embitel.core.obd.OBDDataHandler: processOBDData :: 0x0D,17
01-01 00:01:02.755  1334  1355 D com.embitel.core.obd.OBDDataHandler: processOBDData :: 0x2F,74
01-01 00:01:02.755  1334  1355 D com.embitel.core.obd.OBDDataHandler: processOBDData :: 0xFF,128
01-01 00:01:02.756  1334  1355 D com.embitel.core.obd.OBDDataHandler: processOBDData :: 0x0F,40
01-01 00:01:02.757  1334  1355 D com.embitel.core.obd.OBDDataHandler: processOBDData :: 0x5E,12
01-01 00:01:02.757  1334  1355 D com.embitel.core.obd.OBDDataHandler: processOBDData :: 0x62,55
01-01 00:01:02.757  1334  1355 D com.embitel.core.obd.OBDDataHandler: processOBDData :: 0x61,28
01-01 00:01:02.758  1334  1355 D com.embitel.core.obd.OBDDataHandler: processOBDData :: 0x5B,37
01-01 00:01:02.758  1334  1355 D com.embitel.core.obd.OBDDataHandler: processOBDData :: 0x7A,1
01-01 00:01:02.758  1334  1355 D com.embitel.core.obd.OBDDataHandler: processOBDData :: 0x7B,2
01-01 00:01:02.758  1334  1355 D com.embitel.core.obd.OBDDataHandler: processOBDData :: 0x7C,128
01-01 00:01:02.854   262   278 I /system/bin/obd: CAN Packet: 0x0D:17,0x2F:74,0xFF:128,0x0F:40,0x5E:12,0x62:55,0x61:28,0x5B:37,0x7A:1,0x7B:2,0x7C:128
01-01 00:01:02.855   262   278 I /system/bin/obd: CAN Packet Length: 87
01-01 00:01:02.855  1334  1355 D com.embitel.core.obd.OBDDataHandler: parseOBDData :: 0x0D:17,0x2F:74,0xFF:128,0x0F:40,0x5E:12,0x62:55,0x61:28,0x5B:37,0x7A:1,0x7B:2,0x7C:128
01-01 00:01:02.855  1334  1355 D com.embitel.core.obd.OBDDataHandler: processOBDData :: 0x0D,17
01-01 00:01:02.855  1334  1355 D com.embitel.core.obd.OBDDataHandler: processOBDData :: 0x2F,74
01-01 00:01:02.856  1334  1355 D com.embitel.core.obd.OBDDataHandler: processOBDData :: 0xFF,128
01-01 00:01:02.857  1334  1355 D com.embitel.core.obd.OBDDataHandler: processOBDData :: 0x0F,40
01-01 00:01:02.857  1334  1355 D com.embitel.core.obd.OBDDataHandler: processOBDData :: 0x5E,12
01-01 00:01:02.857  1334  1355 D com.embitel.core.obd.OBDDataHandler: processOBDData :: 0x62,55
01-01 00:01:02.858  1334  1355 D com.embitel.core.obd.OBDDataHandler: processOBDData :: 0x61,28
01-01 00:01:02.858  1334  1355 D com.embitel.core.obd.OBDDataHandler: processOBDData :: 0x5B,37
01-01 00:01:02.858  1334  1355 D com.embitel.core.obd.OBDDataHandler: processOBDData :: 0x7A,1
01-01 00:01:02.858  1334  1355 D com.embitel.core.obd.OBDDataHandler: processOBDData :: 0x7B,2
01-01 00:01:02.858  1334  1355 D com.embitel.core.obd.OBDDataHandler: processOBDData :: 0x7C,128
01-01 00:01:02.874   262   277 I /system/bin/obd: PID: ff
01-01 00:01:02.875   262   277 I /system/bin/obd: vehicleParams.Odo (0xFF):80 
01-01 00:01:02.955   262   278 I /system/bin/obd: CAN Packet: 0x0D:17,0x2F:74,0xFF:80,0x0F:40,0x5E:12,0x62:55,0x61:28,0x5B:37,0x7A:1,0x7B:2,0x7C:128
01-01 00:01:02.955   262   278 I /system/bin/obd: CAN Packet Length: 86
01-01 00:01:02.955  1334  1355 D com.embitel.core.obd.OBDDataHandler: parseOBDData :: 0x0D:17,0x2F:74,0xFF:80,0x0F:40,0x5E:12,0x62:55,0x61:28,0x5B:37,0x7A:1,0x7B:2,0x7C:128
01-01 00:01:02.955  1334  1355 D com.embitel.core.obd.OBDDataHandler: processOBDData :: 0x0D,17
01-01 00:01:02.956  1334  1355 D com.embitel.core.obd.OBDDataHandler: processOBDData :: 0x2F,74
01-01 00:01:02.956  1334  1355 D com.embitel.core.obd.OBDDataHandler: processOBDData :: 0xFF,80
01-01 00:01:02.957  1334  1355 D com.embitel.core.obd.OBDDataHandler: processOBDData :: 0x0F,40
01-01 00:01:02.957  1334  1355 D com.embitel.core.obd.OBDDataHandler: processOBDData :: 0x5E,12
01-01 00:01:02.957  1334  1355 D com.embitel.core.obd.OBDDataHandler: processOBDData :: 0x62,55
01-01 00:01:02.958  1334  1355 D com.embitel.core.obd.OBDDataHandler: processOBDData :: 0x61,28
01-01 00:01:02.958  1334  1355 D com.embitel.core.obd.OBDDataHandler: processOBDData :: 0x5B,37
01-01 00:01:02.958  1334  1355 D com.embitel.core.obd.OBDDataHandler: processOBDData :: 0x7A,1
01-01 00:01:02.958  1334  1355 D com.embitel.core.obd.OBDDataHandler: processOBDData :: 0x7B,2
01-01 00:01:02.958  1334  1355 D com.embitel.core.obd.OBDDataHandler: processOBDData :: 0x7C,128
01-01 00:01:03.055   262   278 I /system/bin/obd: CAN Packet: 0x0D:17,0x2F:74,0xFF:80,0x0F:40,0x5E:12,0x62:55,0x61:28,0x5B:37,0x7A:1,0x7B:2,0x7C:128
01-01 00:01:03.056   262   278 I /system/bin/obd: CAN Packet Length: 86
01-01 00:01:03.056  1334  1355 D com.embitel.core.obd.OBDDataHandler: parseOBDData :: 0x0D:17,0x2F:74,0xFF:80,0x0F:40,0x5E:12,0x62:55,0x61:28,0x5B:37,0x7A:1,0x7B:2,0x7C:128
01-01 00:01:03.056  1334  1355 D com.embitel.core.obd.OBDDataHandler: processOBDData :: 0x0D,17
01-01 00:01:03.057  1334  1355 D com.embitel.core.obd.OBDDataHandler: processOBDData :: 0x2F,74
01-01 00:01:03.057  1334  1355 D com.embitel.core.obd.OBDDataHandler: processOBDData :: 0xFF,80
01-01 00:01:03.057  1334  1355 D com.embitel.core.obd.OBDDataHandler: processOBDData :: 0x0F,40
01-01 00:01:03.058  1334  1355 D com.embitel.core.obd.OBDDataHandler: processOBDData :: 0x5E,12
01-01 00:01:03.058  1334  1355 D com.embitel.core.obd.OBDDataHandler: processOBDData :: 0x62,55
01-01 00:01:03.058  1334  1355 D com.embitel.core.obd.OBDDataHandler: processOBDData :: 0x61,28
01-01 00:01:03.059  1334  1355 D com.embitel.core.obd.OBDDataHandler: processOBDData :: 0x5B,37
01-01 00:01:03.059  1334  1355 D com.embitel.core.obd.OBDDataHandler: processOBDData :: 0x7A,1
01-01 00:01:03.059  1334  1355 D com.embitel.core.obd.OBDDataHandler: processOBDData :: 0x7B,2
01-01 00:01:03.059  1334  1355 D com.embitel.core.obd.OBDDataHandler: processOBDData :: 0x7C,128
01-01 00:01:03.074   262   277 I /system/bin/obd: PID: 2f
01-01 00:01:03.074   262   277 I /system/bin/obd: vehicleParams.FuelIntakeLevel (0x2F) :60 
01-01 00:01:03.156   262   278 I /system/bin/obd: CAN Packet: 0x0D:17,0x2F:60,0xFF:80,0x0F:40,0x5E:12,0x62:55,0x61:28,0x5B:37,0x7A:1,0x7B:2,0x7C:128
01-01 00:01:03.156   262   278 I /system/bin/obd: CAN Packet Length: 86
01-01 00:01:03.156  1334  1355 D com.embitel.core.obd.OBDDataHandler: parseOBDData :: 0x0D:17,0x2F:60,0xFF:80,0x0F:40,0x5E:12,0x62:55,0x61:28,0x5B:37,0x7A:1,0x7B:2,0x7C:128
01-01 00:01:03.157  1334  1355 D com.embitel.core.obd.OBDDataHandler: processOBDData :: 0x0D,17
01-01 00:01:03.157  1334  1355 D com.embitel.core.obd.OBDDataHandler: processOBDData :: 0x2F,60
01-01 00:01:03.158  1334  1355 D com.embitel.core.obd.OBDDataHandler: processOBDData :: 0xFF,80
01-01 00:01:03.158  1334  1355 D com.embitel.core.obd.OBDDataHandler: processOBDData :: 0x0F,40
01-01 00:01:03.159  1334  1355 D com.embitel.core.obd.OBDDataHandler: processOBDData :: 0x5E,12
01-01 00:01:03.159  1334  1355 D com.embitel.core.obd.OBDDataHandler: processOBDData :: 0x62,55
01-01 00:01:03.159  1334  1355 D com.embitel.core.obd.OBDDataHandler: processOBDData :: 0x61,28
01-01 00:01:03.160  1334  1355 D com.embitel.core.obd.OBDDataHandler: processOBDData :: 0x5B,37
01-01 00:01:03.160  1334  1355 D com.embitel.core.obd.OBDDataHandler: processOBDData :: 0x7A,1
01-01 00:01:03.160  1334  1355 D com.embitel.core.obd.OBDDataHandler: processOBDData :: 0x7B,2
01-01 00:01:03.160  1334  1355 D com.embitel.core.obd.OBDDataHandler: processOBDData :: 0x7C,128
01-01 00:01:03.257   262   278 I /system/bin/obd: CAN Packet: 0x0D:17,0x2F:60,0xFF:80,0x0F:40,0x5E:12,0x62:55,0x61:28,0x5B:37,0x7A:1,0x7B:2,0x7C:128
01-01 00:01:03.257   262   278 I /system/bin/obd: CAN Packet Length: 86
01-01 00:01:03.257  1334  1355 D com.embitel.core.obd.OBDDataHandler: parseOBDData :: 0x0D:17,0x2F:60,0xFF:80,0x0F:40,0x5E:12,0x62:55,0x61:28,0x5B:37,0x7A:1,0x7B:2,0x7C:128
01-01 00:01:03.257  1334  1355 D com.embitel.core.obd.OBDDataHandler: processOBDData :: 0x0D,17
01-01 00:01:03.258  1334  1355 D com.embitel.core.obd.OBDDataHandler: processOBDData :: 0x2F,60
01-01 00:01:03.258  1334  1355 D com.embitel.core.obd.OBDDataHandler: processOBDData :: 0xFF,80
01-01 00:01:03.258  1334  1355 D com.embitel.core.obd.OBDDataHandler: processOBDData :: 0x0F,40
01-01 00:01:03.259  1334  1355 D com.embitel.core.obd.OBDDataHandler: processOBDData :: 0x5E,12
01-01 00:01:03.259  1334  1355 D com.embitel.core.obd.OBDDataHandler: processOBDData :: 0x62,55
01-01 00:01:03.260  1334  1355 D com.embitel.core.obd.OBDDataHandler: processOBDData :: 0x61,28
01-01 00:01:03.260  1334  1355 D com.embitel.core.obd.OBDDataHandler: processOBDData :: 0x5B,37
01-01 00:01:03.260  1334  1355 D com.embitel.core.obd.OBDDataHandler: processOBDData :: 0x7A,1
01-01 00:01:03.260  1334  1355 D com.embitel.core.obd.OBDDataHandler: processOBDData :: 0x7B,2
01-01 00:01:03.260  1334  1355 D com.embitel.core.obd.OBDDataHandler: processOBDData :: 0x7C,128
01-01 00:01:03.274   262   277 I /system/bin/obd: PID: 5e
01-01 00:01:03.275   262   277 I /system/bin/obd: vehicleParams.EngFuelRate (0x5E) :63 
01-01 00:01:03.357   262   278 I /system/bin/obd: CAN Packet: 0x0D:17,0x2F:60,0xFF:80,0x0F:40,0x5E:63,0x62:55,0x61:28,0x5B:37,0x7A:1,0x7B:2,0x7C:128
01-01 00:01:03.357   262   278 I /system/bin/obd: CAN Packet Length: 86
01-01 00:01:03.358  1334  1355 D com.embitel.core.obd.OBDDataHandler: parseOBDData :: 0x0D:17,0x2F:60,0xFF:80,0x0F:40,0x5E:63,0x62:55,0x61:28,0x5B:37,0x7A:1,0x7B:2,0x7C:128
01-01 00:01:03.358  1334  1355 D com.embitel.core.obd.OBDDataHandler: processOBDData :: 0x0D,17
01-01 00:01:03.358  1334  1355 D com.embitel.core.obd.OBDDataHandler: processOBDData :: 0x2F,60
01-01 00:01:03.359  1334  1355 D com.embitel.core.obd.OBDDataHandler: processOBDData :: 0xFF,80
01-01 00:01:03.359  1334  1355 D com.embitel.core.obd.OBDDataHandler: processOBDData :: 0x0F,40
01-01 00:01:03.360  1334  1355 D com.embitel.core.obd.OBDDataHandler: processOBDData :: 0x5E,63
01-01 00:01:03.360  1334  1355 D com.embitel.core.obd.OBDDataHandler: processOBDData :: 0x62,55
01-01 00:01:03.361  1334  1355 D com.embitel.core.obd.OBDDataHandler: processOBDData :: 0x61,28
01-01 00:01:03.361  1334  1355 D com.embitel.core.obd.OBDDataHandler: processOBDData :: 0x5B,37
01-01 00:01:03.361  1334  1355 D com.embitel.core.obd.OBDDataHandler: processOBDData :: 0x7A,1
01-01 00:01:03.361  1334  1355 D com.embitel.core.obd.OBDDataHandler: processOBDData :: 0x7B,2
01-01 00:01:03.361  1334  1355 D com.embitel.core.obd.OBDDataHandler: processOBDData :: 0x7C,128
01-01 00:01:03.458   262   278 I /system/bin/obd: CAN Packet: 0x0D:17,0x2F:60,0xFF:80,0x0F:40,0x5E:63,0x62:55,0x61:28,0x5B:37,0x7A:1,0x7B:2,0x7C:128
01-01 00:01:03.458   262   278 I /system/bin/obd: CAN Packet Length: 86
01-01 00:01:03.458  1334  1355 D com.embitel.core.obd.OBDDataHandler: parseOBDData :: 0x0D:17,0x2F:60,0xFF:80,0x0F:40,0x5E:63,0x62:55,0x61:28,0x5B:37,0x7A:1,0x7B:2,0x7C:128
01-01 00:01:03.458  1334  1355 D com.embitel.core.obd.OBDDataHandler: processOBDData :: 0x0D,17
01-01 00:01:03.459  1334  1355 D com.embitel.core.obd.OBDDataHandler: processOBDData :: 0x2F,60
01-01 00:01:03.459  1334  1355 D com.embitel.core.obd.OBDDataHandler: processOBDData :: 0xFF,80
01-01 00:01:03.460  1334  1355 D com.embitel.core.obd.OBDDataHandler: processOBDData :: 0x0F,40
01-01 00:01:03.460  1334  1355 D com.embitel.core.obd.OBDDataHandler: processOBDData :: 0x5E,63
01-01 00:01:03.461  1334  1355 D com.embitel.core.obd.OBDDataHandler: processOBDData :: 0x62,55
01-01 00:01:03.461  1334  1355 D com.embitel.core.obd.OBDDataHandler: processOBDData :: 0x61,28
01-01 00:01:03.461  1334  1355 D com.embitel.core.obd.OBDDataHandler: processOBDData :: 0x5B,37
01-01 00:01:03.461  1334  1355 D com.embitel.core.obd.OBDDataHandler: processOBDData :: 0x7A,1
01-01 00:01:03.461  1334  1355 D com.embitel.core.obd.OBDDataHandler: processOBDData :: 0x7B,2
01-01 00:01:03.461  1334  1355 D com.embitel.core.obd.OBDDataHandler: processOBDData :: 0x7C,128
01-01 00:01:03.475   262   277 I /system/bin/obd: PID: 62
01-01 00:01:03.475   262   277 I /system/bin/obd: vehicleParams.DriverDemandEngTorque (0x62) :12 
01-01 00:01:03.558   262   278 I /system/bin/obd: CAN Packet: 0x0D:17,0x2F:60,0xFF:80,0x0F:40,0x5E:63,0x62:12,0x61:28,0x5B:37,0x7A:1,0x7B:2,0x7C:128
01-01 00:01:03.559   262   278 I /system/bin/obd: CAN Packet Length: 86
01-01 00:01:03.559  1334  1355 D com.embitel.core.obd.OBDDataHandler: parseOBDData :: 0x0D:17,0x2F:60,0xFF:80,0x0F:40,0x5E:63,0x62:12,0x61:28,0x5B:37,0x7A:1,0x7B:2,0x7C:128
01-01 00:01:03.559  1334  1355 D com.embitel.core.obd.OBDDataHandler: processOBDData :: 0x0D,17
01-01 00:01:03.560  1334  1355 D com.embitel.core.obd.OBDDataHandler: processOBDData :: 0x2F,60
01-01 00:01:03.560  1334  1355 D com.embitel.core.obd.OBDDataHandler: processOBDData :: 0xFF,80
01-01 00:01:03.561  1334  1355 D com.embitel.core.obd.OBDDataHandler: processOBDData :: 0x0F,40
01-01 00:01:03.561  1334  1355 D com.embitel.core.obd.OBDDataHandler: processOBDData :: 0x5E,63
01-01 00:01:03.561  1334  1355 D com.embitel.core.obd.OBDDataHandler: processOBDData :: 0x62,12
01-01 00:01:03.562  1334  1355 D com.embitel.core.obd.OBDDataHandler: processOBDData :: 0x61,28
01-01 00:01:03.562  1334  1355 D com.embitel.core.obd.OBDDataHandler: processOBDData :: 0x5B,37
01-01 00:01:03.562  1334  1355 D com.embitel.core.obd.OBDDataHandler: processOBDData :: 0x7A,1
01-01 00:01:03.562  1334  1355 D com.embitel.core.obd.OBDDataHandler: processOBDData :: 0x7B,2
01-01 00:01:03.562  1334  1355 D com.embitel.core.obd.OBDDataHandler: processOBDData :: 0x7C,128
01-01 00:01:03.626   264   317 W audio_hw_primary: do_out_standby... -1257949440
01-01 00:01:03.659   262   278 I /system/bin/obd: CAN Packet: 0x0D:17,0x2F:60,0xFF:80,0x0F:40,0x5E:63,0x62:12,0x61:28,0x5B:37,0x7A:1,0x7B:2,0x7C:128
01-01 00:01:03.659   262   278 I /system/bin/obd: CAN Packet Length: 86
01-01 00:01:03.660  1334  1355 D com.embitel.core.obd.OBDDataHandler: parseOBDData :: 0x0D:17,0x2F:60,0xFF:80,0x0F:40,0x5E:63,0x62:12,0x61:28,0x5B:37,0x7A:1,0x7B:2,0x7C:128
01-01 00:01:03.660  1334  1355 D com.embitel.core.obd.OBDDataHandler: processOBDData :: 0x0D,17
01-01 00:01:03.660  1334  1355 D com.embitel.core.obd.OBDDataHandler: processOBDData :: 0x2F,60
01-01 00:01:03.661  1334  1355 D com.embitel.core.obd.OBDDataHandler: processOBDData :: 0xFF,80
01-01 00:01:03.661  1334  1355 D com.embitel.core.obd.OBDDataHandler: processOBDData :: 0x0F,40
01-01 00:01:03.662  1334  1355 D com.embitel.core.obd.OBDDataHandler: processOBDData :: 0x5E,63
01-01 00:01:03.662  1334  1355 D com.embitel.core.obd.OBDDataHandler: processOBDData :: 0x62,12
01-01 00:01:03.662  1334  1355 D com.embitel.core.obd.OBDDataHandler: processOBDData :: 0x61,28
01-01 00:01:03.663  1334  1355 D com.embitel.core.obd.OBDDataHandler: processOBDData :: 0x5B,37
01-01 00:01:03.663  1334  1355 D com.embitel.core.obd.OBDDataHandler: processOBDData :: 0x7A,1
01-01 00:01:03.663  1334  1355 D com.embitel.core.obd.OBDDataHandler: processOBDData :: 0x7B,2
01-01 00:01:03.663  1334  1355 D com.embitel.core.obd.OBDDataHandler: processOBDData :: 0x7C,128
01-01 00:01:03.675   262   277 I /system/bin/obd: PID: f
01-01 00:01:03.675   262   277 I /system/bin/obd: vehicleParams.IntakeAirTemp (0x0F) :113 
01-01 00:01:03.760   262   278 I /system/bin/obd: CAN Packet: 0x0D:17,0x2F:60,0xFF:80,0x0F:113,0x5E:63,0x62:12,0x61:28,0x5B:37,0x7A:1,0x7B:2,0x7C:128
01-01 00:01:03.760   262   278 I /system/bin/obd: CAN Packet Length: 87
01-01 00:01:03.760  1334  1355 D com.embitel.core.obd.OBDDataHandler: parseOBDData :: 0x0D:17,0x2F:60,0xFF:80,0x0F:113,0x5E:63,0x62:12,0x61:28,0x5B:37,0x7A:1,0x7B:2,0x7C:128
01-01 00:01:03.760  1334  1355 D com.embitel.core.obd.OBDDataHandler: processOBDData :: 0x0D,17
01-01 00:01:03.761  1334  1355 D com.embitel.core.obd.OBDDataHandler: processOBDData :: 0x2F,60
01-01 00:01:03.761  1334  1355 D com.embitel.core.obd.OBDDataHandler: processOBDData :: 0xFF,80
01-01 00:01:03.762  1334  1355 D com.embitel.core.obd.OBDDataHandler: processOBDData :: 0x0F,113
01-01 00:01:03.762  1334  1355 D com.embitel.core.obd.OBDDataHandler: processOBDData :: 0x5E,63
01-01 00:01:03.763  1334  1355 D com.embitel.core.obd.OBDDataHandler: processOBDData :: 0x62,12
01-01 00:01:03.763  1334  1355 D com.embitel.core.obd.OBDDataHandler: processOBDData :: 0x61,28
01-01 00:01:03.763  1334  1355 D com.embitel.core.obd.OBDDataHandler: processOBDData :: 0x5B,37
01-01 00:01:03.763  1334  1355 D com.embitel.core.obd.OBDDataHandler: processOBDData :: 0x7A,1
01-01 00:01:03.763  1334  1355 D com.embitel.core.obd.OBDDataHandler: processOBDData :: 0x7B,2
01-01 00:01:03.763  1334  1355 D com.embitel.core.obd.OBDDataHandler: processOBDData :: 0x7C,128
01-01 00:01:03.860   262   278 I /system/bin/obd: CAN Packet: 0x0D:17,0x2F:60,0xFF:80,0x0F:113,0x5E:63,0x62:12,0x61:28,0x5B:37,0x7A:1,0x7B:2,0x7C:128
01-01 00:01:03.861   262   278 I /system/bin/obd: CAN Packet Length: 87
01-01 00:01:03.861  1334  1355 D com.embitel.core.obd.OBDDataHandler: parseOBDData :: 0x0D:17,0x2F:60,0xFF:80,0x0F:113,0x5E:63,0x62:12,0x61:28,0x5B:37,0x7A:1,0x7B:2,0x7C:128
01-01 00:01:03.861  1334  1355 D com.embitel.core.obd.OBDDataHandler: processOBDData :: 0x0D,17
01-01 00:01:03.862  1334  1355 D com.embitel.core.obd.OBDDataHandler: processOBDData :: 0x2F,60
01-01 00:01:03.863  1334  1355 D com.embitel.core.obd.OBDDataHandler: processOBDData :: 0xFF,80
01-01 00:01:03.864  1334  1355 D com.embitel.core.obd.OBDDataHandler: processOBDData :: 0x0F,113
01-01 00:01:03.864  1334  1355 D com.embitel.core.obd.OBDDataHandler: processOBDData :: 0x5E,63
01-01 00:01:03.864  1408  1408 D Updated BATTEMP UI: Updated BATTEMP UI
01-01 00:01:03.865  1334  1355 D com.embitel.core.obd.OBDDataHandler: processOBDData :: 0x62,12
01-01 00:01:03.865  1408  1408 D Updated BATTEMP UI: Updated BATTEMP UI
01-01 00:01:03.865  1408  1408 D Updated BATTEMP UI: Updated BATTEMP UI
01-01 00:01:03.865  1334  1355 D com.embitel.core.obd.OBDDataHandler: processOBDData :: 0x61,28
01-01 00:01:03.865  1408  1408 D Updated BATTEMP UI: Updated BATTEMP UI
01-01 00:01:03.865  1408  1408 D Updated BATTEMP UI: Updated BATTEMP UI
01-01 00:01:03.866  1408  1408 D Updated BATTEMP UI: Updated BATTEMP UI
01-01 00:01:03.866  1334  1355 D com.embitel.core.obd.OBDDataHandler: processOBDData :: 0x5B,37
01-01 00:01:03.866  1334  1355 D com.embitel.core.obd.OBDDataHandler: processOBDData :: 0x7A,1
01-01 00:01:03.866  1334  1355 D com.embitel.core.obd.OBDDataHandler: processOBDData :: 0x7B,2
01-01 00:01:03.866  1334  1355 D com.embitel.core.obd.OBDDataHandler: processOBDData :: 0x7C,128
01-01 00:01:03.866  1408  1408 D Updated BATTEMP UI: Updated BATTEMP UI
01-01 00:01:03.866  1408  1408 D Updated BATTEMP UI: Updated BATTEMP UI
01-01 00:01:03.866  1408  1408 D Updated BATTEMP UI: Updated BATTEMP UI
01-01 00:01:03.867  1408  1408 D Updated BATTEMP UI: Updated BATTEMP UI
01-01 00:01:03.867  1408  1408 D Updated BATTEMP UI: Updated BATTEMP UI
01-01 00:01:03.867  1408  1408 D Updated BATTEMP UI: Updated BATTEMP UI
01-01 00:01:03.867  1408  1408 D Updated BATTEMP UI: Updated BATTEMP UI
01-01 00:01:03.867  1408  1408 D Updated BATTEMP UI: Updated BATTEMP UI
01-01 00:01:03.867  1408  1408 D Updated BATTEMP UI: Updated BATTEMP UI
01-01 00:01:03.868  1408  1408 D Updated BATTEMP UI: Updated BATTEMP UI
01-01 00:01:03.868  1408  1408 D Updated BATTEMP UI: Updated BATTEMP UI
01-01 00:01:03.875   262   277 I /system/bin/obd: PID: 61
01-01 00:01:03.876   262   277 I /system/bin/obd: vehicleParams.ActualEngTorque (0x61) :66 
01-01 00:01:03.884  1408  1408 D Updated BATTEMP UI: Updated BATTEMP UI
01-01 00:01:03.961   262   278 I /system/bin/obd: CAN Packet: 0x0D:17,0x2F:60,0xFF:80,0x0F:113,0x5E:63,0x62:12,0x61:66,0x5B:37,0x7A:1,0x7B:2,0x7C:128
01-01 00:01:03.961   262   278 I /system/bin/obd: CAN Packet Length: 87
01-01 00:01:03.961  1334  1355 D com.embitel.core.obd.OBDDataHandler: parseOBDData :: 0x0D:17,0x2F:60,0xFF:80,0x0F:113,0x5E:63,0x62:12,0x61:66,0x5B:37,0x7A:1,0x7B:2,0x7C:128
01-01 00:01:03.962  1334  1355 D com.embitel.core.obd.OBDDataHandler: processOBDData :: 0x0D,17
01-01 00:01:03.962  1334  1355 D com.embitel.core.obd.OBDDataHandler: processOBDData :: 0x2F,60
01-01 00:01:03.962  1334  1355 D com.embitel.core.obd.OBDDataHandler: processOBDData :: 0xFF,80
01-01 00:01:03.963  1334  1355 D com.embitel.core.obd.OBDDataHandler: processOBDData :: 0x0F,113
01-01 00:01:03.963  1334  1355 D com.embitel.core.obd.OBDDataHandler: processOBDData :: 0x5E,63
01-01 00:01:03.964  1334  1355 D com.embitel.core.obd.OBDDataHandler: processOBDData :: 0x62,12
01-01 00:01:03.964  1334  1355 D com.embitel.core.obd.OBDDataHandler: processOBDData :: 0x61,66
01-01 00:01:03.964  1334  1355 D com.embitel.core.obd.OBDDataHandler: processOBDData :: 0x5B,37
01-01 00:01:03.965  1334  1355 D com.embitel.core.obd.OBDDataHandler: processOBDData :: 0x7A,1
01-01 00:01:03.965  1334  1355 D com.embitel.core.obd.OBDDataHandler: processOBDData :: 0x7B,2
01-01 00:01:03.965  1334  1355 D com.embitel.core.obd.OBDDataHandler: processOBDData :: 0x7C,128
01-01 00:01:03.972  1408  1408 D Updated BATTEMP UI: Updated BATTEMP UI
01-01 00:01:04.061   262   278 I /system/bin/obd: CAN Packet: 0x0D:17,0x2F:60,0xFF:80,0x0F:113,0x5E:63,0x62:12,0x61:66,0x5B:37,0x7A:1,0x7B:2,0x7C:128
01-01 00:01:04.062   262   278 I /system/bin/obd: CAN Packet Length: 87
01-01 00:01:04.062  1334  1355 D com.embitel.core.obd.OBDDataHandler: parseOBDData :: 0x0D:17,0x2F:60,0xFF:80,0x0F:113,0x5E:63,0x62:12,0x61:66,0x5B:37,0x7A:1,0x7B:2,0x7C:128
01-01 00:01:04.062  1334  1355 D com.embitel.core.obd.OBDDataHandler: processOBDData :: 0x0D,17
01-01 00:01:04.062  1334  1355 D com.embitel.core.obd.OBDDataHandler: processOBDData :: 0x2F,60
01-01 00:01:04.063  1334  1355 D com.embitel.core.obd.OBDDataHandler: processOBDData :: 0xFF,80
01-01 00:01:04.063  1334  1355 D com.embitel.core.obd.OBDDataHandler: processOBDData :: 0x0F,113
01-01 00:01:04.064  1334  1355 D com.embitel.core.obd.OBDDataHandler: processOBDData :: 0x5E,63
01-01 00:01:04.064  1334  1355 D com.embitel.core.obd.OBDDataHandler: processOBDData :: 0x62,12
01-01 00:01:04.064  1334  1355 D com.embitel.core.obd.OBDDataHandler: processOBDData :: 0x61,66
01-01 00:01:04.065  1334  1355 D com.embitel.core.obd.OBDDataHandler: processOBDData :: 0x5B,37
01-01 00:01:04.065  1334  1355 D com.embitel.core.obd.OBDDataHandler: processOBDData :: 0x7A,1
01-01 00:01:04.065  1334  1355 D com.embitel.core.obd.OBDDataHandler: processOBDData :: 0x7B,2
01-01 00:01:04.065  1334  1355 D com.embitel.core.obd.OBDDataHandler: processOBDData :: 0x7C,128
01-01 00:01:04.072  1408  1408 D Updated BATTEMP UI: Updated BATTEMP UI
01-01 00:01:04.074   262   277 I /system/bin/obd: PID: d
01-01 00:01:04.075   262   277 I /system/bin/obd: vehicleParams.VehSpd (0x0D) :32 
01-01 00:01:04.162   262   278 I /system/bin/obd: CAN Packet: 0x0D:32,0x2F:60,0xFF:80,0x0F:113,0x5E:63,0x62:12,0x61:66,0x5B:37,0x7A:1,0x7B:2,0x7C:128
01-01 00:01:04.162   262   278 I /system/bin/obd: CAN Packet Length: 87
01-01 00:01:04.162  1334  1355 D com.embitel.core.obd.OBDDataHandler: parseOBDData :: 0x0D:32,0x2F:60,0xFF:80,0x0F:113,0x5E:63,0x62:12,0x61:66,0x5B:37,0x7A:1,0x7B:2,0x7C:128
01-01 00:01:04.162  1334  1355 D com.embitel.core.obd.OBDDataHandler: processOBDData :: 0x0D,32
01-01 00:01:04.163  1334  1355 D com.embitel.core.obd.OBDDataHandler: processOBDData :: 0x2F,60
01-01 00:01:04.163  1334  1355 D com.embitel.core.obd.OBDDataHandler: processOBDData :: 0xFF,80
01-01 00:01:04.164  1334  1355 D com.embitel.core.obd.OBDDataHandler: processOBDData :: 0x0F,113
01-01 00:01:04.164  1334  1355 D com.embitel.core.obd.OBDDataHandler: processOBDData :: 0x5E,63
01-01 00:01:04.165  1334  1355 D com.embitel.core.obd.OBDDataHandler: processOBDData :: 0x62,12
01-01 00:01:04.165  1334  1355 D com.embitel.core.obd.OBDDataHandler: processOBDData :: 0x61,66
01-01 00:01:04.165  1334  1355 D com.embitel.core.obd.OBDDataHandler: processOBDData :: 0x5B,37
01-01 00:01:04.165  1334  1355 D com.embitel.core.obd.OBDDataHandler: processOBDData :: 0x7A,1
01-01 00:01:04.166  1334  1355 D com.embitel.core.obd.OBDDataHandler: processOBDData :: 0x7B,2
01-01 00:01:04.166  1334  1355 D com.embitel.core.obd.OBDDataHandler: processOBDData :: 0x7C,128
01-01 00:01:04.172  1408  1408 D Updated BATTEMP UI: Updated BATTEMP UI
01-01 00:01:04.262   262   278 I /system/bin/obd: CAN Packet: 0x0D:32,0x2F:60,0xFF:80,0x0F:113,0x5E:63,0x62:12,0x61:66,0x5B:37,0x7A:1,0x7B:2,0x7C:128
01-01 00:01:04.263   262   278 I /system/bin/obd: CAN Packet Length: 87
01-01 00:01:04.263  1334  1355 D com.embitel.core.obd.OBDDataHandler: parseOBDData :: 0x0D:32,0x2F:60,0xFF:80,0x0F:113,0x5E:63,0x62:12,0x61:66,0x5B:37,0x7A:1,0x7B:2,0x7C:128
01-01 00:01:04.263  1334  1355 D com.embitel.core.obd.OBDDataHandler: processOBDData :: 0x0D,32
01-01 00:01:04.263  1334  1355 D com.embitel.core.obd.OBDDataHandler: processOBDData :: 0x2F,60
01-01 00:01:04.264  1334  1355 D com.embitel.core.obd.OBDDataHandler: processOBDData :: 0xFF,80
01-01 00:01:04.264  1334  1355 D com.embitel.core.obd.OBDDataHandler: processOBDData :: 0x0F,113
01-01 00:01:04.265  1334  1355 D com.embitel.core.obd.OBDDataHandler: processOBDData :: 0x5E,63
01-01 00:01:04.265  1334  1355 D com.embitel.core.obd.OBDDataHandler: processOBDData :: 0x62,12
