01-01 00:00:59.228  1334  1355 D com.embitel.core.obd.OBDDataHandler: processOBDData :: 0x5E,12
01-01 00:00:59.228  1334  1355 D com.embitel.core.obd.OBDDataHandler: processOBDData :: 0x62,55
01-01 00:00:59.228  1334  1355 D com.embitel.core.obd.OBDDataHandler: processOBDData :: 0x61,28
01-01 00:00:59.228  1334  1355 D com.embitel.core.obd.OBDDataHandler: processOBDData :: 0x5B,37
01-01 00:00:59.228  1334  1355 D com.embitel.core.obd.OBDDataHandler: processOBDData :: 0x7A,1
01-01 00:00:59.228  1334  1355 D com.embitel.core.obd.OBDDataHandler: processOBDData :: 0x7B,2
01-01 00:00:59.228  1334  1355 D com.embitel.core.obd.OBDDataHandler: processOBDData :: 0x7C,128
01-01 00:00:59.251  1122  1318 I MediaScanner: forcing rescan of /system/media/audio/ringtones/Vespa.ogg since build fingerprint changed
01-01 00:00:59.274   262   277 I /system/bin/obd: PID: ff
01-01 00:00:59.274   262   277 I /system/bin/obd: vehicleParams.Odo (0xFF):80 
01-01 00:00:59.293  1122  1318 I MediaScanner: forcing rescan of /system/media/audio/ringtones/World.ogg since build fingerprint changed
01-01 00:00:59.328   262   278 I /system/bin/obd: CAN Packet: 0x0D:17,0x2F:74,0xFF:80,0x0F:40,0x5E:12,0x62:55,0x61:28,0x5B:37,0x7A:1,0x7B:2,0x7C:128
01-01 00:00:59.328   262   278 I /system/bin/obd: CAN Packet Length: 86
01-01 00:00:59.329  1334  1355 D com.embitel.core.obd.OBDDataHandler: parseOBDData :: 0x0D:17,0x2F:74,0xFF:80,0x0F:40,0x5E:12,0x62:55,0x61:28,0x5B:37,0x7A:1,0x7B:2,0x7C:128
01-01 00:00:59.329  1334  1355 D com.embitel.core.obd.OBDDataHandler: processOBDData :: 0x0D,17
01-01 00:00:59.329  1334  1355 D com.embitel.core.obd.OBDDataHandler: processOBDData :: 0x2F,74
01-01 00:00:59.329  1334  1355 D com.embitel.core.obd.OBDDataHandler: processOBDData :: 0xFF,80
01-01 00:00:59.329  1334  1355 D com.embitel.core.obd.OBDDataHandler: processOBDData :: 0x0F,40
01-01 00:00:59.329  1334  1355 D com.embitel.core.obd.OBDDataHandler: processOBDData :: 0x5E,12
01-01 00:00:59.329  1334  1355 D com.embitel.core.obd.OBDDataHandler: processOBDData :: 0x62,55
01-01 00:00:59.329  1334  1355 D com.embitel.core.obd.OBDDataHandler: processOBDData :: 0x61,28
01-01 00:00:59.329  1334  1355 D com.embitel.core.obd.OBDDataHandler: processOBDData :: 0x5B,37
01-01 00:00:59.329  1334  1355 D com.embitel.core.obd.OBDDataHandler: processOBDData :: 0x7A,1
01-01 00:00:59.329  1334  1355 D com.embitel.core.obd.OBDDataHandler: processOBDData :: 0x7B,2
01-01 00:00:59.329  1334  1355 D com.embitel.core.obd.OBDDataHandler: processOBDData :: 0x7C,128
01-01 00:00:59.340  1122  1318 I MediaScanner: forcing rescan of /system/media/audio/ringtones/Zeta.ogg since build fingerprint changed
01-01 00:00:59.355   536   595 W AudioTrack: AUDIO_OUTPUT_FLAG_FAST denied by client; transfer 4, track 48000 Hz, output 44100 Hz
01-01 00:00:59.422  1122  1318 I MediaScanner: forcing rescan of /system/media/audio/ringtones/hydra.ogg since build fingerprint changed
01-01 00:00:59.428   262   278 I /system/bin/obd: CAN Packet: 0x0D:17,0x2F:74,0xFF:80,0x0F:40,0x5E:12,0x62:55,0x61:28,0x5B:37,0x7A:1,0x7B:2,0x7C:128
01-01 00:00:59.429   262   278 I /system/bin/obd: CAN Packet Length: 86
01-01 00:00:59.429  1334  1355 D com.embitel.core.obd.OBDDataHandler: parseOBDData :: 0x0D:17,0x2F:74,0xFF:80,0x0F:40,0x5E:12,0x62:55,0x61:28,0x5B:37,0x7A:1,0x7B:2,0x7C:128
01-01 00:00:59.429  1334  1355 D com.embitel.core.obd.OBDDataHandler: processOBDData :: 0x0D,17
01-01 00:00:59.429  1334  1355 D com.embitel.core.obd.OBDDataHandler: processOBDData :: 0x2F,74
01-01 00:00:59.430  1334  1355 D com.embitel.core.obd.OBDDataHandler: processOBDData :: 0xFF,80
01-01 00:00:59.430  1334  1355 D com.embitel.core.obd.OBDDataHandler: processOBDData :: 0x0F,40
01-01 00:00:59.430  1334  1355 D com.embitel.core.obd.OBDDataHandler: processOBDData :: 0x5E,12
01-01 00:00:59.430  1334  1355 D com.embitel.core.obd.OBDDataHandler: processOBDData :: 0x62,55
01-01 00:00:59.430  1334  1355 D com.embitel.core.obd.OBDDataHandler: processOBDData :: 0x61,28
01-01 00:00:59.430  1334  1355 D com.embitel.core.obd.OBDDataHandler: processOBDData :: 0x5B,37
01-01 00:00:59.430  1334  1355 D com.embitel.core.obd.OBDDataHandler: processOBDData :: 0x7A,1
01-01 00:00:59.430  1334  1355 D com.embitel.core.obd.OBDDataHandler: processOBDData :: 0x7B,2
01-01 00:00:59.431  1334  1355 D com.embitel.core.obd.OBDDataHandler: processOBDData :: 0x7C,128
01-01 00:00:59.474   262   277 I /system/bin/obd: PID: 2f
01-01 00:00:59.475   262   277 I /system/bin/obd: vehicleParams.FuelIntakeLevel (0x2F) :60 
01-01 00:00:59.501   264   317 W audio_hw_primary: Aravinth: out_set_parameters >1
01-01 00:00:59.501   264   317 W audio_hw_primary: Aravinth: select_output_device >0 out_device=400
01-01 00:00:59.501   264   317 W audio_hw_primary: headphone 0 ,headset 1024 ,speaker 0, earpiece 0, bt_on 0
01-01 00:00:59.501   264   317 W audio_hw_primary: out_set_parameters routing=1024, ret 0, out -1257949440
01-01 00:00:59.504   264   317 I audio_hw_primary: start_output_stream_primary... -1257949440, device 1024
01-01 00:00:59.504   264   317 W audio_hw_primary: Aravinth: start_output_stream_primary >1
01-01 00:00:59.504   264   317 W audio_hw_primary: Aravinth: select_output_device >0 out_device=400
01-01 00:00:59.504   264   317 W audio_hw_primary: headphone 0 ,headset 1024 ,speaker 0, earpiece 0, bt_on 0
01-01 00:00:59.505   264   317 W audio_hw_primary: HDMI: card 2, port 0 device 0x400
01-01 00:00:59.505   264   317 W audio_hw_primary: HDMI: rate 44100, channel 2 period_size 0x300
01-01 00:00:59.505   264   317 W audio_hw_primary: Aravinth: start_output_stream_primary >2
01-01 00:00:59.529   262   278 I /system/bin/obd: CAN Packet: 0x0D:17,0x2F:60,0xFF:80,0x0F:40,0x5E:12,0x62:55,0x61:28,0x5B:37,0x7A:1,0x7B:2,0x7C:128
01-01 00:00:59.529   262   278 I /system/bin/obd: CAN Packet Length: 86
01-01 00:00:59.530  1334  1355 D com.embitel.core.obd.OBDDataHandler: parseOBDData :: 0x0D:17,0x2F:60,0xFF:80,0x0F:40,0x5E:12,0x62:55,0x61:28,0x5B:37,0x7A:1,0x7B:2,0x7C:128
01-01 00:00:59.530  1334  1355 D com.embitel.core.obd.OBDDataHandler: processOBDData :: 0x0D,17
01-01 00:00:59.531  1334  1355 D com.embitel.core.obd.OBDDataHandler: processOBDData :: 0x2F,60
01-01 00:00:59.531  1334  1355 D com.embitel.core.obd.OBDDataHandler: processOBDData :: 0xFF,80
01-01 00:00:59.531  1334  1355 D com.embitel.core.obd.OBDDataHandler: processOBDData :: 0x0F,40
01-01 00:00:59.531  1334  1355 D com.embitel.core.obd.OBDDataHandler: processOBDData :: 0x5E,12
01-01 00:00:59.531  1334  1355 D com.embitel.core.obd.OBDDataHandler: processOBDData :: 0x62,55
01-01 00:00:59.531  1334  1355 D com.embitel.core.obd.OBDDataHandler: processOBDData :: 0x61,28
01-01 00:00:59.531  1334  1355 D com.embitel.core.obd.OBDDataHandler: processOBDData :: 0x5B,37
01-01 00:00:59.531  1334  1355 D com.embitel.core.obd.OBDDataHandler: processOBDData :: 0x7A,1
01-01 00:00:59.531  1334  1355 D com.embitel.core.obd.OBDDataHandler: processOBDData :: 0x7B,2
01-01 00:00:59.531  1334  1355 D com.embitel.core.obd.OBDDataHandler: processOBDData :: 0x7C,128
01-01 00:00:59.630   262   278 I /system/bin/obd: CAN Packet: 0x0D:17,0x2F:60,0xFF:80,0x0F:40,0x5E:12,0x62:55,0x61:28,0x5B:37,0x7A:1,0x7B:2,0x7C:128
01-01 00:00:59.631   262   278 I /system/bin/obd: CAN Packet Length: 86
01-01 00:00:59.632  1334  1355 D com.embitel.core.obd.OBDDataHandler: parseOBDData :: 0x0D:17,0x2F:60,0xFF:80,0x0F:40,0x5E:12,0x62:55,0x61:28,0x5B:37,0x7A:1,0x7B:2,0x7C:128
01-01 00:00:59.633  1334  1355 D com.embitel.core.obd.OBDDataHandler: processOBDData :: 0x0D,17
01-01 00:00:59.633  1334  1355 D com.embitel.core.obd.OBDDataHandler: processOBDData :: 0x2F,60
01-01 00:00:59.634  1334  1355 D com.embitel.core.obd.OBDDataHandler: processOBDData :: 0xFF,80
01-01 00:00:59.634  1334  1355 D com.embitel.core.obd.OBDDataHandler: processOBDData :: 0x0F,40
01-01 00:00:59.634  1334  1355 D com.embitel.core.obd.OBDDataHandler: processOBDData :: 0x5E,12
01-01 00:00:59.634  1334  1355 D com.embitel.core.obd.OBDDataHandler: processOBDData :: 0x62,55
01-01 00:00:59.634  1334  1355 D com.embitel.core.obd.OBDDataHandler: processOBDData :: 0x61,28
01-01 00:00:59.637  1334  1355 D com.embitel.core.obd.OBDDataHandler: processOBDData :: 0x5B,37
01-01 00:00:59.638  1334  1355 D com.embitel.core.obd.OBDDataHandler: processOBDData :: 0x7A,1
01-01 00:00:59.638  1334  1355 D com.embitel.core.obd.OBDDataHandler: processOBDData :: 0x7B,2
01-01 00:00:59.638  1334  1355 D com.embitel.core.obd.OBDDataHandler: processOBDData :: 0x7C,128
01-01 00:00:59.674   262   277 I /system/bin/obd: PID: 5e
01-01 00:00:59.675   262   277 I /system/bin/obd: vehicleParams.EngFuelRate (0x5E) :63 
01-01 00:00:59.731   262   278 I /system/bin/obd: CAN Packet: 0x0D:17,0x2F:60,0xFF:80,0x0F:40,0x5E:63,0x62:55,0x61:28,0x5B:37,0x7A:1,0x7B:2,0x7C:128
01-01 00:00:59.731   262   278 I /system/bin/obd: CAN Packet Length: 86
01-01 00:00:59.732  1334  1355 D com.embitel.core.obd.OBDDataHandler: parseOBDData :: 0x0D:17,0x2F:60,0xFF:80,0x0F:40,0x5E:63,0x62:55,0x61:28,0x5B:37,0x7A:1,0x7B:2,0x7C:128
01-01 00:00:59.732  1334  1355 D com.embitel.core.obd.OBDDataHandler: processOBDData :: 0x0D,17
01-01 00:00:59.732  1334  1355 D com.embitel.core.obd.OBDDataHandler: processOBDData :: 0x2F,60
01-01 00:00:59.732  1334  1355 D com.embitel.core.obd.OBDDataHandler: processOBDData :: 0xFF,80
01-01 00:00:59.732  1334  1355 D com.embitel.core.obd.OBDDataHandler: processOBDData :: 0x0F,40
01-01 00:00:59.732  1334  1355 D com.embitel.core.obd.OBDDataHandler: processOBDData :: 0x5E,63
01-01 00:00:59.732  1334  1355 D com.embitel.core.obd.OBDDataHandler: processOBDData :: 0x62,55
01-01 00:00:59.732  1334  1355 D com.embitel.core.obd.OBDDataHandler: processOBDData :: 0x61,28
01-01 00:00:59.732  1334  1355 D com.embitel.core.obd.OBDDataHandler: processOBDData :: 0x5B,37
01-01 00:00:59.732  1334  1355 D com.embitel.core.obd.OBDDataHandler: processOBDData :: 0x7A,1
01-01 00:00:59.733  1334  1355 D com.embitel.core.obd.OBDDataHandler: processOBDData :: 0x7B,2
01-01 00:00:59.733  1334  1355 D com.embitel.core.obd.OBDDataHandler: processOBDData :: 0x7C,128
01-01 00:00:59.832   262   278 I /system/bin/obd: CAN Packet: 0x0D:17,0x2F:60,0xFF:80,0x0F:40,0x5E:63,0x62:55,0x61:28,0x5B:37,0x7A:1,0x7B:2,0x7C:128
01-01 00:00:59.833   262   278 I /system/bin/obd: CAN Packet Length: 86
01-01 00:00:59.833  1334  1355 D com.embitel.core.obd.OBDDataHandler: parseOBDData :: 0x0D:17,0x2F:60,0xFF:80,0x0F:40,0x5E:63,0x62:55,0x61:28,0x5B:37,0x7A:1,0x7B:2,0x7C:128
01-01 00:00:59.834  1334  1355 D com.embitel.core.obd.OBDDataHandler: processOBDData :: 0x0D,17
01-01 00:00:59.837  1334  1355 D com.embitel.core.obd.OBDDataHandler: processOBDData :: 0x2F,60
01-01 00:00:59.838  1334  1355 D com.embitel.core.obd.OBDDataHandler: processOBDData :: 0xFF,80
01-01 00:00:59.838  1334  1355 D com.embitel.core.obd.OBDDataHandler: processOBDData :: 0x0F,40
01-01 00:00:59.838  1334  1355 D com.embitel.core.obd.OBDDataHandler: processOBDData :: 0x5E,63
01-01 00:00:59.838  1334  1355 D com.embitel.core.obd.OBDDataHandler: processOBDData :: 0x62,55
01-01 00:00:59.838  1334  1355 D com.embitel.core.obd.OBDDataHandler: processOBDData :: 0x61,28
01-01 00:00:59.838  1334  1355 D com.embitel.core.obd.OBDDataHandler: processOBDData :: 0x5B,37
01-01 00:00:59.838  1334  1355 D com.embitel.core.obd.OBDDataHandler: processOBDData :: 0x7A,1
01-01 00:00:59.838  1334  1355 D com.embitel.core.obd.OBDDataHandler: processOBDData :: 0x7B,2
01-01 00:00:59.838  1334  1355 D com.embitel.core.obd.OBDDataHandler: processOBDData :: 0x7C,128
01-01 00:00:59.875   262   277 I /system/bin/obd: PID: 62
01-01 00:00:59.876   262   277 I /system/bin/obd: vehicleParams.DriverDemandEngTorque (0x62) :12 
01-01 00:00:59.933   262   278 I /system/bin/obd: CAN Packet: 0x0D:17,0x2F:60,0xFF:80,0x0F:40,0x5E:63,0x62:12,0x61:28,0x5B:37,0x7A:1,0x7B:2,0x7C:128
01-01 00:00:59.934   262   278 I /system/bin/obd: CAN Packet Length: 86
01-01 00:00:59.934  1334  1355 D com.embitel.core.obd.OBDDataHandler: parseOBDData :: 0x0D:17,0x2F:60,0xFF:80,0x0F:40,0x5E:63,0x62:12,0x61:28,0x5B:37,0x7A:1,0x7B:2,0x7C:128
01-01 00:00:59.934  1334  1355 D com.embitel.core.obd.OBDDataHandler: processOBDData :: 0x0D,17
01-01 00:00:59.934  1334  1355 D com.embitel.core.obd.OBDDataHandler: processOBDData :: 0x2F,60
01-01 00:00:59.938  1334  1355 D com.embitel.core.obd.OBDDataHandler: processOBDData :: 0xFF,80
01-01 00:00:59.938  1334  1355 D com.embitel.core.obd.OBDDataHandler: processOBDData :: 0x0F,40
01-01 00:00:59.938  1334  1355 D com.embitel.core.obd.OBDDataHandler: processOBDData :: 0x5E,63
01-01 00:00:59.939  1334  1355 D com.embitel.core.obd.OBDDataHandler: processOBDData :: 0x62,12
01-01 00:00:59.939  1334  1355 D com.embitel.core.obd.OBDDataHandler: processOBDData :: 0x61,28
01-01 00:00:59.939  1334  1355 D com.embitel.core.obd.OBDDataHandler: processOBDData :: 0x5B,37
01-01 00:00:59.939  1334  1355 D com.embitel.core.obd.OBDDataHandler: processOBDData :: 0x7A,1
01-01 00:00:59.939  1334  1355 D com.embitel.core.obd.OBDDataHandler: processOBDData :: 0x7B,2
01-01 00:00:59.939  1334  1355 D com.embitel.core.obd.OBDDataHandler: processOBDData :: 0x7C,128
01-01 00:01:00.034   262   278 I /system/bin/obd: CAN Packet: 0x0D:17,0x2F:60,0xFF:80,0x0F:40,0x5E:63,0x62:12,0x61:28,0x5B:37,0x7A:1,0x7B:2,0x7C:128
01-01 00:01:00.034   262   278 I /system/bin/obd: CAN Packet Length: 86
01-01 00:01:00.046  1334  1355 D com.embitel.core.obd.OBDDataHandler: parseOBDData :: 0x0D:17,0x2F:60,0xFF:80,0x0F:40,0x5E:63,0x62:12,0x61:28,0x5B:37,0x7A:1,0x7B:2,0x7C:128
01-01 00:01:00.046  1334  1355 D com.embitel.core.obd.OBDDataHandler: processOBDData :: 0x0D,17
01-01 00:01:00.046  1334  1355 D com.embitel.core.obd.OBDDataHandler: processOBDData :: 0x2F,60
01-01 00:01:00.046  1334  1355 D com.embitel.core.obd.OBDDataHandler: processOBDData :: 0xFF,80
01-01 00:01:00.046  1334  1355 D com.embitel.core.obd.OBDDataHandler: processOBDData :: 0x0F,40
01-01 00:01:00.046  1334  1355 D com.embitel.core.obd.OBDDataHandler: processOBDData :: 0x5E,63
01-01 00:01:00.046  1334  1355 D com.embitel.core.obd.OBDDataHandler: processOBDData :: 0x62,12
01-01 00:01:00.046  1334  1355 D com.embitel.core.obd.OBDDataHandler: processOBDData :: 0x61,28
01-01 00:01:00.046  1334  1355 D com.embitel.core.obd.OBDDataHandler: processOBDData :: 0x5B,37
01-01 00:01:00.046  1334  1355 D com.embitel.core.obd.OBDDataHandler: processOBDData :: 0x7A,1
01-01 00:01:00.046  1334  1355 D com.embitel.core.obd.OBDDataHandler: processOBDData :: 0x7B,2
01-01 00:01:00.046  1334  1355 D com.embitel.core.obd.OBDDataHandler: processOBDData :: 0x7C,128
01-01 00:01:00.074   262   277 I /system/bin/obd: PID: f
01-01 00:01:00.075   262   277 I /system/bin/obd: vehicleParams.IntakeAirTemp (0x0F) :113 
01-01 00:01:00.135   262   278 I /system/bin/obd: CAN Packet: 0x0D:17,0x2F:60,0xFF:80,0x0F:113,0x5E:63,0x62:12,0x61:28,0x5B:37,0x7A:1,0x7B:2,0x7C:128
01-01 00:01:00.135   262   278 I /system/bin/obd: CAN Packet Length: 87
01-01 00:01:00.137  1334  1355 D com.embitel.core.obd.OBDDataHandler: parseOBDData :: 0x0D:17,0x2F:60,0xFF:80,0x0F:113,0x5E:63,0x62:12,0x61:28,0x5B:37,0x7A:1,0x7B:2,0x7C:128
01-01 00:01:00.138  1334  1355 D com.embitel.core.obd.OBDDataHandler: processOBDData :: 0x0D,17
01-01 00:01:00.138  1334  1355 D com.embitel.core.obd.OBDDataHandler: processOBDData :: 0x2F,60
01-01 00:01:00.138  1334  1355 D com.embitel.core.obd.OBDDataHandler: processOBDData :: 0xFF,80
01-01 00:01:00.139  1334  1355 D com.embitel.core.obd.OBDDataHandler: processOBDData :: 0x0F,113
01-01 00:01:00.139  1334  1355 D com.embitel.core.obd.OBDDataHandler: processOBDData :: 0x5E,63
01-01 00:01:00.139  1334  1355 D com.embitel.core.obd.OBDDataHandler: processOBDData :: 0x62,12
01-01 00:01:00.139  1334  1355 D com.embitel.core.obd.OBDDataHandler: processOBDData :: 0x61,28
01-01 00:01:00.139  1334  1355 D com.embitel.core.obd.OBDDataHandler: processOBDData :: 0x5B,37
01-01 00:01:00.139  1334  1355 D com.embitel.core.obd.OBDDataHandler: processOBDData :: 0x7A,1
01-01 00:01:00.140  1334  1355 D com.embitel.core.obd.OBDDataHandler: processOBDData :: 0x7B,2
01-01 00:01:00.140  1334  1355 D com.embitel.core.obd.OBDDataHandler: processOBDData :: 0x7C,128
01-01 00:01:00.236   262   278 I /system/bin/obd: CAN Packet: 0x0D:17,0x2F:60,0xFF:80,0x0F:113,0x5E:63,0x62:12,0x61:28,0x5B:37,0x7A:1,0x7B:2,0x7C:128
01-01 00:01:00.236   262   278 I /system/bin/obd: CAN Packet Length: 87
01-01 00:01:00.236  1334  1355 D com.embitel.core.obd.OBDDataHandler: parseOBDData :: 0x0D:17,0x2F:60,0xFF:80,0x0F:113,0x5E:63,0x62:12,0x61:28,0x5B:37,0x7A:1,0x7B:2,0x7C:128
01-01 00:01:00.236  1334  1355 D com.embitel.core.obd.OBDDataHandler: processOBDData :: 0x0D,17
01-01 00:01:00.236  1334  1355 D com.embitel.core.obd.OBDDataHandler: processOBDData :: 0x2F,60
01-01 00:01:00.236  1334  1355 D com.embitel.core.obd.OBDDataHandler: processOBDData :: 0xFF,80
01-01 00:01:00.236  1334  1355 D com.embitel.core.obd.OBDDataHandler: processOBDData :: 0x0F,113
01-01 00:01:00.238  1334  1355 D com.embitel.core.obd.OBDDataHandler: processOBDData :: 0x5E,63
01-01 00:01:00.238  1334  1355 D com.embitel.core.obd.OBDDataHandler: processOBDData :: 0x62,12
01-01 00:01:00.238  1334  1355 D com.embitel.core.obd.OBDDataHandler: processOBDData :: 0x61,28
01-01 00:01:00.238  1334  1355 D com.embitel.core.obd.OBDDataHandler: processOBDData :: 0x5B,37
01-01 00:01:00.238  1334  1355 D com.embitel.core.obd.OBDDataHandler: processOBDData :: 0x7A,1
01-01 00:01:00.238  1334  1355 D com.embitel.core.obd.OBDDataHandler: processOBDData :: 0x7B,2
01-01 00:01:00.238  1334  1355 D com.embitel.core.obd.OBDDataHandler: processOBDData :: 0x7C,128
01-01 00:01:00.274   262   277 I /system/bin/obd: PID: 61
01-01 00:01:00.274   262   277 I /system/bin/obd: vehicleParams.ActualEngTorque (0x61) :66 
01-01 00:01:00.336   262   278 I /system/bin/obd: CAN Packet: 0x0D:17,0x2F:60,0xFF:80,0x0F:113,0x5E:63,0x62:12,0x61:66,0x5B:37,0x7A:1,0x7B:2,0x7C:128
01-01 00:01:00.336   262   278 I /system/bin/obd: CAN Packet Length: 87
01-01 00:01:00.337  1334  1355 D com.embitel.core.obd.OBDDataHandler: parseOBDData :: 0x0D:17,0x2F:60,0xFF:80,0x0F:113,0x5E:63,0x62:12,0x61:66,0x5B:37,0x7A:1,0x7B:2,0x7C:128
01-01 00:01:00.337  1334  1355 D com.embitel.core.obd.OBDDataHandler: processOBDData :: 0x0D,17
01-01 00:01:00.337  1334  1355 D com.embitel.core.obd.OBDDataHandler: processOBDData :: 0x2F,60
01-01 00:01:00.337  1334  1355 D com.embitel.core.obd.OBDDataHandler: processOBDData :: 0xFF,80
01-01 00:01:00.337  1334  1355 D com.embitel.core.obd.OBDDataHandler: processOBDData :: 0x0F,113
01-01 00:01:00.337  1334  1355 D com.embitel.core.obd.OBDDataHandler: processOBDData :: 0x5E,63
01-01 00:01:00.337  1334  1355 D com.embitel.core.obd.OBDDataHandler: processOBDData :: 0x62,12
01-01 00:01:00.337  1334  1355 D com.embitel.core.obd.OBDDataHandler: processOBDData :: 0x61,66
01-01 00:01:00.337  1334  1355 D com.embitel.core.obd.OBDDataHandler: processOBDData :: 0x5B,37
01-01 00:01:00.337  1334  1355 D com.embitel.core.obd.OBDDataHandler: processOBDData :: 0x7A,1
01-01 00:01:00.337  1334  1355 D com.embitel.core.obd.OBDDataHandler: processOBDData :: 0x7B,2
01-01 00:01:00.337  1334  1355 D com.embitel.core.obd.OBDDataHandler: processOBDData :: 0x7C,128
01-01 00:01:00.352  1122  1318 W MediaScanner: Error opening directory '/oem/media/', skipping: No such file or directory.
01-01 00:01:00.361  1122  1318 W MediaProvider: Missing volume for /system/media/audio/ui; assuming invalid
01-01 00:01:00.391  1122  1318 W MediaProvider: Missing volume for /system/media/audio/ringtones/Andromeda.ogg; assuming invalid
01-01 00:01:00.398  1122  1318 W MediaProvider: Missing volume for /system/media/audio/ringtones/Aquila.ogg; assuming invalid
01-01 00:01:00.407  1122  1318 W MediaProvider: Missing volume for /system/media/audio/ringtones/ArgoNavis.ogg; assuming invalid
01-01 00:01:00.413  1122  1318 W MediaProvider: Missing volume for /system/media/audio/ringtones/Atria.ogg; assuming invalid
01-01 00:01:00.420  1122  1318 W MediaProvider: Missing volume for /system/media/audio/ringtones/BOOTES.ogg; assuming invalid
01-01 00:01:00.426  1122  1318 W MediaProvider: Missing volume for /system/media/audio/ringtones/Backroad.ogg; assuming invalid
01-01 00:01:00.432  1122  1318 W MediaProvider: Missing volume for /system/media/audio/ringtones/BeatPlucker.ogg; assuming invalid
01-01 00:01:00.437   262   278 I /system/bin/obd: CAN Packet: 0x0D:17,0x2F:60,0xFF:80,0x0F:113,0x5E:63,0x62:12,0x61:66,0x5B:37,0x7A:1,0x7B:2,0x7C:128
01-01 00:01:00.437   262   278 I /system/bin/obd: CAN Packet Length: 87
01-01 00:01:00.439  1334  1355 D com.embitel.core.obd.OBDDataHandler: parseOBDData :: 0x0D:17,0x2F:60,0xFF:80,0x0F:113,0x5E:63,0x62:12,0x61:66,0x5B:37,0x7A:1,0x7B:2,0x7C:128
01-01 00:01:00.440  1334  1355 D com.embitel.core.obd.OBDDataHandler: processOBDData :: 0x0D,17
01-01 00:01:00.440  1334  1355 D com.embitel.core.obd.OBDDataHandler: processOBDData :: 0x2F,60
01-01 00:01:00.440  1334  1355 D com.embitel.core.obd.OBDDataHandler: processOBDData :: 0xFF,80
01-01 00:01:00.440  1334  1355 D com.embitel.core.obd.OBDDataHandler: processOBDData :: 0x0F,113
01-01 00:01:00.441  1334  1355 D com.embitel.core.obd.OBDDataHandler: processOBDData :: 0x5E,63
01-01 00:01:00.441  1334  1355 D com.embitel.core.obd.OBDDataHandler: processOBDData :: 0x62,12
01-01 00:01:00.441  1334  1355 D com.embitel.core.obd.OBDDataHandler: processOBDData :: 0x61,66
01-01 00:01:00.441  1334  1355 D com.embitel.core.obd.OBDDataHandler: processOBDData :: 0x5B,37
01-01 00:01:00.441  1334  1355 D com.embitel.core.obd.OBDDataHandler: processOBDData :: 0x7A,1
01-01 00:01:00.441  1334  1355 D com.embitel.core.obd.OBDDataHandler: processOBDData :: 0x7B,2
01-01 00:01:00.441  1334  1355 D com.embitel.core.obd.OBDDataHandler: processOBDData :: 0x7C,128
01-01 00:01:00.444  1122  1318 W MediaProvider: Missing volume for /system/media/audio/ringtones/BentleyDubs.ogg; assuming invalid
01-01 00:01:00.451  1122  1318 W MediaProvider: Missing volume for /system/media/audio/ringtones/Big_Easy.ogg; assuming invalid
01-01 00:01:00.456  1122  1318 W MediaProvider: Missing volume for /system/media/audio/ringtones/BirdLoop.ogg; assuming invalid
01-01 00:01:00.461  1122  1318 W MediaProvider: Missing volume for /system/media/audio/ringtones/Bollywood.ogg; assuming invalid
01-01 00:01:00.465  1122  1318 W MediaProvider: Missing volume for /system/media/audio/ringtones/BussaMove.ogg; assuming invalid
01-01 00:01:00.470  1122  1318 W MediaProvider: Missing volume for /system/media/audio/ringtones/CANISMAJOR.ogg; assuming invalid
01-01 00:01:00.474   262   277 I /system/bin/obd: PID: d
01-01 00:01:00.474   262   277 I /system/bin/obd: vehicleParams.VehSpd (0x0D) :32 
01-01 00:01:00.476  1122  1318 W MediaProvider: Missing volume for /system/media/audio/ringtones/CASSIOPEIA.ogg; assuming invalid
01-01 00:01:00.482  1122  1318 W MediaProvider: Missing volume for /system/media/audio/ringtones/Cairo.ogg; assuming invalid
01-01 00:01:00.489  1122  1318 W MediaProvider: Missing volume for /system/media/audio/ringtones/Calypso_Steel.ogg; assuming invalid
01-01 00:01:00.497  1122  1318 W MediaProvider: Missing volume for /system/media/audio/ringtones/CanisMajor.ogg; assuming invalid
01-01 00:01:00.503  1122  1318 W MediaProvider: Missing volume for /system/media/audio/ringtones/CaribbeanIce.ogg; assuming invalid
01-01 00:01:00.508  1122  1318 W MediaProvider: Missing volume for /system/media/audio/ringtones/Carina.ogg; assuming invalid
01-01 00:01:00.516  1122  1318 W MediaProvider: Missing volume for /system/media/audio/ringtones/Centaurus.ogg; assuming invalid
01-01 00:01:00.523  1122  1318 W MediaProvider: Missing volume for /system/media/audio/ringtones/Champagne_Edition.ogg; assuming invalid
01-01 00:01:00.529   536   597 I PackageManager: Adding preferred activity com.embitel.ujetlauncher/.view.main.Launcher for user 0:
01-01 00:01:00.529   536   597 I PackageManager:   Action: "android.intent.action.MAIN"
01-01 00:01:00.529   536   597 I PackageManager:   Category: "android.intent.category.HOME"
01-01 00:01:00.529   536   597 I PackageManager:   Category: "android.intent.category.DEFAULT"
01-01 00:01:00.529   536   597 I PackageManager:   AutoVerify=false
01-01 00:01:00.533   536  1101 I ActivityManager: START u0 {act=android.intent.action.MAIN cat=[android.intent.category.HOME] flg=0x13000100 cmp=com.embitel.ujetlauncher/.view.main.Launcher} from uid 0 on display 0
01-01 00:01:00.538   262   278 I /system/bin/obd: CAN Packet: 0x0D:32,0x2F:60,0xFF:80,0x0F:113,0x5E:63,0x62:12,0x61:66,0x5B:37,0x7A:1,0x7B:2,0x7C:128
01-01 00:01:00.538   262   278 I /system/bin/obd: CAN Packet Length: 87
01-01 00:01:00.539  1334  1355 D com.embitel.core.obd.OBDDataHandler: parseOBDData :: 0x0D:32,0x2F:60,0xFF:80,0x0F:113,0x5E:63,0x62:12,0x61:66,0x5B:37,0x7A:1,0x7B:2,0x7C:128
01-01 00:01:00.539  1334  1355 D com.embitel.core.obd.OBDDataHandler: processOBDData :: 0x0D,32
01-01 00:01:00.539  1334  1355 D com.embitel.core.obd.OBDDataHandler: processOBDData :: 0x2F,60
01-01 00:01:00.539  1334  1355 D com.embitel.core.obd.OBDDataHandler: processOBDData :: 0xFF,80
01-01 00:01:00.539  1334  1355 D com.embitel.core.obd.OBDDataHandler: processOBDData :: 0x0F,113
01-01 00:01:00.539  1334  1355 D com.embitel.core.obd.OBDDataHandler: processOBDData :: 0x5E,63
01-01 00:01:00.540  1334  1355 D com.embitel.core.obd.OBDDataHandler: processOBDData :: 0x62,12
01-01 00:01:00.540  1334  1355 D com.embitel.core.obd.OBDDataHandler: processOBDData :: 0x61,66
01-01 00:01:00.543  1334  1355 D com.embitel.core.obd.OBDDataHandler: processOBDData :: 0x5B,37
01-01 00:01:00.543  1334  1355 D com.embitel.core.obd.OBDDataHandler: processOBDData :: 0x7A,1
01-01 00:01:00.543  1334  1355 D com.embitel.core.obd.OBDDataHandler: processOBDData :: 0x7B,2
01-01 00:01:00.543  1334  1355 D com.embitel.core.obd.OBDDataHandler: processOBDData :: 0x7C,128
01-01 00:01:00.543  1122  1318 W MediaProvider: Missing volume for /system/media/audio/ringtones/Club_Cubano.ogg; assuming invalid
01-01 00:01:00.550  1122  1318 W MediaProvider: Missing volume for /system/media/audio/ringtones/CrayonRock.ogg; assuming invalid
01-01 00:01:00.557  1122  1318 W MediaProvider: Missing volume for /system/media/audio/ringtones/CrazyDream.ogg; assuming invalid
01-01 00:01:00.566  1122  1318 W MediaProvider: Missing volume for /system/media/audio/ringtones/CurveBall.ogg; assuming invalid
01-01 00:01:00.573  1122  1318 W MediaProvider: Missing volume for /system/media/audio/ringtones/Cygnus.ogg; assuming invalid
01-01 00:01:00.578  1122  1318 W MediaProvider: Missing volume for /system/media/audio/ringtones/DancinFool.ogg; assuming invalid
01-01 00:01:00.583  1122  1318 W MediaProvider: Missing volume for /system/media/audio/ringtones/Ding.ogg; assuming invalid
01-01 00:01:00.591  1122  1318 W MediaProvider: Missing volume for /system/media/audio/ringtones/DonMessWivIt.ogg; assuming invalid
01-01 00:01:00.598  1122  1318 W MediaProvider: Missing volume for /system/media/audio/ringtones/Draco.ogg; assuming invalid
01-01 00:01:00.606  1122  1318 W MediaProvider: Missing volume for /system/media/audio/ringtones/DreamTheme.ogg; assuming invalid
01-01 00:01:00.616  1122  1318 W MediaProvider: Missing volume for /system/media/audio/ringtones/Eastern_Sky.ogg; assuming invalid
01-01 00:01:00.627  1122  1318 W MediaProvider: Missing volume for /system/media/audio/ringtones/Enter_the_Nexus.ogg; assuming invalid
01-01 00:01:00.635  1122  1318 W MediaProvider: Missing volume for /system/media/audio/ringtones/Eridani.ogg; assuming invalid
01-01 00:01:00.639   262   278 I /system/bin/obd: CAN Packet: 0x0D:32,0x2F:60,0xFF:80,0x0F:113,0x5E:63,0x62:12,0x61:66,0x5B:37,0x7A:1,0x7B:2,0x7C:128
01-01 00:01:00.639   262   278 I /system/bin/obd: CAN Packet Length: 87
01-01 00:01:00.641  1334  1355 D com.embitel.core.obd.OBDDataHandler: parseOBDData :: 0x0D:32,0x2F:60,0xFF:80,0x0F:113,0x5E:63,0x62:12,0x61:66,0x5B:37,0x7A:1,0x7B:2,0x7C:128
01-01 00:01:00.641  1334  1355 D com.embitel.core.obd.OBDDataHandler: processOBDData :: 0x0D,32
01-01 00:01:00.641  1334  1355 D com.embitel.core.obd.OBDDataHandler: processOBDData :: 0x2F,60
01-01 00:01:00.641  1334  1355 D com.embitel.core.obd.OBDDataHandler: processOBDData :: 0xFF,80
01-01 00:01:00.641  1334  1355 D com.embitel.core.obd.OBDDataHandler: processOBDData :: 0x0F,113
01-01 00:01:00.641  1334  1355 D com.embitel.core.obd.OBDDataHandler: processOBDData :: 0x5E,63
01-01 00:01:00.641  1334  1355 D com.embitel.core.obd.OBDDataHandler: processOBDData :: 0x62,12
01-01 00:01:00.641  1334  1355 D com.embitel.core.obd.OBDDataHandler: processOBDData :: 0x61,66
01-01 00:01:00.642  1334  1355 D com.embitel.core.obd.OBDDataHandler: processOBDData :: 0x5B,37
01-01 00:01:00.642  1334  1355 D com.embitel.core.obd.OBDDataHandler: processOBDData :: 0x7A,1
01-01 00:01:00.642  1334  1355 D com.embitel.core.obd.OBDDataHandler: processOBDData :: 0x7B,2
01-01 00:01:00.642  1334  1355 D com.embitel.core.obd.OBDDataHandler: processOBDData :: 0x7C,128
01-01 00:01:00.646   536   857 I ActivityManager: Start proc 1408:com.embitel.ujetlauncher/u0a27 for activity com.embitel.ujetlauncher/.view.main.Launcher
01-01 00:01:00.647   536   570 I InputDispatcher: Dropping event because there is no touchable window at (561, 446).
01-01 00:01:00.650  1122  1318 W MediaProvider: Missing volume for /system/media/audio/ringtones/EtherShake.ogg; assuming invalid
01-01 00:01:00.665  1122  1318 W MediaProvider: Missing volume for /system/media/audio/ringtones/FreeFlight.ogg; assuming invalid
01-01 00:01:00.675   262   277 I /system/bin/obd: PID: ff
01-01 00:01:00.675   262   277 I /system/bin/obd: vehicleParams.Odo (0xFF):128 
01-01 00:01:00.677  1122  1318 W MediaProvider: Missing volume for /system/media/audio/ringtones/FriendlyGhost.ogg; assuming invalid
01-01 00:01:00.684  1122  1318 W MediaProvider: Missing volume for /system/media/audio/ringtones/Funk_Yall.ogg; assuming invalid
01-01 00:01:00.690  1122  1318 W MediaProvider: Missing volume for /system/media/audio/ringtones/GameOverGuitar.ogg; assuming invalid
01-01 00:01:00.715  1122  1318 W MediaProvider: Missing volume for /system/media/audio/ringtones/Gimme_Mo_Town.ogg; assuming invalid
01-01 00:01:00.725  1122  1318 W MediaProvider: Missing volume for /system/media/audio/ringtones/Girtab.ogg; assuming invalid
01-01 00:01:00.735  1122  1318 W MediaProvider: Missing volume for /system/media/audio/ringtones/Glacial_Groove.ogg; assuming invalid
01-01 00:01:00.740   262   278 I /system/bin/obd: CAN Packet: 0x0D:32,0x2F:60,0xFF:128,0x0F:113,0x5E:63,0x62:12,0x61:66,0x5B:37,0x7A:1,0x7B:2,0x7C:128
01-01 00:01:00.740   262   278 I /system/bin/obd: CAN Packet Length: 88
01-01 00:01:00.740  1334  1355 D com.embitel.core.obd.OBDDataHandler: parseOBDData :: 0x0D:32,0x2F:60,0xFF:128,0x0F:113,0x5E:63,0x62:12,0x61:66,0x5B:37,0x7A:1,0x7B:2,0x7C:128
01-01 00:01:00.741  1334  1355 D com.embitel.core.obd.OBDDataHandler: processOBDData :: 0x0D,32
01-01 00:01:00.741  1334  1355 D com.embitel.core.obd.OBDDataHandler: processOBDData :: 0x2F,60
01-01 00:01:00.741  1334  1355 D com.embitel.core.obd.OBDDataHandler: processOBDData :: 0xFF,128
01-01 00:01:00.741  1334  1355 D com.embitel.core.obd.OBDDataHandler: processOBDData :: 0x0F,113
01-01 00:01:00.741  1334  1355 D com.embitel.core.obd.OBDDataHandler: processOBDData :: 0x5E,63
01-01 00:01:00.741  1334  1355 D com.embitel.core.obd.OBDDataHandler: processOBDData :: 0x62,12
01-01 00:01:00.741  1334  1355 D com.embitel.core.obd.OBDDataHandler: processOBDData :: 0x61,66
01-01 00:01:00.741  1334  1355 D com.embitel.core.obd.OBDDataHandler: processOBDData :: 0x5B,37
01-01 00:01:00.741  1334  1355 D com.embitel.core.obd.OBDDataHandler: processOBDData :: 0x7A,1
01-01 00:01:00.741  1334  1355 D com.embitel.core.obd.OBDDataHandler: processOBDData :: 0x7B,2
01-01 00:01:00.741  1334  1355 D com.embitel.core.obd.OBDDataHandler: processOBDData :: 0x7C,128
01-01 00:01:00.741  1122  1318 W MediaProvider: Missing volume for /system/media/audio/ringtones/Growl.ogg; assuming invalid
01-01 00:01:00.748  1122  1318 W MediaProvider: Missing volume for /system/media/audio/ringtones/HalfwayHome.ogg; assuming invalid
01-01 00:01:00.762  1122  1318 W MediaProvider: Missing volume for /system/media/audio/ringtones/Hydra.ogg; assuming invalid
01-01 00:01:00.779  1122  1318 W MediaProvider: Missing volume for /system/media/audio/ringtones/InsertCoin.ogg; assuming invalid
01-01 00:01:00.788  1122  1318 W MediaProvider: Missing volume for /system/media/audio/ringtones/Kuma.ogg; assuming invalid
01-01 00:01:00.793  1122  1318 W MediaProvider: Missing volume for /system/media/audio/ringtones/LoopyLounge.ogg; assuming invalid
01-01 00:01:00.799  1122  1318 W MediaProvider: Missing volume for /system/media/audio/ringtones/LoveFlute.ogg; assuming invalid
01-01 00:01:00.802   536   858 W ActivityManager: Slow operation: 70ms so far, now at attachApplicationLocked: after mServices.attachApplicationLocked
01-01 00:01:00.817  1122  1318 W MediaProvider: Missing volume for /system/media/audio/ringtones/Lyra.ogg; assuming invalid
01-01 00:01:00.831  1122  1318 W MediaProvider: Missing volume for /system/media/audio/ringtones/Machina.ogg; assuming invalid
01-01 00:01:00.836  1408  1408 W System  : ClassLoader referenced unknown path: /system/priv-app/UjetLauncher/lib/arm
01-01 00:01:00.841   262   278 I /system/bin/obd: CAN Packet: 0x0D:32,0x2F:60,0xFF:128,0x0F:113,0x5E:63,0x62:12,0x61:66,0x5B:37,0x7A:1,0x7B:2,0x7C:128
01-01 00:01:00.842   262   278 I /system/bin/obd: CAN Packet Length: 88
01-01 00:01:00.846  1122  1318 W MediaProvider: Missing volume for /system/media/audio/ringtones/MidEvilJaunt.ogg; assuming invalid
01-01 00:01:00.855  1122  1318 W MediaProvider: Missing volume for /system/media/audio/ringtones/MildlyAlarming.ogg; assuming invalid
01-01 00:01:00.859  1334  1355 D com.embitel.core.obd.OBDDataHandler: parseOBDData :: 0x0D:32,0x2F:60,0xFF:128,0x0F:113,0x5E:63,0x62:12,0x61:66,0x5B:37,0x7A:1,0x7B:2,0x7C:128
01-01 00:01:00.859  1334  1355 D com.embitel.core.obd.OBDDataHandler: processOBDData :: 0x0D,32
01-01 00:01:00.862  1334  1355 D com.embitel.core.obd.OBDDataHandler: processOBDData :: 0x2F,60
01-01 00:01:00.863  1334  1355 D com.embitel.core.obd.OBDDataHandler: processOBDData :: 0xFF,128
01-01 00:01:00.863  1334  1355 D com.embitel.core.obd.OBDDataHandler: processOBDData :: 0x0F,113
01-01 00:01:00.863  1334  1355 D com.embitel.core.obd.OBDDataHandler: processOBDData :: 0x5E,63
01-01 00:01:00.863  1334  1355 D com.embitel.core.obd.OBDDataHandler: processOBDData :: 0x62,12
01-01 00:01:00.863  1334  1355 D com.embitel.core.obd.OBDDataHandler: processOBDData :: 0x61,66
01-01 00:01:00.863  1334  1355 D com.embitel.core.obd.OBDDataHandler: processOBDData :: 0x5B,37
01-01 00:01:00.863  1334  1355 D com.embitel.core.obd.OBDDataHandler: processOBDData :: 0x7A,1
01-01 00:01:00.863  1334  1355 D com.embitel.core.obd.OBDDataHandler: processOBDData :: 0x7B,2
01-01 00:01:00.863  1334  1355 D com.embitel.core.obd.OBDDataHandler: processOBDData :: 0x7C,128
01-01 00:01:00.875   262   277 I /system/bin/obd: PID: 2f
01-01 00:01:00.875   262   277 I /system/bin/obd: vehicleParams.FuelIntakeLevel (0x2F) :74 
01-01 00:01:00.894  1408  1422 E 			Consumer: Waiting for new event
01-01 00:01:00.943   262   278 I /system/bin/obd: CAN Packet: 0x0D:32,0x2F:74,0xFF:128,0x0F:113,0x5E:63,0x62:12,0x61:66,0x5B:37,0x7A:1,0x7B:2,0x7C:128
01-01 00:01:00.943   262   278 I /system/bin/obd: CAN Packet Length: 88
01-01 00:01:00.944  1334  1355 D com.embitel.core.obd.OBDDataHandler: parseOBDData :: 0x0D:32,0x2F:74,0xFF:128,0x0F:113,0x5E:63,0x62:12,0x61:66,0x5B:37,0x7A:1,0x7B:2,0x7C:128
01-01 00:01:00.944  1334  1355 D com.embitel.core.obd.OBDDataHandler: processOBDData :: 0x0D,32
01-01 00:01:00.944  1334  1355 D com.embitel.core.obd.OBDDataHandler: processOBDData :: 0x2F,74
01-01 00:01:00.945  1334  1355 D com.embitel.core.obd.OBDDataHandler: processOBDData :: 0xFF,128
01-01 00:01:00.945  1334  1355 D com.embitel.core.obd.OBDDataHandler: processOBDData :: 0x0F,113
01-01 00:01:00.945  1334  1355 D com.embitel.core.obd.OBDDataHandler: processOBDData :: 0x5E,63
01-01 00:01:00.945  1334  1355 D com.embitel.core.obd.OBDDataHandler: processOBDData :: 0x62,12
01-01 00:01:00.945  1334  1355 D com.embitel.core.obd.OBDDataHandler: processOBDData :: 0x61,66
01-01 00:01:00.945  1334  1355 D com.embitel.core.obd.OBDDataHandler: processOBDData :: 0x5B,37
01-01 00:01:00.945  1334  1355 D com.embitel.core.obd.OBDDataHandler: processOBDData :: 0x7A,1
01-01 00:01:00.945  1334  1355 D com.embitel.core.obd.OBDDataHandler: processOBDData :: 0x7B,2
01-01 00:01:00.945  1334  1355 D com.embitel.core.obd.OBDDataHandler: processOBDData :: 0x7C,128
01-01 00:01:00.946  1122  1318 W MediaProvider: Missing volume for /system/media/audio/ringtones/Nairobi.ogg; assuming invalid
01-01 00:01:00.954   536   545 I art     : Background partial concurrent mark sweep GC freed 23109(1334KB) AllocSpace objects, 11(216KB) LOS objects, 33% free, 5MB/8MB, paused 3.076ms total 248.005ms
01-01 00:01:00.967  1122  1318 W MediaProvider: Missing volume for /system/media/audio/ringtones/Nassau.ogg; assuming invalid
01-01 00:01:00.981  1122  1318 W MediaProvider: Missing volume for /system/media/audio/ringtones/NewPlayer.ogg; assuming invalid
01-01 00:01:00.986  1122  1318 W MediaProvider: Missing volume for /system/media/audio/ringtones/No_Limits.ogg; assuming invalid
01-01 00:01:00.990  1122  1318 W MediaProvider: Missing volume for /system/media/audio/ringtones/Noises1.ogg; assuming invalid
01-01 00:01:00.994  1122  1318 W MediaProvider: Missing volume for /system/media/audio/ringtones/Noises2.ogg; assuming invalid
01-01 00:01:00.999  1122  1318 W MediaProvider: Missing volume for /system/media/audio/ringtones/Noises3.ogg; assuming invalid
01-01 00:01:01.003  1122  1318 W MediaProvider: Missing volume for /system/media/audio/ringtones/OrganDub.ogg; assuming invalid
01-01 00:01:01.008  1122  1318 W MediaProvider: Missing volume for /system/media/audio/ringtones/Orion.ogg; assuming invalid
01-01 00:01:01.020  1122  1318 W MediaProvider: Missing volume for /system/media/audio/ringtones/PERSEUS.ogg; assuming invalid
01-01 00:01:01.026  1122  1318 W MediaProvider: Missing volume for /system/media/audio/ringtones/Paradise_Island.ogg; assuming invalid
01-01 00:01:01.034  1122  1318 W MediaProvider: Missing volume for /system/media/audio/ringtones/Pegasus.ogg; assuming invalid
01-01 00:01:01.041  1122  1318 W MediaProvider: Missing volume for /system/media/audio/ringtones/Perseus.ogg; assuming invalid
01-01 00:01:01.044   262   278 I /system/bin/obd: CAN Packet: 0x0D:32,0x2F:74,0xFF:128,0x0F:113,0x5E:63,0x62:12,0x61:66,0x5B:37,0x7A:1,0x7B:2,0x7C:128
01-01 00:01:01.044   262   278 I /system/bin/obd: CAN Packet Length: 88
01-01 00:01:01.044  1334  1355 D com.embitel.core.obd.OBDDataHandler: parseOBDData :: 0x0D:32,0x2F:74,0xFF:128,0x0F:113,0x5E:63,0x62:12,0x61:66,0x5B:37,0x7A:1,0x7B:2,0x7C:128
01-01 00:01:01.044  1334  1355 D com.embitel.core.obd.OBDDataHandler: processOBDData :: 0x0D,32
01-01 00:01:01.045  1334  1355 D com.embitel.core.obd.OBDDataHandler: processOBDData :: 0x2F,74
01-01 00:01:01.045  1334  1355 D com.embitel.core.obd.OBDDataHandler: processOBDData :: 0xFF,128
01-01 00:01:01.045  1334  1355 D com.embitel.core.obd.OBDDataHandler: processOBDData :: 0x0F,113
01-01 00:01:01.045  1334  1355 D com.embitel.core.obd.OBDDataHandler: processOBDData :: 0x5E,63
01-01 00:01:01.045  1334  1355 D com.embitel.core.obd.OBDDataHandler: processOBDData :: 0x62,12
01-01 00:01:01.045  1334  1355 D com.embitel.core.obd.OBDDataHandler: processOBDData :: 0x61,66
01-01 00:01:01.045  1334  1355 D com.embitel.core.obd.OBDDataHandler: processOBDData :: 0x5B,37
01-01 00:01:01.045  1334  1355 D com.embitel.core.obd.OBDDataHandler: processOBDData :: 0x7A,1
01-01 00:01:01.045  1334  1355 D com.embitel.core.obd.OBDDataHandler: processOBDData :: 0x7B,2
01-01 00:01:01.045  1334  1355 D com.embitel.core.obd.OBDDataHandler: processOBDData :: 0x7C,128
01-01 00:01:01.051  1122  1318 W MediaProvider: Missing volume for /system/media/audio/ringtones/Playa.ogg; assuming invalid
01-01 00:01:01.058  1122  1318 W MediaProvider: Missing volume for /system/media/audio/ringtones/Pyxis.ogg; assuming invalid
01-01 00:01:01.075   262   277 I /system/bin/obd: PID: 5e
01-01 00:01:01.075   262   277 I /system/bin/obd: vehicleParams.EngFuelRate (0x5E) :12 
01-01 00:01:01.096  1122  1318 W MediaProvider: Missing volume for /system/media/audio/ringtones/Rasalas.ogg; assuming invalid
01-01 00:01:01.108  1122  1318 W MediaProvider: Missing volume for /system/media/audio/ringtones/Revelation.ogg; assuming invalid
01-01 00:01:01.115  1122  1318 W MediaProvider: Missing volume for /system/media/audio/ringtones/Rigel.ogg; assuming invalid
01-01 00:01:01.121  1122  1318 W MediaProvider: Missing volume for /system/media/audio/ringtones/Ring_Classic_02.ogg; assuming invalid
01-01 00:01:01.121   272   698 E MetadataRetrieverClient: failed to extract an album art
01-01 00:01:01.133  1122  1318 W MediaProvider: Missing volume for /system/media/audio/ringtones/Ring_Digital_02.ogg; assuming invalid
01-01 00:01:01.139  1408  1408 D LauncherApp: init: intialize controllers
01-01 00:01:01.139  1122  1318 W MediaProvider: Missing volume for /system/media/audio/ringtones/Ring_Synth_02.ogg; assuming invalid
01-01 00:01:01.144   262   278 I /system/bin/obd: CAN Packet: 0x0D:32,0x2F:74,0xFF:128,0x0F:113,0x5E:12,0x62:12,0x61:66,0x5B:37,0x7A:1,0x7B:2,0x7C:128
01-01 00:01:01.145   262   278 I /system/bin/obd: CAN Packet Length: 88
01-01 00:01:01.145  1334  1355 D com.embitel.core.obd.OBDDataHandler: parseOBDData :: 0x0D:32,0x2F:74,0xFF:128,0x0F:113,0x5E:12,0x62:12,0x61:66,0x5B:37,0x7A:1,0x7B:2,0x7C:128
01-01 00:01:01.145  1334  1355 D com.embitel.core.obd.OBDDataHandler: processOBDData :: 0x0D,32
01-01 00:01:01.145  1334  1355 D com.embitel.core.obd.OBDDataHandler: processOBDData :: 0x2F,74
01-01 00:01:01.145  1334  1355 D com.embitel.core.obd.OBDDataHandler: processOBDData :: 0xFF,128
01-01 00:01:01.146  1122  1318 W MediaProvider: Missing volume for /system/media/audio/ringtones/Ring_Synth_04.ogg; assuming invalid
01-01 00:01:01.146  1334  1355 D com.embitel.core.obd.OBDDataHandler: processOBDData :: 0x0F,113
01-01 00:01:01.146  1334  1355 D com.embitel.core.obd.OBDDataHandler: processOBDData :: 0x5E,12
01-01 00:01:01.146  1334  1355 D com.embitel.core.obd.OBDDataHandler: processOBDData :: 0x62,12
01-01 00:01:01.146  1334  1355 D com.embitel.core.obd.OBDDataHandler: processOBDData :: 0x61,66
01-01 00:01:01.146  1334  1355 D com.embitel.core.obd.OBDDataHandler: processOBDData :: 0x5B,37
01-01 00:01:01.146  1334  1355 D com.embitel.core.obd.OBDDataHandler: processOBDData :: 0x7A,1
01-01 00:01:01.146  1334  1355 D com.embitel.core.obd.OBDDataHandler: processOBDData :: 0x7B,2
01-01 00:01:01.146  1334  1355 D com.embitel.core.obd.OBDDataHandler: processOBDData :: 0x7C,128
01-01 00:01:01.150  1122  1318 W MediaProvider: Missing volume for /system/media/audio/ringtones/Road_Trip.ogg; assuming invalid
01-01 00:01:01.154  1122  1318 W MediaProvider: Missing volume for /system/media/audio/ringtones/RomancingTheTone.ogg; assuming invalid
01-01 00:01:01.158  1122  1318 W MediaProvider: Missing volume for /system/media/audio/ringtones/Safari.ogg; assuming invalid
01-01 00:01:01.162  1122  1318 W MediaProvider: Missing volume for /system/media/audio/ringtones/Savannah.ogg; assuming invalid
01-01 00:01:01.167  1122  1318 W MediaProvider: Missing volume for /system/media/audio/ringtones/Scarabaeus.ogg; assuming invalid
01-01 00:01:01.171  1122  1318 W MediaProvider: Missing volume for /system/media/audio/ringtones/Sceptrum.ogg; assuming invalid
01-01 00:01:01.175  1122  1318 W MediaProvider: Missing volume for /system/media/audio/ringtones/Seville.ogg; assuming invalid
01-01 00:01:01.179  1122  1318 W MediaProvider: Missing volume for /system/media/audio/ringtones/Shes_All_That.ogg; assuming invalid
01-01 00:01:01.183  1122  1318 W MediaProvider: Missing volume for /system/media/audio/ringtones/SilkyWay.ogg; assuming invalid
01-01 00:01:01.187  1122  1318 W MediaProvider: Missing volume for /system/media/audio/ringtones/SitarVsSitar.ogg; assuming invalid
01-01 00:01:01.191  1122  1318 W MediaProvider: Missing volume for /system/media/audio/ringtones/Solarium.ogg; assuming invalid
01-01 00:01:01.195  1122  1318 W MediaProvider: Missing volume for /system/media/audio/ringtones/SpringyJalopy.ogg; assuming invalid
01-01 00:01:01.200  1122  1318 W MediaProvider: Missing volume for /system/media/audio/ringtones/Steppin_Out.ogg; assuming invalid
01-01 00:01:01.204  1122  1318 W MediaProvider: Missing volume for /system/media/audio/ringtones/Terminated.ogg; assuming invalid
01-01 00:01:01.211  1122  1318 W MediaProvider: Missing volume for /system/media/audio/ringtones/Testudo.ogg; assuming invalid
01-01 00:01:01.216  1122  1318 W MediaProvider: Missing volume for /system/media/audio/ringtones/Themos.ogg; assuming invalid
01-01 00:01:01.220  1122  1318 W MediaProvider: Missing volume for /system/media/audio/ringtones/Third_Eye.ogg; assuming invalid
01-01 00:01:01.223  1122  1318 W MediaProvider: Missing volume for /system/media/audio/ringtones/Thunderfoot.ogg; assuming invalid
01-01 00:01:01.228  1122  1318 W MediaProvider: Missing volume for /system/media/audio/ringtones/TwirlAway.ogg; assuming invalid
01-01 00:01:01.232  1122  1318 W MediaProvider: Missing volume for /system/media/audio/ringtones/URSAMINOR.ogg; assuming invalid
01-01 00:01:01.237  1122  1318 W MediaProvider: Missing volume for /system/media/audio/ringtones/UrsaMinor.ogg; assuming invalid
01-01 00:01:01.240  1122  1318 W MediaProvider: Missing volume for /system/media/audio/ringtones/VeryAlarmed.ogg; assuming invalid
01-01 00:01:01.244  1122  1318 W MediaProvider: Missing volume for /system/media/audio/ringtones/Vespa.ogg; assuming invalid
01-01 00:01:01.245   262   278 I /system/bin/obd: CAN Packet: 0x0D:32,0x2F:74,0xFF:128,0x0F:113,0x5E:12,0x62:12,0x61:66,0x5B:37,0x7A:1,0x7B:2,0x7C:128
01-01 00:01:01.245   262   278 I /system/bin/obd: CAN Packet Length: 88
01-01 00:01:01.245  1334  1355 D com.embitel.core.obd.OBDDataHandler: parseOBDData :: 0x0D:32,0x2F:74,0xFF:128,0x0F:113,0x5E:12,0x62:12,0x61:66,0x5B:37,0x7A:1,0x7B:2,0x7C:128
01-01 00:01:01.246  1334  1355 D com.embitel.core.obd.OBDDataHandler: processOBDData :: 0x0D,32
01-01 00:01:01.246  1334  1355 D com.embitel.core.obd.OBDDataHandler: processOBDData :: 0x2F,74
01-01 00:01:01.246  1334  1355 D com.embitel.core.obd.OBDDataHandler: processOBDData :: 0xFF,128
01-01 00:01:01.246  1334  1355 D com.embitel.core.obd.OBDDataHandler: processOBDData :: 0x0F,113
01-01 00:01:01.246  1334  1355 D com.embitel.core.obd.OBDDataHandler: processOBDData :: 0x5E,12
01-01 00:01:01.246  1334  1355 D com.embitel.core.obd.OBDDataHandler: processOBDData :: 0x62,12
01-01 00:01:01.246  1334  1355 D com.embitel.core.obd.OBDDataHandler: processOBDData :: 0x61,66
01-01 00:01:01.246  1334  1355 D com.embitel.core.obd.OBDDataHandler: processOBDData :: 0x5B,37
01-01 00:01:01.246  1334  1355 D com.embitel.core.obd.OBDDataHandler: processOBDData :: 0x7A,1
01-01 00:01:01.246  1334  1355 D com.embitel.core.obd.OBDDataHandler: processOBDData :: 0x7B,2
01-01 00:01:01.246  1334  1355 D com.embitel.core.obd.OBDDataHandler: processOBDData :: 0x7C,128
01-01 00:01:01.250  1122  1318 W MediaProvider: Missing volume for /system/media/audio/ringtones/World.ogg; assuming invalid
01-01 00:01:01.255  1122  1318 W MediaProvider: Missing volume for /system/media/audio/ringtones/Zeta.ogg; assuming invalid
01-01 00:01:01.259  1122  1318 W MediaProvider: Missing volume for /system/media/audio/ringtones/hydra.ogg; assuming invalid
01-01 00:01:01.268  1122  1318 W MediaProvider: Missing volume for /system/media/audio/ui/Dock.ogg; assuming invalid
01-01 00:01:01.273  1122  1318 W MediaProvider: Missing volume for /system/media/audio/ui/Effect_Tick.ogg; assuming invalid
01-01 00:01:01.274   262   277 I /system/bin/obd: PID: 62
01-01 00:01:01.274   262   277 I /system/bin/obd: vehicleParams.DriverDemandEngTorque (0x62) :55 
01-01 00:01:01.279  1122  1318 W MediaProvider: Missing volume for /system/media/audio/ui/KeypressDelete.ogg; assuming invalid
01-01 00:01:01.288   272   768 E MetadataRetrieverClient: failed to extract an album art
01-01 00:01:01.293  1122  1318 W MediaProvider: Missing volume for /system/media/audio/ui/KeypressInvalid.ogg; assuming invalid
01-01 00:01:01.299  1122  1318 W MediaProvider: Missing volume for /system/media/audio/ui/KeypressReturn.ogg; assuming invalid
01-01 00:01:01.304  1122  1318 W MediaProvider: Missing volume for /system/media/audio/ui/KeypressSpacebar.ogg; assuming invalid
01-01 00:01:01.309  1122  1318 W MediaProvider: Missing volume for /system/media/audio/ui/KeypressStandard.ogg; assuming invalid
01-01 00:01:01.314  1122  1318 W MediaProvider: Missing volume for /system/media/audio/ui/Lock.ogg; assuming invalid
01-01 00:01:01.319  1122  1318 W MediaProvider: Missing volume for /system/media/audio/ui/LowBattery.ogg; assuming invalid
01-01 00:01:01.323  1122  1318 W MediaProvider: Missing volume for /system/media/audio/ui/Trusted.ogg; assuming invalid
01-01 00:01:01.328  1122  1318 W MediaProvider: Missing volume for /system/media/audio/ui/Undock.ogg; assuming invalid
01-01 00:01:01.333  1122  1318 W MediaProvider: Missing volume for /system/media/audio/ui/Unlock.ogg; assuming invalid
01-01 00:01:01.340  1122  1318 W MediaProvider: Missing volume for /system/media/audio/ui/VideoRecord.ogg; assuming invalid
01-01 00:01:01.344  1122  1318 W MediaProvider: Missing volume for /system/media/audio/ui/VideoStop.ogg; assuming invalid
01-01 00:01:01.346   262   278 I /system/bin/obd: CAN Packet: 0x0D:32,0x2F:74,0xFF:128,0x0F:113,0x5E:12,0x62:55,0x61:66,0x5B:37,0x7A:1,0x7B:2,0x7C:128
