01-01 00:05:40.104   271  1446 I ACodec  : codec does not support config priority (err -2147483648)
01-01 00:05:40.107   271  1446 I MediaCodec: MediaCodec will operate in async mode
01-01 00:05:40.142   271  1444 D AudioTrack: Client defaulted notificationFrames to 11136 for frameCount 22272
01-01 00:05:40.281   263   364 I audio_hw_primary: out_set_parameters, old 0x400, new 0x2 do_output_standby
01-01 00:05:40.281   263   364 W audio_hw_primary: do_out_standby... -1302513472
01-01 00:05:40.286   263   364 W audio_hw_primary: out_set_parameters routing=2, ret 0, out -1302513472
01-01 00:05:40.286   263   363 I audio_hw_primary: start_output_stream_primary... -1302513472, device 2
01-01 00:05:40.291   263   363 W audio_hw_primary: card 0, port 0 device 0x2
01-01 00:05:40.291   263   363 W audio_hw_primary: rate 44100, channel 2 period_size 0xc0
01-01 00:05:40.292   271  1441 D NuPlayerDriver: notifyListener_l(0xaeeab0e0), (6, 0, 0), loop setting(0, 0)
01-01 00:05:40.795   271   271 D NuPlayerDriver: reset(0xaeeab0e0) at state 5
01-01 00:05:40.795   271   271 D NuPlayerDriver: notifyListener_l(0xaeeab0e0), (8, 0, 0), loop setting(0, 0)
01-01 00:05:40.805   271  1441 W AMessage: failed to post message as target looper for handler 0 is gone.
01-01 00:05:40.807   271  1441 D NuPlayerDriver: notifyResetComplete(0xaeeab0e0)
01-01 00:05:40.807   271   859 D NuPlayerDriver: reset(0xaeeab0e0) at state 0
01-01 00:05:40.844   271  1449 D NuPlayerDriver: notifyListener_l(0xad68c0c0), (1, 0, 0), loop setting(0, 0)
01-01 00:05:40.846  1114  1114 D MediaPlayer: setSubtitleAnchor in MediaPlayer
01-01 00:05:40.850  1114  1114 D Ringtone: Successfully created local player
01-01 00:05:40.851   271   271 D NuPlayerDriver: reset(0xad68c0c0) at state 4
01-01 00:05:40.852   271   271 D NuPlayerDriver: notifyListener_l(0xad68c0c0), (8, 0, 0), loop setting(0, 0)
01-01 00:05:40.852   271  1449 D NuPlayerDriver: notifyResetComplete(0xad68c0c0)
01-01 00:05:40.853   271   709 D NuPlayerDriver: reset(0xad68c0c0) at state 0
01-01 00:05:40.890   271  1452 D NuPlayerDriver: notifyListener_l(0xaeeab380), (1, 0, 0), loop setting(0, 0)
01-01 00:05:40.890  1114  1114 D MediaPlayer: setSubtitleAnchor in MediaPlayer
01-01 00:05:40.893  1114  1114 D Ringtone: Successfully created local player
01-01 00:05:40.895   271   709 D NuPlayerDriver: start(0xaeeab380), state is 4, eos is 0
01-01 00:05:40.897   271  1452 I GenericSource: start
01-01 00:05:40.917   271  1457 I MediaPlayerService: MediaPlayerService::getOMX
01-01 00:05:40.919   271  1457 I OMXClient: MuxOMX ctor
01-01 00:05:40.920   268   719 I OMXMaster: makeComponentInstance(OMX.google.vorbis.decoder) in mediacodec process
01-01 00:05:40.924   268   283 E OMXNodeInstance: setConfig(10c003f:google.vorbis.decoder, ConfigPriority(0x6f800002)) ERROR: Undefined(0x80001001)
01-01 00:05:40.924   271  1457 I ACodec  : codec does not support config priority (err -2147483648)
01-01 00:05:40.927   271  1457 I MediaCodec: MediaCodec will operate in async mode
01-01 00:05:41.066   263   364 I audio_hw_primary: out_set_parameters, old 0x2, new 0x400 do_output_standby
01-01 00:05:41.068   263   364 W audio_hw_primary: do_out_standby... -1302513472
01-01 00:05:41.072   263   364 W audio_hw_primary: out_set_parameters routing=1024, ret 0, out -1302513472
01-01 00:05:41.072   263   363 I audio_hw_primary: start_output_stream_primary... -1302513472, device 1024
01-01 00:05:41.074   263   363 W audio_hw_primary: card 2, port 0 device 0x400
01-01 00:05:41.074   263   363 W audio_hw_primary: rate 44100, channel 2 period_size 0x300
01-01 00:05:41.080   271  1455 D AudioTrack: Client defaulted notificationFrames to 11136 for frameCount 22272
01-01 00:05:41.227   263   364 I audio_hw_primary: out_set_parameters, old 0x400, new 0x2 do_output_standby
01-01 00:05:41.227   263   364 W audio_hw_primary: do_out_standby... -1302513472
01-01 00:05:41.233   263   364 W audio_hw_primary: out_set_parameters routing=2, ret 0, out -1302513472
01-01 00:05:41.233   263   363 I audio_hw_primary: start_output_stream_primary... -1302513472, device 2
01-01 00:05:41.237   263   363 W audio_hw_primary: card 0, port 0 device 0x2
01-01 00:05:41.238   263   363 W audio_hw_primary: rate 44100, channel 2 period_size 0xc0
01-01 00:05:41.238   271  1452 D NuPlayerDriver: notifyListener_l(0xaeeab380), (6, 0, 0), loop setting(0, 0)
01-01 00:05:41.856   271   308 D NuPlayerDriver: reset(0xaeeab380) at state 5
01-01 00:05:41.856   271   308 D NuPlayerDriver: notifyListener_l(0xaeeab380), (8, 0, 0), loop setting(0, 0)
01-01 00:05:41.864   271  1452 W AMessage: failed to post message as target looper for handler 0 is gone.
01-01 00:05:41.865   271  1452 D NuPlayerDriver: notifyResetComplete(0xaeeab380)
01-01 00:05:41.866   271   271 D NuPlayerDriver: reset(0xaeeab380) at state 0
01-01 00:05:41.903   271  1460 D NuPlayerDriver: notifyListener_l(0xad68c120), (1, 0, 0), loop setting(0, 0)
01-01 00:05:41.903  1114  1114 D MediaPlayer: setSubtitleAnchor in MediaPlayer
01-01 00:05:41.906  1114  1114 D Ringtone: Successfully created local player
01-01 00:05:41.909   271   271 D NuPlayerDriver: reset(0xad68c120) at state 4
01-01 00:05:41.909   271   271 D NuPlayerDriver: notifyListener_l(0xad68c120), (8, 0, 0), loop setting(0, 0)
01-01 00:05:41.910   271  1460 D NuPlayerDriver: notifyResetComplete(0xad68c120)
01-01 00:05:41.912   271   859 D NuPlayerDriver: reset(0xad68c120) at state 0
01-01 00:05:41.952   271  1463 D NuPlayerDriver: notifyListener_l(0xad68c0c0), (1, 0, 0), loop setting(0, 0)
01-01 00:05:41.953  1114  1114 D MediaPlayer: setSubtitleAnchor in MediaPlayer
01-01 00:05:41.955  1114  1114 D Ringtone: Successfully created local player
01-01 00:05:41.957   271   709 D NuPlayerDriver: start(0xad68c0c0), state is 4, eos is 0
01-01 00:05:41.957   271  1463 I GenericSource: start
01-01 00:05:42.103   263   364 I audio_hw_primary: out_set_parameters, old 0x2, new 0x400 do_output_standby
01-01 00:05:42.105   263   364 W audio_hw_primary: do_out_standby... -1302513472
01-01 00:05:42.109   263   364 W audio_hw_primary: out_set_parameters routing=1024, ret 0, out -1302513472
01-01 00:05:42.109   263   363 I audio_hw_primary: start_output_stream_primary... -1302513472, device 1024
01-01 00:05:42.112   263   363 W audio_hw_primary: card 2, port 0 device 0x400
01-01 00:05:42.112   263   363 W audio_hw_primary: rate 44100, channel 2 period_size 0x300
01-01 00:05:42.123   271  1468 I MediaPlayerService: MediaPlayerService::getOMX
01-01 00:05:42.125   271  1468 I OMXClient: MuxOMX ctor
01-01 00:05:42.127   268   268 I OMXMaster: makeComponentInstance(OMX.google.vorbis.decoder) in mediacodec process
01-01 00:05:42.132   268   719 E OMXNodeInstance: setConfig(10c0040:google.vorbis.decoder, ConfigPriority(0x6f800002)) ERROR: Undefined(0x80001001)
01-01 00:05:42.132   271  1468 I ACodec  : codec does not support config priority (err -2147483648)
01-01 00:05:42.135   271  1468 I MediaCodec: MediaCodec will operate in async mode
01-01 00:05:42.164   271  1466 D AudioTrack: Client defaulted notificationFrames to 11136 for frameCount 22272
01-01 00:05:42.304   263   364 I audio_hw_primary: out_set_parameters, old 0x400, new 0x2 do_output_standby
01-01 00:05:42.304   263   364 W audio_hw_primary: do_out_standby... -1302513472
01-01 00:05:42.309   263   364 W audio_hw_primary: out_set_parameters routing=2, ret 0, out -1302513472
01-01 00:05:42.309   263   363 I audio_hw_primary: start_output_stream_primary... -1302513472, device 2
01-01 00:05:42.313   263   363 W audio_hw_primary: card 0, port 0 device 0x2
01-01 00:05:42.313   263   363 W audio_hw_primary: rate 44100, channel 2 period_size 0xc0
01-01 00:05:42.315   271  1463 D NuPlayerDriver: notifyListener_l(0xad68c0c0), (6, 0, 0), loop setting(0, 0)
01-01 00:05:44.961   271  1467 I NuPlayerDecoder: [audio] saw output EOS
01-01 00:05:45.432   271  1463 D NuPlayerDriver: notifyListener_l(0xad68c0c0), (2, 0, 0), loop setting(0, 0)
01-01 00:05:48.366   263   364 W audio_hw_primary: do_out_standby... -1302513472
01-01 00:05:54.695   271   859 D NuPlayerDriver: reset(0xad68c0c0) at state 6
01-01 00:05:54.695   271   859 D NuPlayerDriver: notifyListener_l(0xad68c0c0), (8, 0, 0), loop setting(0, 0)
01-01 00:05:54.710   271  1463 W AMessage: failed to post message as target looper for handler 0 is gone.
01-01 00:05:54.711   271  1463 D NuPlayerDriver: notifyResetComplete(0xad68c0c0)
01-01 00:05:54.712   271   271 D NuPlayerDriver: reset(0xad68c0c0) at state 0
01-01 00:05:54.755   271  1471 D NuPlayerDriver: notifyListener_l(0xad68c0c0), (1, 0, 0), loop setting(0, 0)
01-01 00:05:54.755  1114  1114 D MediaPlayer: setSubtitleAnchor in MediaPlayer
01-01 00:05:54.759  1114  1114 D Ringtone: Successfully created local player
01-01 00:05:54.761   271   692 D NuPlayerDriver: reset(0xad68c0c0) at state 4
01-01 00:05:54.761   271   692 D NuPlayerDriver: notifyListener_l(0xad68c0c0), (8, 0, 0), loop setting(0, 0)
01-01 00:05:54.763   271  1471 D NuPlayerDriver: notifyResetComplete(0xad68c0c0)
01-01 00:05:54.765   271   709 D NuPlayerDriver: reset(0xad68c0c0) at state 0
01-01 00:05:54.799   271  1474 D NuPlayerDriver: notifyListener_l(0xaeeaaea0), (1, 0, 0), loop setting(0, 0)
01-01 00:05:54.800  1114  1114 D MediaPlayer: setSubtitleAnchor in MediaPlayer
01-01 00:05:54.803  1114  1114 D Ringtone: Successfully created local player
01-01 00:05:54.823   263   364 W audio_hw_primary: out_set_parameters routing=1024, ret 0, out -1302513472
01-01 00:05:54.827   263   364 I audio_hw_primary: start_output_stream_primary... -1302513472, device 1024
01-01 00:05:54.829   271   859 D NuPlayerDriver: start(0xaeeaaea0), state is 4, eos is 0
01-01 00:05:54.829   271  1474 I GenericSource: start
01-01 00:05:54.830   263   364 W audio_hw_primary: card 2, port 0 device 0x400
01-01 00:05:54.830   263   364 W audio_hw_primary: rate 44100, channel 2 period_size 0x300
01-01 00:05:54.849   271  1479 I MediaPlayerService: MediaPlayerService::getOMX
01-01 00:05:54.851   271  1479 I OMXClient: MuxOMX ctor
01-01 00:05:54.853   268   885 I OMXMaster: makeComponentInstance(OMX.google.vorbis.decoder) in mediacodec process
01-01 00:05:54.858   268   283 E OMXNodeInstance: setConfig(10c0041:google.vorbis.decoder, ConfigPriority(0x6f800002)) ERROR: Undefined(0x80001001)
01-01 00:05:54.859   271  1479 I ACodec  : codec does not support config priority (err -2147483648)
01-01 00:05:54.866   271  1479 I MediaCodec: MediaCodec will operate in async mode
01-01 00:05:54.900   271  1477 D AudioTrack: Client defaulted notificationFrames to 8071 for frameCount 24215
01-01 00:05:55.039   263   364 I audio_hw_primary: out_set_parameters, old 0x400, new 0x2 do_output_standby
01-01 00:05:55.039   263   364 W audio_hw_primary: do_out_standby... -1302513472
01-01 00:05:55.044   263   363 I audio_hw_primary: start_output_stream_primary... -1302513472, device 2
01-01 00:05:55.044   263   364 W audio_hw_primary: out_set_parameters routing=2, ret 0, out -1302513472
01-01 00:05:55.049   263   363 W audio_hw_primary: card 0, port 0 device 0x2
01-01 00:05:55.049   263   363 W audio_hw_primary: rate 44100, channel 2 period_size 0xc0
01-01 00:05:55.049   271  1474 D NuPlayerDriver: notifyListener_l(0xaeeaaea0), (6, 0, 0), loop setting(0, 0)
01-01 00:05:55.541   263   364 W AudioFlinger: write blocked for 375 msecs, 6 delayed writes, thread 0xb2083f80
01-01 00:05:57.205   271  1478 I NuPlayerDecoder: [audio] saw output EOS
01-01 00:05:57.280   271   271 D NuPlayerDriver: reset(0xaeeaaea0) at state 5
01-01 00:05:57.280   271   271 D NuPlayerDriver: notifyListener_l(0xaeeaaea0), (8, 0, 0), loop setting(0, 0)
01-01 00:05:57.291   271  1474 W AMessage: failed to post message as target looper for handler 0 is gone.
01-01 00:05:57.292   271  1474 D NuPlayerDriver: notifyResetComplete(0xaeeaaea0)
01-01 00:05:57.293   271   709 D NuPlayerDriver: reset(0xaeeaaea0) at state 0
01-01 00:05:57.324   271  1482 D NuPlayerDriver: notifyListener_l(0xaeeaaea0), (1, 0, 0), loop setting(0, 0)
01-01 00:05:57.324  1114  1114 D MediaPlayer: setSubtitleAnchor in MediaPlayer
01-01 00:05:57.327  1114  1114 D Ringtone: Successfully created local player
01-01 00:05:57.329   271   859 D NuPlayerDriver: reset(0xaeeaaea0) at state 4
01-01 00:05:57.329   271   859 D NuPlayerDriver: notifyListener_l(0xaeeaaea0), (8, 0, 0), loop setting(0, 0)
01-01 00:05:57.329   271  1482 D NuPlayerDriver: notifyResetComplete(0xaeeaaea0)
01-01 00:05:57.330   271   308 D NuPlayerDriver: reset(0xaeeaaea0) at state 0
01-01 00:05:57.367   271  1485 D NuPlayerDriver: notifyListener_l(0xaeeaad80), (1, 0, 0), loop setting(0, 0)
01-01 00:05:57.367  1114  1114 D MediaPlayer: setSubtitleAnchor in MediaPlayer
01-01 00:05:57.373  1114  1114 D Ringtone: Successfully created local player
01-01 00:05:57.375   271   859 D NuPlayerDriver: start(0xaeeaad80), state is 4, eos is 0
01-01 00:05:57.376   271  1485 I GenericSource: start
01-01 00:05:57.384   271  1490 I MediaPlayerService: MediaPlayerService::getOMX
01-01 00:05:57.387   271  1490 I OMXClient: MuxOMX ctor
01-01 00:05:57.388   268   719 I OMXMaster: makeComponentInstance(OMX.google.vorbis.decoder) in mediacodec process
01-01 00:05:57.394   268   283 E OMXNodeInstance: setConfig(10c0042:google.vorbis.decoder, ConfigPriority(0x6f800002)) ERROR: Undefined(0x80001001)
01-01 00:05:57.394   271  1490 I ACodec  : codec does not support config priority (err -2147483648)
01-01 00:05:57.397   271  1490 I MediaCodec: MediaCodec will operate in async mode
01-01 00:05:57.535   263   364 I audio_hw_primary: out_set_parameters, old 0x2, new 0x400 do_output_standby
01-01 00:05:57.537   263   364 W audio_hw_primary: do_out_standby... -1302513472
01-01 00:05:57.542   263   364 W audio_hw_primary: out_set_parameters routing=1024, ret 0, out -1302513472
01-01 00:05:57.542   263   363 I audio_hw_primary: start_output_stream_primary... -1302513472, device 1024
01-01 00:05:57.545   263   363 W audio_hw_primary: card 2, port 0 device 0x400
01-01 00:05:57.545   263   363 W audio_hw_primary: rate 44100, channel 2 period_size 0x300
01-01 00:05:57.549   271  1488 D AudioTrack: Client defaulted notificationFrames to 11136 for frameCount 22272
01-01 00:05:57.697   263   364 I audio_hw_primary: out_set_parameters, old 0x400, new 0x2 do_output_standby
01-01 00:05:57.697   263   364 W audio_hw_primary: do_out_standby... -1302513472
01-01 00:05:57.702   263   364 W audio_hw_primary: out_set_parameters routing=2, ret 0, out -1302513472
01-01 00:05:57.702   263   363 I audio_hw_primary: start_output_stream_primary... -1302513472, device 2
01-01 00:05:57.705   271  1485 D NuPlayerDriver: notifyListener_l(0xaeeaad80), (6, 0, 0), loop setting(0, 0)
01-01 00:05:57.706   263   363 W audio_hw_primary: card 0, port 0 device 0x2
01-01 00:05:57.706   263   363 W audio_hw_primary: rate 44100, channel 2 period_size 0xc0
01-01 00:05:57.740   271  1489 I NuPlayerDecoder: [audio] saw output EOS
01-01 00:05:58.099   271  1485 D NuPlayerDriver: notifyListener_l(0xaeeaad80), (2, 0, 0), loop setting(0, 0)
01-01 00:05:59.793   271   709 D NuPlayerDriver: reset(0xaeeaad80) at state 6
01-01 00:05:59.793   271   709 D NuPlayerDriver: notifyListener_l(0xaeeaad80), (8, 0, 0), loop setting(0, 0)
01-01 00:05:59.800   271  1485 W AMessage: failed to post message as target looper for handler 0 is gone.
01-01 00:05:59.801   271  1485 D NuPlayerDriver: notifyResetComplete(0xaeeaad80)
01-01 00:05:59.801   271   692 D NuPlayerDriver: reset(0xaeeaad80) at state 0
01-01 00:05:59.846   271  1493 D NuPlayerDriver: notifyListener_l(0xaeeaad80), (1, 0, 0), loop setting(0, 0)
01-01 00:05:59.846  1114  1114 D MediaPlayer: setSubtitleAnchor in MediaPlayer
01-01 00:05:59.849  1114  1114 D Ringtone: Successfully created local player
01-01 00:05:59.851   271   308 D NuPlayerDriver: reset(0xaeeaad80) at state 4
01-01 00:05:59.851   271   308 D NuPlayerDriver: notifyListener_l(0xaeeaad80), (8, 0, 0), loop setting(0, 0)
01-01 00:05:59.852   271  1493 D NuPlayerDriver: notifyResetComplete(0xaeeaad80)
01-01 00:05:59.852   271   271 D NuPlayerDriver: reset(0xaeeaad80) at state 0
01-01 00:05:59.888   271  1496 D NuPlayerDriver: notifyListener_l(0xaeeaac60), (1, 0, 0), loop setting(0, 0)
01-01 00:05:59.888  1114  1114 D MediaPlayer: setSubtitleAnchor in MediaPlayer
01-01 00:05:59.891  1114  1114 D Ringtone: Successfully created local player
01-01 00:05:59.918   263   364 I audio_hw_primary: out_set_parameters, old 0x2, new 0x400 do_output_standby
01-01 00:05:59.920   263   364 W audio_hw_primary: do_out_standby... -1302513472
01-01 00:05:59.925   263   363 I audio_hw_primary: start_output_stream_primary... -1302513472, device 1024
01-01 00:05:59.925   263   364 W audio_hw_primary: out_set_parameters routing=1024, ret 0, out -1302513472
01-01 00:05:59.929   263   363 W audio_hw_primary: card 2, port 0 device 0x400
01-01 00:05:59.929   263   363 W audio_hw_primary: rate 44100, channel 2 period_size 0x300
01-01 00:05:59.933   271   308 D NuPlayerDriver: start(0xaeeaac60), state is 4, eos is 0
01-01 00:05:59.933   271  1496 I GenericSource: start
01-01 00:05:59.950   271  1501 I MediaPlayerService: MediaPlayerService::getOMX
01-01 00:05:59.951   271  1501 I OMXClient: MuxOMX ctor
01-01 00:05:59.953   268   268 I OMXMaster: makeComponentInstance(OMX.google.vorbis.decoder) in mediacodec process
01-01 00:05:59.960   268   283 E OMXNodeInstance: setConfig(10c0043:google.vorbis.decoder, ConfigPriority(0x6f800002)) ERROR: Undefined(0x80001001)
01-01 00:05:59.961   271  1501 I ACodec  : codec does not support config priority (err -2147483648)
01-01 00:05:59.964   271  1501 I MediaCodec: MediaCodec will operate in async mode
01-01 00:05:59.998   271  1499 D AudioTrack: Client defaulted notificationFrames to 11136 for frameCount 22272
01-01 00:06:00.136   263   364 I audio_hw_primary: out_set_parameters, old 0x400, new 0x2 do_output_standby
01-01 00:06:00.136   263   364 W audio_hw_primary: do_out_standby... -1302513472
01-01 00:06:00.140   263   364 W audio_hw_primary: out_set_parameters routing=2, ret 0, out -1302513472
01-01 00:06:00.140   263   363 I audio_hw_primary: start_output_stream_primary... -1302513472, device 2
01-01 00:06:00.144   271  1496 D NuPlayerDriver: notifyListener_l(0xaeeaac60), (6, 0, 0), loop setting(0, 0)
01-01 00:06:00.144   263   363 W audio_hw_primary: card 0, port 0 device 0x2
01-01 00:06:00.145   263   363 W audio_hw_primary: rate 44100, channel 2 period_size 0xc0
01-01 00:06:00.621   263   364 W AudioFlinger: write blocked for 359 msecs, 8 delayed writes, thread 0xb2083f80
01-01 00:06:01.937   271   271 D NuPlayerDriver: reset(0xaeeaac60) at state 5
01-01 00:06:01.937   271   271 D NuPlayerDriver: notifyListener_l(0xaeeaac60), (8, 0, 0), loop setting(0, 0)
01-01 00:06:01.945   271  1496 W AMessage: failed to post message as target looper for handler 0 is gone.
01-01 00:06:01.946   271  1496 D NuPlayerDriver: notifyResetComplete(0xaeeaac60)
01-01 00:06:01.947   271   709 D NuPlayerDriver: reset(0xaeeaac60) at state 0
01-01 00:06:01.987   271  1504 D NuPlayerDriver: notifyListener_l(0xaeeaad80), (1, 0, 0), loop setting(0, 0)
01-01 00:06:01.988  1114  1114 D MediaPlayer: setSubtitleAnchor in MediaPlayer
01-01 00:06:01.993  1114  1114 D Ringtone: Successfully created local player
01-01 00:06:01.996   271   692 D NuPlayerDriver: reset(0xaeeaad80) at state 4
01-01 00:06:01.997   271   692 D NuPlayerDriver: notifyListener_l(0xaeeaad80), (8, 0, 0), loop setting(0, 0)
01-01 00:06:01.999   271  1504 D NuPlayerDriver: notifyResetComplete(0xaeeaad80)
01-01 00:06:02.000   271   308 D NuPlayerDriver: reset(0xaeeaad80) at state 0
01-01 00:06:02.041   271  1507 D NuPlayerDriver: notifyListener_l(0xaeeab0e0), (1, 0, 0), loop setting(0, 0)
01-01 00:06:02.042  1114  1114 D MediaPlayer: setSubtitleAnchor in MediaPlayer
01-01 00:06:02.046  1114  1114 D Ringtone: Successfully created local player
01-01 00:06:02.197   263   364 I audio_hw_primary: out_set_parameters, old 0x2, new 0x400 do_output_standby
01-01 00:06:02.201   263   364 W audio_hw_primary: do_out_standby... -1302513472
01-01 00:06:02.205   263   364 W audio_hw_primary: out_set_parameters routing=1024, ret 0, out -1302513472
01-01 00:06:02.205   263   363 I audio_hw_primary: start_output_stream_primary... -1302513472, device 1024
01-01 00:06:02.207   263   363 W audio_hw_primary: card 2, port 0 device 0x400
01-01 00:06:02.207   263   363 W audio_hw_primary: rate 44100, channel 2 period_size 0x300
01-01 00:06:02.209   271   859 D NuPlayerDriver: start(0xaeeab0e0), state is 4, eos is 0
01-01 00:06:02.209   271  1507 I GenericSource: start
01-01 00:06:02.234   271  1512 I MediaPlayerService: MediaPlayerService::getOMX
01-01 00:06:02.235   271  1512 I OMXClient: MuxOMX ctor
01-01 00:06:02.236   268   719 I OMXMaster: makeComponentInstance(OMX.google.vorbis.decoder) in mediacodec process
01-01 00:06:02.240   268   283 E OMXNodeInstance: setConfig(10c0044:google.vorbis.decoder, ConfigPriority(0x6f800002)) ERROR: Undefined(0x80001001)
01-01 00:06:02.241   271  1512 I ACodec  : codec does not support config priority (err -2147483648)
01-01 00:06:02.242   271  1512 I MediaCodec: MediaCodec will operate in async mode
01-01 00:06:02.288   271  1510 D AudioTrack: Client defaulted notificationFrames to 11136 for frameCount 22272
01-01 00:06:02.430   263   364 I audio_hw_primary: out_set_parameters, old 0x400, new 0x2 do_output_standby
01-01 00:06:02.430   263   364 W audio_hw_primary: do_out_standby... -1302513472
01-01 00:06:02.435   263   364 W audio_hw_primary: out_set_parameters routing=2, ret 0, out -1302513472
01-01 00:06:02.435   263   363 I audio_hw_primary: start_output_stream_primary... -1302513472, device 2
01-01 00:06:02.439   263   363 W audio_hw_primary: card 0, port 0 device 0x2
01-01 00:06:02.439   271  1507 D NuPlayerDriver: notifyListener_l(0xaeeab0e0), (6, 0, 0), loop setting(0, 0)
01-01 00:06:02.439   263   363 W audio_hw_primary: rate 44100, channel 2 period_size 0xc0
01-01 00:06:04.031   271   709 D NuPlayerDriver: reset(0xaeeab0e0) at state 5
01-01 00:06:04.031   271   709 D NuPlayerDriver: notifyListener_l(0xaeeab0e0), (8, 0, 0), loop setting(0, 0)
01-01 00:06:04.044   271  1507 W AMessage: failed to post message as target looper for handler 0 is gone.
01-01 00:06:04.045   271  1507 D NuPlayerDriver: notifyResetComplete(0xaeeab0e0)
01-01 00:06:04.046   271   692 D NuPlayerDriver: reset(0xaeeab0e0) at state 0
01-01 00:06:04.098   271  1515 D NuPlayerDriver: notifyListener_l(0xaeeaac60), (1, 0, 0), loop setting(0, 0)
01-01 00:06:04.098  1114  1114 D MediaPlayer: setSubtitleAnchor in MediaPlayer
01-01 00:06:04.101  1114  1114 D Ringtone: Successfully created local player
01-01 00:06:04.103   271   859 D NuPlayerDriver: reset(0xaeeaac60) at state 4
01-01 00:06:04.103   271   859 D NuPlayerDriver: notifyListener_l(0xaeeaac60), (8, 0, 0), loop setting(0, 0)
01-01 00:06:04.104   271  1515 D NuPlayerDriver: notifyResetComplete(0xaeeaac60)
01-01 00:06:04.104   271   692 D NuPlayerDriver: reset(0xaeeaac60) at state 0
01-01 00:06:04.148   271  1518 D NuPlayerDriver: notifyListener_l(0xaeeaade0), (1, 0, 0), loop setting(0, 0)
01-01 00:06:04.149  1114  1114 D MediaPlayer: setSubtitleAnchor in MediaPlayer
01-01 00:06:04.154  1114  1114 D Ringtone: Successfully created local player
01-01 00:06:04.278   263   364 I audio_hw_primary: out_set_parameters, old 0x2, new 0x400 do_output_standby
01-01 00:06:04.280   263   364 W audio_hw_primary: do_out_standby... -1302513472
01-01 00:06:04.284   263   364 W audio_hw_primary: out_set_parameters routing=1024, ret 0, out -1302513472
01-01 00:06:04.284   263   363 I audio_hw_primary: start_output_stream_primary... -1302513472, device 1024
01-01 00:06:04.287   263   363 W audio_hw_primary: card 2, port 0 device 0x400
01-01 00:06:04.287   263   363 W audio_hw_primary: rate 44100, channel 2 period_size 0x300
01-01 00:06:04.290   271   692 D NuPlayerDriver: start(0xaeeaade0), state is 4, eos is 0
01-01 00:06:04.291   271  1518 I GenericSource: start
01-01 00:06:04.313   271  1523 I MediaPlayerService: MediaPlayerService::getOMX
01-01 00:06:04.318   271  1523 I OMXClient: MuxOMX ctor
01-01 00:06:04.319   268   885 I OMXMaster: makeComponentInstance(OMX.google.vorbis.decoder) in mediacodec process
01-01 00:06:04.324   268   283 E OMXNodeInstance: setConfig(10c0045:google.vorbis.decoder, ConfigPriority(0x6f800002)) ERROR: Undefined(0x80001001)
01-01 00:06:04.324   271  1523 I ACodec  : codec does not support config priority (err -2147483648)
01-01 00:06:04.328   271  1523 I MediaCodec: MediaCodec will operate in async mode
01-01 00:06:04.360   271  1521 D AudioTrack: Client defaulted notificationFrames to 11136 for frameCount 22272
01-01 00:06:04.510   263   364 I audio_hw_primary: out_set_parameters, old 0x400, new 0x2 do_output_standby
01-01 00:06:04.510   263   364 W audio_hw_primary: do_out_standby... -1302513472
01-01 00:06:04.515   263   364 W audio_hw_primary: out_set_parameters routing=2, ret 0, out -1302513472
01-01 00:06:04.515   263   363 I audio_hw_primary: start_output_stream_primary... -1302513472, device 2
01-01 00:06:04.520   263   363 W audio_hw_primary: card 0, port 0 device 0x2
01-01 00:06:04.520   271  1518 D NuPlayerDriver: notifyListener_l(0xaeeaade0), (6, 0, 0), loop setting(0, 0)
01-01 00:06:04.520   263   363 W audio_hw_primary: rate 44100, channel 2 period_size 0xc0
01-01 00:06:06.396   271  1522 I NuPlayerDecoder: [audio] saw output EOS
01-01 00:06:06.826   271  1518 D NuPlayerDriver: notifyListener_l(0xaeeaade0), (2, 0, 0), loop setting(0, 0)
01-01 00:06:07.304   271   271 D NuPlayerDriver: reset(0xaeeaade0) at state 6
01-01 00:06:07.304   271   271 D NuPlayerDriver: notifyListener_l(0xaeeaade0), (8, 0, 0), loop setting(0, 0)
01-01 00:06:07.316   271  1518 W AMessage: failed to post message as target looper for handler 0 is gone.
01-01 00:06:07.317   271  1518 D NuPlayerDriver: notifyResetComplete(0xaeeaade0)
01-01 00:06:07.318   271   709 D NuPlayerDriver: reset(0xaeeaade0) at state 0
01-01 00:06:07.354   271  1526 D NuPlayerDriver: notifyListener_l(0xaeeaade0), (1, 0, 0), loop setting(0, 0)
01-01 00:06:07.354  1114  1114 D MediaPlayer: setSubtitleAnchor in MediaPlayer
01-01 00:06:07.356  1114  1114 D Ringtone: Successfully created local player
01-01 00:06:07.358   271   308 D NuPlayerDriver: reset(0xaeeaade0) at state 4
01-01 00:06:07.358   271   308 D NuPlayerDriver: notifyListener_l(0xaeeaade0), (8, 0, 0), loop setting(0, 0)
01-01 00:06:07.359   271  1526 D NuPlayerDriver: notifyResetComplete(0xaeeaade0)
01-01 00:06:07.359   271   692 D NuPlayerDriver: reset(0xaeeaade0) at state 0
01-01 00:06:07.399   271  1529 D NuPlayerDriver: notifyListener_l(0xaeeab2c0), (1, 0, 0), loop setting(0, 0)
01-01 00:06:07.400  1114  1114 D MediaPlayer: setSubtitleAnchor in MediaPlayer
01-01 00:06:07.404  1114  1114 D Ringtone: Successfully created local player
01-01 00:06:07.420   263   364 I audio_hw_primary: out_set_parameters, old 0x2, new 0x400 do_output_standby
01-01 00:06:07.423   263   364 W audio_hw_primary: do_out_standby... -1302513472
01-01 00:06:07.427   263   364 W audio_hw_primary: out_set_parameters routing=1024, ret 0, out -1302513472
01-01 00:06:07.427   263   363 I audio_hw_primary: start_output_stream_primary... -1302513472, device 1024
01-01 00:06:07.430   263   363 W audio_hw_primary: card 2, port 0 device 0x400
01-01 00:06:07.430   263   363 W audio_hw_primary: rate 44100, channel 2 period_size 0x300
01-01 00:06:07.436   271   859 D NuPlayerDriver: start(0xaeeab2c0), state is 4, eos is 0
01-01 00:06:07.436   271  1529 I GenericSource: start
01-01 00:06:07.459   271  1534 I MediaPlayerService: MediaPlayerService::getOMX
01-01 00:06:07.460   271  1534 I OMXClient: MuxOMX ctor
01-01 00:06:07.461   268   719 I OMXMaster: makeComponentInstance(OMX.google.vorbis.decoder) in mediacodec process
01-01 00:06:07.466   268   268 E OMXNodeInstance: setConfig(10c0046:google.vorbis.decoder, ConfigPriority(0x6f800002)) ERROR: Undefined(0x80001001)
01-01 00:06:07.467   271  1534 I ACodec  : codec does not support config priority (err -2147483648)
01-01 00:06:07.469   271  1534 I MediaCodec: MediaCodec will operate in async mode
01-01 00:06:07.503   271  1532 D AudioTrack: Client defaulted notificationFrames to 11136 for frameCount 22272
01-01 00:06:07.654   263   364 I audio_hw_primary: out_set_parameters, old 0x400, new 0x2 do_output_standby
01-01 00:06:07.654   263   364 W audio_hw_primary: do_out_standby... -1302513472
01-01 00:06:07.659   263   363 I audio_hw_primary: start_output_stream_primary... -1302513472, device 2
01-01 00:06:07.659   263   364 W audio_hw_primary: out_set_parameters routing=2, ret 0, out -1302513472
01-01 00:06:07.662   271  1529 D NuPlayerDriver: notifyListener_l(0xaeeab2c0), (6, 0, 0), loop setting(0, 0)
01-01 00:06:07.663   263   363 W audio_hw_primary: card 0, port 0 device 0x2
01-01 00:06:07.663   263   363 W audio_hw_primary: rate 44100, channel 2 period_size 0xc0
01-01 00:06:08.139   263   364 W AudioFlinger: write blocked for 359 msecs, 11 delayed writes, thread 0xb2083f80
01-01 00:06:09.545   271  1533 I NuPlayerDecoder: [audio] saw output EOS
01-01 00:06:10.096   271  1529 D NuPlayerDriver: notifyListener_l(0xaeeab2c0), (2, 0, 0), loop setting(0, 0)
01-01 00:06:10.182   271   859 D NuPlayerDriver: reset(0xaeeab2c0) at state 6
01-01 00:06:10.182   271   859 D NuPlayerDriver: notifyListener_l(0xaeeab2c0), (8, 0, 0), loop setting(0, 0)
01-01 00:06:10.191   271  1529 W AMessage: failed to post message as target looper for handler 0 is gone.
01-01 00:06:10.192   271  1529 D NuPlayerDriver: notifyResetComplete(0xaeeab2c0)
01-01 00:06:10.193   271   692 D NuPlayerDriver: reset(0xaeeab2c0) at state 0
01-01 00:06:10.232   271  1537 D NuPlayerDriver: notifyListener_l(0xaeeab2c0), (1, 0, 0), loop setting(0, 0)
01-01 00:06:10.233  1114  1114 D MediaPlayer: setSubtitleAnchor in MediaPlayer
01-01 00:06:10.238  1114  1114 D Ringtone: Successfully created local player
01-01 00:06:10.240   271   709 D NuPlayerDriver: reset(0xaeeab2c0) at state 4
01-01 00:06:10.240   271   709 D NuPlayerDriver: notifyListener_l(0xaeeab2c0), (8, 0, 0), loop setting(0, 0)
01-01 00:06:10.240   271  1537 D NuPlayerDriver: notifyResetComplete(0xaeeab2c0)
01-01 00:06:10.241   271   308 D NuPlayerDriver: reset(0xaeeab2c0) at state 0
01-01 00:06:10.276   271  1540 D NuPlayerDriver: notifyListener_l(0xaeeaaba0), (1, 0, 0), loop setting(0, 0)
01-01 00:06:10.276  1114  1114 D MediaPlayer: setSubtitleAnchor in MediaPlayer
01-01 00:06:10.279  1114  1114 D Ringtone: Successfully created local player
01-01 00:06:10.296   263   364 I audio_hw_primary: out_set_parameters, old 0x2, new 0x400 do_output_standby
01-01 00:06:10.299   263   364 W audio_hw_primary: do_out_standby... -1302513472
01-01 00:06:10.303   263   363 I audio_hw_primary: start_output_stream_primary... -1302513472, device 1024
01-01 00:06:10.303   263   364 W audio_hw_primary: out_set_parameters routing=1024, ret 0, out -1302513472
01-01 00:06:10.306   263   363 W audio_hw_primary: card 2, port 0 device 0x400
01-01 00:06:10.306   263   363 W audio_hw_primary: rate 44100, channel 2 period_size 0x300
01-01 00:06:10.309   271   308 D NuPlayerDriver: start(0xaeeaaba0), state is 4, eos is 0
01-01 00:06:10.309   271  1540 I GenericSource: start
01-01 00:06:10.326   271  1545 I MediaPlayerService: MediaPlayerService::getOMX
01-01 00:06:10.329   271  1545 I OMXClient: MuxOMX ctor
01-01 00:06:10.330   268   885 I OMXMaster: makeComponentInstance(OMX.google.vorbis.decoder) in mediacodec process
01-01 00:06:10.336   268   719 E OMXNodeInstance: setConfig(10c0047:google.vorbis.decoder, ConfigPriority(0x6f800002)) ERROR: Undefined(0x80001001)
01-01 00:06:10.336   271  1545 I ACodec  : codec does not support config priority (err -2147483648)
01-01 00:06:10.339   271  1545 I MediaCodec: MediaCodec will operate in async mode
01-01 00:06:10.378   271  1543 D AudioTrack: Client defaulted notificationFrames to 11136 for frameCount 22272
01-01 00:06:10.529   263   364 I audio_hw_primary: out_set_parameters, old 0x400, new 0x2 do_output_standby
01-01 00:06:10.529   263   364 W audio_hw_primary: do_out_standby... -1302513472
01-01 00:06:10.533   263   363 I audio_hw_primary: start_output_stream_primary... -1302513472, device 2
01-01 00:06:10.533   263   364 W audio_hw_primary: out_set_parameters routing=2, ret 0, out -1302513472
01-01 00:06:10.537   263   363 W audio_hw_primary: card 0, port 0 device 0x2
01-01 00:06:10.537   263   363 W audio_hw_primary: rate 44100, channel 2 period_size 0xc0
01-01 00:06:10.538   271  1540 D NuPlayerDriver: notifyListener_l(0xaeeaaba0), (6, 0, 0), loop setting(0, 0)
01-01 00:06:11.872   271  1544 I NuPlayerDecoder: [audio] saw output EOS
01-01 00:06:12.256   271  1540 D NuPlayerDriver: notifyListener_l(0xaeeaaba0), (2, 0, 0), loop setting(0, 0)
01-01 00:06:12.674   271   709 D NuPlayerDriver: reset(0xaeeaaba0) at state 6
01-01 00:06:12.674   271   709 D NuPlayerDriver: notifyListener_l(0xaeeaaba0), (8, 0, 0), loop setting(0, 0)
01-01 00:06:12.683   271  1540 W AMessage: failed to post message as target looper for handler 0 is gone.
01-01 00:06:12.683   271  1540 D NuPlayerDriver: notifyResetComplete(0xaeeaaba0)
01-01 00:06:12.684   271   271 D NuPlayerDriver: reset(0xaeeaaba0) at state 0
01-01 00:06:12.819   263   364 I audio_hw_primary: out_set_parameters, old 0x2, new 0x400 do_output_standby
01-01 00:06:12.822   263   364 W audio_hw_primary: do_out_standby... -1302513472
01-01 00:06:12.828   263   363 I audio_hw_primary: start_output_stream_primary... -1302513472, device 1024
01-01 00:06:12.828   263   364 W audio_hw_primary: out_set_parameters routing=1024, ret 0, out -1302513472
01-01 00:06:12.830   263   363 W audio_hw_primary: card 2, port 0 device 0x400
01-01 00:06:12.831   263   363 W audio_hw_primary: rate 44100, channel 2 period_size 0x300
01-01 00:06:12.877   535   781 W InputMethodManagerService: Window already focused, ignoring focus gain of: com.android.internal.view.IInputMethodClient$Stub$Proxy@e24a6db attribute=null, token = android.os.BinderProxy@891ee79
01-01 00:06:12.903   271  1552 D NuPlayerDriver: notifyListener_l(0xaeeab020), (1, 0, 0), loop setting(0, 0)
01-01 00:06:12.903   796  1550 D MediaPlayer: setSubtitleAnchor in MediaPlayer
01-01 00:06:12.932   796  1550 D Ringtone: Successfully created local player
01-01 00:06:12.934   271   308 D NuPlayerDriver: reset(0xaeeab020) at state 4
01-01 00:06:12.934   271   308 D NuPlayerDriver: notifyListener_l(0xaeeab020), (8, 0, 0), loop setting(0, 0)
01-01 00:06:12.936   271  1552 D NuPlayerDriver: notifyResetComplete(0xaeeab020)
01-01 00:06:12.936   271   709 D NuPlayerDriver: reset(0xaeeab020) at state 0
01-01 00:06:12.949   271  1555 D NuPlayerDriver: notifyListener_l(0xaeeaac00), (1, 0, 0), loop setting(0, 0)
01-01 00:06:12.950   796  1551 D MediaPlayer: setSubtitleAnchor in MediaPlayer
01-01 00:06:12.962   271  1557 D NuPlayerDriver: notifyListener_l(0xad68c120), (1, 0, 0), loop setting(0, 0)
01-01 00:06:12.963   796  1551 D Ringtone: Successfully created local player
01-01 00:06:12.963   796  1553 D MediaPlayer: setSubtitleAnchor in MediaPlayer
01-01 00:06:12.965   271   271 D NuPlayerDriver: reset(0xaeeaac00) at state 4
01-01 00:06:12.965   271   271 D NuPlayerDriver: notifyListener_l(0xaeeaac00), (8, 0, 0), loop setting(1, 0)
01-01 00:06:12.965   271  1555 D NuPlayerDriver: notifyResetComplete(0xaeeaac00)
01-01 00:06:12.970   271   709 D NuPlayerDriver: reset(0xaeeaac00) at state 0
01-01 00:06:12.978   796  1553 D Ringtone: Successfully created local player
01-01 00:06:12.979   271   692 D NuPlayerDriver: reset(0xad68c120) at state 4
01-01 00:06:12.979   271   692 D NuPlayerDriver: notifyListener_l(0xad68c120), (8, 0, 0), loop setting(0, 0)
01-01 00:06:12.982   271  1557 D NuPlayerDriver: notifyResetComplete(0xad68c120)
01-01 00:06:12.985   271   859 D NuPlayerDriver: reset(0xad68c120) at state 0
01-01 00:06:13.053   271  1562 D NuPlayerDriver: notifyListener_l(0xaeeab020), (1, 0, 0), loop setting(0, 0)
01-01 00:06:13.053   796  1550 D MediaPlayer: setSubtitleAnchor in MediaPlayer
01-01 00:06:13.056   796  1550 D Ringtone: Successfully created local player
01-01 00:06:13.066   271  1566 D NuPlayerDriver: notifyListener_l(0xad68c120), (1, 0, 0), loop setting(0, 0)
01-01 00:06:13.067   796  1553 D MediaPlayer: setSubtitleAnchor in MediaPlayer
01-01 00:06:13.070   796  1553 D Ringtone: Successfully created local player
01-01 00:06:13.078   271  1565 D NuPlayerDriver: notifyListener_l(0xaeeab320), (1, 0, 0), loop setting(0, 0)
01-01 00:06:13.078   796  1551 D MediaPlayer: setSubtitleAnchor in MediaPlayer
01-01 00:06:13.082   796  1551 D Ringtone: Successfully created local player
01-01 00:06:14.360   535   781 I ActivityManager: START u0 {act=android.intent.action.RINGTONE_PICKER cmp=com.android.providers.media/.RingtonePickerActivity (has extras)} from uid 1000 on display 0
01-01 00:06:14.380   271   859 D NuPlayerDriver: reset(0xaeeab020) at state 4
01-01 00:06:14.380   271   859 D NuPlayerDriver: notifyListener_l(0xaeeab020), (8, 0, 0), loop setting(0, 0)
01-01 00:06:14.380   271  1562 D NuPlayerDriver: notifyResetComplete(0xaeeab020)
01-01 00:06:14.381   271   271 D NuPlayerDriver: reset(0xaeeab020) at state 0
01-01 00:06:14.382   271   692 D NuPlayerDriver: reset(0xaeeab320) at state 4
01-01 00:06:14.382   271   692 D NuPlayerDriver: notifyListener_l(0xaeeab320), (8, 0, 0), loop setting(1, 0)
01-01 00:06:14.383   271  1565 D NuPlayerDriver: notifyResetComplete(0xaeeab320)
01-01 00:06:14.383   271   709 D NuPlayerDriver: reset(0xaeeab320) at state 0
01-01 00:06:14.387   271   859 D NuPlayerDriver: reset(0xad68c120) at state 4
01-01 00:06:14.387   271   859 D NuPlayerDriver: notifyListener_l(0xad68c120), (8, 0, 0), loop setting(0, 0)
01-01 00:06:14.387   271  1566 D NuPlayerDriver: notifyResetComplete(0xad68c120)
01-01 00:06:14.388   271   308 D NuPlayerDriver: reset(0xad68c120) at state 0
01-01 00:06:14.764   535   555 I ActivityManager: Displayed com.android.providers.media/.RingtonePickerActivity: +373ms
01-01 00:06:15.261  1114  1114 D RingtonePickerActivity: Replacing name Drip with Drip
01-01 00:06:16.445   271  1573 D NuPlayerDriver: notifyListener_l(0xaeeab5c0), (1, 0, 0), loop setting(0, 0)
01-01 00:06:16.446  1114  1114 D MediaPlayer: setSubtitleAnchor in MediaPlayer
01-01 00:06:16.453  1114  1114 D Ringtone: Successfully created local player
01-01 00:06:16.455   271   308 D NuPlayerDriver: reset(0xaeeab5c0) at state 4
01-01 00:06:16.455   271   308 D NuPlayerDriver: notifyListener_l(0xaeeab5c0), (8, 0, 0), loop setting(0, 0)
01-01 00:06:16.456   271  1573 D NuPlayerDriver: notifyResetComplete(0xaeeab5c0)
01-01 00:06:16.456   271   692 D NuPlayerDriver: reset(0xaeeab5c0) at state 0
01-01 00:06:16.501   271  1576 D NuPlayerDriver: notifyListener_l(0xad68c120), (1, 0, 0), loop setting(0, 0)
01-01 00:06:16.502  1114  1114 D MediaPlayer: setSubtitleAnchor in MediaPlayer
01-01 00:06:16.507  1114  1114 D Ringtone: Successfully created local player
01-01 00:06:16.508   271   271 D NuPlayerDriver: start(0xad68c120), state is 4, eos is 0
01-01 00:06:16.508   271  1576 I GenericSource: start
01-01 00:06:16.531   271  1581 I MediaPlayerService: MediaPlayerService::getOMX
01-01 00:06:16.533   271  1581 I OMXClient: MuxOMX ctor
01-01 00:06:16.533   268   885 I OMXMaster: makeComponentInstance(OMX.google.vorbis.decoder) in mediacodec process
01-01 00:06:16.539   268   283 E OMXNodeInstance: setConfig(10c0048:google.vorbis.decoder, ConfigPriority(0x6f800002)) ERROR: Undefined(0x80001001)
01-01 00:06:16.539   271  1581 I ACodec  : codec does not support config priority (err -2147483648)
01-01 00:06:16.543   271  1581 I MediaCodec: MediaCodec will operate in async mode
01-01 00:06:16.578   535   544 I art     : Background partial concurrent mark sweep GC freed 23090(1186KB) AllocSpace objects, 9(180KB) LOS objects, 33% free, 5MB/8MB, paused 2.674ms total 163.797ms
01-01 00:06:16.579   271  1579 D AudioTrack: Client defaulted notificationFrames to 11136 for frameCount 22272
01-01 00:06:16.724   263   364 I audio_hw_primary: out_set_parameters, old 0x400, new 0x2 do_output_standby
01-01 00:06:16.724   263   364 W audio_hw_primary: do_out_standby... -1302513472
01-01 00:06:16.729   263   364 W audio_hw_primary: out_set_parameters routing=2, ret 0, out -1302513472
01-01 00:06:16.729   263   363 I audio_hw_primary: start_output_stream_primary... -1302513472, device 2
01-01 00:06:16.733   263   363 W audio_hw_primary: card 0, port 0 device 0x2
01-01 00:06:16.733   263   363 W audio_hw_primary: rate 44100, channel 2 period_size 0xc0
01-01 00:06:16.734   271  1576 D NuPlayerDriver: notifyListener_l(0xad68c120), (6, 0, 0), loop setting(0, 0)
01-01 00:06:17.041   271  1580 I NuPlayerDecoder: [audio] saw output EOS
01-01 00:06:17.212   263   364 W AudioFlinger: write blocked for 359 msecs, 13 delayed writes, thread 0xb2083f80
01-01 00:06:17.863   271  1576 D NuPlayerDriver: notifyListener_l(0xad68c120), (2, 0, 0), loop setting(0, 0)
01-01 00:06:18.106   271   308 D NuPlayerDriver: reset(0xad68c120) at state 6
01-01 00:06:18.106   271   308 D NuPlayerDriver: notifyListener_l(0xad68c120), (8, 0, 0), loop setting(0, 0)
01-01 00:06:18.119   271  1576 W AMessage: failed to post message as target looper for handler 0 is gone.
01-01 00:06:18.121   271  1576 D NuPlayerDriver: notifyResetComplete(0xad68c120)
01-01 00:06:18.122   271   709 D NuPlayerDriver: reset(0xad68c120) at state 0
01-01 00:06:18.157   271  1585 D NuPlayerDriver: notifyListener_l(0xaeeaaf00), (1, 0, 0), loop setting(0, 0)
01-01 00:06:18.157  1114  1114 D MediaPlayer: setSubtitleAnchor in MediaPlayer
01-01 00:06:18.161  1114  1114 D Ringtone: Successfully created local player
01-01 00:06:18.162   271   709 D NuPlayerDriver: reset(0xaeeaaf00) at state 4
01-01 00:06:18.163   271   709 D NuPlayerDriver: notifyListener_l(0xaeeaaf00), (8, 0, 0), loop setting(0, 0)
01-01 00:06:18.164   271  1585 D NuPlayerDriver: notifyResetComplete(0xaeeaaf00)
01-01 00:06:18.164   271   692 D NuPlayerDriver: reset(0xaeeaaf00) at state 0
01-01 00:06:18.202   271  1588 D NuPlayerDriver: notifyListener_l(0xaeeaaea0), (1, 0, 0), loop setting(0, 0)
01-01 00:06:18.203  1114  1114 D MediaPlayer: setSubtitleAnchor in MediaPlayer
01-01 00:06:18.206  1114  1114 D Ringtone: Successfully created local player
01-01 00:06:18.247   263   364 I audio_hw_primary: out_set_parameters, old 0x2, new 0x400 do_output_standby
01-01 00:06:18.249   263   364 W audio_hw_primary: do_out_standby... -1302513472
01-01 00:06:18.254   263   364 W audio_hw_primary: out_set_parameters routing=1024, ret 0, out -1302513472
01-01 00:06:18.254   263   363 I audio_hw_primary: start_output_stream_primary... -1302513472, device 1024
01-01 00:06:18.257   263   363 W audio_hw_primary: card 2, port 0 device 0x400
01-01 00:06:18.257   263   363 W audio_hw_primary: rate 44100, channel 2 period_size 0x300
01-01 00:06:18.261   271   271 D NuPlayerDriver: start(0xaeeaaea0), state is 4, eos is 0
01-01 00:06:18.263   271  1588 I GenericSource: start
01-01 00:06:18.279   271  1593 I MediaPlayerService: MediaPlayerService::getOMX
01-01 00:06:18.280   271  1593 I OMXClient: MuxOMX ctor
01-01 00:06:18.281   268   268 I OMXMaster: makeComponentInstance(OMX.google.vorbis.decoder) in mediacodec process
01-01 00:06:18.288   268   283 E OMXNodeInstance: setConfig(10c0049:google.vorbis.decoder, ConfigPriority(0x6f800002)) ERROR: Undefined(0x80001001)
01-01 00:06:18.289   271  1593 I ACodec  : codec does not support config priority (err -2147483648)
01-01 00:06:18.295   271  1593 I MediaCodec: MediaCodec will operate in async mode
01-01 00:06:18.331   271  1591 D AudioTrack: Client defaulted notificationFrames to 11136 for frameCount 22272
01-01 00:06:18.480   263   364 I audio_hw_primary: out_set_parameters, old 0x400, new 0x2 do_output_standby
01-01 00:06:18.480   263   364 W audio_hw_primary: do_out_standby... -1302513472
01-01 00:06:18.485   263   363 I audio_hw_primary: start_output_stream_primary... -1302513472, device 2
01-01 00:06:18.485   263   364 W audio_hw_primary: out_set_parameters routing=2, ret 0, out -1302513472
01-01 00:06:18.489   263   363 W audio_hw_primary: card 0, port 0 device 0x2
01-01 00:06:18.489   263   363 W audio_hw_primary: rate 44100, channel 2 period_size 0xc0
01-01 00:06:18.491   271  1588 D NuPlayerDriver: notifyListener_l(0xaeeaaea0), (6, 0, 0), loop setting(0, 0)
01-01 00:06:19.066   271  1592 I NuPlayerDecoder: [audio] saw output EOS
01-01 00:06:19.624   271   271 D NuPlayerDriver: reset(0xaeeaaea0) at state 5
01-01 00:06:19.624   271   271 D NuPlayerDriver: notifyListener_l(0xaeeaaea0), (8, 0, 0), loop setting(0, 0)
01-01 00:06:19.635   271  1588 W AMessage: failed to post message as target looper for handler 0 is gone.
01-01 00:06:19.637   271  1588 D NuPlayerDriver: notifyResetComplete(0xaeeaaea0)
01-01 00:06:19.638   271   692 D NuPlayerDriver: reset(0xaeeaaea0) at state 0
01-01 00:06:19.670   271  1596 D NuPlayerDriver: notifyListener_l(0xaeeab020), (1, 0, 0), loop setting(0, 0)
01-01 00:06:19.671  1114  1114 D MediaPlayer: setSubtitleAnchor in MediaPlayer
01-01 00:06:19.677  1114  1114 D Ringtone: Successfully created local player
01-01 00:06:19.679   271   308 D NuPlayerDriver: reset(0xaeeab020) at state 4
01-01 00:06:19.679   271   308 D NuPlayerDriver: notifyListener_l(0xaeeab020), (8, 0, 0), loop setting(0, 0)
01-01 00:06:19.680   271  1596 D NuPlayerDriver: notifyResetComplete(0xaeeab020)
01-01 00:06:19.680   271   859 D NuPlayerDriver: reset(0xaeeab020) at state 0
01-01 00:06:19.720   271  1599 D NuPlayerDriver: notifyListener_l(0xaeeaaf60), (1, 0, 0), loop setting(0, 0)
01-01 00:06:19.721  1114  1114 D MediaPlayer: setSubtitleAnchor in MediaPlayer
01-01 00:06:19.726  1114  1114 D Ringtone: Successfully created local player
01-01 00:06:19.806   263   364 I audio_hw_primary: out_set_parameters, old 0x2, new 0x400 do_output_standby
01-01 00:06:19.808   263   364 W audio_hw_primary: do_out_standby... -1302513472
01-01 00:06:19.813   263   364 W audio_hw_primary: out_set_parameters routing=1024, ret 0, out -1302513472
01-01 00:06:19.813   263   363 I audio_hw_primary: start_output_stream_primary... -1302513472, device 1024
01-01 00:06:19.815   263   363 W audio_hw_primary: card 2, port 0 device 0x400
01-01 00:06:19.815   263   363 W audio_hw_primary: rate 44100, channel 2 period_size 0x300
01-01 00:06:19.817   271   308 D NuPlayerDriver: start(0xaeeaaf60), state is 4, eos is 0
01-01 00:06:19.818   271  1599 I GenericSource: start
01-01 00:06:19.837   271  1604 I MediaPlayerService: MediaPlayerService::getOMX
01-01 00:06:19.839   271  1604 I OMXClient: MuxOMX ctor
01-01 00:06:19.839   268   719 I OMXMaster: makeComponentInstance(OMX.google.vorbis.decoder) in mediacodec process
01-01 00:06:19.845   268   268 E OMXNodeInstance: setConfig(10c004a:google.vorbis.decoder, ConfigPriority(0x6f800002)) ERROR: Undefined(0x80001001)
01-01 00:06:19.845   271  1604 I ACodec  : codec does not support config priority (err -2147483648)
01-01 00:06:19.847   271  1604 I MediaCodec: MediaCodec will operate in async mode
01-01 00:06:19.885   271  1602 D AudioTrack: Client defaulted notificationFrames to 11136 for frameCount 22272
01-01 00:06:20.038   263   364 I audio_hw_primary: out_set_parameters, old 0x400, new 0x2 do_output_standby
01-01 00:06:20.039   263   364 W audio_hw_primary: do_out_standby... -1302513472
01-01 00:06:20.043   263   364 W audio_hw_primary: out_set_parameters routing=2, ret 0, out -1302513472
01-01 00:06:20.043   263   363 I audio_hw_primary: start_output_stream_primary... -1302513472, device 2
01-01 00:06:20.047   271  1599 D NuPlayerDriver: notifyListener_l(0xaeeaaf60), (6, 0, 0), loop setting(0, 0)
01-01 00:06:20.048   263   363 W audio_hw_primary: card 0, port 0 device 0x2
01-01 00:06:20.048   263   363 W audio_hw_primary: rate 44100, channel 2 period_size 0xc0
01-01 00:06:20.847   271  1603 I NuPlayerDecoder: [audio] saw output EOS
01-01 00:06:21.301   271  1599 D NuPlayerDriver: notifyListener_l(0xaeeaaf60), (2, 0, 0), loop setting(0, 0)
01-01 00:06:21.325   271   709 D NuPlayerDriver: reset(0xaeeaaf60) at state 6
01-01 00:06:21.325   271   709 D NuPlayerDriver: notifyListener_l(0xaeeaaf60), (8, 0, 0), loop setting(0, 0)
01-01 00:06:21.336   271  1599 W AMessage: failed to post message as target looper for handler 0 is gone.
01-01 00:06:21.337   271  1599 D NuPlayerDriver: notifyResetComplete(0xaeeaaf60)
01-01 00:06:21.337   271   308 D NuPlayerDriver: reset(0xaeeaaf60) at state 0
01-01 00:06:21.475  1114  1401 D OpenGLRenderer: endAllActiveAnimators on 0x84fdef80 (RippleDrawable) with handle 0x851f7d40
01-01 00:06:21.480   263   364 I audio_hw_primary: out_set_parameters, old 0x2, new 0x400 do_output_standby
01-01 00:06:21.483   263   364 W audio_hw_primary: do_out_standby... -1302513472
01-01 00:06:21.488   263   363 I audio_hw_primary: start_output_stream_primary... -1302513472, device 1024
01-01 00:06:21.488   263   364 W audio_hw_primary: out_set_parameters routing=1024, ret 0, out -1302513472
01-01 00:06:21.491   263   363 W audio_hw_primary: card 2, port 0 device 0x400
01-01 00:06:21.491   263   363 W audio_hw_primary: rate 44100, channel 2 period_size 0x300
01-01 00:06:21.526   535   867 W InputMethodManagerService: Window already focused, ignoring focus gain of: com.android.internal.view.IInputMethodClient$Stub$Proxy@d2c6da2 attribute=null, token = android.os.BinderProxy@891ee79
01-01 00:06:21.537   271  1610 D NuPlayerDriver: notifyListener_l(0xaeeaaf60), (1, 0, 0), loop setting(0, 0)
01-01 00:06:21.538   796  1608 D MediaPlayer: setSubtitleAnchor in MediaPlayer
01-01 00:06:21.543   271  1615 D NuPlayerDriver: notifyListener_l(0xaeeaacc0), (1, 0, 0), loop setting(0, 0)
01-01 00:06:21.546   796  1611 D MediaPlayer: setSubtitleAnchor in MediaPlayer
01-01 00:06:21.552   796  1608 D Ringtone: Successfully created local player
