ueventd: Coldboot took 0.44s.
Console: switching to colour dummy device 80x30
watchdogd: started (interval 10, margin 20)!
EXT4-fs (mmcblk0p3): mounted filesystem with ordered data mode. Opts: barrier=1
EXT4-fs (mmcblk0p10): Ignoring removed nomblk_io_submit option
EXT4-fs (mmcblk0p10): mounted filesystem with ordered data mode. Opts: nomblk_io_submit,noauto_da_alloc,errors=panic
EXT4-fs (mmcblk0p4): Ignoring removed nomblk_io_submit option
EXT4-fs (mmcblk0p4): mounted filesystem with ordered data mode. Opts: nomblk_io_submit
EXT4-fs (mmcblk0p5): mounted filesystem with ordered data mode. Opts: (null)
file system registered
using random self ethernet address
using random host ethernet address
zram0: detected capacity change from 0 to 314572800
logd.auditd: start
logd.klogd: 8170341333
Adding 307196k swap on /dev/block/zram0.  Priority:-1 extents:1 across:307196k SS
binder: 256:256 transaction failed 29189, size 0-0
logd.daemon: reinit
toradex_apalis6q:/ # 
android_work: sent uevent USB_STATE=CONNECTED
toradex_apalis6q:/ # 
toradex_apalis6q:/ # 
toradex_apalis6q:/ # android_work: sent uevent USB_STATE=DISCONNECTED
android_work: sent uevent USB_STATE=CONNECTED
ci_hdrc ci_hdrc.0: freeing queued request
android_work: sent uevent USB_STATE=DISCONNECTED
android_work: sent uevent USB_STATE=CONNECTED

toradex_apalis6q:/ # android_work: sent uevent USB_STATE=DISCONNECTED
android_work: sent uevent USB_STATE=CONNECTED
ci_hdrc ci_hdrc.0: freeing queued request
android_work: sent uevent USB_STATE=DISCONNECTED
android_work: sent uevent USB_STATE=CONNECTED

toradex_apalis6q:/ # 
toradex_apalis6q:/ # healthd: No battery devices found
configfs-gadget gadget: high-speed config #1: b
android_work: sent uevent USB_STATE=CONFIGURED

toradex_apalis6q:/ # ERROR: v4l2 capture: slave not found! V4L2_CID_HUE
ERROR: v4l2 capture: slave not found! V4L2_CID_HUE

toradex_apalis6q:/ # imx-hdmi-audio imx-hdmi-audio: HDMI Video is not ready!
imx-hdmi-audio imx-hdmi-audio: ASoC: can't open platform imx-hdmi-audio: -22
imx-hdmi-audio imx-hdmi-audio: HDMI Video is not ready!
imx-hdmi-audio imx-hdmi-audio: ASoC: can't open platform imx-hdmi-audio: -22

toradex_apalis6q:/ # 
toradex_apalis6q:/ # init: Starting service 'bootanim'...

toradex_apalis6q:/ # 
toradex_apalis6q:/ # 
toradex_apalis6q:/ # 
toradex_apalis6q:/ # 
toradex_apalis6q:/ # 
toradex_apalis6q:/ # 
toradex_apalis6q:/ # 

toradex_apalis6q:/ # 
toradex_apalis6q:/ # 
toradex_apalis6q:/ # 
toradex_apalis6q:/ # 
toradex_apalis6q:/ # 
toradex_apalis6q:/ # 
toradex_apalis6q:/ # logcat |capability: warning: `main' uses 32-bit capabilities (legacy support in use)
 grep init: write_file: Unable to open '/sys/devices/system/cpu/cpufreq/interactive/timer_rate': No such file or directory
init: write_file: Unable to open '/sys/devices/system/cpu/cpufreq/interactive/min_sample_time': No such file or directory
init: write_file: Unable to open '/sys/devices/system/cpu/cpufreq/interactive/go_hispeed_load': No such file or directory
-ir audio
(standard input):01-01 00:02:43.566   264   264 I audioserver: ServiceManager: 0xa9919380
(standard input):01-01 00:02:43.567   264   264 I AudioFlinger: Using default 3000 mSec as standby time.
(standard input):01-01 00:02:43.568   264   264 I AudioPolicyService: AudioPolicyService CSTOR in new mode
(standard input):01-01 00:02:43.669   264   264 W audio_hw_primary: Aravinth: card 0, id imx6qapalissgtl ,driver imx6q-apalis-sg, name imx6q-apalis-sgtl5000
(standard input):01-01 00:02:43.669   264   264 W audio_hw_primary: unrecognized card found.
(standard input):01-01 00:02:43.669   264   264 W audio_hw_primary: Aravinth: card 1, id imxspdif ,driver imx-spdif, name imx-spdif
(standard input):01-01 00:02:43.670   264   264 W audio_hw_primary: out rate 44100
(standard input):01-01 00:02:43.672   264   264 W audio_hw_primary: in rate 44100, channels 2 format 3
(standard input):01-01 00:02:43.672   264   264 W audio_hw_primary: Aravinth: card 2, id imxhdmisoc ,driver imx-hdmi-soc, name imx-hdmi-soc
(standard input):01-01 00:02:43.684   264   264 W audio_hw_primary: out rate 0
(standard input):01-01 00:02:43.697   264   264 W audio_hw_primary: in rate 0, channels 0 format 0
(standard input):01-01 00:02:43.697   264   264 I AudioFlinger: loadHwModule() Loaded primary audio interface from Freescale i.MX Audio HW HAL (audio) handle 10
(standard input):01-01 00:02:43.697   264   264 I AudioFlinger: openOutput(), module 10 Device 2, SamplingRate 44100, Format 0x000001, Channels 3, flags 2
(standard input):01-01 00:02:43.698   264   264 W audio_hw_primary: open output stream devices 2, format 1, channels 3, sample_rate 44100, flag 2
(standard input):01-01 00:02:43.698   264   264 W audio_hw_primary: opened out stream...-1449838848, type 1
(standard input):01-01 00:02:43.698   264   264 I AudioFlinger: HAL output buffer size 192 frames, normal sink buffer size 768 frames
(standard input):01-01 00:02:43.746   264   264 I AudioFlinger: Using module 10 has the primary audio interface
(standard input):01-01 00:02:43.747   264   307 I AudioFlinger: AudioFlinger's thread 0xa9403cc0 ready to run
(standard input):01-01 00:02:43.748   264   307 W audio_hw_primary: out_set_parameters routing=2, ret 0, out -1449838848
(standard input):01-01 00:02:43.749   264   307 W AudioFlinger: no wake lock to update, system not ready yet
(standard input):01-01 00:02:43.751   264   264 W audio_hw_primary: In channels 2, rate 48000, devices 0x80000004
(standard input):01-01 00:02:43.752   264   264 W audio_hw_primary: get_input_buffer_size size = 208, channel_count = 2
(standard input):01-01 00:02:43.752   264   264 W audio_hw_primary: get_input_buffer_size size = 208, channel_count = 2
(standard input):01-01 00:02:43.763   264   309 I AudioFlinger: AudioFlinger's thread 0xa8f83940 ready to run
(standard input):01-01 00:02:43.768   264   264 I AudioFlinger: loadHwModule() Loaded a2dp audio interface from A2DP Audio HW HAL (audio) handle 18
(standard input):01-01 00:02:43.775   264   264 I AudioFlinger: loadHwModule() Loaded usb audio interface from USB audio HW HAL (audio) handle 26
(standard input):01-01 00:02:43.779   264   264 I r_submix: adev_open(name=audio_hw_if)
(standard input):01-01 00:02:43.780   264   264 I AudioFlinger: loadHwModule() Loaded r_submix audio interface from Wifi Display audio HAL (audio) handle 34
(standard input):01-01 00:02:43.780   264   264 D r_submix: submix_audio_device_create_pipe_l(addr=0, idx=9)
(standard input):01-01 00:02:43.781   264   311 I AudioFlinger: AudioFlinger's thread 0xa8e83280 ready to run
(standard input):01-01 00:02:43.782   264   264 D r_submix: submix_audio_device_release_pipe_l(idx=9) addr=0
(standard input):01-01 00:02:43.782   264   264 D r_submix: submix_audio_device_destroy_pipe_l(): pipe destroyed
random: crng init done
(standard input):01-01 00:03:03.973   535   535 I InputManager: Initializing input manager, mUseDevInputEventForAudioJack=false
init: write_file: Unable to open '/proc/sys/vm/extra_free_kbytes': No such file or directory
(standard input):01-01 00:03:06.211   535   535 I SystemServer: StartAudioService
(standard input):01-01 00:03:06.211   535   535 I SystemServiceManager: Starting com.android.server.audio.AudioService$Lifecycle
(standard input):01-01 00:03:06.224   264   312 D PermissionCache: checking android.permission.MODIFY_AUDIO_SETTINGS for uid=1000 => granted (1156 us)
(standard input):01-01 00:03:06.232   264   307 W AudioFlinger: no wake lock to update, system not ready yet
(standard input):01-01 00:03:06.270   535   535 W WiredAccessoryManager: This kernel does not have usb audio support
(standard input):01-01 00:03:06.271   535   535 W WiredAccessoryManager: This kernel does not have HDMI audio support
acc_open
acc_release
(standard input):01-01 00:03:06.459   535   535 V MediaRouter: Adding route: RouteInfo{ name=Tablet, description=null, status=null, category=RouteCategory{ name=null types=ROUTE_TYPE_LIVE_AUDIO ROUTE_TYPE_LIVE_VIDEO  groupable=false }, supportedTypes=ROUTE_TYPE_LIVE_AUDIO ROUTE_TYPE_LIVE_VIDEO , presentationDisplay=Display id 1: DisplayInfo{"HDMI Screen", uniqueId "local:1", app 640 x 480, real 640 x 480, largest app 640 x 480, smallest app 640 x 480, mode 2, defaultMode 2, modes [{id=2, width=640, height=480, fps=59.94}], colorMode 0, supportedColorModes [0], hdrCapabilities android.view.Display$HdrCapabilities@a69d6308, rotation 0, density 142 (142.0 x 142.0) dpi, layerStack 1, appVsyncOff 1000000, presDeadline 16683350, type HDMI, state ON, FLAG_SECURE, FLAG_SUPPORTS_PROTECTED_BUFFERS, FLAG_PRESENTATION}, DisplayMetrics{density=0.8875, width=640, height=480, scaledDensity=0.8875, xdpi=142.0, ydpi=142.0}, isValid=true }
(standard input):01-01 00:03:06.463   535   535 V MediaRouter: Updating audio routes: AudioRoutesInfo{ type=SPEAKER }
(standard input):01-01 00:03:06.467   535   535 V MediaRouter: Selecting route: RouteInfo{ name=Tablet, description=null, status=null, category=RouteCategory{ name=null types=ROUTE_TYPE_LIVE_AUDIO ROUTE_TYPE_LIVE_VIDEO  groupable=false }, supportedTypes=ROUTE_TYPE_LIVE_AUDIO ROUTE_TYPE_LIVE_VIDEO , presentationDisplay=Display id 1: DisplayInfo{"HDMI Screen", uniqueId "local:1", app 640 x 480, real 640 x 480, largest app 640 x 480, smallest app 640 x 480, mode 2, defaultMode 2, modes [{id=2, width=640, height=480, fps=59.94}], colorMode 0, supportedColorModes [0], hdrCapabilities android.view.Display$HdrCapabilities@a69d6308, rotation 0, density 142 (142.0 x 142.0) dpi, layerStack 1, appVsyncOff 1000000, presDeadline 16683350, type HDMI, state ON, FLAG_SECURE, FLAG_SUPPORTS_PROTECTED_BUFFERS, FLAG_PRESENTATION}, DisplayMetrics{density=0.8875, width=640, height=480, scaledDensity=0.8875, xdpi=142.0, ydpi=142.0}, isValid=true }
Micrel KSZ9031 Gigabit PHY 2188000.ethernet-1:07: attached PHY driver [Micrel KSZ9031 Gigabit PHY] (mii_bus:phy_addr=2188000.ethernet-1:07, irq=120)
IPv6: ADDRCONF(NETDEV_UP): eth0: link is not ready
(standard input):01-01 00:03:06.902   264   264 D PermissionCache: checking android.permission.CAPTURE_AUDIO_HOTWORD for uid=1000 => granted (307 us)
(standard input):01-01 00:03:07.739   264   312 W audio_hw_primary: set parameters A2dpSuspended=false
(standard input):01-01 00:03:07.859   264   264 I AudioFlinger: systemReady
(standard input):01-01 00:03:08.408   647   647 V MediaRouter: Adding route: RouteInfo{ name=Tablet, description=null, status=null, category=RouteCategory{ name=null types=ROUTE_TYPE_LIVE_AUDIO ROUTE_TYPE_LIVE_VIDEO  groupable=false }, supportedTypes=ROUTE_TYPE_LIVE_AUDIO ROUTE_TYPE_LIVE_VIDEO , presentationDisplay=Display id 1: DisplayInfo{"HDMI Screen", uniqueId "local:1", app 640 x 480, real 640 x 480, largest app 640 x 480, smallest app 640 x 480, mode 2, defaultMode 2, modes [{id=2, width=640, height=480, fps=59.94}], colorMode 0, supportedColorModes [0], hdrCapabilities android.view.Display$HdrCapabilities@a69d6308, rotation 0, density 142 (142.0 x 142.0) dpi, layerStack 1, appVsyncOff 1000000, presDeadline 16683350, type HDMI, state ON, FLAG_SECURE, FLAG_SUPPORTS_PROTECTED_BUFFERS, FLAG_PRESENTATION}, DisplayMetrics{density=0.8875, width=640, height=480, scaledDensity=0.8875, xdpi=142.0, ydpi=142.0}, isValid=true }
(standard input):01-01 00:03:08.436   647   647 V MediaRouter: Updating audio routes: AudioRoutesInfo{ type=SPEAKER }
(standard input):01-01 00:03:08.447   647   647 V MediaRouter: Selecting route: RouteInfo{ name=Tablet, description=null, status=null, category=RouteCategory{ name=null types=ROUTE_TYPE_LIVE_AUDIO ROUTE_TYPE_LIVE_VIDEO  groupable=false }, supportedTypes=ROUTE_TYPE_LIVE_AUDIO ROUTE_TYPE_LIVE_VIDEO , presentationDisplay=Display id 1: DisplayInfo{"HDMI Screen", uniqueId "local:1", app 640 x 480, real 640 x 480, largest app 640 x 480, smallest app 640 x 480, mode 2, defaultMode 2, modes [{id=2, width=640, height=480, fps=59.94}], colorMode 0, supportedColorModes [0], hdrCapabilities android.view.Display$HdrCapabilities@a69d6308, rotation 0, density 142 (142.0 x 142.0) dpi, layerStack 1, appVsyncOff 1000000, presDeadline 16683350, type HDMI, state ON, FLAG_SECURE, FLAG_SUPPORTS_PROTECTED_BUFFERS, FLAG_PRESENTATION}, DisplayMetrics{density=0.8875, width=640, height=480, scaledDensity=0.8875, xdpi=142.0, ydpi=142.0}, isValid=true }
^C
130|toradex_apalis6q:/ # init: Service 'bootanim' (pid 350) exited with status 0
init: Starting service 'exec 3 (/system/bin/bootstat)'...
init: Service 'exec 3 (/system/bin/bootstat)' (pid 1023) exited with status 0
init: Starting service 'exec 4 (/system/bin/bootstat)'...
init: Service 'exec 4 (/system/bin/bootstat)' (pid 1028) exited with status 0
init: Starting service 'exec 5 (/system/bin/bootstat)'...
init: Service 'exec 5 (/system/bin/bootstat)' (pid 1029) exited with status 0
init: Starting service 'exec 6 (/system/bin/bootstat)'...
init: Service 'exec 6 (/system/bin/bootstat)' (pid 1030) exited with status 0

130|toradex_apalis6q:/ # mtp_open

130|toradex_apalis6q:/ # 
130|toradex_apalis6q:/ # 
130|toradex_apalis6q:/ # 
130|toradex_apalis6q:/ # 
130|toradex_apalis6q:/ # cd /
toradex_apalis6q:/ # logcat -c
toradex_apalis6q:/ # toradex_apalis6q:/ # logcat -c                                                   
--------- beginning of main
01-01 00:03:59.530  1201  1324 D InitAlarmsService: Clearing and rescheduling alarms.
01-01 00:04:01.570   535   594 W AudioTrack: AUDIO_OUTPUT_FLAG_FAST denied by client; transfer 4, track 48000 Hz, output 44100 Hz
01-01 00:04:01.714   264   307 W audio_hw_primary: out_set_parameters routing=1024, ret 0, out -1449838848
01-01 00:04:01.718   264   307 I audio_hw_primary: start_output_stream_primary... -1449838848, device 1024
01-01 00:04:01.719   264   307 W audio_hw_primary: card 2, port 0 device 0x400
01-01 00:04:01.719   264   307 W audio_hw_primary: rate 44100, channel 2 period_size 0x300
--------- beginning of system
01-01 00:04:06.196   535   768 I ActivityManager: START u0 {act=android.intent.action.MAIN cat=[android.intent.category.LAUNCHER] flg=0x10200000 cmp=com.android.settings/.Settings (has extras)} from uid 10016 on display 0
01-01 00:04:06.504   802  1337 W System  : ClassLoader referenced unknown path: 
01-01 00:04:06.505   802  1337 W System  : ClassLoader referenced unknown path: /system/priv-app/CellBroadcastReceiver/lib/arm
01-01 00:04:06.510   802  1337 D ApplicationLoaders: ignored Vulkan layer search path /system/priv-app/CellBroadcastReceiver/lib/arm:/system/lib:/vendor/lib for namespace 0xa861d090
01-01 00:04:06.563   535   571 I InputDispatcher: Dropping event because there is no touchable window at (72, 382).
01-01 00:04:06.670   802  1340 V NFC     : this device does not have NFC support
01-01 00:04:06.687   802  1339 D LocalBluetoothProfileManager: Adding local MAP profile
01-01 00:04:06.693   802  1339 D BluetoothMap: Create BluetoothMap proxy object
01-01 00:04:06.703   802  1339 D LocalBluetoothProfileManager: LocalBluetoothProfileManager construction complete
01-01 00:04:06.764   802   906 I OpenGLRenderer: Initialized EGL, version 1.4
01-01 00:04:06.764   802   906 D OpenGLRenderer: Swap behavior 2
01-01 00:04:06.820   802  1338 I IndexDatabaseHelper: Bootstrapped database
01-01 00:04:06.832   802  1339 W StorageManager: Could not read /sys/block/bootdev_size
01-01 00:04:06.832   802  1339 W StorageManager: java.io.FileNotFoundException: /sys/block/bootdev_size (No such file or directory)
01-01 00:04:06.832   802  1339 W StorageManager: 	at java.io.FileInputStream.open(Native Method)
01-01 00:04:06.832   802  1339 W StorageManager: 	at java.io.FileInputStream.<init>(FileInputStream.java:146)
01-01 00:04:06.832   802  1339 W StorageManager: 	at java.io.FileInputStream.<init>(FileInputStream.java:99)
01-01 00:04:06.832   802  1339 W StorageManager: 	at android.os.storage.StorageManager.readLong(StorageManager.java:938)
01-01 00:04:06.832   802  1339 W StorageManager: 	at android.os.storage.StorageManager.getPrimaryStorageSize(StorageManager.java:930)
01-01 00:04:06.832   802  1339 W StorageManager: 	at com.android.settingslib.deviceinfo.StorageManagerVolumeProvider.getPrimaryStorageSize(StorageManagerVolumeProvider.java:37)
01-01 00:04:06.832   802  1339 W StorageManager: 	at com.android.settingslib.deviceinfo.PrivateStorageInfo.getPrivateStorageInfo(PrivateStorageInfo.java:40)
01-01 00:04:06.832   802  1339 W StorageManager: 	at com.android.settings.deviceinfo.StorageSettings$SummaryProvider.updateSummary(StorageSettings.java:513)
01-01 00:04:06.832   802  1339 W StorageManager: 	at com.android.settings.deviceinfo.StorageSettings$SummaryProvider.setListening(StorageSettings.java:506)
01-01 00:04:06.832   802  1339 W StorageManager: 	at com.android.settings.dashboard.SummaryLoader.setListeningW(SummaryLoader.java:192)
01-01 00:04:06.832   802  1339 W StorageManager: 	at com.android.settings.dashboard.SummaryLoader.-wrap2(SummaryLoader.java)
01-01 00:04:06.832   802  1339 W StorageManager: 	at com.android.settings.dashboard.SummaryLoader$Worker.handleMessage(SummaryLoader.java:253)
01-01 00:04:06.832   802  1339 W StorageManager: 	at android.os.Handler.dispatchMessage(Handler.java:102)
01-01 00:04:06.832   802  1339 W StorageManager: 	at android.os.Looper.loop(Looper.java:154)
01-01 00:04:06.832   802  1339 W StorageManager: 	at android.os.HandlerThread.run(HandlerThread.java:61)
01-01 00:04:06.858   802  1338 I IndexDatabaseHelper: Using schema version: 115
01-01 00:04:06.862   802  1338 I IndexDatabaseHelper: Index is fine
01-01 00:04:06.899   802  1339 W DataUsageController: Failed to get data usage, no subscriber id
01-01 00:04:06.941   802  1338 V FingerprintManager: FingerprintManagerService was null
01-01 00:04:06.941   802  1338 W FingerprintManager: isFingerprintHardwareDetected(): Service not connected!
01-01 00:04:06.977   802  1339 W ProcStatsManager: No process com.android.providers.calendar/10004 for service com.android.providers.calendar.EmptyService
01-01 00:04:06.978   802  1339 W ProcStatsManager: No process com.android.providers.calendar/10004 for service com.android.providers.calendar.CalendarProviderIntentService
01-01 00:04:06.978   802  1339 W ProcStatsManager: No process com.android.carrierconfig/10005 for service com.android.carrierconfig.DefaultCarrierConfigService
01-01 00:04:06.978   802  1339 W ProcStatsManager: No process com.android.calendar/10034 for service com.android.calendar.alerts.InitAlarmsService
01-01 00:04:06.978   802  1339 W ProcStatsManager: No process com.android.calendar/10034 for service com.android.calendar.alerts.AlertService
01-01 00:04:06.978   802  1339 W ProcStatsManager: No process com.android.printspooler/10053 for service com.android.printspooler.model.PrintSpoolerService
01-01 00:04:06.978   802  1339 W ProcStatsManager: No process com.android.onetimeinitializer/10019 for service com.android.onetimeinitializer.OneTimeInitializerService
01-01 00:04:06.978   802  1339 W ProcStatsManager: No process system/1000 for service com.android.server.telecom.components.BluetoothPhoneService
01-01 00:04:06.978   802  1339 W ProcStatsManager: No process system/1000 for service com.android.server.telecom.components.TelecomService
01-01 00:04:06.978   802  1339 W ProcStatsManager: No process com.android.keychain/1000 for service com.android.keychain.KeyChainService
01-01 00:04:06.978   802  1339 W ProcStatsManager: No process com.android.dialer/10010 for service com.android.dialer.calllog.CallLogNotificationsService
01-01 00:04:06.979   802  1339 W ProcStatsManager: No process com.android.email/10042 for service com.android.email.service.EmailBroadcastProcessorService
01-01 00:04:06.979   802  1339 W ProcStatsManager: No process system/1000 for service com.android.location.fused.FusedLocationService
01-01 00:04:06.979   802  1339 W ProcStatsManager: No process com.android.bluetooth/1002 for service com.android.bluetooth.btservice.AdapterService
01-01 00:04:07.034   802   802 D DashboardSummary: onConditionsChanged
01-01 00:04:07.039   535   555 I ActivityManager: Displayed com.android.settings/.Settings: +808ms
01-01 00:04:07.920   802  1338 D Index   : Indexing locale 'en_US' took 1053 millis
01-01 00:04:07.982   802  1338 D Index   : Indexing locale 'en_US' took 10 millis
01-01 00:04:08.025   802  1338 D Index   : Indexing locale 'en_US' took 12 millis
01-01 00:04:08.532   535   581 D WifiNative-HAL: Failing getSupportedFeatureset because HAL isn't started
01-01 00:04:08.544   736   736 E PhoneInterfaceManager: [PhoneIntfMgr] queryModemActivityInfo: Empty response
01-01 00:04:08.545   535   768 E BatteryStatsService: no controller energy info supplied
01-01 00:04:08.545   535   768 E BatteryStatsService: no controller energy info supplied
01-01 00:04:08.549   535   768 E KernelCpuSpeedReader: Failed to read cpu-freq: /sys/devices/system/cpu/cpu0/cpufreq/stats/time_in_state (No such file or directory)
01-01 00:04:08.551   535   768 E KernelUidCpuTimeReader: Failed to read uid_cputime: /proc/uid_cputime/show_uid_stat (No such file or directory)
01-01 00:04:08.559   535   768 E BatteryStatsService: modem info is invalid: ModemActivityInfo{ mTimestamp=0 mSleepTimeMs=0 mIdleTimeMs=0 mTxTimeMs[]=[0, 0, 0, 0, 0] mRxTimeMs=0 mEnergyUsed=0}
01-01 00:04:08.577   535   544 I art     : Background sticky concurrent mark sweep GC freed 30355(1669KB) AllocSpace objects, 15(296KB) LOS objects, 29% free, 5MB/8MB, paused 6.570ms total 90.340ms
01-01 00:04:09.230   535   607 E TaskPersister: File error accessing recents directory (directory doesn't exist?).
01-01 00:04:09.289   264   307 W audio_hw_primary: do_out_standby... -1449838848
01-01 00:04:11.942   535   644 I ActivityManager: START u0 {flg=0x8000 cmp=com.android.settings/.Settings$SoundSettingsActivity (has extras)} from uid 1000 on display 0
01-01 00:04:11.949   264   307 I audio_hw_primary: start_output_stream_primary... -1449838848, device 1024
01-01 00:04:11.951   264   307 W audio_hw_primary: card 2, port 0 device 0x400
01-01 00:04:11.951   264   307 W audio_hw_primary: rate 44100, channel 2 period_size 0x300
01-01 00:04:12.049   535   643 E UserRestrictionsUtils: Unknown restriction: null
01-01 00:04:12.050   535   546 E UserRestrictionsUtils: Unknown restriction: null
01-01 00:04:12.052   535   790 E UserRestrictionsUtils: Unknown restriction: null
01-01 00:04:12.053   535   545 E UserRestrictionsUtils: Unknown restriction: null
01-01 00:04:12.057   535   644 E UserRestrictionsUtils: Unknown restriction: null
01-01 00:04:12.060   535   768 E UserRestrictionsUtils: Unknown restriction: null
01-01 00:04:12.074   535   571 I InputDispatcher: Dropping event because there is no touchable window at (311, 611).
01-01 00:04:12.211   535   571 I InputDispatcher: Dropping event because there is no touchable window at (312, 610).
01-01 00:04:12.236   802  1340 D Index   : Indexing locale 'en_US' took 18 millis
01-01 00:04:12.298   802  1340 D Index   : Indexing locale 'en_US' took 16 millis
01-01 00:04:12.480   272  1355 D NuPlayerDriver: notifyListener_l(0xa480c240), (1, 0, 0), loop setting(0, 0)
01-01 00:04:12.480   802  1354 D MediaPlayer: setSubtitleAnchor in MediaPlayer
01-01 00:04:12.496   802  1354 D Ringtone: Successfully created local player
01-01 00:04:12.497   272   714 D NuPlayerDriver: reset(0xa480c240) at state 4
01-01 00:04:12.497   272   714 D NuPlayerDriver: notifyListener_l(0xa480c240), (8, 0, 0), loop setting(0, 0)
01-01 00:04:12.498   272  1355 D NuPlayerDriver: notifyResetComplete(0xa480c240)
01-01 00:04:12.500   272   695 D NuPlayerDriver: reset(0xa480c240) at state 0
01-01 00:04:12.526   272  1358 D NuPlayerDriver: notifyListener_l(0xa602ade0), (1, 0, 0), loop setting(0, 0)
01-01 00:04:12.526   802  1357 D MediaPlayer: setSubtitleAnchor in MediaPlayer
01-01 00:04:12.533   802  1357 D Ringtone: Successfully created local player
01-01 00:04:12.534   272   714 D NuPlayerDriver: reset(0xa602ade0) at state 4
01-01 00:04:12.534   272   714 D NuPlayerDriver: notifyListener_l(0xa602ade0), (8, 0, 0), loop setting(1, 0)
01-01 00:04:12.535   272  1358 D NuPlayerDriver: notifyResetComplete(0xa602ade0)
01-01 00:04:12.536   272   301 D NuPlayerDriver: reset(0xa602ade0) at state 0
01-01 00:04:12.571   272  1362 D NuPlayerDriver: notifyListener_l(0xa480c000), (1, 0, 0), loop setting(0, 0)
01-01 00:04:12.572   802  1354 D MediaPlayer: setSubtitleAnchor in MediaPlayer
01-01 00:04:12.578   802  1354 D Ringtone: Successfully created local player
01-01 00:04:12.580   272  1363 D NuPlayerDriver: notifyListener_l(0xa480c240), (1, 0, 0), loop setting(0, 0)
01-01 00:04:12.583   802  1361 D MediaPlayer: setSubtitleAnchor in MediaPlayer
01-01 00:04:12.591   802  1361 D Ringtone: Successfully created local player
01-01 00:04:12.592   272   272 D NuPlayerDriver: reset(0xa480c240) at state 4
01-01 00:04:12.593   272   272 D NuPlayerDriver: notifyListener_l(0xa480c240), (8, 0, 0), loop setting(0, 0)
01-01 00:04:12.594   272  1363 D NuPlayerDriver: notifyResetComplete(0xa480c240)
01-01 00:04:12.594   272   301 D NuPlayerDriver: reset(0xa480c240) at state 0
01-01 00:04:12.605   272  1367 D NuPlayerDriver: notifyListener_l(0xa602b0e0), (1, 0, 0), loop setting(0, 0)
01-01 00:04:12.605   802  1357 D MediaPlayer: setSubtitleAnchor in MediaPlayer
01-01 00:04:12.619   802  1357 D Ringtone: Successfully created local player
01-01 00:04:12.668   272  1372 D NuPlayerDriver: notifyListener_l(0xa602af60), (1, 0, 0), loop setting(0, 0)
01-01 00:04:12.668   802  1361 D MediaPlayer: setSubtitleAnchor in MediaPlayer
01-01 00:04:12.672   802  1361 D Ringtone: Successfully created local player
01-01 00:04:12.765   535   555 I ActivityManager: Displayed com.android.settings/.Settings$SoundSettingsActivity: +804ms
01-01 00:04:14.984   535   607 E TaskPersister: File error accessing recents directory (directory doesn't exist?).
01-01 00:04:14.997   272   714 D NuPlayerDriver: reset(0xa480c000) at state 4
01-01 00:04:14.997   272   714 D NuPlayerDriver: notifyListener_l(0xa480c000), (8, 0, 0), loop setting(0, 0)
01-01 00:04:14.997   272  1362 D NuPlayerDriver: notifyResetComplete(0xa480c000)
01-01 00:04:14.998   272   695 D NuPlayerDriver: reset(0xa480c000) at state 0
01-01 00:04:15.024   264   307 W audio_hw_primary: do_out_standby... -1449838848
01-01 00:04:15.029   272  1375 D NuPlayerDriver: notifyListener_l(0xa602ae40), (1, 0, 0), loop setting(0, 0)
01-01 00:04:15.029   802  1354 D MediaPlayer: setSubtitleAnchor in MediaPlayer
01-01 00:04:15.032   802  1354 D Ringtone: Successfully created local player
01-01 00:04:15.034   272   301 D NuPlayerDriver: start(0xa602ae40), state is 4, eos is 0
01-01 00:04:15.034   272  1375 I GenericSource: start
01-01 00:04:15.053   272  1380 I MediaPlayerService: MediaPlayerService::getOMX
01-01 00:04:15.054   272  1380 I OMXClient: MuxOMX ctor
01-01 00:04:15.055   269   712 I OMXMaster: makeComponentInstance(OMX.google.vorbis.decoder) in mediacodec process
01-01 00:04:15.059   269   713 E OMXNodeInstance: setConfig(10d0038:google.vorbis.decoder, ConfigPriority(0x6f800002)) ERROR: Undefined(0x80001001)
01-01 00:04:15.059   272  1380 I ACodec  : codec does not support config priority (err -2147483648)
01-01 00:04:15.060   272  1380 I MediaCodec: MediaCodec will operate in async mode
01-01 00:04:15.092   272  1378 D AudioTrack: Client defaulted notificationFrames to 11136 for frameCount 22272
01-01 00:04:15.093   264   307 I audio_hw_primary: start_output_stream_primary... -1449838848, device 1024
01-01 00:04:15.094   264   307 W audio_hw_primary: card 2, port 0 device 0x400
01-01 00:04:15.094   264   307 W audio_hw_primary: rate 44100, channel 2 period_size 0x300
01-01 00:04:15.095   272  1375 D NuPlayerDriver: notifyListener_l(0xa602ae40), (6, 0, 0), loop setting(0, 0)
01-01 00:04:15.161   272  1379 I NuPlayerDecoder: [audio] saw output EOS
01-01 00:04:15.588   272  1375 D NuPlayerDriver: notifyListener_l(0xa602ae40), (2, 0, 0), loop setting(0, 0)
01-01 00:04:16.722   535   547 W ResourceType: No known package when getting value for resource number 0x7f0200fc
01-01 00:04:16.722   535   547 W ResourceType: No known package when getting value for resource number 0x7f0e03ac
01-01 00:04:16.724   535   547 W ResourceType: No known package when getting value for resource number 0x7f0200fb
01-01 00:04:16.724   535   547 W ResourceType: No known package when getting value for resource number 0x7f0e093c
01-01 00:04:16.725   535   547 W ResourceType: No known package when getting value for resource number 0x7f0200fa
01-01 00:04:16.725   535   547 W ResourceType: No known package when getting value for resource number 0x7f0e07ea
01-01 00:04:16.733   736   736 E PhoneInterfaceManager: [PhoneIntfMgr] getCarrierPackageNamesForIntent: No UICC
01-01 00:04:16.733   736   736 D CarrierSvcBindHelper: No carrier app for: 0
01-01 00:04:16.734   535   572 I InputReader: Reconfiguring input devices.  changes=0x00000010
01-01 00:04:16.801  1098  1098 I Launcher: Deferring update until onResume
01-01 00:04:16.818  1098  1098 I Launcher: Deferring update until onResume
01-01 00:04:16.998   272   714 D NuPlayerDriver: reset(0xa602ae40) at state 6
01-01 00:04:16.998   272   714 D NuPlayerDriver: notifyListener_l(0xa602ae40), (8, 0, 0), loop setting(0, 0)
01-01 00:04:17.007   272  1375 W AMessage: failed to post message as target looper for handler 0 is gone.
01-01 00:04:17.008   272  1375 D NuPlayerDriver: notifyResetComplete(0xa602ae40)
01-01 00:04:17.008   272   272 D NuPlayerDriver: reset(0xa602ae40) at state 0
01-01 00:04:17.186   647   716 I vol.Events: writeEvent level_changed STREAM_MUSIC 15
01-01 00:04:17.213   272  1383 D NuPlayerDriver: notifyListener_l(0xa480c2a0), (1, 0, 0), loop setting(0, 0)
01-01 00:04:17.214   802  1354 D MediaPlayer: setSubtitleAnchor in MediaPlayer
01-01 00:04:17.217   802  1354 D Ringtone: Successfully created local player
01-01 00:04:17.218   272   272 D NuPlayerDriver: start(0xa480c2a0), state is 4, eos is 0
01-01 00:04:17.219   272  1383 I GenericSource: start
01-01 00:04:17.238   272  1388 I MediaPlayerService: MediaPlayerService::getOMX
01-01 00:04:17.239   272  1388 I OMXClient: MuxOMX ctor
01-01 00:04:17.239   269   713 I OMXMaster: makeComponentInstance(OMX.google.vorbis.decoder) in mediacodec process
01-01 00:04:17.243   269   269 E OMXNodeInstance: setConfig(10d0039:google.vorbis.decoder, ConfigPriority(0x6f800002)) ERROR: Undefined(0x80001001)
01-01 00:04:17.244   272  1388 I ACodec  : codec does not support config priority (err -2147483648)
01-01 00:04:17.245   272  1388 I MediaCodec: MediaCodec will operate in async mode
01-01 00:04:17.275   272  1386 D AudioTrack: Client defaulted notificationFrames to 11136 for frameCount 22272
01-01 00:04:17.277   272  1383 D NuPlayerDriver: notifyListener_l(0xa480c2a0), (6, 0, 0), loop setting(0, 0)
01-01 00:04:17.312   272  1386 W AudioTrack: getTimestamp() location moved from kernel to server
01-01 00:04:17.350   272  1387 I NuPlayerDecoder: [audio] saw output EOS
01-01 00:04:17.782   272  1383 D NuPlayerDriver: notifyListener_l(0xa480c2a0), (2, 0, 0), loop setting(0, 0)
01-01 00:04:18.741   272   695 D NuPlayerDriver: reset(0xa480c2a0) at state 6
01-01 00:04:18.741   272   695 D NuPlayerDriver: notifyListener_l(0xa480c2a0), (8, 0, 0), loop setting(0, 0)
01-01 00:04:18.753   272  1383 W AMessage: failed to post message as target looper for handler 0 is gone.
01-01 00:04:18.754   272  1383 D NuPlayerDriver: notifyResetComplete(0xa480c2a0)
01-01 00:04:18.755   272   714 D NuPlayerDriver: reset(0xa480c2a0) at state 0
01-01 00:04:18.787   272  1392 D NuPlayerDriver: notifyListener_l(0xa480c240), (1, 0, 0), loop setting(0, 0)
01-01 00:04:18.787   802  1354 D MediaPlayer: setSubtitleAnchor in MediaPlayer
01-01 00:04:18.790   802  1354 D Ringtone: Successfully created local player
01-01 00:04:18.792   272   695 D NuPlayerDriver: start(0xa480c240), state is 4, eos is 0
01-01 00:04:18.792   272  1392 I GenericSource: start
01-01 00:04:18.805   272  1397 I MediaPlayerService: MediaPlayerService::getOMX
01-01 00:04:18.806   272  1397 I OMXClient: MuxOMX ctor
01-01 00:04:18.807   269   269 I OMXMaster: makeComponentInstance(OMX.google.vorbis.decoder) in mediacodec process
01-01 00:04:18.815   269   284 E OMXNodeInstance: setConfig(10d003a:google.vorbis.decoder, ConfigPriority(0x6f800002)) ERROR: Undefined(0x80001001)
01-01 00:04:18.815   272  1397 I ACodec  : codec does not support config priority (err -2147483648)
01-01 00:04:18.817   272  1397 I MediaCodec: MediaCodec will operate in async mode
01-01 00:04:18.848   272  1395 D AudioTrack: Client defaulted notificationFrames to 11136 for frameCount 22272
01-01 00:04:18.850   272  1392 D NuPlayerDriver: notifyListener_l(0xa480c240), (6, 0, 0), loop setting(0, 0)
01-01 00:04:18.878   272  1395 W AudioTrack: getTimestamp() location moved from kernel to server
01-01 00:04:18.931   272  1396 I NuPlayerDecoder: [audio] saw output EOS
01-01 00:04:19.334   272  1392 D NuPlayerDriver: notifyListener_l(0xa480c240), (2, 0, 0), loop setting(0, 0)
01-01 00:04:20.741   272   714 D NuPlayerDriver: reset(0xa480c240) at state 6
01-01 00:04:20.741   272   714 D NuPlayerDriver: notifyListener_l(0xa480c240), (8, 0, 0), loop setting(0, 0)
01-01 00:04:20.750   272  1392 W AMessage: failed to post message as target looper for handler 0 is gone.
01-01 00:04:20.752   272  1392 D NuPlayerDriver: notifyResetComplete(0xa480c240)
01-01 00:04:20.752   272   272 D NuPlayerDriver: reset(0xa480c240) at state 0
01-01 00:04:21.544   272  1400 D NuPlayerDriver: notifyListener_l(0xa480c1e0), (1, 0, 0), loop setting(0, 0)
01-01 00:04:21.545   802  1354 D MediaPlayer: setSubtitleAnchor in MediaPlayer
01-01 00:04:21.547   802  1354 D Ringtone: Successfully created local player
01-01 00:04:21.549   272   714 D NuPlayerDriver: start(0xa480c1e0), state is 4, eos is 0
01-01 00:04:21.549   272  1400 I GenericSource: start
01-01 00:04:21.561   272  1405 I MediaPlayerService: MediaPlayerService::getOMX
01-01 00:04:21.562   272  1405 I OMXClient: MuxOMX ctor
01-01 00:04:21.563   269   712 I OMXMaster: makeComponentInstance(OMX.google.vorbis.decoder) in mediacodec process
01-01 00:04:21.570   269   713 E OMXNodeInstance: setConfig(10d003b:google.vorbis.decoder, ConfigPriority(0x6f800002)) ERROR: Undefined(0x80001001)
01-01 00:04:21.571   272  1405 I ACodec  : codec does not support config priority (err -2147483648)
01-01 00:04:21.573   272  1405 I MediaCodec: MediaCodec will operate in async mode
01-01 00:04:21.604   272  1403 D AudioTrack: Client defaulted notificationFrames to 11136 for frameCount 22272
01-01 00:04:21.606   272  1400 D NuPlayerDriver: notifyListener_l(0xa480c1e0), (6, 0, 0), loop setting(0, 0)
01-01 00:04:21.630   272  1403 W AudioTrack: getTimestamp() location moved from kernel to server
01-01 00:04:21.680   272  1404 I NuPlayerDecoder: [audio] saw output EOS
01-01 00:04:22.089   272  1400 D NuPlayerDriver: notifyListener_l(0xa480c1e0), (2, 0, 0), loop setting(0, 0)
01-01 00:04:23.519   272   272 D NuPlayerDriver: reset(0xa480c1e0) at state 6
01-01 00:04:23.519   272   272 D NuPlayerDriver: notifyListener_l(0xa480c1e0), (8, 0, 0), loop setting(0, 0)
01-01 00:04:23.529   272  1400 W AMessage: failed to post message as target looper for handler 0 is gone.
01-01 00:04:23.530   272  1400 D NuPlayerDriver: notifyResetComplete(0xa480c1e0)
01-01 00:04:23.533   272   301 D NuPlayerDriver: reset(0xa480c1e0) at state 0
01-01 00:04:23.607   647   716 I vol.Events: writeEvent level_changed STREAM_ALARM 7
01-01 00:04:23.997   272   272 D NuPlayerDriver: reset(0xa602b0e0) at state 4
01-01 00:04:23.997   272   272 D NuPlayerDriver: notifyListener_l(0xa602b0e0), (8, 0, 0), loop setting(1, 0)
01-01 00:04:23.997   272  1367 D NuPlayerDriver: notifyResetComplete(0xa602b0e0)
01-01 00:04:23.998   272   725 D NuPlayerDriver: reset(0xa602b0e0) at state 0
01-01 00:04:24.041   272  1409 D NuPlayerDriver: notifyListener_l(0xa602b1a0), (1, 0, 0), loop setting(0, 0)
01-01 00:04:24.041   802  1357 D MediaPlayer: setSubtitleAnchor in MediaPlayer
01-01 00:04:24.044   802  1357 D Ringtone: Successfully created local player
01-01 00:04:24.046   272   301 D NuPlayerDriver: start(0xa602b1a0), state is 4, eos is 0
01-01 00:04:24.046   272  1409 I GenericSource: start
01-01 00:04:24.062   272  1414 I MediaPlayerService: MediaPlayerService::getOMX
01-01 00:04:24.064   272  1414 I OMXClient: MuxOMX ctor
01-01 00:04:24.065   269   712 I OMXMaster: makeComponentInstance(OMX.google.vorbis.decoder) in mediacodec process
01-01 00:04:24.071   269   269 E OMXNodeInstance: setConfig(10d003c:google.vorbis.decoder, ConfigPriority(0x6f800002)) ERROR: Undefined(0x80001001)
01-01 00:04:24.071   272  1414 I ACodec  : codec does not support config priority (err -2147483648)
01-01 00:04:24.073   272  1414 I MediaCodec: MediaCodec will operate in async mode
01-01 00:04:24.105   272  1412 D AudioTrack: Client defaulted notificationFrames to 11136 for frameCount 22272
01-01 00:04:24.246   264   307 I audio_hw_primary: out_set_parameters, old 0x400, new 0x2 do_output_standby
01-01 00:04:24.246   264   307 W audio_hw_primary: do_out_standby... -1449838848
01-01 00:04:24.246   264   307 W audio_hw_primary: out_set_parameters routing=2, ret 0, out -1449838848
01-01 00:04:24.246   264   306 I audio_hw_primary: start_output_stream_primary... -1449838848, device 2
01-01 00:04:24.246   264   306 W audio_hw_primary: card -1, port 0 device 0x2
01-01 00:04:24.246   264   306 W audio_hw_primary: rate 44100, channel 2 period_size 0xc0
01-01 00:04:24.246   264   306 E audio_hw_primary: cannot open pcm_out driver 0: cannot open device '/dev/snd/pcmC4294967295D0p': No such file or directory
01-01 00:04:24.249   272  1409 D NuPlayerDriver: notifyListener_l(0xa602b1a0), (6, 0, 0), loop setting(1, 0)
01-01 00:04:24.251   264   306 I audio_hw_primary: start_output_stream_primary... -1449838848, device 2
01-01 00:04:24.251   264   306 W audio_hw_primary: card -1, port 0 device 0x2
01-01 00:04:24.251   264   306 W audio_hw_primary: rate 44100, channel 2 period_size 0xc0
01-01 00:04:24.251   264   306 E audio_hw_primary: cannot open pcm_out driver 0: cannot open device '/dev/snd/pcmC4294967295D0p': No such file or directory
01-01 00:04:24.256   264   306 I audio_hw_primary: start_output_stream_primary... -1449838848, device 2
01-01 00:04:24.256   264   306 W audio_hw_primary: card -1, port 0 device 0x2
01-01 00:04:24.256   264   306 W audio_hw_primary: rate 44100, channel 2 period_size 0xc0
01-01 00:04:24.256   264   306 E audio_hw_primary: cannot open pcm_out driver 0: cannot open device '/dev/snd/pcmC4294967295D0p': No such file or directory
01-01 00:04:24.260   264   306 I audio_hw_primary: start_output_stream_primary... -1449838848, device 2
01-01 00:04:24.261   264   306 W audio_hw_primary: card -1, port 0 device 0x2
01-01 00:04:24.261   264   306 W audio_hw_primary: rate 44100, channel 2 period_size 0xc0
01-01 00:04:24.261   264   306 E audio_hw_primary: cannot open pcm_out driver 0: cannot open device '/dev/snd/pcmC4294967295D0p': No such file or directory
01-01 00:04:24.265   264   306 I audio_hw_primary: start_output_stream_primary... -1449838848, device 2
01-01 00:04:24.265   264   306 W audio_hw_primary: card -1, port 0 device 0x2
01-01 00:04:24.266   264   306 W audio_hw_primary: rate 44100, channel 2 period_size 0xc0
01-01 00:04:24.266   264   306 E audio_hw_primary: cannot open pcm_out driver 0: cannot open device '/dev/snd/pcmC4294967295D0p': No such file or directory
01-01 00:04:24.270   264   306 I audio_hw_primary: start_output_stream_primary... -1449838848, device 2
01-01 00:04:24.270   264   306 W audio_hw_primary: card -1, port 0 device 0x2
01-01 00:04:24.270   264   306 W audio_hw_primary: rate 44100, channel 2 period_size 0xc0
01-01 00:04:24.271   264   306 E audio_hw_primary: cannot open pcm_out driver 0: cannot open device '/dev/snd/pcmC4294967295D0p': No such file or directory
01-01 00:04:24.275   264   306 I audio_hw_primary: start_output_stream_primary... -1449838848, device 2
01-01 00:04:24.275   264   306 W audio_hw_primary: card -1, port 0 device 0x2
01-01 00:04:24.275   264   306 W audio_hw_primary: rate 44100, channel 2 period_size 0xc0
01-01 00:04:24.275   264   306 E audio_hw_primary: cannot open pcm_out driver 0: cannot open device '/dev/snd/pcmC4294967295D0p': No such file or directory
01-01 00:04:24.280   264   306 I audio_hw_primary: start_output_stream_primary... -1449838848, device 2
01-01 00:04:24.280   264   306 W audio_hw_primary: card -1, port 0 device 0x2
01-01 00:04:24.280   264   306 W audio_hw_primary: rate 44100, channel 2 period_size 0xc0
01-01 00:04:24.280   264   306 E audio_hw_primary: cannot open pcm_out driver 0: cannot open device '/dev/snd/pcmC4294967295D0p': No such file or directory
01-01 00:04:24.285   264   306 I audio_hw_primary: start_output_stream_primary... -1449838848, device 2
01-01 00:04:24.285   264   306 W audio_hw_primary: card -1, port 0 device 0x2
01-01 00:04:24.285   264   306 W audio_hw_primary: rate 44100, channel 2 period_size 0xc0
01-01 00:04:24.285   264   306 E audio_hw_primary: cannot open pcm_out driver 0: cannot open device '/dev/snd/pcmC4294967295D0p': No such file or directory
01-01 00:04:24.290   264   306 I audio_hw_primary: start_output_stream_primary... -1449838848, device 2
01-01 00:04:24.290   264   306 W audio_hw_primary: card -1, port 0 device 0x2
01-01 00:04:24.290   264   306 W audio_hw_primary: rate 44100, channel 2 period_size 0xc0
01-01 00:04:24.290   264   306 E audio_hw_primary: cannot open pcm_out driver 0: cannot open device '/dev/snd/pcmC4294967295D0p': No such file or directory
01-01 00:04:24.295   264   306 I audio_hw_primary: start_output_stream_primary... -1449838848, device 2
01-01 00:04:24.295   264   306 W audio_hw_primary: card -1, port 0 device 0x2
01-01 00:04:24.295   264   306 W audio_hw_primary: rate 44100, channel 2 period_size 0xc0
01-01 00:04:24.295   264   306 E audio_hw_primary: cannot open pcm_out driver 0: cannot open device '/dev/snd/pcmC4294967295D0p': No such file or directory
01-01 00:04:24.299   264   306 I audio_hw_primary: start_output_stream_primary... -1449838848, device 2
01-01 00:04:24.300   264   306 W audio_hw_primary: card -1, port 0 device 0x2
01-01 00:04:24.300   264   306 W audio_hw_primary: rate 44100, channel 2 period_size 0xc0
01-01 00:04:24.300   264   306 E audio_hw_primary: cannot open pcm_out driver 0: cannot open device '/dev/snd/pcmC4294967295D0p': No such file or directory
01-01 00:04:24.304   264   306 I audio_hw_primary: start_output_stream_primary... -1449838848, device 2
01-01 00:04:24.305   264   306 W audio_hw_primary: card -1, port 0 device 0x2
01-01 00:04:24.305   264   306 W audio_hw_primary: rate 44100, channel 2 period_size 0xc0
01-01 00:04:24.305   264   306 E audio_hw_primary: cannot open pcm_out driver 0: cannot open device '/dev/snd/pcmC4294967295D0p': No such file or directory
01-01 00:04:24.309   264   306 I audio_hw_primary: start_output_stream_primary... -1449838848, device 2
01-01 00:04:24.310   264   306 W audio_hw_primary: card -1, port 0 device 0x2
01-01 00:04:24.310   264   306 W audio_hw_primary: rate 44100, channel 2 period_size 0xc0
01-01 00:04:24.310   264   306 E audio_hw_primary: cannot open pcm_out driver 0: cannot open device '/dev/snd/pcmC4294967295D0p': No such file or directory
01-01 00:04:24.314   264   306 I audio_hw_primary: start_output_stream_primary... -1449838848, device 2
01-01 00:04:24.314   264   306 W audio_hw_primary: card -1, port 0 device 0x2
01-01 00:04:24.314   264   306 W audio_hw_primary: rate 44100, channel 2 period_size 0xc0
01-01 00:04:24.314   264   306 E audio_hw_primary: cannot open pcm_out driver 0: cannot open device '/dev/snd/pcmC4294967295D0p': No such file or directory
01-01 00:04:24.319   264   306 I audio_hw_primary: start_output_stream_primary... -1449838848, device 2
01-01 00:04:24.319   264   306 W audio_hw_primary: card -1, port 0 device 0x2
01-01 00:04:24.319   264   306 W audio_hw_primary: rate 44100, channel 2 period_size 0xc0
01-01 00:04:24.319   264   306 E audio_hw_primary: cannot open pcm_out driver 0: cannot open device '/dev/snd/pcmC4294967295D0p': No such file or directory
01-01 00:04:24.324   264   306 I audio_hw_primary: start_output_stream_primary... -1449838848, device 2
01-01 00:04:24.324   264   306 W audio_hw_primary: card -1, port 0 device 0x2
01-01 00:04:24.324   264   306 W audio_hw_primary: rate 44100, channel 2 period_size 0xc0
01-01 00:04:24.324   264   306 E audio_hw_primary: cannot open pcm_out driver 0: cannot open device '/dev/snd/pcmC4294967295D0p': No such file or directory
01-01 00:04:24.329   264   306 I audio_hw_primary: start_output_stream_primary... -1449838848, device 2
01-01 00:04:24.329   264   306 W audio_hw_primary: card -1, port 0 device 0x2
01-01 00:04:24.329   264   306 W audio_hw_primary: rate 44100, channel 2 period_size 0xc0
01-01 00:04:24.329   264   306 E audio_hw_primary: cannot open pcm_out driver 0: cannot open device '/dev/snd/pcmC4294967295D0p': No such file or directory
01-01 00:04:24.334   264   306 I audio_hw_primary: start_output_stream_primary... -1449838848, device 2
01-01 00:04:24.334   264   306 W audio_hw_primary: card -1, port 0 device 0x2
01-01 00:04:24.334   264   306 W audio_hw_primary: rate 44100, channel 2 period_size 0xc0
01-01 00:04:24.334   264   306 E audio_hw_primary: cannot open pcm_out driver 0: cannot open device '/dev/snd/pcmC4294967295D0p': No such file or directory
01-01 00:04:24.339   264   306 I audio_hw_primary: start_output_stream_primary... -1449838848, device 2
01-01 00:04:24.339   264   306 W audio_hw_primary: card -1, port 0 device 0x2
01-01 00:04:24.339   264   306 W audio_hw_primary: rate 44100, channel 2 period_size 0xc0
01-01 00:04:24.339   264   306 E audio_hw_primary: cannot open pcm_out driver 0: cannot open device '/dev/snd/pcmC4294967295D0p': No such file or directory
01-01 00:04:24.343   264   306 I audio_hw_primary: start_output_stream_primary... -1449838848, device 2
01-01 00:04:24.343   264   306 W audio_hw_primary: card -1, port 0 device 0x2
01-01 00:04:24.343   264   306 W audio_hw_primary: rate 44100, channel 2 period_size 0xc0
01-01 00:04:24.343   264   306 E audio_hw_primary: cannot open pcm_out driver 0: cannot open device '/dev/snd/pcmC4294967295D0p': No such file or directory
01-01 00:04:24.348   264   306 I audio_hw_primary: start_output_stream_primary... -1449838848, device 2
01-01 00:04:24.348   264   306 W audio_hw_primary: card -1, port 0 device 0x2
01-01 00:04:24.348   264   306 W audio_hw_primary: rate 44100, channel 2 period_size 0xc0
01-01 00:04:24.348   264   306 E audio_hw_primary: cannot open pcm_out driver 0: cannot open device '/dev/snd/pcmC4294967295D0p': No such file or directory
01-01 00:04:24.353   264   306 I audio_hw_primary: start_output_stream_primary... -1449838848, device 2
01-01 00:04:24.353   264   306 W audio_hw_primary: card -1, port 0 device 0x2
01-01 00:04:24.353   264   306 W audio_hw_primary: rate 44100, channel 2 period_size 0xc0
01-01 00:04:24.353   264   306 E audio_hw_primary: cannot open pcm_out driver 0: cannot open device '/dev/snd/pcmC4294967295D0p': No such file or directory
01-01 00:04:24.358   264   306 I audio_hw_primary: start_output_stream_primary... -1449838848, device 2
01-01 00:04:24.358   264   306 W audio_hw_primary: card -1, port 0 device 0x2
01-01 00:04:24.358   264   306 W audio_hw_primary: rate 44100, channel 2 period_size 0xc0
01-01 00:04:24.358   264   306 E audio_hw_primary: cannot open pcm_out driver 0: cannot open device '/dev/snd/pcmC4294967295D0p': No such file or directory
01-01 00:04:24.363   264   306 I audio_hw_primary: start_output_stream_primary... -1449838848, device 2
01-01 00:04:24.363   264   306 W audio_hw_primary: card -1, port 0 device 0x2
01-01 00:04:24.363   264   306 W audio_hw_primary: rate 44100, channel 2 period_size 0xc0
01-01 00:04:24.363   264   306 E audio_hw_primary: cannot open pcm_out driver 0: cannot open device '/dev/snd/pcmC4294967295D0p': No such file or directory
01-01 00:04:24.368   264   306 I audio_hw_primary: start_output_stream_primary... -1449838848, device 2
01-01 00:04:24.368   264   306 W audio_hw_primary: card -1, port 0 device 0x2
01-01 00:04:24.368   264   306 W audio_hw_primary: rate 44100, channel 2 period_size 0xc0
01-01 00:04:24.368   264   306 E audio_hw_primary: cannot open pcm_out driver 0: cannot open device '/dev/snd/pcmC4294967295D0p': No such file or directory
01-01 00:04:24.372   264   306 I audio_hw_primary: start_output_stream_primary... -1449838848, device 2
01-01 00:04:24.372   264   306 W audio_hw_primary: card -1, port 0 device 0x2
01-01 00:04:24.372   264   306 W audio_hw_primary: rate 44100, channel 2 period_size 0xc0
01-01 00:04:24.372   264   306 E audio_hw_primary: cannot open pcm_out driver 0: cannot open device '/dev/snd/pcmC4294967295D0p': No such file or directory
01-01 00:04:24.377   264   306 I audio_hw_primary: start_output_stream_primary... -1449838848, device 2
01-01 00:04:24.377   264   306 W audio_hw_primary: card -1, port 0 device 0x2
01-01 00:04:24.377   264   306 W audio_hw_primary: rate 44100, channel 2 period_size 0xc0
01-01 00:04:24.377   264   306 E audio_hw_primary: cannot open pcm_out driver 0: cannot open device '/dev/snd/pcmC4294967295D0p': No such file or directory
01-01 00:04:24.382   264   306 I audio_hw_primary: start_output_stream_primary... -1449838848, device 2
01-01 00:04:24.382   264   306 W audio_hw_primary: card -1, port 0 device 0x2
01-01 00:04:24.382   264   306 W audio_hw_primary: rate 44100, channel 2 period_size 0xc0
01-01 00:04:24.382   264   306 E audio_hw_primary: cannot open pcm_out driver 0: cannot open device '/dev/snd/pcmC4294967295D0p': No such file or directory
01-01 00:04:24.387   264   306 I audio_hw_primary: start_output_stream_primary... -1449838848, device 2
01-01 00:04:24.387   264   306 W audio_hw_primary: card -1, port 0 device 0x2
