01-01 00:04:24.935   264   306 W audio_hw_primary: card -1, port 0 device 0x2
01-01 00:04:24.935   264   306 W audio_hw_primary: rate 44100, channel 2 period_size 0xc0
01-01 00:04:24.935   264   306 E audio_hw_primary: cannot open pcm_out driver 0: cannot open device '/dev/snd/pcmC4294967295D0p': No such file or directory
01-01 00:04:24.940   264   306 I audio_hw_primary: start_output_stream_primary... -1449838848, device 2
01-01 00:04:24.940   264   306 W audio_hw_primary: card -1, port 0 device 0x2
01-01 00:04:24.940   264   306 W audio_hw_primary: rate 44100, channel 2 period_size 0xc0
01-01 00:04:24.940   264   306 E audio_hw_primary: cannot open pcm_out driver 0: cannot open device '/dev/snd/pcmC4294967295D0p': No such file or directory
01-01 00:04:24.944   264   306 I audio_hw_primary: start_output_stream_primary... -1449838848, device 2
01-01 00:04:24.945   264   306 W audio_hw_primary: card -1, port 0 device 0x2
01-01 00:04:24.945   264   306 W audio_hw_primary: rate 44100, channel 2 period_size 0xc0
01-01 00:04:24.945   264   306 E audio_hw_primary: cannot open pcm_out driver 0: cannot open device '/dev/snd/pcmC4294967295D0p': No such file or directory
01-01 00:04:24.949   264   306 I audio_hw_primary: start_output_stream_primary... -1449838848, device 2
01-01 00:04:24.949   264   306 W audio_hw_primary: card -1, port 0 device 0x2
01-01 00:04:24.949   264   306 W audio_hw_primary: rate 44100, channel 2 period_size 0xc0
01-01 00:04:24.949   264   306 E audio_hw_primary: cannot open pcm_out driver 0: cannot open device '/dev/snd/pcmC4294967295D0p': No such file or directory
01-01 00:04:24.954   264   306 I audio_hw_primary: start_output_stream_primary... -1449838848, device 2
01-01 00:04:24.954   264   306 W audio_hw_primary: card -1, port 0 device 0x2
01-01 00:04:24.954   264   306 W audio_hw_primary: rate 44100, channel 2 period_size 0xc0
01-01 00:04:24.954   264   306 E audio_hw_primary: cannot open pcm_out driver 0: cannot open device '/dev/snd/pcmC4294967295D0p': No such file or directory
01-01 00:04:24.958   264   306 I audio_hw_primary: start_output_stream_primary... -1449838848, device 2
01-01 00:04:24.958   264   306 W audio_hw_primary: card -1, port 0 device 0x2
01-01 00:04:24.958   264   306 W audio_hw_primary: rate 44100, channel 2 period_size 0xc0
01-01 00:04:24.958   264   306 E audio_hw_primary: cannot open pcm_out driver 0: cannot open device '/dev/snd/pcmC4294967295D0p': No such file or directory
01-01 00:04:24.963   264   306 I audio_hw_primary: start_output_stream_primary... -1449838848, device 2
01-01 00:04:24.963   264   306 W audio_hw_primary: card -1, port 0 device 0x2
01-01 00:04:24.963   264   306 W audio_hw_primary: rate 44100, channel 2 period_size 0xc0
01-01 00:04:24.963   264   306 E audio_hw_primary: cannot open pcm_out driver 0: cannot open device '/dev/snd/pcmC4294967295D0p': No such file or directory
01-01 00:04:24.968   264   306 I audio_hw_primary: start_output_stream_primary... -1449838848, device 2
01-01 00:04:24.968   264   306 W audio_hw_primary: card -1, port 0 device 0x2
01-01 00:04:24.968   264   306 W audio_hw_primary: rate 44100, channel 2 period_size 0xc0
01-01 00:04:24.968   264   306 E audio_hw_primary: cannot open pcm_out driver 0: cannot open device '/dev/snd/pcmC4294967295D0p': No such file or directory
01-01 00:04:24.972   264   306 I audio_hw_primary: start_output_stream_primary... -1449838848, device 2
01-01 00:04:24.972   264   306 W audio_hw_primary: card -1, port 0 device 0x2
01-01 00:04:24.972   264   306 W audio_hw_primary: rate 44100, channel 2 period_size 0xc0
01-01 00:04:24.972   264   306 E audio_hw_primary: cannot open pcm_out driver 0: cannot open device '/dev/snd/pcmC4294967295D0p': No such file or directory
01-01 00:04:24.977   264   306 I audio_hw_primary: start_output_stream_primary... -1449838848, device 2
01-01 00:04:24.977   264   306 W audio_hw_primary: card -1, port 0 device 0x2
01-01 00:04:24.977   264   306 W audio_hw_primary: rate 44100, channel 2 period_size 0xc0
01-01 00:04:24.977   264   306 E audio_hw_primary: cannot open pcm_out driver 0: cannot open device '/dev/snd/pcmC4294967295D0p': No such file or directory
01-01 00:04:24.981   264   306 I audio_hw_primary: start_output_stream_primary... -1449838848, device 2
01-01 00:04:24.982   264   306 W audio_hw_primary: card -1, port 0 device 0x2
01-01 00:04:24.982   264   306 W audio_hw_primary: rate 44100, channel 2 period_size 0xc0
01-01 00:04:24.982   264   306 E audio_hw_primary: cannot open pcm_out driver 0: cannot open device '/dev/snd/pcmC4294967295D0p': No such file or directory
01-01 00:04:24.986   264   306 I audio_hw_primary: start_output_stream_primary... -1449838848, device 2
01-01 00:04:24.986   264   306 W audio_hw_primary: card -1, port 0 device 0x2
01-01 00:04:24.986   264   306 W audio_hw_primary: rate 44100, channel 2 period_size 0xc0
01-01 00:04:25.283   264   306 E audio_hw_primary: cannot open pcm_out driver 0: cannot open device '/dev/snd/pcmC4294967295D0p': No such file or directory
01-01 00:04:25.288   264   306 I audio_hw_primary: start_output_stream_primary... -1449838848, device 2
01-01 00:04:25.288   264   306 W audio_hw_primary: card -1, port 0 device 0x2
01-01 00:04:25.288   264   306 W audio_hw_primary: rate 44100, channel 2 period_size 0xc0
01-01 00:04:25.288   264   306 E audio_hw_primary: cannot open pcm_out driver 0: cannot open device '/dev/snd/pcmC4294967295D0p': No such file or directory
01-01 00:04:25.292   264   306 I audio_hw_primary: start_output_stream_primary... -1449838848, device 2
01-01 00:04:25.292   264   306 W audio_hw_primary: card -1, port 0 device 0x2
01-01 00:04:25.292   264   306 W audio_hw_primary: rate 44100, channel 2 period_size 0xc0
01-01 00:04:25.292   264   306 E audio_hw_primary: cannot open pcm_out driver 0: cannot open device '/dev/snd/pcmC4294967295D0p': No such file or directory
01-01 00:04:25.297   264   306 I audio_hw_primary: start_output_stream_primary... -1449838848, device 2
01-01 00:04:25.297   264   306 W audio_hw_primary: card -1, port 0 device 0x2
01-01 00:04:25.297   264   306 W audio_hw_primary: rate 44100, channel 2 period_size 0xc0
01-01 00:04:25.297   264   306 E audio_hw_primary: cannot open pcm_out driver 0: cannot open device '/dev/snd/pcmC4294967295D0p': No such file or directory
01-01 00:04:25.302   264   306 I audio_hw_primary: start_output_stream_primary... -1449838848, device 2
01-01 00:04:25.302   264   306 W audio_hw_primary: card -1, port 0 device 0x2
01-01 00:04:25.302   264   306 W audio_hw_primary: rate 44100, channel 2 period_size 0xc0
01-01 00:04:25.302   264   306 E audio_hw_primary: cannot open pcm_out driver 0: cannot open device '/dev/snd/pcmC4294967295D0p': No such file or directory
01-01 00:04:25.306   264   306 I audio_hw_primary: start_output_stream_primary... -1449838848, device 2
01-01 00:04:25.306   264   306 W audio_hw_primary: card -1, port 0 device 0x2
01-01 00:04:25.306   264   306 W audio_hw_primary: rate 44100, channel 2 period_size 0xc0
01-01 00:04:25.306   264   306 E audio_hw_primary: cannot open pcm_out driver 0: cannot open device '/dev/snd/pcmC4294967295D0p': No such file or directory
01-01 00:04:25.311   264   306 I audio_hw_primary: start_output_stream_primary... -1449838848, device 2
01-01 00:04:25.311   264   306 W audio_hw_primary: card -1, port 0 device 0x2
01-01 00:04:25.311   264   306 W audio_hw_primary: rate 44100, channel 2 period_size 0xc0
01-01 00:04:25.311   264   306 E audio_hw_primary: cannot open pcm_out driver 0: cannot open device '/dev/snd/pcmC4294967295D0p': No such file or directory
01-01 00:04:25.316   264   306 I audio_hw_primary: start_output_stream_primary... -1449838848, device 2
01-01 00:04:25.316   264   306 W audio_hw_primary: card -1, port 0 device 0x2
01-01 00:04:25.316   264   306 W audio_hw_primary: rate 44100, channel 2 period_size 0xc0
01-01 00:04:25.316   264   306 E audio_hw_primary: cannot open pcm_out driver 0: cannot open device '/dev/snd/pcmC4294967295D0p': No such file or directory
01-01 00:04:25.320   264   306 I audio_hw_primary: start_output_stream_primary... -1449838848, device 2
01-01 00:04:25.320   264   306 W audio_hw_primary: card -1, port 0 device 0x2
01-01 00:04:25.320   264   306 W audio_hw_primary: rate 44100, channel 2 period_size 0xc0
01-01 00:04:25.320   264   306 E audio_hw_primary: cannot open pcm_out driver 0: cannot open device '/dev/snd/pcmC4294967295D0p': No such file or directory
01-01 00:04:25.325   264   306 I audio_hw_primary: start_output_stream_primary... -1449838848, device 2
01-01 00:04:25.325   264   306 W audio_hw_primary: card -1, port 0 device 0x2
01-01 00:04:25.325   264   306 W audio_hw_primary: rate 44100, channel 2 period_size 0xc0
01-01 00:04:25.325   264   306 E audio_hw_primary: cannot open pcm_out driver 0: cannot open device '/dev/snd/pcmC4294967295D0p': No such file or directory
01-01 00:04:25.329   264   306 I audio_hw_primary: start_output_stream_primary... -1449838848, device 2
01-01 00:04:25.330   264   306 W audio_hw_primary: card -1, port 0 device 0x2
01-01 00:04:25.330   264   306 W audio_hw_primary: rate 44100, channel 2 period_size 0xc0
01-01 00:04:25.330   264   306 E audio_hw_primary: cannot open pcm_out driver 0: cannot open device '/dev/snd/pcmC4294967295D0p': No such file or directory
01-01 00:04:25.334   264   306 I audio_hw_primary: start_output_stream_primary... -1449838848, device 2
01-01 00:04:25.334   264   306 W audio_hw_primary: card -1, port 0 device 0x2
01-01 00:04:25.334   264   306 W audio_hw_primary: rate 44100, channel 2 period_size 0xc0
01-01 00:04:25.334   264   306 E audio_hw_primary: cannot open pcm_out driver 0: cannot open device '/dev/snd/pcmC4294967295D0p': No such file or directory
01-01 00:04:25.339   264   306 I audio_hw_primary: start_output_stream_primary... -1449838848, device 2
01-01 00:04:25.339   264   306 W audio_hw_primary: card -1, port 0 device 0x2
01-01 00:04:25.339   264   306 W audio_hw_primary: rate 44100, channel 2 period_size 0xc0
01-01 00:04:25.339   264   306 E audio_hw_primary: cannot open pcm_out driver 0: cannot open device '/dev/snd/pcmC4294967295D0p': No such file or directory
01-01 00:04:25.343   264   306 I audio_hw_primary: start_output_stream_primary... -1449838848, device 2
01-01 00:04:25.343   264   306 W audio_hw_primary: card -1, port 0 device 0x2
01-01 00:04:25.344   264   306 W audio_hw_primary: rate 44100, channel 2 period_size 0xc0
01-01 00:04:25.344   264   306 E audio_hw_primary: cannot open pcm_out driver 0: cannot open device '/dev/snd/pcmC4294967295D0p': No such file or directory
01-01 00:04:25.348   264   306 I audio_hw_primary: start_output_stream_primary... -1449838848, device 2
01-01 00:04:25.348   264   306 W audio_hw_primary: card -1, port 0 device 0x2
01-01 00:04:25.348   264   306 W audio_hw_primary: rate 44100, channel 2 period_size 0xc0
01-01 00:04:25.348   264   306 E audio_hw_primary: cannot open pcm_out driver 0: cannot open device '/dev/snd/pcmC4294967295D0p': No such file or directory
01-01 00:04:25.353   264   306 I audio_hw_primary: start_output_stream_primary... -1449838848, device 2
01-01 00:04:25.353   264   306 W audio_hw_primary: card -1, port 0 device 0x2
01-01 00:04:25.353   264   306 W audio_hw_primary: rate 44100, channel 2 period_size 0xc0
01-01 00:04:25.353   264   306 E audio_hw_primary: cannot open pcm_out driver 0: cannot open device '/dev/snd/pcmC4294967295D0p': No such file or directory
01-01 00:04:25.357   264   306 I audio_hw_primary: start_output_stream_primary... -1449838848, device 2
01-01 00:04:25.358   264   306 W audio_hw_primary: card -1, port 0 device 0x2
01-01 00:04:25.358   264   306 W audio_hw_primary: rate 44100, channel 2 period_size 0xc0
01-01 00:04:25.358   264   306 E audio_hw_primary: cannot open pcm_out driver 0: cannot open device '/dev/snd/pcmC4294967295D0p': No such file or directory
01-01 00:04:25.362   264   306 I audio_hw_primary: start_output_stream_primary... -1449838848, device 2
01-01 00:04:25.362   264   306 W audio_hw_primary: card -1, port 0 device 0x2
01-01 00:04:25.363   264   306 W audio_hw_primary: rate 44100, channel 2 period_size 0xc0
01-01 00:04:25.363   264   306 E audio_hw_primary: cannot open pcm_out driver 0: cannot open device '/dev/snd/pcmC4294967295D0p': No such file or directory
01-01 00:04:25.367   264   306 I audio_hw_primary: start_output_stream_primary... -1449838848, device 2
01-01 00:04:25.367   264   306 W audio_hw_primary: card -1, port 0 device 0x2
01-01 00:04:25.367   264   306 W audio_hw_primary: rate 44100, channel 2 period_size 0xc0
01-01 00:04:25.367   264   306 E audio_hw_primary: cannot open pcm_out driver 0: cannot open device '/dev/snd/pcmC4294967295D0p': No such file or directory
01-01 00:04:25.372   264   306 I audio_hw_primary: start_output_stream_primary... -1449838848, device 2
01-01 00:04:25.372   264   306 W audio_hw_primary: card -1, port 0 device 0x2
01-01 00:04:25.372   264   306 W audio_hw_primary: rate 44100, channel 2 period_size 0xc0
01-01 00:04:25.372   264   306 E audio_hw_primary: cannot open pcm_out driver 0: cannot open device '/dev/snd/pcmC4294967295D0p': No such file or directory
01-01 00:04:25.377   264   306 I audio_hw_primary: start_output_stream_primary... -1449838848, device 2
01-01 00:04:25.377   264   306 W audio_hw_primary: card -1, port 0 device 0x2
01-01 00:04:25.377   264   306 W audio_hw_primary: rate 44100, channel 2 period_size 0xc0
01-01 00:04:25.377   264   306 E audio_hw_primary: cannot open pcm_out driver 0: cannot open device '/dev/snd/pcmC4294967295D0p': No such file or directory
01-01 00:04:25.381   264   306 I audio_hw_primary: start_output_stream_primary... -1449838848, device 2
01-01 00:04:25.381   264   306 W audio_hw_primary: card -1, port 0 device 0x2
01-01 00:04:25.381   264   306 W audio_hw_primary: rate 44100, channel 2 period_size 0xc0
01-01 00:04:25.381   264   306 E audio_hw_primary: cannot open pcm_out driver 0: cannot open device '/dev/snd/pcmC4294967295D0p': No such file or directory
01-01 00:04:25.386   264   306 I audio_hw_primary: start_output_stream_primary... -1449838848, device 2
01-01 00:04:25.386   264   306 W audio_hw_primary: card -1, port 0 device 0x2
01-01 00:04:25.386   264   306 W audio_hw_primary: rate 44100, channel 2 period_size 0xc0
01-01 00:04:25.386   264   306 E audio_hw_primary: cannot open pcm_out driver 0: cannot open device '/dev/snd/pcmC4294967295D0p': No such file or directory
01-01 00:04:25.391   264   306 I audio_hw_primary: start_output_stream_primary... -1449838848, device 2
01-01 00:04:25.391   264   306 W audio_hw_primary: card -1, port 0 device 0x2
01-01 00:04:25.391   264   306 W audio_hw_primary: rate 44100, channel 2 period_size 0xc0
01-01 00:04:25.391   264   306 E audio_hw_primary: cannot open pcm_out driver 0: cannot open device '/dev/snd/pcmC4294967295D0p': No such file or directory
01-01 00:04:25.395   264   306 I audio_hw_primary: start_output_stream_primary... -1449838848, device 2
01-01 00:04:25.395   264   306 W audio_hw_primary: card -1, port 0 device 0x2
01-01 00:04:25.395   264   306 W audio_hw_primary: rate 44100, channel 2 period_size 0xc0
01-01 00:04:25.395   264   306 E audio_hw_primary: cannot open pcm_out driver 0: cannot open device '/dev/snd/pcmC4294967295D0p': No such file or directory
01-01 00:04:25.400   264   306 I audio_hw_primary: start_output_stream_primary... -1449838848, device 2
01-01 00:04:25.400   264   306 W audio_hw_primary: card -1, port 0 device 0x2
01-01 00:04:25.400   264   306 W audio_hw_primary: rate 44100, channel 2 period_size 0xc0
01-01 00:04:25.400   264   306 E audio_hw_primary: cannot open pcm_out driver 0: cannot open device '/dev/snd/pcmC4294967295D0p': No such file or directory
01-01 00:04:25.405   264   306 I audio_hw_primary: start_output_stream_primary... -1449838848, device 2
01-01 00:04:25.405   264   306 W audio_hw_primary: card -1, port 0 device 0x2
01-01 00:04:25.405   264   306 W audio_hw_primary: rate 44100, channel 2 period_size 0xc0
01-01 00:04:25.405   264   306 E audio_hw_primary: cannot open pcm_out driver 0: cannot open device '/dev/snd/pcmC4294967295D0p': No such file or directory
01-01 00:04:25.409   264   306 I audio_hw_primary: start_output_stream_primary... -1449838848, device 2
01-01 00:04:25.410   264   306 W audio_hw_primary: card -1, port 0 device 0x2
01-01 00:04:25.410   264   306 W audio_hw_primary: rate 44100, channel 2 period_size 0xc0
01-01 00:04:25.410   264   306 E audio_hw_primary: cannot open pcm_out driver 0: cannot open device '/dev/snd/pcmC4294967295D0p': No such file or directory
01-01 00:04:25.414   264   306 I audio_hw_primary: start_output_stream_primary... -1449838848, device 2
01-01 00:04:25.414   264   306 W audio_hw_primary: card -1, port 0 device 0x2
01-01 00:04:25.414   264   306 W audio_hw_primary: rate 44100, channel 2 period_size 0xc0
01-01 00:04:25.414   264   306 E audio_hw_primary: cannot open pcm_out driver 0: cannot open device '/dev/snd/pcmC4294967295D0p': No such file or directory
01-01 00:04:25.419   264   306 I audio_hw_pri^C
130|toradex_apalis6q:/ # logcat -c
toradex_apalis6q:/ # 
toradex_apalis6q:/ # 
toradex_apalis6q:/ # toradex_apalis6q:/ # logcat -c                                                 
toradex_apalis6q:/ # toradex_apalis6q:/ # logcat -c                                                   
--------- beginning of main
01-01 00:05:07.552   272  1429 D NuPlayerDriver: notifyListener_l(0xa480c240), (1, 0, 0), loop setting(0, 0)
01-01 00:05:07.552   802  1354 D MediaPlayer: setSubtitleAnchor in MediaPlayer
01-01 00:05:07.559   802  1354 D Ringtone: Successfully created local player
01-01 00:05:07.561   272   714 D NuPlayerDriver: start(0xa480c240), state is 4, eos is 0
01-01 00:05:07.561   272  1429 I GenericSource: start
01-01 00:05:07.571   272  1434 I MediaPlayerService: MediaPlayerService::getOMX
01-01 00:05:07.572   272  1434 I OMXClient: MuxOMX ctor
01-01 00:05:07.574   269   712 I OMXMaster: makeComponentInstance(OMX.google.vorbis.decoder) in mediacodec process
01-01 00:05:07.586   269   713 E OMXNodeInstance: setConfig(10d003e:google.vorbis.decoder, ConfigPriority(0x6f800002)) ERROR: Undefined(0x80001001)
01-01 00:05:07.587   272  1434 I ACodec  : codec does not support config priority (err -2147483648)
01-01 00:05:07.588   272  1434 I MediaCodec: MediaCodec will operate in async mode
01-01 00:05:07.618   272  1432 D AudioTrack: Client defaulted notificationFrames to 11136 for frameCount 22272
01-01 00:05:07.756   264   307 W audio_hw_primary: out_set_parameters routing=1024, ret 0, out -1449838848
01-01 00:05:07.759   264   307 I audio_hw_primary: start_output_stream_primary... -1449838848, device 1024
01-01 00:05:07.759   264   307 W audio_hw_primary: card 2, port 0 device 0x400
01-01 00:05:07.759   264   307 W audio_hw_primary: rate 44100, channel 2 period_size 0x300
01-01 00:05:07.760   272  1429 D NuPlayerDriver: notifyListener_l(0xa480c240), (6, 0, 0), loop setting(0, 0)
01-01 00:05:07.824   272  1433 I NuPlayerDecoder: [audio] saw output EOS
01-01 00:05:08.253   272  1429 D NuPlayerDriver: notifyListener_l(0xa480c240), (2, 0, 0), loop setting(0, 0)
01-01 00:05:09.532   272   714 D NuPlayerDriver: reset(0xa480c240) at state 6
01-01 00:05:09.532   272   714 D NuPlayerDriver: notifyListener_l(0xa480c240), (8, 0, 0), loop setting(0, 0)
01-01 00:05:09.540   272  1429 W AMessage: failed to post message as target looper for handler 0 is gone.
01-01 00:05:09.541   272  1429 D NuPlayerDriver: notifyResetComplete(0xa480c240)
01-01 00:05:09.541   272   695 D NuPlayerDriver: reset(0xa480c240) at state 0
01-01 00:05:11.331   264   307 W audio_hw_primary: do_out_standby... -1449838848
--------- beginning of system
01-01 00:05:21.049   535   545 I ActivityManager: START u0 {act=android.intent.action.RINGTONE_PICKER cmp=com.android.providers.media/.RingtonePickerActivity (has extras)} from uid 1000 on display 0
01-01 00:05:21.049   264   307 I audio_hw_primary: start_output_stream_primary... -1449838848, device 1024
01-01 00:05:21.050   264   307 W audio_hw_primary: card 2, port 0 device 0x400
01-01 00:05:21.050   264   307 W audio_hw_primary: rate 44100, channel 2 period_size 0x300
01-01 00:05:21.072   272   725 D NuPlayerDriver: reset(0xa602af60) at state 4
01-01 00:05:21.072   272   725 D NuPlayerDriver: notifyListener_l(0xa602af60), (8, 0, 0), loop setting(0, 0)
01-01 00:05:21.076   272  1372 D NuPlayerDriver: notifyResetComplete(0xa602af60)
01-01 00:05:21.077   272   272 D NuPlayerDriver: reset(0xa602af60) at state 0
01-01 00:05:21.296  1117  1117 I display : GPUManager exists
01-01 00:05:21.412  1117  1437 I OpenGLRenderer: Initialized EGL, version 1.4
01-01 00:05:21.412  1117  1437 D OpenGLRenderer: Swap behavior 2
01-01 00:05:21.786   535   555 I ActivityManager: Displayed com.android.providers.media/.RingtonePickerActivity: +703ms
01-01 00:05:21.955  1117  1117 D ViewRootImpl[RingtonePickerActivity]: updatePointerIcon called with position out of bounds
01-01 00:05:21.963  1117  1117 D ViewRootImpl[RingtonePickerActivity]: updatePointerIcon called with position out of bounds
01-01 00:05:22.020  1117  1117 D ViewRootImpl[RingtonePickerActivity]: updatePointerIcon called with position out of bounds
01-01 00:05:22.049  1117  1117 D ViewRootImpl[RingtonePickerActivity]: updatePointerIcon called with position out of bounds
01-01 00:05:22.078  1117  1117 D ViewRootImpl[RingtonePickerActivity]: updatePointerIcon called with position out of bounds
01-01 00:05:22.106  1117  1117 D ViewRootImpl[RingtonePickerActivity]: updatePointerIcon called with position out of bounds
01-01 00:05:22.135  1117  1117 D ViewRootImpl[RingtonePickerActivity]: updatePointerIcon called with position out of bounds
01-01 00:05:22.167  1117  1117 D ViewRootImpl[RingtonePickerActivity]: updatePointerIcon called with position out of bounds
01-01 00:05:22.195  1117  1117 D ViewRootImpl[RingtonePickerActivity]: updatePointerIcon called with position out of bounds
01-01 00:05:22.221  1117  1117 D ViewRootImpl[RingtonePickerActivity]: updatePointerIcon called with position out of bounds
01-01 00:05:22.250  1117  1117 D ViewRootImpl[RingtonePickerActivity]: updatePointerIcon called with position out of bounds
01-01 00:05:22.279  1117  1117 D ViewRootImpl[RingtonePickerActivity]: updatePointerIcon called with position out of bounds
01-01 00:05:23.158   272  1440 D NuPlayerDriver: notifyListener_l(0xa602afc0), (1, 0, 0), loop setting(0, 0)
01-01 00:05:23.158  1117  1117 D MediaPlayer: setSubtitleAnchor in MediaPlayer
01-01 00:05:23.166  1117  1117 D Ringtone: Successfully created local player
01-01 00:05:23.168   272   714 D NuPlayerDriver: reset(0xa602afc0) at state 4
01-01 00:05:23.168   272   714 D NuPlayerDriver: notifyListener_l(0xa602afc0), (8, 0, 0), loop setting(0, 0)
01-01 00:05:23.169   272  1440 D NuPlayerDriver: notifyResetComplete(0xa602afc0)
01-01 00:05:23.169   272   695 D NuPlayerDriver: reset(0xa602afc0) at state 0
01-01 00:05:23.208   272  1443 D NuPlayerDriver: notifyListener_l(0xa480c6c0), (1, 0, 0), loop setting(0, 0)
01-01 00:05:23.209  1117  1117 D MediaPlayer: setSubtitleAnchor in MediaPlayer
01-01 00:05:23.215  1117  1117 D Ringtone: Successfully created local player
01-01 00:05:23.217   272   272 D NuPlayerDriver: start(0xa480c6c0), state is 4, eos is 0
01-01 00:05:23.218   272  1443 I GenericSource: start
01-01 00:05:23.239   272  1448 I MediaPlayerService: MediaPlayerService::getOMX
01-01 00:05:23.239   272  1448 I OMXClient: MuxOMX ctor
01-01 00:05:23.240   269   284 I OMXMaster: makeComponentInstance(OMX.google.vorbis.decoder) in mediacodec process
01-01 00:05:23.246   269   269 E OMXNodeInstance: setConfig(10d003f:google.vorbis.decoder, ConfigPriority(0x6f800002)) ERROR: Undefined(0x80001001)
01-01 00:05:23.246   272  1448 I ACodec  : codec does not support config priority (err -2147483648)
01-01 00:05:23.248   272  1448 I MediaCodec: MediaCodec will operate in async mode
01-01 00:05:23.281   272  1446 D AudioTrack: Client defaulted notificationFrames to 11136 for frameCount 22272
01-01 00:05:23.424   264   307 I audio_hw_primary: out_set_parameters, old 0x400, new 0x2 do_output_standby
01-01 00:05:23.424   264   307 W audio_hw_primary: do_out_standby... -1449838848
01-01 00:05:23.424   264   307 W audio_hw_primary: out_set_parameters routing=2, ret 0, out -1449838848
01-01 00:05:23.426   272  1443 D NuPlayerDriver: notifyListener_l(0xa480c6c0), (6, 0, 0), loop setting(0, 0)
01-01 00:05:23.428   264   306 I audio_hw_primary: start_output_stream_primary... -1449838848, device 2
01-01 00:05:23.428   264   306 W audio_hw_primary: card -1, port 0 device 0x2
01-01 00:05:23.428   264   306 W audio_hw_primary: rate 44100, channel 2 period_size 0xc0
01-01 00:05:23.428   264   306 E audio_hw_primary: cannot open pcm_out driver 0: cannot open device '/dev/snd/pcmC4294967295D0p': No such file or directory
01-01 00:05:23.432   264   306 I audio_hw_primary: start_output_stream_primary... -1449838848, device 2
01-01 00:05:23.433   264   306 W audio_hw_primary: card -1, port 0 device 0x2
01-01 00:05:23.433   264   306 W audio_hw_primary: rate 44100, channel 2 period_size 0xc0
01-01 00:05:23.433   264   306 E audio_hw_primary: cannot open pcm_out driver 0: cannot open device '/dev/snd/pcmC4294967295D0p': No such file or directory
01-01 00:05:23.438   264   306 I audio_hw_primary: start_output_stream_primary... -1449838848, device 2
01-01 00:05:23.438   264   306 W audio_hw_primary: card -1, port 0 device 0x2
01-01 00:05:23.438   264   306 W audio_hw_primary: rate 44100, channel 2 period_size 0xc0
01-01 00:05:23.438   264   306 E audio_hw_primary: cannot open pcm_out driver 0: cannot open device '/dev/snd/pcmC4294967295D0p': No such file or directory
01-01 00:05:23.443   264   306 I audio_hw_primary: start_output_stream_primary... -1449838848, device 2
01-01 00:05:23.443   264   306 W audio_hw_primary: card -1, port 0 device 0x2
01-01 00:05:23.443   264   306 W audio_hw_primary: rate 44100, channel 2 period_size 0xc0
01-01 00:05:23.443   264   306 E audio_hw_primary: cannot open pcm_out driver 0: cannot open device '/dev/snd/pcmC4294967295D0p': No such file or directory
01-01 00:05:23.448   264   306 I audio_hw_primary: start_output_stream_primary... -1449838848, device 2
01-01 00:05:23.448   264   306 W audio_hw_primary: card -1, port 0 device 0x2
01-01 00:05:23.448   264   306 W audio_hw_primary: rate 44100, channel 2 period_size 0xc0
01-01 00:05:23.448   264   306 E audio_hw_primary: cannot open pcm_out driver 0: cannot open device '/dev/snd/pcmC4294967295D0p': No such file or directory
01-01 00:05:23.453   264   306 I audio_hw_primary: start_output_stream_primary... -1449838848, device 2
01-01 00:05:23.453   264   306 W audio_hw_primary: card -1, port 0 device 0x2
01-01 00:05:23.453   264   306 W audio_hw_primary: rate 44100, channel 2 period_size 0xc0
01-01 00:05:23.453   264   306 E audio_hw_primary: cannot open pcm_out driver 0: cannot open device '/dev/snd/pcmC4294967295D0p': No such file or directory
01-01 00:05:23.458   264   306 I audio_hw_primary: start_output_stream_primary... -1449838848, device 2
01-01 00:05:23.458   264   306 W audio_hw_primary: card -1, port 0 device 0x2
01-01 00:05:23.458   264   306 W audio_hw_primary: rate 44100, channel 2 period_size 0xc0
01-01 00:05:23.458   264   306 E audio_hw_primary: cannot open pcm_out driver 0: cannot open device '/dev/snd/pcmC4294967295D0p': No such file or directory
01-01 00:05:23.463   264   306 I audio_hw_primary: start_output_stream_primary... -1449838848, device 2
01-01 00:05:23.463   264   306 W audio_hw_primary: card -1, port 0 device 0x2
01-01 00:05:23.463   264   306 W audio_hw_primary: rate 44100, channel 2 period_size 0xc0
01-01 00:05:23.463   264   306 E audio_hw_primary: cannot open pcm_out driver 0: cannot open device '/dev/snd/pcmC4294967295D0p': No such file or directory
01-01 00:05:23.468   264   306 I audio_hw_primary: start_output_stream_primary... -1449838848, device 2
01-01 00:05:23.468   264   306 W audio_hw_primary: card -1, port 0 device 0x2
01-01 00:05:23.468   264   306 W audio_hw_primary: rate 44100, channel 2 period_size 0xc0
01-01 00:05:23.468   264   306 E audio_hw_primary: cannot open pcm_out driver 0: cannot open device '/dev/snd/pcmC4294967295D0p': No such file or directory
01-01 00:05:23.472   264   306 I audio_hw_primary: start_output_stream_primary... -1449838848, device 2
01-01 00:05:23.473   264   306 W audio_hw_primary: card -1, port 0 device 0x2
01-01 00:05:23.473   264   306 W audio_hw_primary: rate 44100, channel 2 period_size 0xc0
01-01 00:05:23.473   264   306 E audio_hw_primary: cannot open pcm_out driver 0: cannot open device '/dev/snd/pcmC4294967295D0p': No such file or directory
01-01 00:05:23.477   264   306 I audio_hw_primary: start_output_stream_primary... -1449838848, device 2
01-01 00:05:23.478   264   306 W audio_hw_primary: card -1, port 0 device 0x2
01-01 00:05:23.478   264   306 W audio_hw_primary: rate 44100, channel 2 period_size 0xc0
01-01 00:05:23.478   264   306 E audio_hw_primary: cannot open pcm_out driver 0: cannot open device '/dev/snd/pcmC4294967295D0p': No such file or directory
01-01 00:05:23.482   264   306 I audio_hw_primary: start_output_stream_primary... -1449838848, device 2
01-01 00:05:23.482   264   306 W audio_hw_primary: card -1, port 0 device 0x2
01-01 00:05:23.482   264   306 W audio_hw_primary: rate 44100, channel 2 period_size 0xc0
01-01 00:05:23.482   264   306 E audio_hw_primary: cannot open pcm_out driver 0: cannot open device '/dev/snd/pcmC4294967295D0p': No such file or directory
01-01 00:05:23.487   264   306 I audio_hw_primary: start_output_stream_primary... -1449838848, device 2
01-01 00:05:23.487   264   306 W audio_hw_primary: card -1, port 0 device 0x2
01-01 00:05:23.487   264   306 W audio_hw_primary: rate 44100, channel 2 period_size 0xc0
01-01 00:05:23.487   264   306 E audio_hw_primary: cannot open pcm_out driver 0: cannot open device '/dev/snd/pcmC4294967295D0p': No such file or directory
01-01 00:05:23.492   264   306 I audio_hw_primary: start_output_stream_primary... -1449838848, device 2
01-01 00:05:23.492   264   306 W audio_hw_primary: card -1, port 0 device 0x2
01-01 00:05:23.492   264   306 W audio_hw_primary: rate 44100, channel 2 period_size 0xc0
01-01 00:05:23.492   264   306 E audio_hw_primary: cannot open pcm_out driver 0: cannot open device '/dev/snd/pcmC4294967295D0p': No such file or directory
01-01 00:05:23.497   264   306 I audio_hw_primary: start_output_stream_primary... -1449838848, device 2
01-01 00:05:23.497   264   306 W audio_hw_primary: card -1, port 0 device 0x2
01-01 00:05:23.497   264   306 W audio_hw_primary: rate 44100, channel 2 period_size 0xc0
01-01 00:05:23.497   264   306 E audio_hw_primary: cannot open pcm_out driver 0: cannot open device '/dev/snd/pcmC4294967295D0p': No such file or directory
01-01 00:05:23.501   264   306 I audio_hw_primary: start_output_stream_primary... -1449838848, device 2
01-01 00:05:23.502   264   306 W audio_hw_primary: card -1, port 0 device 0x2
01-01 00:05:23.502   264   306 W audio_hw_primary: rate 44100, channel 2 period_size 0xc0
01-01 00:05:23.502   264   306 E audio_hw_primary: cannot open pcm_out driver 0: cannot open device '/dev/snd/pcmC4294967295D0p': No such file or directory
01-01 00:05:23.506   264   306 I audio_hw_primary: start_output_stream_primary... -1449838848, device 2
01-01 00:05:23.506   264   306 W audio_hw_primary: card -1, port 0 device 0x2
01-01 00:05:23.506   264   306 W audio_hw_primary: rate 44100, channel 2 period_size 0xc0
01-01 00:05:23.506   264   306 E audio_hw_primary: cannot open pcm_out driver 0: cannot open device '/dev/snd/pcmC4294967295D0p': No such file or directory
01-01 00:05:23.511   264   306 I audio_hw_primary: start_output_stream_primary... -1449838848, device 2
01-01 00:05:23.511   264   306 W audio_hw_primary: card -1, port 0 device 0x2
01-01 00:05:23.511   264   306 W audio_hw_primary: rate 44100, channel 2 period_size 0xc0
01-01 00:05:23.511   264   306 E audio_hw_primary: cannot open pcm_out driver 0: cannot open device '/dev/snd/pcmC4294967295D0p': No such file or directory
01-01 00:05:23.516   264   306 I audio_hw_primary: start_output_stream_primary... -1449838848, device 2
01-01 00:05:23.516   264   306 W audio_hw_primary: card -1, port 0 device 0x2
01-01 00:05:23.516   264   306 W audio_hw_primary: rate 44100, channel 2 period_size 0xc0
01-01 00:05:23.516   264   306 E audio_hw_primary: cannot open pcm_out driver 0: cannot open device '/dev/snd/pcmC4294967295D0p': No such file or directory
01-01 00:05:23.520   264   306 I audio_hw_primary: start_output_stream_primary... -1449838848, device 2
01-01 00:05:23.521   264   306 W audio_hw_primary: card -1, port 0 device 0x2
01-01 00:05:23.521   264   306 W audio_hw_primary: rate 44100, channel 2 period_size 0xc0
01-01 00:05:23.521   264   306 E audio_hw_primary: cannot open pcm_out driver 0: cannot open device '/dev/snd/pcmC4294967295D0p': No such file or directory
01-01 00:05:23.525   264   306 I audio_hw_primary: start_output_stream_primary... -1449838848, device 2
01-01 00:05:23.525   264   306 W audio_hw_primary: card -1, port 0 device 0x2
01-01 00:05:23.526   264   306 W audio_hw_primary: rate 44100, channel 2 period_size 0xc0
01-01 00:05:23.526   264   306 E audio_hw_primary: cannot open pcm_out driver 0: cannot open device '/dev/snd/pcmC4294967295D0p': No such file or directory
01-01 00:05:23.530   264   306 I audio_hw_primary: start_output_stream_primary... -1449838848, device 2
01-01 00:05:23.530   264   306 W audio_hw_primary: card -1, port 0 device 0x2
01-01 00:05:23.530   264   306 W audio_hw_primary: rate 44100, channel 2 period_size 0xc0
01-01 00:05:23.530   264   306 E audio_hw_primary: cannot open pcm_out driver 0: cannot open device '/dev/snd/pcmC4294967295D0p': No such file or directory
01-01 00:05:23.535   264   306 I audio_hw_primary: start_output_stream_primary... -1449838848, device 2
01-01 00:05:23.535   264   306 W audio_hw_primary: card -1, port 0 device 0x2
01-01 00:05:23.535   264   306 W audio_hw_primary: rate 44100, channel 2 period_size 0xc0
01-01 00:05:23.535   264   306 E audio_hw_primary: cannot open pcm_out driver 0: cannot open device '/dev/snd/pcmC4294967295D0p': No such file or directory
01-01 00:05:23.539   264   306 I audio_hw_primary: start_output_stream_primary... -1449838848, device 2
01-01 00:05:23.540   264   306 W audio_hw_primary: card -1, port 0 device 0x2
01-01 00:05:23.540   264   306 W audio_hw_primary: rate 44100, channel 2 period_size 0xc0
01-01 00:05:23.540   264   306 E audio_hw_primary: cannot open pcm_out driver 0: cannot open device '/dev/snd/pcmC4294967295D0p': No such file or directory
01-01 00:05:23.544   264   306 I audio_hw_primary: start_output_stream_primary... -1449838848, device 2
01-01 00:05:23.544   264   306 W audio_hw_primary: card -1, port 0 device 0x2
01-01 00:05:23.544   264   306 W audio_hw_primary: rate 44100, channel 2 period_size 0xc0
01-01 00:05:23.544   264   306 E audio_hw_primary: cannot open pcm_out driver 0: cannot open device '/dev/snd/pcmC4294967295D0p': No such file or directory
01-01 00:05:23.549   264   306 I audio_hw_primary: start_output_stream_primary... -1449838848, device 2
01-01 00:05:23.549   264   306 W audio_hw_primary: card -1, port 0 device 0x2
01-01 00:05:23.549   264   306 W audio_hw_primary: rate 44100, channel 2 period_size 0xc0
01-01 00:05:23.549   264   306 E audio_hw_primary: cannot open pcm_out driver 0: cannot open device '/dev/snd/pcmC4294967295D0p': No such file or directory
01-01 00:05:23.554   264   306 I audio_hw_primary: start_output_stream_primary... -1449838848, device 2
01-01 00:05:23.554   264   306 W audio_hw_primary: card -1, port 0 device 0x2
01-01 00:05:23.554   264   306 W audio_hw_primary: rate 44100, channel 2 period_size 0xc0
01-01 00:05:23.554   264   306 E audio_hw_primary: cannot open pcm_out driver 0: cannot open device '/dev/snd/pcmC4294967295D0p': No such file or directory
01-01 00:05:23.559   264   306 I audio_hw_primary: start_output_stream_primary... -1449838848, device 2
01-01 00:05:23.559   264   306 W audio_hw_primary: card -1, port 0 device 0x2
01-01 00:05:23.559   264   306 W audio_hw_primary: rate 44100, channel 2 period_size 0xc0
01-01 00:05:23.559   264   306 E audio_hw_primary: cannot open pcm_out driver 0: cannot open device '/dev/snd/pcmC4294967295D0p': No such file or directory
01-01 00:05:23.563   264   306 I audio_hw_primary: start_output_stream_primary... -1449838848, device 2
01-01 00:05:23.563   264   306 W audio_hw_primary: card -1, port 0 device 0x2
01-01 00:05:23.564   264   306 W audio_hw_primary: rate 44100, channel 2 period_size 0xc0
01-01 00:05:23.564   264   306 E audio_hw_primary: cannot open pcm_out driver 0: cannot open device '/dev/snd/pcmC4294967295D0p': No such file or directory
01-01 00:05:23.568   264   306 I audio_hw_primary: start_output_stream_primary... -1449838848, device 2
01-01 00:05:23.568   264   306 W audio_hw_primary: card -1, port 0 device 0x2
01-01 00:05:23.568   264   306 W audio_hw_primary: rate 44100, channel 2 period_size 0xc0
01-01 00:05:23.568   264   306 E audio_hw_primary: cannot open pcm_out driver 0: cannot open device '/dev/snd/pcmC4294967295D0p': No such file or directory
01-01 00:05:23.573   264   306 I audio_hw_primary: start_output_stream_primary... -1449838848, device 2
01-01 00:05:23.573   264   306 W audio_hw_primary: card -1, port 0 device 0x2
01-01 00:05:23.573   264   306 W audio_hw_primary: rate 44100, channel 2 period_size 0xc0
01-01 00:05:23.573   264   306 E audio_hw_primary: cannot open pcm_out driver 0: cannot open device '/dev/snd/pcmC4294967295D0p': No such file or directory
01-01 00:05:23.578   264   306 I audio_hw_primary: start_output_stream_primary... -1449838848, device 2
01-01 00:05:23.578   264   306 W audio_hw_primary: card -1, port 0 device 0x2
01-01 00:05:23.578   264   306 W audio_hw_primary: rate 44100, channel 2 period_size 0xc0
01-01 00:05:23.578   264   306 E audio_hw_primary: cannot open pcm_out driver 0: cannot open device '/dev/snd/pcmC4294967295D0p': No such file or directory
01-01 00:05:23.583   264   306 I audio_hw_primary: start_output_stream_primary... -1449838848, device 2
01-01 00:05:23.583   264   306 W audio_hw_primary: card -1, port 0 device 0x2
01-01 00:05:23.583   264   306 W audio_hw_primary: rate 44100, channel 2 period_size 0xc0
01-01 00:05:23.583   264   306 E audio_hw_primary: cannot open pcm_out driver 0: cannot open device '/dev/snd/pcmC4294967295D0p': No such file or directory
01-01 00:05:23.587   264   306 I audio_hw_primary: start_output_stream_primary... -1449838848, device 2
01-01 00:05:23.588   264   306 W audio_hw_primary: card -1, port 0 device 0x2
01-01 00:05:23.588   264   306 W audio_hw_primary: rate 44100, channel 2 period_size 0xc0
01-01 00:05:23.588   264   306 E audio_hw_primary: cannot open pcm_out driver 0: cannot open device '/dev/snd/pcmC4294967295D0p': No such file or directory
01-01 00:05:23.592   264   306 I audio_hw_primary: start_output_stream_primary... -1449838848, device 2
01-01 00:05:23.592   264   306 W audio_hw_primary: card -1, port 0 device 0x2
01-01 00:05:23.592   264   306 W audio_hw_primary: rate 44100, channel 2 period_size 0xc0
01-01 00:05:23.592   264   306 E audio_hw_primary: cannot open pcm_out driver 0: cannot open device '/dev/snd/pcmC4294967295D0p': No such file or directory
01-01 00:05:23.597   264   306 I audio_hw_primary: start_output_stream_primary... -1449838848, device 2
01-01 00:05:23.597   264   306 W audio_hw_primary: card -1, port 0 device 0x2
01-01 00:05:23.597   264   306 W audio_hw_primary: rate 44100, channel 2 period_size 0xc0
01-01 00:05:23.597   264   306 E audio_hw_primary: cannot open pcm_out driver 0: cannot open device '/dev/snd/pcmC4294967295D0p': No such file or directory
01-01 00:05:23.601   264   306 I audio_hw_primary: start_output_stream_primary... -1449838848, device 2
01-01 00:05:23.602   264   306 W audio_hw_primary: card -1, port 0 device 0x2
01-01 00:05:23.602   264   306 W audio_hw_primary: rate 44100, channel 2 period_size 0xc0
01-01 00:05:23.602   264   306 E audio_hw_primary: cannot open pcm_out driver 0: cannot open device '/dev/snd/pcmC4294967295D0p': No such file or directory
01-01 00:05:23.606   264   306 I audio_hw_primary: start_output_stream_primary... -1449838848, device 2
01-01 00:05:23.607   264   306 W audio_hw_primary: card -1, port 0 device 0x2
01-01 00:05:23.607   264   306 W audio_hw_primary: rate 44100, channel 2 period_size 0xc0
01-01 00:05:23.607   264   306 E audio_hw_primary: cannot open pcm_out driver 0: cannot open device '/dev/snd/pcmC4294967295D0p': No such file or directory
01-01 00:05:23.611   264   306 I audio_hw_primary: start_output_stream_primary... -1449838848, device 2
01-01 00:05:23.611   264   306 W audio_hw_primary: card -1, port 0 device 0x2
01-01 00:05:23.611   264   306 W audio_hw_primary: rate 44100, channel 2 period_size 0xc0
01-01 00:05:23.611   264   306 E audio_hw_primary: cannot open pcm_out driver 0: cannot open device '/dev/snd/pcmC4294967295D0p': No such file or directory
01-01 00:05:23.616   264   306 I audio_hw_primary: start_output_stream_primary... -1449838848, device 2
01-01 00:05:23.616   264   306 W audio_hw_primary: card -1, port 0 device 0x2
01-01 00:05:23.616   264   306 W audio_hw_primary: rate 44100, channel 2 period_size 0xc0
01-01 00:05:23.616   264   306 E audio_hw_primary: cannot open pcm_out driver 0: cannot open device '/dev/snd/pcmC4294967295D0p': No such file or directory
01-01 00:05:23.621   264   306 I audio_hw_primary: start_output_stream_primary... -1449838848, device 2
01-01 00:05:23.621   264   306 W audio_hw_primary: card -1, port 0 device 0x2
01-01 00:05:23.621   264   306 W audio_hw_primary: rate 44100, channel 2 period_size 0xc0
01-01 00:05:23.621   264   306 E audio_hw_primary: cannot open pcm_out driver 0: cannot open device '/dev/snd/pcmC4294967295D0p': No such file or directory
01-01 00:05:23.625   264   306 I audio_hw_primary: start_output_stream_primary... -1449838848, device 2
01-01 00:05:23.625   264   306 W audio_hw_primary: card -1, port 0 device 0x2
01-01 00:05:23.625   264   306 W audio_hw_primary: rate 44100, channel 2 period_size 0xc0
01-01 00:05:23.626   264   306 E audio_hw_primary: cannot open pcm_out driver 0: cannot open device '/dev/snd/pcmC4294967295D0p': No such file or directory
01-01 00:05:23.630   264   306 I audio_hw_primary: start_output_stream_primary... -1449838848, device 2
01-01 00:05:23.630   264   306 W audio_hw_primary: card -1, port 0 device 0x2
01-01 00:05:23.630   264   306 W audio_hw_primary: rate 44100, channel 2 period_size 0xc0
01-01 00:05:23.630   264   306 E audio_hw_primary: cannot open pcm_out driver 0: cannot open device '/dev/snd/pcmC4294967295D0p': No such file or directory
01-01 00:05:23.635   264   306 I audio_hw_primary: start_output_stream_primary... -1449838848, device 2
01-01 00:05:23.635   264   306 W audio_hw_primary: card -1, port 0 device 0x2
01-01 00:05:23.635   264   306 W audio_hw_primary: rate 44100, channel 2 period_size 0xc0
01-01 00:05:23.635   264   306 E audio_hw_primary: cannot open pcm_out driver 0: cannot open device '/dev/snd/pcmC4294967295D0p': No such file or directory
01-01 00:05:23.640   264   306 I audio_hw_primary: start_output_stream_primary... -1449838848, device 2
01-01 00:05:23.640   264   306 W audio_hw_primary: card -1, port 0 device 0x2
01-01 00:05:23.640   264   306 W audio_hw_primary: rate 44100, channel 2 period_size 0xc0
01-01 00:05:23.640   264   306 E audio_hw_primary: cannot open pcm_out driver 0: cannot open device '/dev/snd/pcmC4294967295D0p': No such file or directory
01-01 00:05:23.645   264   306 I audio_hw_primary: start_output_stream_primary... -1449838848, device 2
01-01 00:05:23.645   264   306 W audio_hw_primary: card -1, port 0 device 0x2
01-01 00:05:23.645   264   306 W audio_hw_primary: rate 44100, channel 2 period_size 0xc0
01-01 00:05:23.645   264   306 E audio_hw_primary: cannot open pcm_out driver 0: cannot open device '/dev/snd/pcmC4294967295D0p': No such file or directory
01-01 00:05:23.649   264   306 I audio_hw_primary: start_output_stream_primary... -1449838848, device 2
01-01 00:05:23.649   264   306 W audio_hw_primary: card -1, port 0 device 0x2
01-01 00:05:23.649   264   306 W audio_hw_primary: rate 44100, channel 2 period_size 0xc0
01-01 00:05:23.649   264   306 E audio_hw_primary: cannot open pcm_out driver 0: cannot open device '/dev/snd/pcmC4294967295D0p': No such file or directory
01-01 00:05:23.654   264   306 I audio_hw_primary: start_output_stream_primary... -1449838848, device 2
01-01 00:05:23.654   264   306 W audio_hw_primary: card -1, port 0 device 0x2
01-01 00:05:23.654   264   306 W audio_hw_primary: rate 44100, channel 2 period_size 0xc0
01-01 00:05:23.654   264   306 E audio_hw_primary: cannot open pcm_out driver 0: cannot open device '/dev/snd/pcmC4294967295D0p': No such file or directory
01-01 00:05:23.659   264   306 I audio_hw_primary: start_output_stream_primary... -1449838848, device 2
01-01 00:05:23.659   264   306 W audio_hw_primary: card -1, port 0 device 0x2
01-01 00:05:23.659   264   306 W audio_hw_primary: rate 44100, channel 2 period_size 0xc0
01-01 00:05:23.659   264   306 E audio_hw_primary: cannot open pcm_out driver 0: cannot open device '/dev/snd/pcmC4294967295D0p': No such file or directory
01-01 00:05:23.664   264   306 I audio_hw_primary: start_output_stream_primary... -1449838848, device 2
01-01 00:05:23.664   264   306 W audio_hw_primary: card -1, port 0 device 0x2
01-01 00:05:23.664   264   306 W audio_hw_primary: rate 44100, channel 2 period_size 0xc0
01-01 00:05:23.664   264   306 E audio_hw_primary: cannot open pcm_out driver 0: cannot open device '/dev/snd/pcmC4294967295D0p': No such file or directory
01-01 00:05:23.669   264   306 I audio_hw_primary: start_output_stream_primary... -1449838848, device 2
01-01 00:05:23.669   264   306 W audio_hw_primary: card -1, port 0 device 0x2
01-01 00:05:23.669   264   306 W audio_hw_primary: rate 44100, channel 2 period_size 0xc0
01-01 00:05:23.669   264   306 E audio_hw_primary: cannot open pcm_out driver 0: cannot open device '/dev/snd/pcmC4294967295D0p': No such file or directory
01-01 00:05:23.674   264   306 I audio_hw_primary: start_output_stream_primary... -1449838848, device 2
01-01 00:05:23.674   264   306 W audio_hw_primary: card -1, port 0 device 0x2
01-01 00:05:23.674   264   306 W audio_hw_primary: rate 44100, channel 2 period_size 0xc0
01-01 00:05:23.674   264   306 E audio_hw_primary: cannot open pcm_out driver 0: cannot open device '/dev/snd/pcmC4294967295D0p': No such file or directory
01-01 00:05:23.678   264   306 I audio_hw_primary: start_output_stream_primary... -1449838848, device 2
01-01 00:05:23.678   264   306 W audio_hw_primary: card -1, port 0 device 0x2
01-01 00:05:23.678   264   306 W audio_hw_primary: rate 44100, channel 2 period_size 0xc0
01-01 00:05:23.679   264   306 E audio_hw_primary: cannot open pcm_out driver 0: cannot open device '/dev/snd/pcmC4294967295D0p': No such file or directory
01-01 00:05:23.683   264   306 I audio_hw_primary: start_output_stream_primary... -1449838848, device 2
01-01 00:05:23.683   264   306 W audio_hw_primary: card -1, port 0 device 0x2
01-01 00:05:23.683   264   306 W audio_hw_primary: rate 44100, channel 2 period_size 0xc0
01-01 00:05:23.683   264   306 E audio_hw_primary: cannot open pcm_out driver 0: cannot open device '/dev/snd/pcmC4294967295D0p': No such file or directory
01-01 00:05:23.688   264   306 I audio_hw_primary: start_output_stream_primary... -1449838848, device 2
01-01 00:05:23.688   264   306 W audio_hw_primary: card -1, port 0 device 0x2
01-01 00:05:23.688   264   306 W audio_hw_primary: rate 44100, channel 2 period_size 0xc0
01-01 00:05:23.688   264   306 E audio_hw_primary: cannot open pcm_out driver 0: cannot open device '/dev/snd/pcmC4294967295D0p': No such file or directory
01-01 00:05:23.693   264   306 I audio_hw_primary: start_output_stream_primary... -1449838848, device 2
01-01 00:05:23.693   264   306 W audio_hw_primary: card -1, port 0 device 0x2
01-01 00:05:23.693   264   306 W audio_hw_primary: rate 44100, channel 2 period_size 0xc0
01-01 00:05:23.693   264   306 E audio_hw_primary: cannot open pcm_out driver 0: cannot open device '/dev/snd/pcmC4294967295D0p': No such file or directory
01-01 00:05:23.698   264   306 I audio_hw_primary: start_output_stream_primary... -1449838848, device 2
01-01 00:05:23.698   264   306 W audio_hw_primary: card -1, port 0 device 0x2
01-01 00:05:23.698   264   306 W audio_hw_primary: rate 44100, channel 2 period_size 0xc0
01-01 00:05:23.698   264   306 E audio_hw_primary: cannot open pcm_out driver 0: cannot open device '/dev/snd/pcmC4294967295D0p': No such file or directory
01-01 00:05:23.702   264   306 I audio_hw_primary: start_output_stream_primary... -1449838848, device 2
01-01 00:05:23.703   264   306 W audio_hw_primary: card -1, port 0 device 0x2
01-01 00:05:23.703   264   306 W audio_hw_primary: rate 44100, channel 2 period_size 0xc0
01-01 00:05:23.703   264   306 E audio_hw_primary: cannot open pcm_out driver 0: cannot open device '/dev/snd/pcmC4294967295D0p': No such file or directory
01-01 00:05:23.707   264   306 I audio_hw_primary: start_output_stream_primary... -1449838848, device 2
01-01 00:05:23.707   264   306 W audio_hw_primary: card -1, port 0 device 0x2
01-01 00:05:23.707   264   306 W audio_hw_primary: rate 44100, channel 2 period_size 0xc0
01-01 00:05:23.707   264   306 E audio_hw_primary: cannot open pcm_out driver 0: cannot open device '/dev/snd/pcmC4294967295D0p': No such file or directory
01-01 00:05:23.712   264   306 I audio_hw_primary: start_output_stream_primary... -1449838848, device 2
01-01 00:05:23.712   264   306 W audio_hw_primary: card -1, port 0 device 0x2
