01-01 00:03:05.341   538   645 I ActivityManager: START u0 {act=android.intent.action.MAIN cat=[android.intent.category.HOME] flg=0x10200000 cmp=com.android.launcher/com.android.launcher2.Launcher} from uid 10026 on display 0
01-01 00:03:05.430   538   572 W InputDispatcher: channel '54c21a4 com.freescale.cactusplayer/com.freescale.cactusplayer.VideoPlayer (server)' ~ Consumer closed input channel or an error occurred.  events=0x9
01-01 00:03:05.430   538   572 E InputDispatcher: channel '54c21a4 com.freescale.cactusplayer/com.freescale.cactusplayer.VideoPlayer (server)' ~ Channel is unrecoverably broken and will be disposed!
01-01 00:03:05.431   538   572 W InputDispatcher: channel 'e86a65f com.freescale.cactusplayer/com.freescale.cactusplayer.VideoMenu (server)' ~ Consumer closed input channel or an error occurred.  events=0x9
01-01 00:03:05.431   538   572 E InputDispatcher: channel 'e86a65f com.freescale.cactusplayer/com.freescale.cactusplayer.VideoMenu (server)' ~ Channel is unrecoverably broken and will be disposed!
01-01 00:03:05.433   538   644 D ActivityManager: cleanUpApplicationRecord -- 1345
01-01 00:03:05.435   538   898 D GraphicsStats: Buffer count: 5
01-01 00:03:05.442   538   898 I WindowManager: WIN DEATH: Window{e86a65f u0 com.freescale.cactusplayer/com.freescale.cactusplayer.VideoMenu}
01-01 00:03:05.442   538   898 W InputDispatcher: Attempted to unregister already unregistered input channel 'e86a65f com.freescale.cactusplayer/com.freescale.cactusplayer.VideoMenu (server)'
01-01 00:03:05.450   538   898 W InputDispatcher: Attempted to unregister already unregistered input channel '54c21a4 com.freescale.cactusplayer/com.freescale.cactusplayer.VideoPlayer (server)'
01-01 00:03:05.454   538   800 W WindowManager: Failed looking up window
01-01 00:03:05.454   538   800 W WindowManager: java.lang.IllegalArgumentException: Requested window android.os.BinderProxy@c827b0d does not exist
01-01 00:03:05.454   538   800 W WindowManager: 	at com.android.server.wm.WindowManagerService.windowForClientLocked(WindowManagerService.java:9415)
01-01 00:03:05.454   538   800 W WindowManager: 	at com.android.server.wm.WindowManagerService.windowForClientLocked(WindowManagerService.java:9406)
01-01 00:03:05.454   538   800 W WindowManager: 	at com.android.server.wm.WindowState$DeathRecipient.binderDied(WindowState.java:1800)
01-01 00:03:05.454   538   800 W WindowManager: 	at android.os.BinderProxy.sendDeathNotice(Binder.java:688)
01-01 00:03:05.454   538   800 I WindowManager: WIN DEATH: null
01-01 00:03:05.457   538   802 W WindowManager: Failed looking up window
01-01 00:03:05.457   538   802 W WindowManager: java.lang.IllegalArgumentException: Requested window android.os.BinderProxy@de67837 does not exist
01-01 00:03:05.457   538   802 W WindowManager: 	at com.android.server.wm.WindowManagerService.windowForClientLocked(WindowManagerService.java:9415)
01-01 00:03:05.457   538   802 W WindowManager: 	at com.android.server.wm.WindowManagerService.windowForClientLocked(WindowManagerService.java:9406)
01-01 00:03:05.457   538   802 W WindowManager: 	at com.android.server.wm.WindowState$DeathRecipient.binderDied(WindowState.java:1800)
01-01 00:03:05.457   538   802 W WindowManager: 	at android.os.BinderProxy.sendDeathNotice(Binder.java:688)
01-01 00:03:05.458   538   802 I WindowManager: WIN DEATH: null
01-01 00:03:05.470   538  1400 D ActivityManager: cleanUpApplicationRecord -- 957
01-01 00:03:05.506   658   658 W ViewRootImpl[RecentsActivity]: Cancelling event due to no window focus: MotionEvent { action=ACTION_CANCEL, actionButton=0, id[0]=0, x[0]=10.0, y[0]=223.34312, toolType[0]=TOOL_TYPE_MOUSE, buttonState=0, metaState=0, flags=0x0, edgeFlags=0x0, pointerCount=1, historySize=0, eventTime=185504, downTime=184624, deviceId=2, source=0x2002 }
01-01 00:03:05.506   658   658 W ViewRootImpl[RecentsActivity]: Cancelling event due to no window focus: MotionEvent { action=ACTION_CANCEL, actionButton=0, id[0]=0, x[0]=10.0, y[0]=223.34312, toolType[0]=TOOL_TYPE_MOUSE, buttonState=0, metaState=0, flags=0x0, edgeFlags=0x0, pointerCount=1, historySize=0, eventTime=185504, downTime=184624, deviceId=2, source=0x2002 }
01-01 00:03:05.506   658   658 W ViewRootImpl[RecentsActivity]: Cancelling event due to no window focus: MotionEvent { action=ACTION_CANCEL, actionButton=0, id[0]=0, x[0]=10.0, y[0]=223.34312, toolType[0]=TOOL_TYPE_MOUSE, buttonState=0, metaState=0, flags=0x0, edgeFlags=0x0, pointerCount=1, historySize=0, eventTime=185504, downTime=184624, deviceId=2, source=0x2002 }
01-01 00:03:05.507   658   658 W ViewRootImpl[RecentsActivity]: Cancelling event due to no window focus: MotionEvent { action=ACTION_CANCEL, actionButton=0, id[0]=0, x[0]=10.0, y[0]=223.34312, toolType[0]=TOOL_TYPE_MOUSE, buttonState=0, metaState=0, flags=0x0, edgeFlags=0x0, pointerCount=1, historySize=0, eventTime=185504, downTime=184624, deviceId=2, source=0x2002 }
01-01 00:03:05.978  1155  1198 W OpenGLRenderer: Incorrectly called buildLayer on View: ShortcutAndWidgetContainer, destroying layer...
01-01 00:03:07.709   268   366 I audio_hw_primary: start_output_stream_primary... -1375913792, device 1024
01-01 00:03:07.709   268   366 W audio_hw_primary: Aravinth: start_output_stream_primary >1
01-01 00:03:07.709   268   366 W audio_hw_primary: Aravinth: select_output_device >0 out_device=400
01-01 00:03:07.709   268   366 W audio_hw_primary: headphone 0 ,headset 0 ,speaker 0, earpiece 0, bt_on 0
01-01 00:03:07.713   268   366 W audio_hw_primary: card 2, port 0 device 0x400
01-01 00:03:07.713   268   366 W audio_hw_primary: rate 44100, channel 2 period_size 0x300
01-01 00:03:10.782   268   366 W audio_hw_primary: do_out_standby... -1375913792


















01-01 00:03:15.662   538   548 I ActivityManager: START u0 {act=android.intent.action.MAIN cat=[android.intent.category.LAUNCHER] flg=0x10200000 cmp=com.freescale.cactusplayer/.VideoMenu (has extras)} from uid 10016 on display 0
01-01 00:03:15.662   268   366 I audio_hw_primary: start_output_stream_primary... -1375913792, device 1024
01-01 00:03:15.662   268   366 W audio_hw_primary: Aravinth: start_output_stream_primary >1
01-01 00:03:15.662   268   366 W audio_hw_primary: Aravinth: select_output_device >0 out_device=400
01-01 00:03:15.662   268   366 W audio_hw_primary: headphone 0 ,headset 0 ,speaker 0, earpiece 0, bt_on 0
01-01 00:03:15.667   268   366 W audio_hw_primary: card 2, port 0 device 0x400
01-01 00:03:15.668   268   366 W audio_hw_primary: rate 44100, channel 2 period_size 0x300
01-01 00:03:15.720   538   802 I ActivityManager: Start proc 1401:com.freescale.cactusplayer/u0a33 for activity com.freescale.cactusplayer/.VideoMenu
01-01 00:03:15.806  1401  1401 W System  : ClassLoader referenced unknown path: /system/app/CactusPlayer/lib/arm
01-01 00:03:15.857  1401  1401 V MediaRouter: Adding route: RouteInfo{ name=Tablet, description=null, status=null, category=RouteCategory{ name=null types=ROUTE_TYPE_LIVE_AUDIO ROUTE_TYPE_LIVE_VIDEO  groupable=false }, supportedTypes=ROUTE_TYPE_LIVE_AUDIO ROUTE_TYPE_LIVE_VIDEO , presentationDisplay=Display id 1: DisplayInfo{"HDMI Screen", uniqueId "local:1", app 640 x 480, real 640 x 480, largest app 640 x 480, smallest app 640 x 480, mode 2, defaultMode 2, modes [{id=2, width=640, height=480, fps=59.94}], colorMode 0, supportedColorModes [0], hdrCapabilities android.view.Display$HdrCapabilities@a69d6308, rotation 0, density 142 (142.0 x 142.0) dpi, layerStack 1, appVsyncOff 1000000, presDeadline 16683350, type HDMI, state ON, FLAG_SECURE, FLAG_SUPPORTS_PROTECTED_BUFFERS, FLAG_PRESENTATION}, DisplayMetrics{density=0.8875, width=640, height=480, scaledDensity=0.8875, xdpi=142.0, ydpi=142.0}, isValid=true }
01-01 00:03:15.872  1401  1401 V MediaRouter: Updating audio routes: AudioRoutesInfo{ type=HDMI }
01-01 00:03:15.874  1401  1401 V MediaRouter: Dispatching route change: RouteInfo{ name=HDMI, description=null, status=null, category=RouteCategory{ name=null types=ROUTE_TYPE_LIVE_AUDIO ROUTE_TYPE_LIVE_VIDEO  groupable=false }, supportedTypes=ROUTE_TYPE_LIVE_AUDIO ROUTE_TYPE_LIVE_VIDEO , presentationDisplay=Display id 1: DisplayInfo{"HDMI Screen", uniqueId "local:1", app 640 x 480, real 640 x 480, largest app 640 x 480, smallest app 640 x 480, mode 2, defaultMode 2, modes [{id=2, width=640, height=480, fps=59.94}], colorMode 0, supportedColorModes [0], hdrCapabilities android.view.Display$HdrCapabilities@a69d6308, rotation 0, density 142 (142.0 x 142.0) dpi, layerStack 1, appVsyncOff 1000000, presDeadline 16683350, type HDMI, state ON, FLAG_SECURE, FLAG_SUPPORTS_PROTECTED_BUFFERS, FLAG_PRESENTATION}, DisplayMetrics{density=0.8875, width=640, height=480, scaledDensity=0.8875, xdpi=142.0, ydpi=142.0}, isValid=true }
01-01 00:03:15.880  1401  1401 V MediaRouter: Selecting route: RouteInfo{ name=HDMI, description=null, status=null, category=RouteCategory{ name=null types=ROUTE_TYPE_LIVE_AUDIO ROUTE_TYPE_LIVE_VIDEO  groupable=false }, supportedTypes=ROUTE_TYPE_LIVE_AUDIO ROUTE_TYPE_LIVE_VIDEO , presentationDisplay=Display id 1: DisplayInfo{"HDMI Screen", uniqueId "local:1", app 640 x 480, real 640 x 480, largest app 640 x 480, smallest app 640 x 480, mode 2, defaultMode 2, modes [{id=2, width=640, height=480, fps=59.94}], colorMode 0, supportedColorModes [0], hdrCapabilities android.view.Display$HdrCapabilities@a69d6308, rotation 0, density 142 (142.0 x 142.0) dpi, layerStack 1, appVsyncOff 1000000, presDeadline 16683350, type HDMI, state ON, FLAG_SECURE, FLAG_SUPPORTS_PROTECTED_BUFFERS, FLAG_PRESENTATION}, DisplayMetrics{density=0.8875, width=640, height=480, scaledDensity=0.8875, xdpi=142.0, ydpi=142.0}, isValid=true }
01-01 00:03:15.884  1401  1401 W HdmiApplication: Showing presentation on display: Display id 1: DisplayInfo{"HDMI Screen", uniqueId "local:1", app 640 x 480, real 640 x 480, largest app 640 x 480, smallest app 640 x 480, mode 2, defaultMode 2, modes [{id=2, width=640, height=480, fps=59.94}], colorMode 0, supportedColorModes [0], hdrCapabilities android.view.Display$HdrCapabilities@a69d6308, rotation 0, density 142 (142.0 x 142.0) dpi, layerStack 1, appVsyncOff 1000000, presDeadline 16683350, type HDMI, state ON, FLAG_SECURE, FLAG_SUPPORTS_PROTECTED_BUFFERS, FLAG_PRESENTATION}, DisplayMetrics{density=0.8875, width=640, height=480, scaledDensity=0.8875, xdpi=142.0, ydpi=142.0}, isValid=true
01-01 00:03:15.917  1401  1401 D CactusPlayer: VideoMenu: onCreate
01-01 00:03:16.131  1401  1401 I display : GPUManager exists
01-01 00:03:16.393  1401  1416 D CactusPlayer: title is Engae Endru Povathu-5StarMusiQ.Com mime is audio/mpeg
01-01 00:03:16.395  1401  1416 D CactusPlayer: title is Far Beyond Earth-5StarMusiQ.Com mime is audio/mpeg
01-01 00:03:16.395  1401  1416 D CactusPlayer: title is Kurumba (Fathers Love)-5StarMusiQ.Com mime is audio/mpeg
01-01 00:03:16.395  1401  1416 D CactusPlayer: title is Kurumba (Karaoke)-5StarMusiQ.Com mime is audio/mpeg
01-01 00:03:16.395  1401  1416 D CactusPlayer: title is Kurumba Reprise (Mothers Love)-5StarMusiQ.Com mime is audio/mpeg
01-01 00:03:16.395  1401  1416 D CactusPlayer: title is Maru Varthai Pesathey-5StarMusiQ.Com mime is audio/mpeg
01-01 00:03:16.395  1401  1416 D CactusPlayer: title is Maruvaarthai (Restrung Version)-5StarMusiQ.Com mime is audio/mpeg
01-01 00:03:16.396  1401  1416 D CactusPlayer: title is Naan Pizhaippeno-5StarMusiQ.Com mime is audio/mpeg
01-01 00:03:16.396  1401  1416 D CactusPlayer: title is Naan Than Inge Visiri-5StarMusiQ.Com mime is audio/mpeg
01-01 00:03:16.396  1401  1416 D CactusPlayer: title is Naana Thaana Veena Ponaa-5StarMusiQ.Com mime is audio/mpeg
01-01 00:03:16.397  1401  1416 D CactusPlayer: title is Peela Peela Vudathe-5StarMusiQ.Com mime is audio/mpeg
01-01 00:03:16.397  1401  1416 D CactusPlayer: title is Race Against Time-5StarMusiQ.Com mime is audio/mpeg
01-01 00:03:16.398  1401  1416 D CactusPlayer: title is Sodakku Mela Sodakku-5StarMusiQ.Com mime is audio/mpeg
01-01 00:03:16.398  1401  1416 D CactusPlayer: title is Thaanaa Serndha Koottam-5StarMusiQ.Com mime is audio/mpeg
01-01 00:03:16.398  1401  1416 D CactusPlayer: title is Tik Tik Tik (Karaoke)-5StarMusiQ.Com mime is audio/mpeg
01-01 00:03:16.398  1401  1416 D CactusPlayer: title is Tik Tik Tik (Title Track)-5StarMusiQ.Com mime is audio/mpeg
01-01 00:03:16.398  1401  1416 D CactusPlayer: title is Vinveera Vinveera Idhu-5StarMusiQ.Com mime is audio/mpeg
01-01 00:03:16.456   538   572 I InputDispatcher: Dropping event because there is no touchable window at (441, 148).
01-01 00:03:16.464   538   572 I InputDispatcher: Dropping event because there is no touchable window at (441, 149).
01-01 00:03:16.491  1401  1415 I OpenGLRenderer: Initialized EGL, version 1.4
01-01 00:03:16.491  1401  1415 D OpenGLRenderer: Swap behavior 2
01-01 00:03:16.546  1401  1401 D ViewRootImpl[Scanning]: updatePointerIcon called with position out of bounds
01-01 00:03:16.761   538   559 I ActivityManager: Displayed com.freescale.cactusplayer/.VideoMenu: +1s67ms
01-01 00:03:16.762  1401  1401 D CactusPlayer: onPrepareOptionsMenu 
01-01 00:03:18.736   268   366 W audio_hw_primary: do_out_standby... -1375913792
01-01 00:03:24.455   268   366 I audio_hw_primary: start_output_stream_primary... -1375913792, device 1024
01-01 00:03:24.455   268   366 W audio_hw_primary: Aravinth: start_output_stream_primary >1
01-01 00:03:24.455   268   366 W audio_hw_primary: Aravinth: select_output_device >0 out_device=400
01-01 00:03:24.455   268   366 W audio_hw_primary: headphone 0 ,headset 0 ,speaker 0, earpiece 0, bt_on 0
01-01 00:03:24.459   268   366 W audio_hw_primary: card 2, port 0 device 0x400
01-01 00:03:24.459   268   366 W audio_hw_primary: rate 44100, channel 2 period_size 0x300
01-01 00:03:27.534   268   366 W audio_hw_primary: do_out_standby... -1375913792






















****************************8





01-01 00:03:35.475   268   366 I audio_hw_primary: start_output_stream_primary... -1375913792, device 1024
01-01 00:03:35.475   268   366 W audio_hw_primary: Aravinth: start_output_stream_primary >1
01-01 00:03:35.475   268   366 W audio_hw_primary: Aravinth: select_output_device >0 out_device=400
01-01 00:03:35.476   268   366 W audio_hw_primary: headphone 0 ,headset 0 ,speaker 0, earpiece 0, bt_on 0
01-01 00:03:35.476   538   645 I ActivityManager: START u0 {dat=/storage/5E85-83CE/Music/Enai_Noki_Paayum_Thota_Single-4/Maruvaarthai_(Restrung_Version)-5StarMusiQ.Com.mp3 typ=audio/mpeg cmp=com.freescale.cactusplayer/.VideoPlayer} from uid 10033 on display 0
01-01 00:03:35.481   268   366 W audio_hw_primary: card 2, port 0 device 0x400
01-01 00:03:35.481   268   366 W audio_hw_primary: rate 44100, channel 2 period_size 0x300
01-01 00:03:35.502  1401  1401 D Cactus  : VideoPlayer: onCreate
01-01 00:03:35.505  1401  1401 D Cactus  : VideoPlayer: parseIntent
01-01 00:03:35.553  1401  1401 D Cactus  : VideoPlayer: onStart
01-01 00:03:35.559  1401  1401 D Cactus  : VideoPlayer: onResume mLastPlayState:-1
01-01 00:03:35.569  1401  1401 D CactusPlayer: onMeasure mVideoW 0 mVideoH 0 widthMesaureSpec 1073742848 heightMeasureSpec 1073742440
01-01 00:03:35.600  1401  1401 D CactusPlayer: onMeasure mVideoW 0 mVideoH 0 widthMesaureSpec 1073742848 heightMeasureSpec 1073742464
01-01 00:03:35.617  1401  1401 D Cactus  : surfaceCreated
01-01 00:03:35.625  1401  1401 W MediaPlayer: Couldn't open /storage/5E85-83CE/Music/Enai_Noki_Paayum_Thota_Single-4/Maruvaarthai_(Restrung_Version)-5StarMusiQ.Com.mp3: java.io.FileNotFoundException: No content provider: /storage/5E85-83CE/Music/Enai_Noki_Paayum_Thota_Single-4/Maruvaarthai_(Restrung_Version)-5StarMusiQ.Com.mp3
01-01 00:03:35.630   276  1418 D NuPlayer: onSetVideoSurface(0xadc95800, no video decoder)
01-01 00:03:35.631  1401  1401 W Cactus  : Url is /storage/5E85-83CE/Music/Enai_Noki_Paayum_Thota_Single-4/Maruvaarthai_(Restrung_Version)-5StarMusiQ.Com.mp3
01-01 00:03:35.634  1401  1401 D Cactus  : surfaceChanged: parameter w/h 1024/640 mSurfaceW/H 0/0,mPlayState: 0 mTargetState: -1
01-01 00:03:35.641  1401  1401 D Cactus  : ==========onCreateOptionsMenu 
01-01 00:03:35.642  1401  1401 D Cactus  : ==========onPrepareOptionsMenu 
01-01 00:03:35.657   275   301 D FslExtractor: FslExtractor::FslExtractor mime=audio/mpeg
01-01 00:03:35.658   275   709 D FslExtractor: FslExtractor::Init BEGIN
01-01 00:03:35.658   275   709 D FslExtractor: GetLibraryName lib_mp3_parser_arm11_elinux.3.0.so
01-01 00:03:35.659   275   709 D FslExtractor: load parser name lib_mp3_parser_arm11_elinux.3.0.so
01-01 00:03:35.660   275   709 D FslExtractor: FslExtractor::CreateParserInterface success
01-01 00:03:35.660   275   709 I FslExtractor: Core parser MP3PARSER_03.01.17  build on Jun 22 2017 10:08:52 
01-01 00:03:35.668   275   709 D FslExtractor: createParser2 flag=5c,err=0
01-01 00:03:35.668   275   709 W FslExtractor: fail to set read mode to track mode
01-01 00:03:35.668   275   709 I FslExtractor: mReadMode=0,mNumTracks=1
01-01 00:03:35.668   275   709 I FslExtractor: bSeekable 1
01-01 00:03:35.669   275   709 I FslExtractor: FslParser Key: 0	 format=0,size=46,Value: Maruvaarthai (Restrung Version)-5StarMusiQ.Com
01-01 00:03:35.669   275   709 I FslExtractor: FslParser Key: 2	 format=0,size=22,Value: Tamil - 5StarMusiQ.Com
01-01 00:03:35.669   275   709 I FslExtractor: FslParser Key: 3	 format=0,size=10,Value: Sid Sriram
01-01 00:03:35.669   275   709 I FslExtractor: FslParser Key: 8	 format=0,size=24,Value: Enai Nokki Paayum Thotta
01-01 00:03:35.669   275   709 I FslExtractor: FslParser Key: 12	 format=0,size=12,Value: Darbuka Siva
01-01 00:03:35.669   275   709 I FslExtractor: FslParser Key: 23	 format=0,size=2,Value: 03
01-01 00:03:35.669   275   709 I FslExtractor: FslParser Key: 33	 format=0,size=5,Value: 01/01
01-01 00:03:35.669   275   709 I FslExtractor: FslParser Key: 6	 format=0,size=4,Value: 2018
01-01 00:03:35.669   275   709 I FslExtractor: FslParser Key: 40	 format=0,size=12,Value: Darbuka Siva
01-01 00:03:35.669   275   709 I FslExtractor: FslParser Key2: 31	 format=12,size=4,Value: 576
01-01 00:03:35.669   275   709 I FslExtractor: FslParser Key2: 32	 format=12,size=4,Value: 1681
01-01 00:03:35.670   275   709 D FslExtractor: FslExtractor::ParseMediaFormat BEGIN
01-01 00:03:35.670   275   709 D FslExtractor: ParseAudio index=0,type=5,subtype=2944000325
01-01 00:03:35.670   275   709 I FslExtractor: ParseAudio channel=2,sampleRate=44100,bitRate=264744,bitPerSample=0,audioBlockAlign=0
01-01 00:03:35.670   275   709 I FslExtractor: add audio track index=0,sourceIndex=0,mime=audio/mpeg
01-01 00:03:35.670   275   709 D FslExtractor: FslExtractor::Init ret=0
01-01 00:03:35.673   275   301 D FslExtractor: FslExtractor::getTrack index=0
01-01 00:03:35.673   275   301 E FslExtractor: getTrack source string cnt=1
01-01 00:03:35.677   275   301 D FslExtractor: start track 0
01-01 00:03:35.677   275   301 D FslExtractor: source start track 0
01-01 00:03:35.678   276  1418 D NuPlayerDriver: notifyListener_l(0xb03aaf00), (1, 0, 0), loop setting(0, 0)
01-01 00:03:35.746  1401  1401 D MediaPlayer: setSubtitleAnchor in MediaPlayer
01-01 00:03:35.746   538   559 I ActivityManager: Displayed com.freescale.cactusplayer/.VideoPlayer: +258ms
01-01 00:03:35.753  1401  1401 D Cactus  : onPrepared: play state 0 video:0,0 mSurface:1024,640 mTargetState:-1
01-01 00:03:35.754  1401  1401 D Cactus  : start(), last state -1
01-01 00:03:35.755   276   723 D NuPlayerDriver: start(0xb03aaf00), state is 4, eos is 0
01-01 00:03:35.755   276  1418 I GenericSource: start
01-01 00:03:35.755  1401  1401 D Cactus  : start(), change state to playing
01-01 00:03:35.814   276  1424 I MediaPlayerService: MediaPlayerService::getOMX
01-01 00:03:35.815   276  1424 I OMXClient: MuxOMX ctor
01-01 00:03:35.816   273   293 I OMXMaster: makeComponentInstance(OMX.Freescale.std.audio_decoder.mp3.sw-based) in mediacodec process
01-01 00:03:35.824   273   889 I OMXPlayer: AudioFilter SetParameter OMX_IndexParamAudioOutputConvert
01-01 00:03:35.825   273   273 I OMXPlayer: AudioFilter SetParameter OMX_IndexParamAudioSendFirstPortSettingChanged 0
01-01 00:03:35.826   273   722 E OMXNodeInstance: setConfig(1110039:Freescale.std._decoder.mp3.sw-based, ConfigPriority(0x6f800002)) ERROR: UnsupportedIndex(0x8000101a)
01-01 00:03:35.826   276  1424 I ACodec  : codec does not support config priority (err -1010)
01-01 00:03:35.829   276  1424 I MediaCodec: MediaCodec will operate in async mode
01-01 00:03:35.844   273  1425 I OMXPlayer: SetupDecoder MP3 decoder Wrapper  build on Apr 10 2014 16:18:39 
01-01 00:03:35.861   268  1393 W AudioFlinger: createTrack_l(): mismatch between requested flags (00000008) and output flags (00000006)
01-01 00:03:35.864   276  1422 D AudioTrack: Client defaulted notificationFrames to 11136 for frameCount 22272
01-01 00:03:35.868   276  1418 D NuPlayerDriver: notifyListener_l(0xb03aaf00), (6, 0, 0), loop setting(0, 0)
01-01 00:03:35.887   276  1422 W AudioTrack: getTimestamp() location moved from kernel to server
^C
130|toradex_apalis6q:/ # 
130|toradex_apalis6q:/ # 130|toradex_apalis6q:/ # logcat                                                -
--------- beginning of main
01-01 00:01:20.258   268   366 I audio_hw_primary: start_output_stream_primary... -1375913792, device 1024
01-01 00:01:20.259   268   366 W audio_hw_primary: Aravinth: start_output_stream_primary >1
01-01 00:01:20.259   268   366 W audio_hw_primary: Aravinth: select_output_device >0 out_device=400
01-01 00:01:20.259   268   366 W audio_hw_primary: headphone 0 ,headset 0 ,speaker 0, earpiece 0, bt_on 0
--------- beginning of system
01-01 00:01:20.259   538   644 I ActivityManager: START u0 {act=android.intent.action.MAIN cat=[android.intent.category.LAUNCHER] flg=0x10200000 cmp=com.freescale.cactusplayer/.VideoMenu (has extras)} from uid 10016 on display 0
01-01 00:01:20.263   268   366 W audio_hw_primary: card 2, port 0 device 0x400
01-01 00:01:20.263   268   366 W audio_hw_primary: rate 44100, channel 2 period_size 0x300
01-01 00:01:20.317   538   549 I ActivityManager: Start proc 1345:com.freescale.cactusplayer/u0a33 for activity com.freescale.cactusplayer/.VideoMenu
01-01 00:01:20.413  1345  1345 W System  : ClassLoader referenced unknown path: /system/app/CactusPlayer/lib/arm
01-01 00:01:20.473  1345  1345 V MediaRouter: Adding route: RouteInfo{ name=Tablet, description=null, status=null, category=RouteCategory{ name=null types=ROUTE_TYPE_LIVE_AUDIO ROUTE_TYPE_LIVE_VIDEO  groupable=false }, supportedTypes=ROUTE_TYPE_LIVE_AUDIO ROUTE_TYPE_LIVE_VIDEO , presentationDisplay=Display id 1: DisplayInfo{"HDMI Screen", uniqueId "local:1", app 640 x 480, real 640 x 480, largest app 640 x 480, smallest app 640 x 480, mode 2, defaultMode 2, modes [{id=2, width=640, height=480, fps=59.94}], colorMode 0, supportedColorModes [0], hdrCapabilities android.view.Display$HdrCapabilities@a69d6308, rotation 0, density 142 (142.0 x 142.0) dpi, layerStack 1, appVsyncOff 1000000, presDeadline 16683350, type HDMI, state ON, FLAG_SECURE, FLAG_SUPPORTS_PROTECTED_BUFFERS, FLAG_PRESENTATION}, DisplayMetrics{density=0.8875, width=640, height=480, scaledDensity=0.8875, xdpi=142.0, ydpi=142.0}, isValid=true }
01-01 00:01:20.488  1345  1345 V MediaRouter: Updating audio routes: AudioRoutesInfo{ type=HDMI }
01-01 00:01:20.490  1345  1345 V MediaRouter: Dispatching route change: RouteInfo{ name=HDMI, description=null, status=null, category=RouteCategory{ name=null types=ROUTE_TYPE_LIVE_AUDIO ROUTE_TYPE_LIVE_VIDEO  groupable=false }, supportedTypes=ROUTE_TYPE_LIVE_AUDIO ROUTE_TYPE_LIVE_VIDEO , presentationDisplay=Display id 1: DisplayInfo{"HDMI Screen", uniqueId "local:1", app 640 x 480, real 640 x 480, largest app 640 x 480, smallest app 640 x 480, mode 2, defaultMode 2, modes [{id=2, width=640, height=480, fps=59.94}], colorMode 0, supportedColorModes [0], hdrCapabilities android.view.Display$HdrCapabilities@a69d6308, rotation 0, density 142 (142.0 x 142.0) dpi, layerStack 1, appVsyncOff 1000000, presDeadline 16683350, type HDMI, state ON, FLAG_SECURE, FLAG_SUPPORTS_PROTECTED_BUFFERS, FLAG_PRESENTATION}, DisplayMetrics{density=0.8875, width=640, height=480, scaledDensity=0.8875, xdpi=142.0, ydpi=142.0}, isValid=true }
01-01 00:01:20.496  1345  1345 V MediaRouter: Selecting route: RouteInfo{ name=HDMI, description=null, status=null, category=RouteCategory{ name=null types=ROUTE_TYPE_LIVE_AUDIO ROUTE_TYPE_LIVE_VIDEO  groupable=false }, supportedTypes=ROUTE_TYPE_LIVE_AUDIO ROUTE_TYPE_LIVE_VIDEO , presentationDisplay=Display id 1: DisplayInfo{"HDMI Screen", uniqueId "local:1", app 640 x 480, real 640 x 480, largest app 640 x 480, smallest app 640 x 480, mode 2, defaultMode 2, modes [{id=2, width=640, height=480, fps=59.94}], colorMode 0, supportedColorModes [0], hdrCapabilities android.view.Display$HdrCapabilities@a69d6308, rotation 0, density 142 (142.0 x 142.0) dpi, layerStack 1, appVsyncOff 1000000, presDeadline 16683350, type HDMI, state ON, FLAG_SECURE, FLAG_SUPPORTS_PROTECTED_BUFFERS, FLAG_PRESENTATION}, DisplayMetrics{density=0.8875, width=640, height=480, scaledDensity=0.8875, xdpi=142.0, ydpi=142.0}, isValid=true }
01-01 00:01:20.500  1345  1345 W HdmiApplication: Showing presentation on display: Display id 1: DisplayInfo{"HDMI Screen", uniqueId "local:1", app 640 x 480, real 640 x 480, largest app 640 x 480, smallest app 640 x 480, mode 2, defaultMode 2, modes [{id=2, width=640, height=480, fps=59.94}], colorMode 0, supportedColorModes [0], hdrCapabilities android.view.Display$HdrCapabilities@a69d6308, rotation 0, density 142 (142.0 x 142.0) dpi, layerStack 1, appVsyncOff 1000000, presDeadline 16683350, type HDMI, state ON, FLAG_SECURE, FLAG_SUPPORTS_PROTECTED_BUFFERS, FLAG_PRESENTATION}, DisplayMetrics{density=0.8875, width=640, height=480, scaledDensity=0.8875, xdpi=142.0, ydpi=142.0}, isValid=true
01-01 00:01:20.533  1345  1345 D CactusPlayer: VideoMenu: onCreate
01-01 00:01:20.626   538   802 I ActivityManager: START u0 {act=android.content.pm.action.REQUEST_PERMISSIONS pkg=com.android.packageinstaller cmp=com.android.packageinstaller/.permission.ui.GrantPermissionsActivity (has extras)} from uid 10033 on display 0
01-01 00:01:20.724  1345  1345 I display : GPUManager exists
01-01 00:01:21.024   538   572 I InputDispatcher: Dropping event because there is no touchable window at (448, 156).
01-01 00:01:21.032   538   572 I InputDispatcher: Dropping event because there is no touchable window at (447, 156).
01-01 00:01:21.040   538   572 I InputDispatcher: Dropping event because there is no touchable window at (445, 156).
01-01 00:01:21.048   538   572 I InputDispatcher: Dropping event because there is no touchable window at (444, 157).
01-01 00:01:21.056   538   572 I InputDispatcher: Dropping event because there is no touchable window at (442, 159).
01-01 00:01:21.064   538   572 I InputDispatcher: Dropping event because there is no touchable window at (441, 160).
01-01 00:01:21.072   538   572 I InputDispatcher: Dropping event because there is no touchable window at (439, 162).
01-01 00:01:21.080   538   572 I InputDispatcher: Dropping event because there is no touchable window at (438, 163).
01-01 00:01:21.084   538   549 I ActivityManager: Start proc 1360:com.android.packageinstaller/u0a20 for activity com.android.packageinstaller/.permission.ui.GrantPermissionsActivity
01-01 00:01:21.088   538   572 I InputDispatcher: Dropping event because there is no touchable window at (437, 164).
01-01 00:01:21.129  1345  1359 I OpenGLRenderer: Initialized EGL, version 1.4
01-01 00:01:21.129  1345  1359 D OpenGLRenderer: Swap behavior 2
01-01 00:01:21.137  1345  1345 D CactusPlayer: onPrepareOptionsMenu 
01-01 00:01:21.175  1360  1360 W System  : ClassLoader referenced unknown path: /system/priv-app/PackageInstaller/lib/arm
01-01 00:01:21.510  1360  1360 I display : GPUManager exists
01-01 00:01:21.709  1360  1374 I OpenGLRenderer: Initialized EGL, version 1.4
01-01 00:01:21.709  1360  1374 D OpenGLRenderer: Swap behavior 2
01-01 00:01:21.913   538   559 I ActivityManager: Displayed com.android.packageinstaller/.permission.ui.GrantPermissionsActivity: +849ms (total +1s624ms)
01-01 00:01:23.291   538   610 E TaskPersister: File error accessing recents directory (directory doesn't exist?).
01-01 00:01:23.336   268   366 W audio_hw_primary: do_out_standby... -1375913792
01-01 00:01:24.695   268   366 I audio_hw_primary: start_output_stream_primary... -1375913792, device 1024
01-01 00:01:24.695   268   366 W audio_hw_primary: Aravinth: start_output_stream_primary >1
01-01 00:01:24.695   268   366 W audio_hw_primary: Aravinth: select_output_device >0 out_device=400
01-01 00:01:24.695   268   366 W audio_hw_primary: headphone 0 ,headset 0 ,speaker 0, earpiece 0, bt_on 0
01-01 00:01:24.696   538   645 D VoldConnector: SND -> {33 volume remount_uid 10033 read}
01-01 00:01:24.699   249   256 D vold    : Remounting 10033 as mode read
01-01 00:01:24.700   268   366 W audio_hw_primary: card 2, port 0 device 0x400
01-01 00:01:24.700   268   366 W audio_hw_primary: rate 44100, channel 2 period_size 0x300
01-01 00:01:24.707   249   256 D vold    : Found matching PID 1345
01-01 00:01:24.922   538   575 D VoldConnector: RCV <- {200 33 Command succeeded}
01-01 00:01:24.924   538   800 D VoldConnector: SND -> {34 volume remount_uid 10033 write}
01-01 00:01:24.924   249   256 D vold    : Remounting 10033 as mode write
01-01 00:01:24.931   249   256 D vold    : Found matching PID 1345
01-01 00:01:25.172   538   575 D VoldConnector: RCV <- {200 34 Command succeeded}
01-01 00:01:25.194  1360  1360 I Choreographer: Skipped 30 frames!  The application may be doing too much work on its main thread.
01-01 00:01:25.221  1345  1345 V CactusPlayer: Grant permission successfully
01-01 00:01:25.314  1360  1374 D OpenGLRenderer: endAllActiveAnimators on 0x88d4b880 (RippleDrawable) with handle 0x88aef0d0
01-01 00:01:25.356  1345  1379 D CactusPlayer: title is Engae Endru Povathu-5StarMusiQ.Com mime is audio/mpeg
01-01 00:01:25.357  1345  1379 D CactusPlayer: title is Far Beyond Earth-5StarMusiQ.Com mime is audio/mpeg
01-01 00:01:25.357  1345  1379 D CactusPlayer: title is Kurumba (Fathers Love)-5StarMusiQ.Com mime is audio/mpeg
01-01 00:01:25.357  1345  1379 D CactusPlayer: title is Kurumba (Karaoke)-5StarMusiQ.Com mime is audio/mpeg
01-01 00:01:25.357  1345  1379 D CactusPlayer: title is Kurumba Reprise (Mothers Love)-5StarMusiQ.Com mime is audio/mpeg
01-01 00:01:25.357  1345  1379 D CactusPlayer: title is Maru Varthai Pesathey-5StarMusiQ.Com mime is audio/mpeg
01-01 00:01:25.358  1345  1379 D CactusPlayer: title is Maruvaarthai (Restrung Version)-5StarMusiQ.Com mime is audio/mpeg
01-01 00:01:25.358  1345  1379 D CactusPlayer: title is Naan Pizhaippeno-5StarMusiQ.Com mime is audio/mpeg
01-01 00:01:25.358  1345  1379 D CactusPlayer: title is Naan Than Inge Visiri-5StarMusiQ.Com mime is audio/mpeg
01-01 00:01:25.358  1345  1379 D CactusPlayer: title is Naana Thaana Veena Ponaa-5StarMusiQ.Com mime is audio/mpeg
01-01 00:01:25.358  1345  1379 D CactusPlayer: title is Peela Peela Vudathe-5StarMusiQ.Com mime is audio/mpeg
01-01 00:01:25.358  1345  1379 D CactusPlayer: title is Race Against Time-5StarMusiQ.Com mime is audio/mpeg
01-01 00:01:25.358  1345  1379 D CactusPlayer: title is Sodakku Mela Sodakku-5StarMusiQ.Com mime is audio/mpeg
01-01 00:01:25.359  1345  1379 D CactusPlayer: title is Thaanaa Serndha Koottam-5StarMusiQ.Com mime is audio/mpeg
01-01 00:01:25.359  1345  1379 D CactusPlayer: title is Tik Tik Tik (Karaoke)-5StarMusiQ.Com mime is audio/mpeg
01-01 00:01:25.359  1345  1379 D CactusPlayer: title is Tik Tik Tik (Title Track)-5StarMusiQ.Com mime is audio/mpeg
01-01 00:01:25.359  1345  1379 D CactusPlayer:^C
130|toradex_apalis6q:/ # 130|toradex_apalis6q:/ # logcat -                                              c
toradex_apalis6q:/ # 
toradex_apalis6q:/ # 
toradex_apalis6q:/ # 
toradex_apalis6q:/ # toradex_apalis6q:/ # logcat -c                                                 
toradex_apalis6q:/ # toradex_apalis6q:/ # logcat -c                                                   
--------- beginning of main
01-01 00:04:20.215   268   366 W audio_hw_primary: do_out_standby... -1375913792
--------- beginning of system
01-01 00:04:21.123   538   549 I ActivityManager: START u0 {act=android.intent.action.MAIN cat=[android.intent.category.LAUNCHER] flg=0x10200000 cmp=com.android.settings/.Settings (has extras)} from uid 10016 on display 0
01-01 00:04:21.128   268   366 I audio_hw_primary: start_output_stream_primary... -1375913792, device 1024
01-01 00:04:21.128   268   366 W audio_hw_primary: Aravinth: start_output_stream_primary >1
01-01 00:04:21.128   268   366 W audio_hw_primary: Aravinth: select_output_device >0 out_device=400
01-01 00:04:21.128   268   366 W audio_hw_primary: headphone 0 ,headset 0 ,speaker 0, earpiece 0, bt_on 0
01-01 00:04:21.132   268   366 W audio_hw_primary: card 2, port 0 device 0x400
01-01 00:04:21.132   268   366 W audio_hw_primary: rate 44100, channel 2 period_size 0x300
01-01 00:04:21.435   827  1434 W System  : ClassLoader referenced unknown path: 
01-01 00:04:21.435   827  1434 W System  : ClassLoader referenced unknown path: /system/priv-app/CellBroadcastReceiver/lib/arm
01-01 00:04:21.439   827  1434 D ApplicationLoaders: ignored Vulkan layer search path /system/priv-app/CellBroadcastReceiver/lib/arm:/system/lib:/vendor/lib for namespace 0xa7711090
01-01 00:04:21.483   538   548 I ActivityManager: Start proc 1435:com.android.cellbroadcastreceiver/u0a6 for content provider com.android.cellbroadcastreceiver/.CellBroadcastSearchIndexableProvider
01-01 00:04:21.568  1435  1435 W System  : ClassLoader referenced unknown path: /system/priv-app/CellBroadcastReceiver/lib/arm
01-01 00:04:21.627   827  1448 D LocalBluetoothProfileManager: Adding local MAP profile
01-01 00:04:21.631   827  1448 D BluetoothMap: Create BluetoothMap proxy object
01-01 00:04:21.643   827  1448 D LocalBluetoothProfileManager: LocalBluetoothProfileManager construction complete
01-01 00:04:21.796   827  1455 V NFC     : this device does not have NFC support
01-01 00:04:21.810   827   841 W art     : Suspending all threads took: 9.859ms
01-01 00:04:21.820   827   841 I art     : Background sticky concurrent mark sweep GC freed 6257(522KB) AllocSpace objects, 3(92KB) LOS objects, 21% free, 2MB/2MB, paused 12.056ms total 54.149ms
01-01 00:04:21.822   827  1448 W ProcStatsManager: No process com.android.providers.calendar/10004 for service com.android.providers.calendar.EmptyService
01-01 00:04:21.822   827  1448 W ProcStatsManager: No process com.android.providers.calendar/10004 for service com.android.providers.calendar.CalendarProviderIntentService
01-01 00:04:21.822   827  1448 W ProcStatsManager: No process android.process.media/10012 for service com.android.providers.media.MediaScannerService
01-01 00:04:21.823   827  1448 W ProcStatsManager: No process com.android.carrierconfig/10005 for service com.android.carrierconfig.DefaultCarrierConfigService
01-01 00:04:21.823   827  1448 W ProcStatsManager: No process com.android.printspooler/10053 for service com.android.printspooler.model.PrintSpoolerService
01-01 00:04:21.823   827  1448 W ProcStatsManager: No process com.android.onetimeinitializer/10019 for service com.android.onetimeinitializer.OneTimeInitializerService
01-01 00:04:21.823   827  1448 W ProcStatsManager: No process com.android.keychain/1000 for service com.android.keychain.KeyChainService
01-01 00:04:21.823   827  1448 W ProcStatsManager: No process com.android.dialer/10010 for service com.android.dialer.calllog.CallLogNotificationsService
01-01 00:04:21.824   827  1448 W ProcStatsManager: No process com.android.email/10042 for service com.android.email.service.EmailBroadcastProcessorService
01-01 00:04:21.824   827  1448 W ProcStatsManager: No process com.android.bluetooth/1002 for service com.android.bluetooth.btservice.AdapterService
01-01 00:04:21.844   827  1448 W StorageManager: Could not read /sys/block/bootdev_size
01-01 00:04:21.844   827  1448 W StorageManager: java.io.FileNotFoundException: /sys/block/bootdev_size (No such file or directory)
01-01 00:04:21.844   827  1448 W StorageManager: 	at java.io.FileInputStream.open(Native Method)
01-01 00:04:21.844   827  1448 W StorageManager: 	at java.io.FileInputStream.<init>(FileInputStream.java:146)
01-01 00:04:21.844   827  1448 W StorageManager: 	at java.io.FileInputStream.<init>(FileInputStream.java:99)
01-01 00:04:21.844   827  1448 W StorageManager: 	at android.os.storage.StorageManager.readLong(StorageManager.java:938)
01-01 00:04:21.844   827  1448 W StorageManager: 	at android.os.storage.StorageManager.getPrimaryStorageSize(StorageManager.java:930)
01-01 00:04:21.844   827  1448 W StorageManager: 	at com.android.settingslib.deviceinfo.StorageManagerVolumeProvider.getPrimaryStorageSize(StorageManagerVolumeProvider.java:37)
01-01 00:04:21.844   827  1448 W StorageManager: 	at com.android.settingslib.deviceinfo.PrivateStorageInfo.getPrivateStorageInfo(PrivateStorageInfo.java:40)
01-01 00:04:21.844   827  1448 W StorageManager: 	at com.android.settings.deviceinfo.StorageSettings$SummaryProvider.updateSummary(StorageSettings.java:513)
01-01 00:04:21.844   827  1448 W StorageManager: 	at com.android.settings.deviceinfo.StorageSettings$SummaryProvider.setListening(StorageSettings.java:506)
01-01 00:04:21.844   827  1448 W StorageManager: 	at com.android.settings.dashboard.SummaryLoader.setListeningW(SummaryLoader.java:192)
01-01 00:04:21.844   827  1448 W StorageManager: 	at com.android.settings.dashboard.SummaryLoader.-wrap2(SummaryLoader.java)
01-01 00:04:21.844   827  1448 W StorageManager: 	at com.android.settings.dashboard.SummaryLoader$Worker.handleMessage(SummaryLoader.java:253)
01-01 00:04:21.844   827  1448 W StorageManager: 	at android.os.Handler.dispatchMessage(Handler.java:102)
01-01 00:04:21.844   827  1448 W StorageManager: 	at android.os.Looper.loop(Looper.java:154)
01-01 00:04:21.844   827  1448 W StorageManager: 	at android.os.HandlerThread.run(HandlerThread.java:61)
01-01 00:04:21.927   827  1448 W DataUsageController: Failed to get data usage, no subscriber id
01-01 00:04:21.994   827   841 I art     : Background sticky concurrent mark sweep GC freed 4503(348KB) AllocSpace objects, 4(80KB) LOS objects, 19% free, 2MB/2MB, paused 5.021ms total 37.087ms
01-01 00:04:22.138   827  1455 I IndexDatabaseHelper: Bootstrapped database
01-01 00:04:22.167   827  1455 I IndexDatabaseHelper: Using schema version: 115
01-01 00:04:22.169   827  1455 I IndexDatabaseHelper: Index is fine
01-01 00:04:22.248   827  1455 V FingerprintManager: FingerprintManagerService was null
01-01 00:04:22.248   827  1455 W FingerprintManager: isFingerprintHardwareDetected(): Service not connected!
01-01 00:04:22.290   827   942 I OpenGLRenderer: Initialized EGL, version 1.4
01-01 00:04:22.291   827   942 D OpenGLRenderer: Swap behavior 2
01-01 00:04:22.317   538   559 I Choreographer: Skipped 35 frames!  The application may be doing too much work on its main thread.
01-01 00:04:22.367   827   827 I Choreographer: Skipped 45 frames!  The application may be doing too much work on its main thread.
01-01 00:04:22.544   827   827 D DashboardSummary: onConditionsChanged
01-01 00:04:22.546   538   559 I ActivityManager: Displayed com.android.settings/.Settings: +1s386ms
01-01 00:04:23.555   827  1455 D Index   : Indexing locale 'en_US' took 1382 millis
01-01 00:04:23.623   827  1455 D Index   : Indexing locale 'en_US' took 17 millis
01-01 00:04:23.664   827  1455 D Index   : Indexing locale 'en_US' took 13 millis
01-01 00:04:24.057   538   583 D WifiNative-HAL: Failing getSupportedFeatureset because HAL isn't started
01-01 00:04:24.059   538   644 E BatteryStatsService: no controller energy info supplied
01-01 00:04:24.059   538   644 E BatteryStatsService: no controller energy info supplied
01-01 00:04:24.064   739   739 E PhoneInterfaceManager: [PhoneIntfMgr] queryModemActivityInfo: Empty response
01-01 00:04:24.067   538   644 E KernelCpuSpeedReader: Failed to read cpu-freq: /sys/devices/system/cpu/cpu0/cpufreq/stats/time_in_state (No such file or directory)
01-01 00:04:24.068   538   644 E KernelUidCpuTimeReader: Failed to read uid_cputime: /proc/uid_cputime/show_uid_stat (No such file or directory)
01-01 00:04:24.071   538   644 E BatteryStatsService: modem info is invalid: ModemActivityInfo{ mTimestamp=0 mSleepTimeMs=0 mIdleTimeMs=0 mTxTimeMs[]=[0, 0, 0, 0, 0] mRxTimeMs=0 mEnergyUsed=0}
01-01 00:04:24.199   268   366 W audio_hw_primary: do_out_standby... -1375913792
01-01 00:04:25.347   538   644 I ActivityManager: START u0 {flg=0x8000 cmp=com.android.settings/.Settings$SoundSettingsActivity (has extras)} from uid 1000 on display 0
01-01 00:04:25.347   268   366 I audio_hw_primary: start_output_stream_primary... -1375913792, device 1024
01-01 00:04:25.347   268   366 W audio_hw_primary: Aravinth: start_output_stream_primary >1
01-01 00:04:25.348   268   366 W audio_hw_primary: Aravinth: select_output_device >0 out_device=400
01-01 00:04:25.348   268   366 W audio_hw_primary: headphone 0 ,headset 0 ,speaker 0, earpiece 0, bt_on 0
01-01 00:04:25.352   268   366 W audio_hw_primary: card 2, port 0 device 0x400
01-01 00:04:25.353   268   366 W audio_hw_primary: rate 44100, channel 2 period_size 0x300
01-01 00:04:25.450   538   800 E UserRestrictionsUtils: Unknown restriction: null
01-01 00:04:25.451   538   645 E UserRestrictionsUtils: Unknown restriction: null
01-01 00:04:25.451   538  1400 E UserRestrictionsUtils: Unknown restriction: null
01-01 00:04:25.452   538   898 E UserRestrictionsUtils: Unknown restriction: null
01-01 00:04:25.454   538   548 E UserRestrictionsUtils: Unknown restriction: null
01-01 00:04:25.458   538   549 E UserRestrictionsUtils: Unknown restriction: null
01-01 00:04:25.619   827  1455 D Index   : Indexing locale 'en_US' took 21 millis
01-01 00:04:25.684   827  1455 D Index   : Indexing locale 'en_US' took 17 millis
01-01 00:04:25.724   827   841 I art     : Background partial concurrent mark sweep GC freed 17116(971KB) AllocSpace objects, 1(24KB) LOS objects, 39% free, 3MB/5MB, paused 1.176ms total 101.845ms
01-01 00:04:25.825   276  1461 D NuPlayerDriver: notifyListener_l(0xb03aad80), (1, 0, 0), loop setting(0, 0)
01-01 00:04:25.825   827  1460 D MediaPlayer: setSubtitleAnchor in MediaPlayer
01-01 00:04:25.839   827  1460 D Ringtone: Successfully created local player
01-01 00:04:25.844   276   276 D NuPlayerDriver: reset(0xb03aad80) at state 4
01-01 00:04:25.844   276   276 D NuPlayerDriver: notifyListener_l(0xb03aad80), (8, 0, 0), loop setting(0, 0)
01-01 00:04:25.847   276  1461 D NuPlayerDriver: notifyResetComplete(0xb03aad80)
01-01 00:04:25.848   276   723 D NuPlayerDriver: reset(0xb03aad80) at state 0
01-01 00:04:25.893   276  1464 D NuPlayerDriver: notifyListener_l(0xb03aad20), (1, 0, 0), loop setting(0, 0)
01-01 00:04:25.894   827  1463 D MediaPlayer: setSubtitleAnchor in MediaPlayer
01-01 00:04:25.899   827  1463 D Ringtone: Successfully created local player
01-01 00:04:25.900   276   307 D NuPlayerDriver: reset(0xb03aad20) at state 4
01-01 00:04:25.900   276   307 D NuPlayerDriver: notifyListener_l(0xb03aad20), (8, 0, 0), loop setting(1, 0)
01-01 00:04:25.901   276  1464 D NuPlayerDriver: notifyResetComplete(0xb03aad20)
01-01 00:04:25.903   276   690 D NuPlayerDriver: reset(0xb03aad20) at state 0
01-01 00:04:25.909   276  1467 D NuPlayerDriver: notifyListener_l(0xb03aac00), (1, 0, 0), loop setting(0, 0)
01-01 00:04:25.910   827  1460 D MediaPlayer: setSubtitleAnchor in MediaPlayer
01-01 00:04:25.923   827  1460 D Ringtone: Successfully created local player
01-01 00:04:25.952   276  1472 D NuPlayerDriver: notifyListener_l(0xb03aaf00), (1, 0, 0), loop setting(0, 0)
01-01 00:04:25.956   827  1469 D MediaPlayer: setSubtitleAnchor in MediaPlayer
01-01 00:04:25.962   827  1469 D Ringtone: Successfully created local player
01-01 00:04:25.962   276   723 D NuPlayerDriver: reset(0xb03aaf00) at state 4
01-01 00:04:25.963   276   723 D NuPlayerDriver: notifyListener_l(0xb03aaf00), (8, 0, 0), loop setting(0, 0)
01-01 00:04:25.963   276  1472 D NuPlayerDriver: notifyResetComplete(0xb03aaf00)
01-01 00:04:25.964   276   307 D NuPlayerDriver: reset(0xb03aaf00) at state 0
01-01 00:04:25.984   276  1473 D NuPlayerDriver: notifyListener_l(0xb03aacc0), (1, 0, 0), loop setting(0, 0)
01-01 00:04:25.984   827  1463 D MediaPlayer: setSubtitleAnchor in MediaPlayer
01-01 00:04:25.989   827  1463 D Ringtone: Successfully created local player
01-01 00:04:26.019   276  1477 D NuPlayerDriver: notifyListener_l(0xb03aaf00), (1, 0, 0), loop setting(0, 0)
01-01 00:04:26.019   827  1469 D MediaPlayer: setSubtitleAnchor in MediaPlayer
01-01 00:04:26.024   827  1469 D Ringtone: Successfully created local player
01-01 00:04:26.135   538   559 I ActivityManager: Displayed com.android.settings/.Settings$SoundSettingsActivity: +772ms
01-01 00:04:27.979   827   827 W ViewRootImpl[Settings]: Cancelling event due to no window focus: MotionEvent { action=ACTION_CANCEL, actionButton=0, id[0]=0, x[0]=282.7344, y[0]=401.53287, toolType[0]=TOOL_TYPE_MOUSE, buttonState=0, metaState=0, flags=0x0, edgeFlags=0x0, pointerCount=1, historySize=0, eventTime=267976, downTime=265248, deviceId=2, source=0x2002 }
01-01 00:04:27.979   827   827 W ViewRootImpl[Settings]: Cancelling event due to no window focus: MotionEvent { action=ACTION_CANCEL, actionButton=0, id[0]=0, x[0]=282.7344, y[0]=401.53287, toolType[0]=TOOL_TYPE_MOUSE, buttonState=0, metaState=0, flags=0x0, edgeFlags=0x0, pointerCount=1, historySize=0, eventTime=267976, downTime=265248, deviceId=2, source=0x2002 }
01-01 00:04:27.979   827   827 W ViewRootImpl[Settings]: Cancelling event due to no window focus: MotionEvent { action=ACTION_CANCEL, actionButton=0, id[0]=0, x[0]=282.7344, y[0]=401.53287, toolType[0]=TOOL_TYPE_MOUSE, buttonState=0, metaState=0, flags=0x0, edgeFlags=0x0, pointerCount=1, historySize=0, eventTime=267976, downTime=265248, deviceId=2, source=0x2002 }
01-01 00:04:27.980   827   827 W ViewRootImpl[Settings]: Cancelling event due to no window focus: MotionEvent { action=ACTION_CANCEL, actionButton=0, id[0]=0, x[0]=282.7344, y[0]=401.53287, toolType[0]=TOOL_TYPE_MOUSE, buttonState=0, metaState=0, flags=0x0, edgeFlags=0x0, pointerCount=1, historySize=0, eventTime=267976, downTime=265248, deviceId=2, source=0x2002 }
01-01 00:04:28.422   268   366 W audio_hw_primary: do_out_standby... -1375913792
01-01 00:04:30.428   538   898 I ActivityManager: START u0 {act=android.intent.action.RINGTONE_PICKER cmp=com.android.providers.media/.RingtonePickerActivity (has extras)} from uid 1000 on display 0
01-01 00:04:30.430   268   366 I audio_hw_primary: start_output_stream_primary... -1375913792, device 1024
01-01 00:04:30.430   268   366 W audio_hw_primary: Aravinth: start_output_stream_primary >1
01-01 00:04:30.430   268   366 W audio_hw_primary: Aravinth: select_output_device >0 out_device=400
01-01 00:04:30.430   268   366 W audio_hw_primary: headphone 0 ,headset 0 ,speaker 0, earpiece 0, bt_on 0
01-01 00:04:30.436   268   366 W audio_hw_primary: card 2, port 0 device 0x400
01-01 00:04:30.437   268   366 W audio_hw_primary: rate 44100, channel 2 period_size 0x300
01-01 00:04:30.453   276   723 D NuPlayerDriver: reset(0xb03aacc0) at state 4
01-01 00:04:30.453   276   723 D NuPlayerDriver: notifyListener_l(0xb03aacc0), (8, 0, 0), loop setting(1, 0)
01-01 00:04:30.454   276  1473 D NuPlayerDriver: notifyResetComplete(0xb03aacc0)
01-01 00:04:30.455   276   690 D NuPlayerDriver: reset(0xb03aac00) at state 4
01-01 00:04:30.455   276   690 D NuPlayerDriver: notifyListener_l(0xb03aac00), (8, 0, 0), loop setting(0, 0)
01-01 00:04:30.456   276  1467 D NuPlayerDriver: notifyResetComplete(0xb03aac00)
01-01 00:04:30.456   276   690 D NuPlayerDriver: reset(0xb03aacc0) at state 0
01-01 00:04:30.458   276   307 D NuPlayerDriver: reset(0xb03aac00) at state 0
01-01 00:04:30.462   276   869 D NuPlayerDriver: reset(0xb03aaf00) at state 4
01-01 00:04:30.462   276   869 D NuPlayerDriver: notifyListener_l(0xb03aaf00), (8, 0, 0), loop setting(0, 0)
01-01 00:04:30.463   276  1477 D NuPlayerDriver: notifyResetComplete(0xb03aaf00)
01-01 00:04:30.468   276   869 D NuPlayerDriver: reset(0xb03aaf00) at state 0
01-01 00:04:30.663  1108  1108 I display : GPUManager exists
01-01 00:04:30.762  1108  1482 I OpenGLRenderer: Initialized EGL, version 1.4
01-01 00:04:30.763  1108  1482 D OpenGLRenderer: Swap behavior 2
01-01 00:04:31.137   538   559 I ActivityManager: Displayed com.android.providers.media/.RingtonePickerActivity: +666ms
01-01 00:04:31.866   538   551 W ResourceType: No known package when getting value for resource number 0x7f0200fc
01-01 00:04:31.866   538   551 W ResourceType: No known package when getting value for resource number 0x7f0e03ac
01-01 00:04:31.866   538   551 W ResourceType: No known package when getting value for resource number 0x7f0200fb
01-01 00:04:31.867   538   551 W ResourceType: No known package when getting value for resource number 0x7f0e093c
01-01 00:04:31.867   538   551 W ResourceType: No known package when getting value for resource number 0x7f0200fa
01-01 00:04:31.867   538   551 W ResourceType: No known package when getting value for resource number 0x7f0e07ea
01-01 00:04:31.871   739   739 E PhoneInterfaceManager: [PhoneIntfMgr] getCarrierPackageNamesForIntent: No UICC
01-01 00:04:31.871   739   739 D CarrierSvcBindHelper: No carrier app for: 0
01-01 00:04:31.874   538   573 I InputReader: Reconfiguring input devices.  changes=0x00000010
01-01 00:04:31.942  1089  1099 I art     : HomogeneousSpaceCompact marksweep + semispace GC freed 150(10KB) AllocSpace objects, 0(0B) LOS objects, 42% free, 1384KB/2MB, paused 33.688ms total 33.688ms
